init
建立交易连接，返回0表示连接成功 0
策略初始化完成：每月初调仓，持有市值最小的9只股票, 初始资金9510.77
***** xtdata连接成功 *****
服务信息: {'tag': 'sp3', 'version': '1.0'}
服务地址: 127.0.0.1:58610
数据路径: C:\QMT\bin.x64/../userdata_mini/datadir
设置xtdata.enable_hello = False可隐藏此消息

start
sleep a day
******************当日(2026-05-26 15:12:00.020140) (周2) 持仓市值: 62362.50元*******************
✅持仓: 亚联发展(002316.SZ), 占比 11.46%, 涨跌幅: -3.75% (-321.00), 数量: 1500, 市值: 8235.0元 多元金融
✅持仓: 嘉麟杰(002486.SZ), 占比 11.44%, 涨跌幅: -7.36% (-653.00), 数量: 3200, 市值: 8224.0元 服装家纺
✅持仓: 百洋股份(002696.SZ), 占比 11.09%, 涨跌幅: -11.30% (-1015.72), 数量: 1300, 市值: 7969.0元 饲料
✅持仓: 富煌钢构(002743.SZ), 占比 10.84%, 涨跌幅: -9.86% (-852.00), 数量: 1600, 市值: 7792.0元 专业工程
✅持仓: 银华日利ETF(511880.SH), 占比 41.94%, 涨跌幅: 0.00% (0.90), 数量: 300, 市值: 30142.5元 None
✅持仓: 中天服务(002188.SZ) 0股
✅持仓: 光正眼科(002524.SZ) 0股
✅持仓: 桂发祥(002820.SZ) 0股
✅持仓: 庄园牧场(002910.SZ) 0股
✅*******************总资产 71873.27  剩余可用金额 9510.77元*******************


==============================
今日股票收益: 0.00 元
收益率:       0.00 %
==============================


今天是交易日吗 True
judge_date count  1
中小综指成分股数量：961
['002001.SZ', '002003.SZ', '002004.SZ', '002005.SZ', '002006.SZ', '002007.SZ', '002008.SZ', '002009.SZ', '002010.SZ', '002011.SZ']
002231.SZ cannot get instrument detail !!!
跌停 002297.SZ 博云新材
涨停 002484.SZ 江海股份
跌停 002535.SZ 林州重机
涨停 002579.SZ 中京电子
涨停 002886.SZ 沃特股份
过滤ST/*ST股票后，剩余 886 只
prepare_stock_list count  2
async_seq  11
002486.SZ 股价2.48 成本2.77
❌ 收益止损,卖出002486.SZ,跌幅 10.60%
async_seq  13
002696.SZ 股价5.93 成本6.91
❌ 收益止损,卖出002696.SZ,跌幅 14.20%
async_seq  16
002743.SZ 股价4.75 成本5.40
❌ 收益止损,卖出002743.SZ,跌幅 12.08%
异步委托回调 投资备注: 清仓002486.SZ 
大盘涨幅 -0.19%异步委托回调 投资备注: 清仓002696.SZ 
sleep 30s

异步委托回调 投资备注: 清仓002743.SZ 
******************当日(2026-05-27 10:02:30.019394) (周3) 持仓市值: 38121.30元*******************
✅持仓: 银华日利ETF(511880.SH), 占比 42.52%, 涨跌幅: -0.00% (-0.30), 数量: 300, 市值: 30141.3元 None
✅持仓: 亚联发展(002316.SZ), 占比 11.26%, 涨跌幅: -6.73% (-576.00), 数量: 1500, 市值: 7980.0元 多元金融
✅持仓: 嘉麟杰(002486.SZ) 0股
✅持仓: 百洋股份(002696.SZ) 0股
✅持仓: 富煌钢构(002743.SZ) 0股
✅*******************总资产 70879.06  剩余可用金额 32757.76元*******************


stop_loss count  3
check_limit_up count  4
止盈止损后，有余额可用32729.64元。买入511880.SH
====调整每股额度====
当前可用资金  32729.64 
持仓市值  38016.90000000001 
总资产:  70746.54 
每股额度  32729.64
===可用资金 32729.64===
511880.SH 银华日利ETF 现价100.47 期望持仓 32729.64元,
现有持仓 30141.90元，相差 2587.74元，需要买入股数 25.76不足100股，放弃交易
async_seq  None
buy_target_value failed 511880.SH 银华日利ETF
sleep 20s
******************当日(2026-05-27 14:02:21.012267) (周3) 持仓市值: 38016.90元*******************
✅持仓: 银华日利ETF(511880.SH), 占比 42.61%, 涨跌幅: 0.00% (0.30), 数量: 300, 市值: 30141.9元 None
✅持仓: 亚联发展(002316.SZ), 占比 11.13%, 涨跌幅: -7.96% (-681.00), 数量: 1500, 市值: 7875.0元 多元金融
✅持仓: 嘉麟杰(002486.SZ) 0股
✅持仓: 百洋股份(002696.SZ) 0股
✅持仓: 富煌钢构(002743.SZ) 0股
✅*******************总资产 70746.54  剩余可用金额 32729.64元*******************


check_remain_amount count  5
sleep a day
******************当日(2026-05-27 15:12:00.019143) (周3) 持仓市值: 38061.90元*******************
✅持仓: 银华日利ETF(511880.SH), 占比 42.58%, 涨跌幅: 0.00% (0.30), 数量: 300, 市值: 30141.9元 None
✅持仓: 亚联发展(002316.SZ), 占比 11.19%, 涨跌幅: -7.43% (-636.00), 数量: 1500, 市值: 7920.0元 多元金融
✅持仓: 嘉麟杰(002486.SZ) 0股
✅持仓: 百洋股份(002696.SZ) 0股
✅持仓: 富煌钢构(002743.SZ) 0股
✅*******************总资产 70791.54  剩余可用金额 32729.64元*******************


==============================
今日股票收益: -1081.73 元
收益率:       -1.51 %
==============================


