init
建立交易连接，返回0表示连接成功 0
策略初始化完成：每月初调仓，持有市值最小的9只股票, 初始资金8970.67
***** xtdata连接成功 *****
服务信息: {'tag': 'sp3', 'version': '1.0'}
服务地址: 127.0.0.1:58610
数据路径: C:\QMT\bin.x64/../userdata_mini/datadir
设置xtdata.enable_hello = False可隐藏此消息

buy passorder target value 8713.30 current 0.00 amount 3100.00
async_seq  4
init
建立交易连接，返回0表示连接成功 0
策略初始化完成：每月初调仓，持有市值最小的9只股票, 初始资金8970.67
***** xtdata连接成功 *****
服务信息: {'tag': 'sp3', 'version': '1.0'}
服务地址: 127.0.0.1:58610
数据路径: C:\QMT\bin.x64/../userdata_mini/datadir
设置xtdata.enable_hello = False可隐藏此消息

buy passorder target value 8713.30 current 0.00 amount 3100.00
async_seq  4
init
建立交易连接，返回0表示连接成功 0
策略初始化完成：每月初调仓，持有市值最小的9只股票, 初始资金8970.67
***** xtdata连接成功 *****
服务信息: {'tag': 'sp3', 'version': '1.0'}
服务地址: 127.0.0.1:58610
数据路径: C:\QMT\bin.x64/../userdata_mini/datadir
设置xtdata.enable_hello = False可隐藏此消息

init
建立交易连接，返回0表示连接成功 0
策略初始化完成：每月初调仓，持有市值最小的9只股票, 初始资金8970.67
***** xtdata连接成功 *****
服务信息: {'tag': 'sp3', 'version': '1.0'}
服务地址: 127.0.0.1:58610
数据路径: C:\QMT\bin.x64/../userdata_mini/datadir
设置xtdata.enable_hello = False可隐藏此消息

3
init
建立交易连接，返回0表示连接成功 0
策略初始化完成：每月初调仓，持有市值最小的9只股票, 初始资金8970.67
***** xtdata连接成功 *****
服务信息: {'tag': 'sp3', 'version': '1.0'}
服务地址: 127.0.0.1:58610
数据路径: C:\QMT\bin.x64/../userdata_mini/datadir
设置xtdata.enable_hello = False可隐藏此消息

3
init
建立交易连接，返回0表示连接成功 0
策略初始化完成：每月初调仓，持有市值最小的9只股票, 初始资金8970.67
***** xtdata连接成功 *****
服务信息: {'tag': 'sp3', 'version': '1.0'}
服务地址: 127.0.0.1:58610
数据路径: C:\QMT\bin.x64/../userdata_mini/datadir
设置xtdata.enable_hello = False可隐藏此消息

3
init
建立交易连接，返回0表示连接成功 0
策略初始化完成：每月初调仓，持有市值最小的9只股票, 初始资金8970.67
***** xtdata连接成功 *****
服务信息: {'tag': 'sp3', 'version': '1.0'}
服务地址: 127.0.0.1:58610
数据路径: C:\QMT\bin.x64/../userdata_mini/datadir
设置xtdata.enable_hello = False可隐藏此消息

3
init
建立交易连接，返回0表示连接成功 0
策略初始化完成：每月初调仓，持有市值最小的9只股票, 初始资金8970.67
***** xtdata连接成功 *****
服务信息: {'tag': 'sp3', 'version': '1.0'}
服务地址: 127.0.0.1:58610
数据路径: C:\QMT\bin.x64/../userdata_mini/datadir
设置xtdata.enable_hello = False可隐藏此消息

今天是交易日吗 True
judge_date count  1
中小综指成分股数量：961
['002001.SZ', '002003.SZ', '002004.SZ', '002005.SZ', '002006.SZ', '002007.SZ', '002008.SZ', '002009.SZ', '002010.SZ', '002011.SZ']
涨停 002067.SZ 景兴纸业
涨停 002135.SZ 东南网架
涨停 002150.SZ 正泰电源
涨停 002173.SZ 创新医疗
涨停 002178.SZ 延华智能
跌停 002181.SZ 粤 传 媒
002231.SZ cannot get instrument detail !!!
涨停 002272.SZ 川润股份
跌停 002342.SZ 巨力索具
涨停 002375.SZ 亚厦股份
涨停 002421.SZ 达实智能
涨停 002552.SZ 宝鼎科技
过滤ST/*ST股票后，剩余 877 只
prepare_stock_list count  2
******************当日(2026-05-19 11:01:59.768238)持仓市值: 68417.00元*******************
✅持仓: 中天服务(002188.SZ), 占比 11.53%, 涨跌幅: -5.49% (-517.00), 数量: 1300, 市值: 8905.0元 房地产服务
✅持仓: 亚联发展(002316.SZ), 占比 10.74%, 涨跌幅: -3.05% (-261.00), 数量: 1500, 市值: 8295.0元 多元金融
✅持仓: 光正眼科(002524.SZ), 占比 11.03%, 涨跌幅: -5.12% (-460.00), 数量: 2000, 市值: 8520.0元 医疗服务
✅持仓: 百洋股份(002696.SZ), 占比 11.07%, 涨跌幅: -4.79% (-430.72), 数量: 1300, 市值: 8554.0元 饲料
✅持仓: 富煌钢构(002743.SZ), 占比 11.02%, 涨跌幅: -1.53% (-132.00), 数量: 1600, 市值: 8512.0元 专业工程
✅持仓: 桂发祥(002820.SZ), 占比 10.23%, 涨跌幅: -4.51% (-373.00), 数量: 700, 市值: 7903.0元 休闲食品
✅持仓: 贝肯能源(002828.SZ), 占比 11.49%, 涨跌幅: -1.97% (-178.00), 数量: 800, 市值: 8872.0元 油服工程
✅持仓: 庄园牧场(002910.SZ), 占比 11.46%, 涨跌幅: -4.04% (-372.85), 数量: 800, 市值: 8856.0元 饮料乳品
✅持仓: 华斯股份(002494.SZ) 0股
✅*******************总资产 77246.67  剩余可用金额 8970.67元*******************


✅========== 执行周度调仓，日期：2026-05-19 11:01:59.893028 ==========
❌❌ 股票数量异常，期望最终持仓8只，实际选中0只
selected_stocks
[]
预计持仓 68417.0 剩余金额 8829.67
❌❌剩余资金过大 8829.67
重新分配之后资金仍有剩余，追加买入
 预估持仓: 中天服务(002188.SZ), 占比 11.53% 单价 6.85
 预估持仓: 亚联发展(002316.SZ), 占比 10.74% 单价 5.53
 预估持仓: 华斯股份(002494.SZ), 占比 0.00% 单价 6.05
 预估持仓: 光正眼科(002524.SZ), 占比 11.03% 单价 4.26
 预估持仓: 百洋股份(002696.SZ), 占比 11.07% 单价 6.58
 预估持仓: 富煌钢构(002743.SZ), 占比 11.02% 单价 5.32
 预估持仓: 桂发祥(002820.SZ), 占比 10.23% 单价 11.29
 预估持仓: 贝肯能源(002828.SZ), 占比 11.49% 单价 11.09
 预估持仓: 庄园牧场(002910.SZ), 占比 11.46% 单价 11.07
sleep 30s
******************当日(2026-05-19 11:02:29.918393)持仓市值: 68439.00元*******************
✅持仓: 中天服务(002188.SZ), 占比 11.54%, 涨跌幅: -5.35% (-504.00), 数量: 1300, 市值: 8918.0元 房地产服务
✅持仓: 亚联发展(002316.SZ), 占比 10.72%, 涨跌幅: -3.23% (-276.00), 数量: 1500, 市值: 8280.0元 多元金融
✅持仓: 光正眼科(002524.SZ), 占比 11.05%, 涨跌幅: -4.90% (-440.00), 数量: 2000, 市值: 8540.0元 医疗服务
✅持仓: 百洋股份(002696.SZ), 占比 11.09%, 涨跌幅: -4.65% (-417.72), 数量: 1300, 市值: 8567.0元 饲料
✅持仓: 富煌钢构(002743.SZ), 占比 11.00%, 涨跌幅: -1.71% (-148.00), 数量: 1600, 市值: 8496.0元 专业工程
✅持仓: 桂发祥(002820.SZ), 占比 10.24%, 涨跌幅: -4.42% (-366.00), 数量: 700, 市值: 7910.0元 休闲食品
✅持仓: 贝肯能源(002828.SZ), 占比 11.49%, 涨跌幅: -1.88% (-170.00), 数量: 800, 市值: 8880.0元 油服工程
✅持仓: 庄园牧场(002910.SZ), 占比 11.45%, 涨跌幅: -4.13% (-380.85), 数量: 800, 市值: 8848.0元 饮料乳品
✅持仓: 华斯股份(002494.SZ) 0股
✅*******************总资产 77268.67  剩余可用金额 8970.67元*******************


rebalance_buy count  3
init
建立交易连接，返回0表示连接成功 0
策略初始化完成：每月初调仓，持有市值最小的9只股票, 初始资金8970.67
***** xtdata连接成功 *****
服务信息: {'tag': 'sp3', 'version': '1.0'}
服务地址: 127.0.0.1:58610
数据路径: C:\QMT\bin.x64/../userdata_mini/datadir
设置xtdata.enable_hello = False可隐藏此消息

今天是交易日吗 True
judge_date count  1
中小综指成分股数量：961
['002001.SZ', '002003.SZ', '002004.SZ', '002005.SZ', '002006.SZ', '002007.SZ', '002008.SZ', '002009.SZ', '002010.SZ', '002011.SZ']
涨停 002067.SZ 景兴纸业
涨停 002135.SZ 东南网架
涨停 002150.SZ 正泰电源
涨停 002173.SZ 创新医疗
涨停 002178.SZ 延华智能
跌停 002181.SZ 粤 传 媒
002231.SZ cannot get instrument detail !!!
涨停 002272.SZ 川润股份
跌停 002342.SZ 巨力索具
涨停 002375.SZ 亚厦股份
涨停 002421.SZ 达实智能
涨停 002552.SZ 宝鼎科技
涨停 002782.SZ 可立克
过滤ST/*ST股票后，剩余 876 只
prepare_stock_list count  2
******************当日(2026-05-19 11:03:34.444917)持仓市值: 68241.00元*******************
✅持仓: 中天服务(002188.SZ), 占比 11.54%, 涨跌幅: -5.63% (-530.00), 数量: 1300, 市值: 8892.0元 房地产服务
✅持仓: 亚联发展(002316.SZ), 占比 10.72%, 涨跌幅: -3.40% (-291.00), 数量: 1500, 市值: 8265.0元 多元金融
✅持仓: 光正眼科(002524.SZ), 占比 11.03%, 涨跌幅: -5.35% (-480.00), 数量: 2000, 市值: 8500.0元 医疗服务
✅持仓: 百洋股份(002696.SZ), 占比 11.03%, 涨跌幅: -5.37% (-482.72), 数量: 1300, 市值: 8502.0元 饲料
✅持仓: 富煌钢构(002743.SZ), 占比 11.07%, 涨跌幅: -1.34% (-116.00), 数量: 1600, 市值: 8528.0元 专业工程
✅持仓: 桂发祥(002820.SZ), 占比 10.23%, 涨跌幅: -4.76% (-394.00), 数量: 700, 市值: 7882.0元 休闲食品
✅持仓: 贝肯能源(002828.SZ), 占比 11.50%, 涨跌幅: -2.06% (-186.00), 数量: 800, 市值: 8864.0元 油服工程
✅持仓: 庄园牧场(002910.SZ), 占比 11.43%, 涨跌幅: -4.56% (-420.85), 数量: 800, 市值: 8808.0元 饮料乳品
✅持仓: 华斯股份(002494.SZ) 0股
✅*******************总资产 77070.67  剩余可用金额 8970.67元*******************


✅========== 执行周度调仓，日期：2026-05-19 11:03:34.607492 ==========
******************当日(2026-05-19 11:03:34.607492)持仓市值: 68241.00元*******************
✅持仓: 中天服务(002188.SZ), 占比 11.54%, 涨跌幅: -5.63% (-530.00), 数量: 1300, 市值: 8892.0元 房地产服务
✅持仓: 亚联发展(002316.SZ), 占比 10.72%, 涨跌幅: -3.40% (-291.00), 数量: 1500, 市值: 8265.0元 多元金融
✅持仓: 光正眼科(002524.SZ), 占比 11.03%, 涨跌幅: -5.35% (-480.00), 数量: 2000, 市值: 8500.0元 医疗服务
✅持仓: 百洋股份(002696.SZ), 占比 11.03%, 涨跌幅: -5.37% (-482.72), 数量: 1300, 市值: 8502.0元 饲料
✅持仓: 富煌钢构(002743.SZ), 占比 11.07%, 涨跌幅: -1.34% (-116.00), 数量: 1600, 市值: 8528.0元 专业工程
✅持仓: 桂发祥(002820.SZ), 占比 10.23%, 涨跌幅: -4.76% (-394.00), 数量: 700, 市值: 7882.0元 休闲食品
✅持仓: 贝肯能源(002828.SZ), 占比 11.50%, 涨跌幅: -2.06% (-186.00), 数量: 800, 市值: 8864.0元 油服工程
✅持仓: 庄园牧场(002910.SZ), 占比 11.43%, 涨跌幅: -4.56% (-420.85), 数量: 800, 市值: 8808.0元 饮料乳品
✅持仓: 华斯股份(002494.SZ) 0股
✅*******************总资产 77070.67  剩余可用金额 8970.67元*******************


get_small_cap_stocks   2026-05-19 11:03:34.607492    head 9
    第 1名: 庄园牧场(002910.SZ), 流通市值: 21.53 亿元 饮料乳品   <== 选中
    第 2名: 亚联发展(002316.SZ), 流通市值: 21.66 亿元 多元金融   <== 选中
    第 3名: 光正眼科(002524.SZ), 流通市值: 21.9 亿元 医疗服务   <== 选中
    第 4名: 贝肯能源(002828.SZ), 流通市值: 22.27 亿元 油服工程   <== 选中
    第 5名: 中天服务(002188.SZ), 流通市值: 22.37 亿元 房地产服务   <== 选中
    第 6名: 百洋股份(002696.SZ), 流通市值: 22.61 亿元 饲料   <== 选中
    第 7名: 桂发祥(002820.SZ), 流通市值: 22.62 亿元 休闲食品   <== 选中
    第 8名: 嘉麟杰(002486.SZ), 流通市值: 22.75 亿元 服装家纺   <== 选中
    第 9名: 华斯股份(002494.SZ), 流通市值: 22.75 亿元 服装家纺 
    第10名: 富煌钢构(002743.SZ), 流通市值: 23.2 亿元 专业工程   <== 选中
    第11名: 皓宸医疗(002622.SZ), 流通市值: 23.27 亿元 医疗服务 
    第12名: 黄山胶囊(002817.SZ), 流通市值: 23.57 亿元 化学制药 
    第13名: 登云股份(002715.SZ), 流通市值: 23.61 亿元 汽车零部件 
    第14名: 开普检测(003008.SZ), 流通市值: 23.63 亿元 专业服务 
    第15名: 新天药业(002873.SZ), 流通市值: 23.68 亿元 中药 
    第16名: 天元股份(003003.SZ), 流通市值: 23.79 亿元 包装印刷 
    第17名: 海象新材(003011.SZ), 流通市值: 23.91 亿元 家居用品 
    第18名: 信隆健康(002105.SZ), 流通市值: 23.99 亿元 摩托车及其他 
    第19名: 宏达高科(002144.SZ), 流通市值: 24.0 亿元 纺织制造 
    第20名: 乔治白(002687.SZ), 流通市值: 24.08 亿元 服装家纺 
✅当前持股 8只
中天服务
亚联发展
光正眼科
百洋股份
富煌钢构
桂发祥
贝肯能源
庄园牧场
✅需要买入股票 1只
✅需要卖出股票 0只
✅待买入  嘉麟杰
✅今日(2026-05-19 11:03:34.607492)为卖出时间，执行卖出操作
✅------------------------------------------
rebalance_sell count  3
✅========== 执行周度调仓，日期：2026-05-19 11:03:35.303879 ==========
✅今日(2026-05-19 11:03:35.303879)为买入时间，执行买入操作
✅+++++++++++++++++++++++++++++++++++++++++
✅需要买入股票 1只
嘉麟杰
selected_stocks
['002910.SZ', '002316.SZ', '002524.SZ', '002828.SZ', '002188.SZ', '002696.SZ', '002820.SZ', '002486.SZ', '002743.SZ']
 期望持仓: 庄园牧场(002910.SZ), 占比 11.11%
 期望持仓: 亚联发展(002316.SZ), 占比 11.11%
 期望持仓: 光正眼科(002524.SZ), 占比 11.11%
 期望持仓: 贝肯能源(002828.SZ), 占比 11.11%
 期望持仓: 中天服务(002188.SZ), 占比 11.11%
 期望持仓: 百洋股份(002696.SZ), 占比 11.11%
 期望持仓: 桂发祥(002820.SZ), 占比 11.11%
 期望持仓: 嘉麟杰(002486.SZ), 占比 11.11%
 期望持仓: 富煌钢构(002743.SZ), 占比 11.11%
预计买入嘉麟杰(002486.SZ)  3100 股 * 2.76,总计 8556.00
预计持仓 76797.0 剩余金额 273.67
 预估持仓: 中天服务(002188.SZ), 占比 11.54% 单价 6.84
 预估持仓: 亚联发展(002316.SZ), 占比 10.72% 单价 5.51
 预估持仓: 嘉麟杰(002486.SZ), 占比 11.10% 单价 2.76
 预估持仓: 华斯股份(002494.SZ), 占比 0.00% 单价 6.03
 预估持仓: 光正眼科(002524.SZ), 占比 11.03% 单价 4.25
 预估持仓: 百洋股份(002696.SZ), 占比 11.03% 单价 6.54
 预估持仓: 富煌钢构(002743.SZ), 占比 11.07% 单价 5.33
 预估持仓: 桂发祥(002820.SZ), 占比 10.23% 单价 11.26
 预估持仓: 贝肯能源(002828.SZ), 占比 11.50% 单价 11.08
 预估持仓: 庄园牧场(002910.SZ), 占比 11.43% 单价 11.01
调整嘉麟杰买入数量，期望买入8563.41,当前8556.00,相差7.41
单价2.76，新市值8556.00，差值7.41
单价2.76，新市值8832.00，差值-268.59
====调整每股额度====
当前可用资金  8970.67 
持仓市值  68241.0 
总资产:  77070.67 
每股额度  8970.67
===可用资金 8970.67===
委托买入: 嘉麟杰, 002486.SZ 
目标价值:8563.41
预计最终持股3100股，每股2.76元，合计:8556.00
buy passorder target value 8563.41 current 0.00 amount 3100.00
async_seq  18
异步委托回调 投资备注: 买入002486.SZ 期望
委托报错回调 买入002486.SZ 期望 对手方最优价格买入 [SZ002486] [COUNTER] [260200][可用资金不足]
[fund_account=8885388757,money_type=0,p_occur_ba
sleep 30s
******************当日(2026-05-19 11:04:06.351360)持仓市值: 68241.00元*******************
✅持仓: 中天服务(002188.SZ), 占比 11.52%, 涨跌幅: -5.63% (-530.00), 数量: 1300, 市值: 8892.0元 房地产服务
✅持仓: 亚联发展(002316.SZ), 占比 10.71%, 涨跌幅: -3.40% (-291.00), 数量: 1500, 市值: 8265.0元 多元金融
✅持仓: 光正眼科(002524.SZ), 占比 11.01%, 涨跌幅: -5.35% (-480.00), 数量: 2000, 市值: 8500.0元 医疗服务
✅持仓: 百洋股份(002696.SZ), 占比 11.02%, 涨跌幅: -5.37% (-482.72), 数量: 1300, 市值: 8502.0元 饲料
✅持仓: 富煌钢构(002743.SZ), 占比 11.05%, 涨跌幅: -1.34% (-116.00), 数量: 1600, 市值: 8528.0元 专业工程
✅持仓: 桂发祥(002820.SZ), 占比 10.21%, 涨跌幅: -4.76% (-394.00), 数量: 700, 市值: 7882.0元 休闲食品
✅持仓: 贝肯能源(002828.SZ), 占比 11.49%, 涨跌幅: -2.06% (-186.00), 数量: 800, 市值: 8864.0元 油服工程
✅持仓: 庄园牧场(002910.SZ), 占比 11.41%, 涨跌幅: -4.56% (-420.85), 数量: 800, 市值: 8808.0元 饮料乳品
✅持仓: 华斯股份(002494.SZ) 0股
✅*******************总资产 77171.67  剩余可用金额 8970.67元*******************


rebalance_buy count  4
init
建立交易连接，返回0表示连接成功 0
策略初始化完成：每月初调仓，持有市值最小的9只股票, 初始资金8970.67
***** xtdata连接成功 *****
服务信息: {'tag': 'sp3', 'version': '1.0'}
服务地址: 127.0.0.1:58610
数据路径: C:\QMT\bin.x64/../userdata_mini/datadir
设置xtdata.enable_hello = False可隐藏此消息

今天是交易日吗 True
judge_date count  1
中小综指成分股数量：961
['002001.SZ', '002003.SZ', '002004.SZ', '002005.SZ', '002006.SZ', '002007.SZ', '002008.SZ', '002009.SZ', '002010.SZ', '002011.SZ']
涨停 002067.SZ 景兴纸业
涨停 002135.SZ 东南网架
涨停 002150.SZ 正泰电源
涨停 002173.SZ 创新医疗
涨停 002178.SZ 延华智能
跌停 002181.SZ 粤 传 媒
002231.SZ cannot get instrument detail !!!
涨停 002272.SZ 川润股份
跌停 002342.SZ 巨力索具
涨停 002375.SZ 亚厦股份
涨停 002421.SZ 达实智能
涨停 002552.SZ 宝鼎科技
涨停 002782.SZ 可立克
过滤ST/*ST股票后，剩余 876 只
prepare_stock_list count  2
******************当日(2026-05-19 11:08:39.601843)持仓市值: 68241.00元*******************
✅持仓: 中天服务(002188.SZ), 占比 11.54%, 涨跌幅: -5.63% (-530.00), 数量: 1300, 市值: 8892.0元 房地产服务
✅持仓: 亚联发展(002316.SZ), 占比 10.72%, 涨跌幅: -3.40% (-291.00), 数量: 1500, 市值: 8265.0元 多元金融
✅持仓: 光正眼科(002524.SZ), 占比 11.03%, 涨跌幅: -5.35% (-480.00), 数量: 2000, 市值: 8500.0元 医疗服务
✅持仓: 百洋股份(002696.SZ), 占比 11.03%, 涨跌幅: -5.37% (-482.72), 数量: 1300, 市值: 8502.0元 饲料
✅持仓: 富煌钢构(002743.SZ), 占比 11.06%, 涨跌幅: -1.34% (-116.00), 数量: 1600, 市值: 8528.0元 专业工程
✅持仓: 桂发祥(002820.SZ), 占比 10.22%, 涨跌幅: -4.76% (-394.00), 数量: 700, 市值: 7882.0元 休闲食品
✅持仓: 贝肯能源(002828.SZ), 占比 11.50%, 涨跌幅: -2.06% (-186.00), 数量: 800, 市值: 8864.0元 油服工程
✅持仓: 庄园牧场(002910.SZ), 占比 11.43%, 涨跌幅: -4.56% (-420.85), 数量: 800, 市值: 8808.0元 饮料乳品
✅持仓: 华斯股份(002494.SZ) 0股
✅*******************总资产 77086.67  剩余可用金额 8970.67元*******************


✅========== 执行周度调仓，日期：2026-05-19 11:08:39.680224 ==========
******************当日(2026-05-19 11:08:39.680224)持仓市值: 68241.00元*******************
✅持仓: 中天服务(002188.SZ), 占比 11.54%, 涨跌幅: -5.63% (-530.00), 数量: 1300, 市值: 8892.0元 房地产服务
✅持仓: 亚联发展(002316.SZ), 占比 10.72%, 涨跌幅: -3.40% (-291.00), 数量: 1500, 市值: 8265.0元 多元金融
✅持仓: 光正眼科(002524.SZ), 占比 11.03%, 涨跌幅: -5.35% (-480.00), 数量: 2000, 市值: 8500.0元 医疗服务
✅持仓: 百洋股份(002696.SZ), 占比 11.03%, 涨跌幅: -5.37% (-482.72), 数量: 1300, 市值: 8502.0元 饲料
✅持仓: 富煌钢构(002743.SZ), 占比 11.06%, 涨跌幅: -1.34% (-116.00), 数量: 1600, 市值: 8528.0元 专业工程
✅持仓: 桂发祥(002820.SZ), 占比 10.22%, 涨跌幅: -4.76% (-394.00), 数量: 700, 市值: 7882.0元 休闲食品
✅持仓: 贝肯能源(002828.SZ), 占比 11.50%, 涨跌幅: -2.06% (-186.00), 数量: 800, 市值: 8864.0元 油服工程
✅持仓: 庄园牧场(002910.SZ), 占比 11.43%, 涨跌幅: -4.56% (-420.85), 数量: 800, 市值: 8808.0元 饮料乳品
✅持仓: 华斯股份(002494.SZ) 0股
✅*******************总资产 77086.67  剩余可用金额 8970.67元*******************


get_small_cap_stocks   2026-05-19 11:08:39.680224    head 9
    第 1名: 庄园牧场(002910.SZ), 流通市值: 21.53 亿元 饮料乳品   <== 选中
    第 2名: 亚联发展(002316.SZ), 流通市值: 21.66 亿元 多元金融   <== 选中
    第 3名: 光正眼科(002524.SZ), 流通市值: 21.9 亿元 医疗服务   <== 选中
    第 4名: 贝肯能源(002828.SZ), 流通市值: 22.27 亿元 油服工程   <== 选中
    第 5名: 中天服务(002188.SZ), 流通市值: 22.37 亿元 房地产服务   <== 选中
    第 6名: 百洋股份(002696.SZ), 流通市值: 22.61 亿元 饲料   <== 选中
    第 7名: 桂发祥(002820.SZ), 流通市值: 22.62 亿元 休闲食品   <== 选中
    第 8名: 嘉麟杰(002486.SZ), 流通市值: 22.75 亿元 服装家纺   <== 选中
    第 9名: 华斯股份(002494.SZ), 流通市值: 22.75 亿元 服装家纺 
    第10名: 富煌钢构(002743.SZ), 流通市值: 23.2 亿元 专业工程   <== 选中
    第11名: 皓宸医疗(002622.SZ), 流通市值: 23.27 亿元 医疗服务 
    第12名: 黄山胶囊(002817.SZ), 流通市值: 23.57 亿元 化学制药 
    第13名: 登云股份(002715.SZ), 流通市值: 23.61 亿元 汽车零部件 
    第14名: 开普检测(003008.SZ), 流通市值: 23.63 亿元 专业服务 
    第15名: 新天药业(002873.SZ), 流通市值: 23.68 亿元 中药 
    第16名: 天元股份(003003.SZ), 流通市值: 23.79 亿元 包装印刷 
    第17名: 海象新材(003011.SZ), 流通市值: 23.91 亿元 家居用品 
    第18名: 信隆健康(002105.SZ), 流通市值: 23.99 亿元 摩托车及其他 
    第19名: 宏达高科(002144.SZ), 流通市值: 24.0 亿元 纺织制造 
    第20名: 乔治白(002687.SZ), 流通市值: 24.08 亿元 服装家纺 
✅当前持股 8只
中天服务
亚联发展
光正眼科
百洋股份
富煌钢构
桂发祥
贝肯能源
庄园牧场
✅需要买入股票 1只
✅需要卖出股票 0只
✅待买入  嘉麟杰
✅今日(2026-05-19 11:08:39.680224)为卖出时间，执行卖出操作
✅------------------------------------------
rebalance_sell count  3
✅========== 执行周度调仓，日期：2026-05-19 11:08:40.367750 ==========
✅今日(2026-05-19 11:08:40.367750)为买入时间，执行买入操作
✅+++++++++++++++++++++++++++++++++++++++++
✅需要买入股票 1只
嘉麟杰
selected_stocks
['002910.SZ', '002316.SZ', '002524.SZ', '002828.SZ', '002188.SZ', '002696.SZ', '002820.SZ', '002486.SZ', '002743.SZ']
 期望持仓: 庄园牧场(002910.SZ), 占比 11.11%
 期望持仓: 亚联发展(002316.SZ), 占比 11.11%
 期望持仓: 光正眼科(002524.SZ), 占比 11.11%
 期望持仓: 贝肯能源(002828.SZ), 占比 11.11%
 期望持仓: 中天服务(002188.SZ), 占比 11.11%
 期望持仓: 百洋股份(002696.SZ), 占比 11.11%
 期望持仓: 桂发祥(002820.SZ), 占比 11.11%
 期望持仓: 嘉麟杰(002486.SZ), 占比 11.11%
 期望持仓: 富煌钢构(002743.SZ), 占比 11.11%
预计买入嘉麟杰(002486.SZ)  3100 股 * 2.76,总计 8556.00
预计持仓 76797.0 剩余金额 289.67
 预估持仓: 中天服务(002188.SZ), 占比 11.54% 单价 6.84
 预估持仓: 亚联发展(002316.SZ), 占比 10.72% 单价 5.51
 预估持仓: 嘉麟杰(002486.SZ), 占比 11.10% 单价 2.76
 预估持仓: 华斯股份(002494.SZ), 占比 0.00% 单价 6.03
 预估持仓: 光正眼科(002524.SZ), 占比 11.03% 单价 4.25
 预估持仓: 百洋股份(002696.SZ), 占比 11.03% 单价 6.54
 预估持仓: 富煌钢构(002743.SZ), 占比 11.06% 单价 5.33
 预估持仓: 桂发祥(002820.SZ), 占比 10.22% 单价 11.26
 预估持仓: 贝肯能源(002828.SZ), 占比 11.50% 单价 11.08
 预估持仓: 庄园牧场(002910.SZ), 占比 11.43% 单价 11.01
调整嘉麟杰买入数量，期望买入8565.19,当前8556.00,相差9.19
单价2.76，新市值8556.00，差值9.19
单价2.76，新市值8832.00，差值-266.81
====调整每股额度====
当前可用资金  8970.67 
持仓市值  68241.0 
总资产:  77086.67 
每股额度  8970.67
===可用资金 8970.67===
委托买入: 嘉麟杰, 002486.SZ 
目标价值:8565.19
预计最终持股3100股，每股2.76元，合计:8556.00
buy passorder target value 8565.19 current 0.00 amount 3100.00
async_seq  20
异步委托回调 投资备注: Buy 002486.SZ Target 85
委托报错回调 Buy 002486.SZ Target 85 对手方最优价格买入 [SZ002486] [COUNTER] [260200][可用资金不足]
[fund_account=8885388757,money_type=0,p_occur_ba
sleep 30s
******************当日(2026-05-19 11:09:11.424356)持仓市值: 68241.00元*******************
✅持仓: 中天服务(002188.SZ), 占比 11.54%, 涨跌幅: -5.63% (-530.00), 数量: 1300, 市值: 8892.0元 房地产服务
✅持仓: 亚联发展(002316.SZ), 占比 10.72%, 涨跌幅: -3.40% (-291.00), 数量: 1500, 市值: 8265.0元 多元金融
✅持仓: 光正眼科(002524.SZ), 占比 11.03%, 涨跌幅: -5.35% (-480.00), 数量: 2000, 市值: 8500.0元 医疗服务
✅持仓: 百洋股份(002696.SZ), 占比 11.03%, 涨跌幅: -5.37% (-482.72), 数量: 1300, 市值: 8502.0元 饲料
✅持仓: 富煌钢构(002743.SZ), 占比 11.06%, 涨跌幅: -1.34% (-116.00), 数量: 1600, 市值: 8528.0元 专业工程
✅持仓: 桂发祥(002820.SZ), 占比 10.22%, 涨跌幅: -4.76% (-394.00), 数量: 700, 市值: 7882.0元 休闲食品
✅持仓: 贝肯能源(002828.SZ), 占比 11.50%, 涨跌幅: -2.06% (-186.00), 数量: 800, 市值: 8864.0元 油服工程
✅持仓: 庄园牧场(002910.SZ), 占比 11.43%, 涨跌幅: -4.56% (-420.85), 数量: 800, 市值: 8808.0元 饮料乳品
✅持仓: 华斯股份(002494.SZ) 0股
✅*******************总资产 77086.67  剩余可用金额 8970.67元*******************


rebalance_buy count  4
init
建立交易连接，返回0表示连接成功 0
策略初始化完成：每月初调仓，持有市值最小的9只股票, 初始资金8970.67
***** xtdata连接成功 *****
服务信息: {'tag': 'sp3', 'version': '1.0'}
服务地址: 127.0.0.1:58610
数据路径: C:\QMT\bin.x64/../userdata_mini/datadir
设置xtdata.enable_hello = False可隐藏此消息

今天是交易日吗 True
judge_date count  1
中小综指成分股数量：961
['002001.SZ', '002003.SZ', '002004.SZ', '002005.SZ', '002006.SZ', '002007.SZ', '002008.SZ', '002009.SZ', '002010.SZ', '002011.SZ']
涨停 002067.SZ 景兴纸业
涨停 002135.SZ 东南网架
涨停 002150.SZ 正泰电源
涨停 002173.SZ 创新医疗
涨停 002178.SZ 延华智能
跌停 002181.SZ 粤 传 媒
002231.SZ cannot get instrument detail !!!
涨停 002272.SZ 川润股份
跌停 002342.SZ 巨力索具
涨停 002375.SZ 亚厦股份
涨停 002421.SZ 达实智能
涨停 002552.SZ 宝鼎科技
涨停 002782.SZ 可立克
过滤ST/*ST股票后，剩余 876 只
prepare_stock_list count  2
******************当日(2026-05-19 11:11:46.743508)持仓市值: 68241.00元*******************
✅持仓: 中天服务(002188.SZ), 占比 11.53%, 涨跌幅: -5.63% (-530.00), 数量: 1300, 市值: 8892.0元 房地产服务
✅持仓: 亚联发展(002316.SZ), 占比 10.72%, 涨跌幅: -3.40% (-291.00), 数量: 1500, 市值: 8265.0元 多元金融
✅持仓: 光正眼科(002524.SZ), 占比 11.02%, 涨跌幅: -5.35% (-480.00), 数量: 2000, 市值: 8500.0元 医疗服务
✅持仓: 百洋股份(002696.SZ), 占比 11.02%, 涨跌幅: -5.37% (-482.72), 数量: 1300, 市值: 8502.0元 饲料
✅持仓: 富煌钢构(002743.SZ), 占比 11.06%, 涨跌幅: -1.34% (-116.00), 数量: 1600, 市值: 8528.0元 专业工程
✅持仓: 桂发祥(002820.SZ), 占比 10.22%, 涨跌幅: -4.76% (-394.00), 数量: 700, 市值: 7882.0元 休闲食品
✅持仓: 贝肯能源(002828.SZ), 占比 11.49%, 涨跌幅: -2.06% (-186.00), 数量: 800, 市值: 8864.0元 油服工程
✅持仓: 庄园牧场(002910.SZ), 占比 11.42%, 涨跌幅: -4.56% (-420.85), 数量: 800, 市值: 8808.0元 饮料乳品
✅持仓: 华斯股份(002494.SZ) 0股
✅*******************总资产 77126.67  剩余可用金额 8970.67元*******************


✅========== 执行周度调仓，日期：2026-05-19 11:11:46.884390 ==========
******************当日(2026-05-19 11:11:46.884390)持仓市值: 68241.00元*******************
✅持仓: 中天服务(002188.SZ), 占比 11.53%, 涨跌幅: -5.63% (-530.00), 数量: 1300, 市值: 8892.0元 房地产服务
✅持仓: 亚联发展(002316.SZ), 占比 10.72%, 涨跌幅: -3.40% (-291.00), 数量: 1500, 市值: 8265.0元 多元金融
✅持仓: 光正眼科(002524.SZ), 占比 11.02%, 涨跌幅: -5.35% (-480.00), 数量: 2000, 市值: 8500.0元 医疗服务
✅持仓: 百洋股份(002696.SZ), 占比 11.02%, 涨跌幅: -5.37% (-482.72), 数量: 1300, 市值: 8502.0元 饲料
✅持仓: 富煌钢构(002743.SZ), 占比 11.06%, 涨跌幅: -1.34% (-116.00), 数量: 1600, 市值: 8528.0元 专业工程
✅持仓: 桂发祥(002820.SZ), 占比 10.22%, 涨跌幅: -4.76% (-394.00), 数量: 700, 市值: 7882.0元 休闲食品
✅持仓: 贝肯能源(002828.SZ), 占比 11.49%, 涨跌幅: -2.06% (-186.00), 数量: 800, 市值: 8864.0元 油服工程
✅持仓: 庄园牧场(002910.SZ), 占比 11.42%, 涨跌幅: -4.56% (-420.85), 数量: 800, 市值: 8808.0元 饮料乳品
✅持仓: 华斯股份(002494.SZ) 0股
✅*******************总资产 77126.67  剩余可用金额 8970.67元*******************


get_small_cap_stocks   2026-05-19 11:11:46.884390    head 9
    第 1名: 庄园牧场(002910.SZ), 流通市值: 21.53 亿元 饮料乳品   <== 选中
    第 2名: 亚联发展(002316.SZ), 流通市值: 21.66 亿元 多元金融   <== 选中
    第 3名: 光正眼科(002524.SZ), 流通市值: 21.9 亿元 医疗服务   <== 选中
    第 4名: 贝肯能源(002828.SZ), 流通市值: 22.27 亿元 油服工程   <== 选中
    第 5名: 中天服务(002188.SZ), 流通市值: 22.37 亿元 房地产服务   <== 选中
    第 6名: 百洋股份(002696.SZ), 流通市值: 22.61 亿元 饲料   <== 选中
    第 7名: 桂发祥(002820.SZ), 流通市值: 22.62 亿元 休闲食品   <== 选中
    第 8名: 嘉麟杰(002486.SZ), 流通市值: 22.75 亿元 服装家纺   <== 选中
    第 9名: 华斯股份(002494.SZ), 流通市值: 22.75 亿元 服装家纺 
    第10名: 富煌钢构(002743.SZ), 流通市值: 23.2 亿元 专业工程   <== 选中
    第11名: 皓宸医疗(002622.SZ), 流通市值: 23.27 亿元 医疗服务 
    第12名: 黄山胶囊(002817.SZ), 流通市值: 23.57 亿元 化学制药 
    第13名: 登云股份(002715.SZ), 流通市值: 23.61 亿元 汽车零部件 
    第14名: 开普检测(003008.SZ), 流通市值: 23.63 亿元 专业服务 
    第15名: 新天药业(002873.SZ), 流通市值: 23.68 亿元 中药 
    第16名: 天元股份(003003.SZ), 流通市值: 23.79 亿元 包装印刷 
    第17名: 海象新材(003011.SZ), 流通市值: 23.91 亿元 家居用品 
    第18名: 信隆健康(002105.SZ), 流通市值: 23.99 亿元 摩托车及其他 
    第19名: 宏达高科(002144.SZ), 流通市值: 24.0 亿元 纺织制造 
    第20名: 乔治白(002687.SZ), 流通市值: 24.08 亿元 服装家纺 
✅当前持股 8只
中天服务
亚联发展
光正眼科
百洋股份
富煌钢构
桂发祥
贝肯能源
庄园牧场
✅需要买入股票 1只
✅需要卖出股票 0只
✅待买入  嘉麟杰
✅今日(2026-05-19 11:11:46.884390)为卖出时间，执行卖出操作
✅------------------------------------------
rebalance_sell count  3
✅========== 执行周度调仓，日期：2026-05-19 11:11:47.696739 ==========
✅今日(2026-05-19 11:11:47.696739)为买入时间，执行买入操作
✅+++++++++++++++++++++++++++++++++++++++++
✅需要买入股票 1只
嘉麟杰
selected_stocks
['002910.SZ', '002316.SZ', '002524.SZ', '002828.SZ', '002188.SZ', '002696.SZ', '002820.SZ', '002486.SZ', '002743.SZ']
 期望持仓: 庄园牧场(002910.SZ), 占比 11.11%
 期望持仓: 亚联发展(002316.SZ), 占比 11.11%
 期望持仓: 光正眼科(002524.SZ), 占比 11.11%
 期望持仓: 贝肯能源(002828.SZ), 占比 11.11%
 期望持仓: 中天服务(002188.SZ), 占比 11.11%
 期望持仓: 百洋股份(002696.SZ), 占比 11.11%
 期望持仓: 桂发祥(002820.SZ), 占比 11.11%
 期望持仓: 嘉麟杰(002486.SZ), 占比 11.11%
 期望持仓: 富煌钢构(002743.SZ), 占比 11.11%
预计买入嘉麟杰(002486.SZ)  3100 股 * 2.76,总计 8556.00
预计持仓 76797.0 剩余金额 329.67
 预估持仓: 中天服务(002188.SZ), 占比 11.53% 单价 6.84
 预估持仓: 亚联发展(002316.SZ), 占比 10.72% 单价 5.51
 预估持仓: 嘉麟杰(002486.SZ), 占比 11.09% 单价 2.76
 预估持仓: 华斯股份(002494.SZ), 占比 0.00% 单价 6.03
 预估持仓: 光正眼科(002524.SZ), 占比 11.02% 单价 4.25
 预估持仓: 百洋股份(002696.SZ), 占比 11.02% 单价 6.54
 预估持仓: 富煌钢构(002743.SZ), 占比 11.06% 单价 5.33
 预估持仓: 桂发祥(002820.SZ), 占比 10.22% 单价 11.26
 预估持仓: 贝肯能源(002828.SZ), 占比 11.49% 单价 11.08
 预估持仓: 庄园牧场(002910.SZ), 占比 11.42% 单价 11.01
调整嘉麟杰买入数量，期望买入8569.63,当前8556.00,相差13.63
单价2.76，新市值8556.00，差值13.63
单价2.76，新市值8832.00，差值-262.37
====调整每股额度====
当前可用资金  8970.67 
持仓市值  68241.0 
总资产:  77126.67 
每股额度  8970.67
===可用资金 8970.67===
委托买入: 嘉麟杰, 002486.SZ 
目标价值:8569.63
预计最终持股3100股，每股2.76元，合计:8556.00
buy passorder target value 8569.63 current 0.00 amount 2100.00
async_seq  20
异步委托回调 投资备注: Buy 002486.SZ Target 85
sleep 30s
******************当日(2026-05-19 11:12:18.741852)持仓市值: 74037.00元*******************
✅持仓: 中天服务(002188.SZ), 占比 11.53%, 涨跌幅: -5.63% (-530.00), 数量: 1300, 市值: 8892.0元 房地产服务
✅持仓: 亚联发展(002316.SZ), 占比 10.72%, 涨跌幅: -3.40% (-291.00), 数量: 1500, 市值: 8265.0元 多元金融
✅持仓: 光正眼科(002524.SZ), 占比 11.02%, 涨跌幅: -5.35% (-480.00), 数量: 2000, 市值: 8500.0元 医疗服务
✅持仓: 百洋股份(002696.SZ), 占比 11.03%, 涨跌幅: -5.37% (-482.72), 数量: 1300, 市值: 8502.0元 饲料
✅持仓: 富煌钢构(002743.SZ), 占比 11.06%, 涨跌幅: -1.34% (-116.00), 数量: 1600, 市值: 8528.0元 专业工程
✅持仓: 桂发祥(002820.SZ), 占比 10.22%, 涨跌幅: -4.76% (-394.00), 数量: 700, 市值: 7882.0元 休闲食品
✅持仓: 贝肯能源(002828.SZ), 占比 11.50%, 涨跌幅: -2.06% (-186.00), 数量: 800, 市值: 8864.0元 油服工程
✅持仓: 庄园牧场(002910.SZ), 占比 11.42%, 涨跌幅: -4.56% (-420.85), 数量: 800, 市值: 8808.0元 饮料乳品
✅持仓: 嘉麟杰(002486.SZ), 占比 7.52%, 涨跌幅: -0.36% (-21.00), 数量: 2100, 市值: 5796.0元 服装家纺
✅持仓: 华斯股份(002494.SZ) 0股
✅*******************总资产 77105.67  剩余可用金额 3153.67元*******************


rebalance_buy count  4
init
建立交易连接，返回0表示连接成功 0
策略初始化完成：每月初调仓，持有市值最小的9只股票, 初始资金3148.17
***** xtdata连接成功 *****
服务信息: {'tag': 'sp3', 'version': '1.0'}
服务地址: 127.0.0.1:58610
数据路径: C:\QMT\bin.x64/../userdata_mini/datadir
设置xtdata.enable_hello = False可隐藏此消息

今天是交易日吗 True
judge_date count  1
中小综指成分股数量：961
['002001.SZ', '002003.SZ', '002004.SZ', '002005.SZ', '002006.SZ', '002007.SZ', '002008.SZ', '002009.SZ', '002010.SZ', '002011.SZ']
涨停 002067.SZ 景兴纸业
涨停 002135.SZ 东南网架
涨停 002150.SZ 正泰电源
涨停 002173.SZ 创新医疗
涨停 002178.SZ 延华智能
跌停 002181.SZ 粤 传 媒
002231.SZ cannot get instrument detail !!!
涨停 002272.SZ 川润股份
跌停 002342.SZ 巨力索具
涨停 002375.SZ 亚厦股份
涨停 002421.SZ 达实智能
涨停 002552.SZ 宝鼎科技
涨停 002782.SZ 可立克
过滤ST/*ST股票后，剩余 876 只
prepare_stock_list count  2
******************当日(2026-05-19 11:19:35.319227)持仓市值: 74023.00元*******************
✅持仓: 中天服务(002188.SZ), 占比 11.53%, 涨跌幅: -5.63% (-530.00), 数量: 1300, 市值: 8892.0元 房地产服务
✅持仓: 亚联发展(002316.SZ), 占比 10.69%, 涨跌幅: -3.58% (-306.00), 数量: 1500, 市值: 8250.0元 多元金融
✅持仓: 光正眼科(002524.SZ), 占比 11.02%, 涨跌幅: -5.35% (-480.00), 数量: 2000, 市值: 8500.0元 医疗服务
✅持仓: 百洋股份(002696.SZ), 占比 11.02%, 涨跌幅: -5.37% (-482.72), 数量: 1300, 市值: 8502.0元 饲料
✅持仓: 富煌钢构(002743.SZ), 占比 11.06%, 涨跌幅: -1.34% (-116.00), 数量: 1600, 市值: 8528.0元 专业工程
✅持仓: 桂发祥(002820.SZ), 占比 10.21%, 涨跌幅: -4.85% (-401.00), 数量: 700, 市值: 7875.0元 休闲食品
✅持仓: 贝肯能源(002828.SZ), 占比 11.50%, 涨跌幅: -1.97% (-178.00), 数量: 800, 市值: 8872.0元 油服工程
✅持仓: 庄园牧场(002910.SZ), 占比 11.42%, 涨跌幅: -4.56% (-420.85), 数量: 800, 市值: 8808.0元 饮料乳品
✅持仓: 嘉麟杰(002486.SZ), 占比 7.51%, 涨跌幅: -0.36% (-21.00), 数量: 2100, 市值: 5796.0元 服装家纺
✅持仓: 华斯股份(002494.SZ) 0股
✅*******************总资产 77141.17  剩余可用金额 3148.17元*******************


✅========== 执行周度调仓，日期：2026-05-19 11:19:35.381486 ==========
******************当日(2026-05-19 11:19:35.381486)持仓市值: 74023.00元*******************
✅持仓: 中天服务(002188.SZ), 占比 11.53%, 涨跌幅: -5.63% (-530.00), 数量: 1300, 市值: 8892.0元 房地产服务
✅持仓: 亚联发展(002316.SZ), 占比 10.69%, 涨跌幅: -3.58% (-306.00), 数量: 1500, 市值: 8250.0元 多元金融
✅持仓: 光正眼科(002524.SZ), 占比 11.02%, 涨跌幅: -5.35% (-480.00), 数量: 2000, 市值: 8500.0元 医疗服务
✅持仓: 百洋股份(002696.SZ), 占比 11.02%, 涨跌幅: -5.37% (-482.72), 数量: 1300, 市值: 8502.0元 饲料
✅持仓: 富煌钢构(002743.SZ), 占比 11.06%, 涨跌幅: -1.34% (-116.00), 数量: 1600, 市值: 8528.0元 专业工程
✅持仓: 桂发祥(002820.SZ), 占比 10.21%, 涨跌幅: -4.85% (-401.00), 数量: 700, 市值: 7875.0元 休闲食品
✅持仓: 贝肯能源(002828.SZ), 占比 11.50%, 涨跌幅: -1.97% (-178.00), 数量: 800, 市值: 8872.0元 油服工程
✅持仓: 庄园牧场(002910.SZ), 占比 11.42%, 涨跌幅: -4.56% (-420.85), 数量: 800, 市值: 8808.0元 饮料乳品
✅持仓: 嘉麟杰(002486.SZ), 占比 7.51%, 涨跌幅: -0.36% (-21.00), 数量: 2100, 市值: 5796.0元 服装家纺
✅持仓: 华斯股份(002494.SZ) 0股
✅*******************总资产 77141.17  剩余可用金额 3148.17元*******************


get_small_cap_stocks   2026-05-19 11:19:35.381486    head 9
    第 1名: 庄园牧场(002910.SZ), 流通市值: 21.53 亿元 饮料乳品   <== 选中
    第 2名: 亚联发展(002316.SZ), 流通市值: 21.62 亿元 多元金融   <== 选中
    第 3名: 光正眼科(002524.SZ), 流通市值: 21.9 亿元 医疗服务   <== 选中
    第 4名: 贝肯能源(002828.SZ), 流通市值: 22.29 亿元 油服工程   <== 选中
    第 5名: 中天服务(002188.SZ), 流通市值: 22.37 亿元 房地产服务   <== 选中
    第 6名: 桂发祥(002820.SZ), 流通市值: 22.6 亿元 休闲食品   <== 选中
    第 7名: 百洋股份(002696.SZ), 流通市值: 22.61 亿元 饲料   <== 选中
    第 8名: 嘉麟杰(002486.SZ), 流通市值: 22.75 亿元 服装家纺   <== 选中
    第 9名: 华斯股份(002494.SZ), 流通市值: 22.79 亿元 服装家纺 
    第10名: 富煌钢构(002743.SZ), 流通市值: 23.2 亿元 专业工程   <== 选中
    第11名: 皓宸医疗(002622.SZ), 流通市值: 23.27 亿元 医疗服务 
    第12名: 黄山胶囊(002817.SZ), 流通市值: 23.57 亿元 化学制药 
    第13名: 登云股份(002715.SZ), 流通市值: 23.57 亿元 汽车零部件 
    第14名: 新天药业(002873.SZ), 流通市值: 23.68 亿元 中药 
    第15名: 开普检测(003008.SZ), 流通市值: 23.71 亿元 专业服务 
    第16名: 天元股份(003003.SZ), 流通市值: 23.79 亿元 包装印刷 
    第17名: 海象新材(003011.SZ), 流通市值: 23.91 亿元 家居用品 
    第18名: 宏达高科(002144.SZ), 流通市值: 23.99 亿元 纺织制造 
    第19名: 信隆健康(002105.SZ), 流通市值: 24.03 亿元 摩托车及其他 
    第20名: 乔治白(002687.SZ), 流通市值: 24.08 亿元 服装家纺 
未选到符合条件的股票，本日不调仓
rebalance_sell count  3
init
建立交易连接，返回0表示连接成功 0
策略初始化完成：每月初调仓，持有市值最小的9只股票, 初始资金3148.17
***** xtdata连接成功 *****
服务信息: {'tag': 'sp3', 'version': '1.0'}
服务地址: 127.0.0.1:58610
数据路径: C:\QMT\bin.x64/../userdata_mini/datadir
设置xtdata.enable_hello = False可隐藏此消息

今天是交易日吗 True
judge_date count  1
中小综指成分股数量：961
['002001.SZ', '002003.SZ', '002004.SZ', '002005.SZ', '002006.SZ', '002007.SZ', '002008.SZ', '002009.SZ', '002010.SZ', '002011.SZ']
涨停 002067.SZ 景兴纸业
涨停 002135.SZ 东南网架
涨停 002150.SZ 正泰电源
涨停 002173.SZ 创新医疗
涨停 002178.SZ 延华智能
跌停 002181.SZ 粤 传 媒
002231.SZ cannot get instrument detail !!!
涨停 002272.SZ 川润股份
跌停 002342.SZ 巨力索具
涨停 002375.SZ 亚厦股份
涨停 002421.SZ 达实智能
涨停 002552.SZ 宝鼎科技
涨停 002782.SZ 可立克
过滤ST/*ST股票后，剩余 876 只
prepare_stock_list count  2
******************当日(2026-05-19 11:21:07.818629)持仓市值: 74023.00元*******************
✅持仓: 中天服务(002188.SZ), 占比 11.53%, 涨跌幅: -5.63% (-530.00), 数量: 1300, 市值: 8892.0元 房地产服务
✅持仓: 亚联发展(002316.SZ), 占比 10.70%, 涨跌幅: -3.58% (-306.00), 数量: 1500, 市值: 8250.0元 多元金融
✅持仓: 光正眼科(002524.SZ), 占比 11.02%, 涨跌幅: -5.35% (-480.00), 数量: 2000, 市值: 8500.0元 医疗服务
✅持仓: 百洋股份(002696.SZ), 占比 11.03%, 涨跌幅: -5.37% (-482.72), 数量: 1300, 市值: 8502.0元 饲料
✅持仓: 富煌钢构(002743.SZ), 占比 11.06%, 涨跌幅: -1.34% (-116.00), 数量: 1600, 市值: 8528.0元 专业工程
✅持仓: 桂发祥(002820.SZ), 占比 10.21%, 涨跌幅: -4.85% (-401.00), 数量: 700, 市值: 7875.0元 休闲食品
✅持仓: 贝肯能源(002828.SZ), 占比 11.51%, 涨跌幅: -1.97% (-178.00), 数量: 800, 市值: 8872.0元 油服工程
✅持仓: 庄园牧场(002910.SZ), 占比 11.42%, 涨跌幅: -4.56% (-420.85), 数量: 800, 市值: 8808.0元 饮料乳品
✅持仓: 嘉麟杰(002486.SZ), 占比 7.52%, 涨跌幅: -0.36% (-21.00), 数量: 2100, 市值: 5796.0元 服装家纺
✅持仓: 华斯股份(002494.SZ) 0股
✅*******************总资产 77113.17  剩余可用金额 3148.17元*******************


✅========== 执行周度调仓，日期：2026-05-19 11:21:07.880761 ==========
******************当日(2026-05-19 11:21:07.880761)持仓市值: 74023.00元*******************
✅持仓: 中天服务(002188.SZ), 占比 11.53%, 涨跌幅: -5.63% (-530.00), 数量: 1300, 市值: 8892.0元 房地产服务
✅持仓: 亚联发展(002316.SZ), 占比 10.70%, 涨跌幅: -3.58% (-306.00), 数量: 1500, 市值: 8250.0元 多元金融
✅持仓: 光正眼科(002524.SZ), 占比 11.02%, 涨跌幅: -5.35% (-480.00), 数量: 2000, 市值: 8500.0元 医疗服务
✅持仓: 百洋股份(002696.SZ), 占比 11.03%, 涨跌幅: -5.37% (-482.72), 数量: 1300, 市值: 8502.0元 饲料
✅持仓: 富煌钢构(002743.SZ), 占比 11.06%, 涨跌幅: -1.34% (-116.00), 数量: 1600, 市值: 8528.0元 专业工程
✅持仓: 桂发祥(002820.SZ), 占比 10.21%, 涨跌幅: -4.85% (-401.00), 数量: 700, 市值: 7875.0元 休闲食品
✅持仓: 贝肯能源(002828.SZ), 占比 11.51%, 涨跌幅: -1.97% (-178.00), 数量: 800, 市值: 8872.0元 油服工程
✅持仓: 庄园牧场(002910.SZ), 占比 11.42%, 涨跌幅: -4.56% (-420.85), 数量: 800, 市值: 8808.0元 饮料乳品
✅持仓: 嘉麟杰(002486.SZ), 占比 7.52%, 涨跌幅: -0.36% (-21.00), 数量: 2100, 市值: 5796.0元 服装家纺
✅持仓: 华斯股份(002494.SZ) 0股
✅*******************总资产 77113.17  剩余可用金额 3148.17元*******************


get_small_cap_stocks   2026-05-19 11:21:07.880761    head 9
    第 1名: 庄园牧场(002910.SZ), 流通市值: 21.53 亿元 饮料乳品   <== 选中
    第 2名: 亚联发展(002316.SZ), 流通市值: 21.62 亿元 多元金融   <== 选中
    第 3名: 光正眼科(002524.SZ), 流通市值: 21.9 亿元 医疗服务   <== 选中
    第 4名: 贝肯能源(002828.SZ), 流通市值: 22.29 亿元 油服工程   <== 选中
    第 5名: 中天服务(002188.SZ), 流通市值: 22.37 亿元 房地产服务   <== 选中
    第 6名: 桂发祥(002820.SZ), 流通市值: 22.6 亿元 休闲食品   <== 选中
    第 7名: 百洋股份(002696.SZ), 流通市值: 22.61 亿元 饲料   <== 选中
    第 8名: 嘉麟杰(002486.SZ), 流通市值: 22.75 亿元 服装家纺   <== 选中
    第 9名: 华斯股份(002494.SZ), 流通市值: 22.79 亿元 服装家纺 
    第10名: 富煌钢构(002743.SZ), 流通市值: 23.2 亿元 专业工程   <== 选中
    第11名: 皓宸医疗(002622.SZ), 流通市值: 23.27 亿元 医疗服务 
    第12名: 黄山胶囊(002817.SZ), 流通市值: 23.57 亿元 化学制药 
    第13名: 登云股份(002715.SZ), 流通市值: 23.57 亿元 汽车零部件 
    第14名: 新天药业(002873.SZ), 流通市值: 23.68 亿元 中药 
    第15名: 开普检测(003008.SZ), 流通市值: 23.71 亿元 专业服务 
    第16名: 天元股份(003003.SZ), 流通市值: 23.79 亿元 包装印刷 
    第17名: 海象新材(003011.SZ), 流通市值: 23.91 亿元 家居用品 
    第18名: 宏达高科(002144.SZ), 流通市值: 23.99 亿元 纺织制造 
    第19名: 信隆健康(002105.SZ), 流通市值: 24.03 亿元 摩托车及其他 
    第20名: 乔治白(002687.SZ), 流通市值: 24.08 亿元 服装家纺 
✅当前持股 9只
中天服务
亚联发展
嘉麟杰
光正眼科
百洋股份
富煌钢构
桂发祥
贝肯能源
庄园牧场
✅需要买入股票 1只
✅需要卖出股票 0只
✅待买入  嘉麟杰
✅今日(2026-05-19 11:21:07.880761)为卖出时间，执行卖出操作
✅------------------------------------------
rebalance_sell count  3
✅========== 执行周度调仓，日期：2026-05-19 11:21:08.569612 ==========
✅今日(2026-05-19 11:21:08.569612)为买入时间，执行买入操作
✅+++++++++++++++++++++++++++++++++++++++++
✅需要买入股票 1只
嘉麟杰
❌❌ 股票数量异常，期望最终持仓10只，实际选中9只
selected_stocks
['002910.SZ', '002316.SZ', '002524.SZ', '002828.SZ', '002188.SZ', '002820.SZ', '002696.SZ', '002486.SZ', '002743.SZ']
 期望持仓: 庄园牧场(002910.SZ), 占比 10.00%
 期望持仓: 亚联发展(002316.SZ), 占比 10.00%
 期望持仓: 光正眼科(002524.SZ), 占比 10.00%
 期望持仓: 贝肯能源(002828.SZ), 占比 10.00%
 期望持仓: 中天服务(002188.SZ), 占比 10.00%
 期望持仓: 桂发祥(002820.SZ), 占比 10.00%
 期望持仓: 百洋股份(002696.SZ), 占比 10.00%
 期望持仓: 嘉麟杰(002486.SZ), 占比 10.00%
 期望持仓: 富煌钢构(002743.SZ), 占比 10.00%
预计买入嘉麟杰(002486.SZ)  2700 股 * 2.76,总计 7452.00
预计持仓 81475.0 剩余金额 -4361.83
❌❌剩余资金过大 -4361.83
未重新分配资金，调整买入仓位比重
期望持仓: 嘉麟杰(002486.SZ)，占比4.08%
 预估持仓: 中天服务(002188.SZ), 占比 11.53% 单价 6.84
 预估持仓: 亚联发展(002316.SZ), 占比 10.70% 单价 5.50
 预估持仓: 嘉麟杰(002486.SZ), 占比 9.66% 单价 2.76
 预估持仓: 华斯股份(002494.SZ), 占比 0.00% 单价 6.04
 预估持仓: 光正眼科(002524.SZ), 占比 11.02% 单价 4.25
 预估持仓: 百洋股份(002696.SZ), 占比 11.03% 单价 6.54
 预估持仓: 富煌钢构(002743.SZ), 占比 11.06% 单价 5.33
 预估持仓: 桂发祥(002820.SZ), 占比 10.21% 单价 11.25
 预估持仓: 贝肯能源(002828.SZ), 占比 11.51% 单价 11.09
 预估持仓: 庄园牧场(002910.SZ), 占比 11.42% 单价 11.01
====调整每股额度====
当前可用资金  3148.17 
持仓市值  74023.0 
总资产:  77113.17 
每股额度  3148.17
===可用资金 3148.17===
委托买入: 嘉麟杰, 002486.SZ 
目标价值:3148.17
预计最终持股1100股，每股2.76元，合计:3036.00
async_seq  None
buy_target_value failed 002486.SZ 嘉麟杰
sleep 30s
******************当日(2026-05-19 11:21:39.613416)持仓市值: 74023.00元*******************
✅持仓: 中天服务(002188.SZ), 占比 11.53%, 涨跌幅: -5.63% (-530.00), 数量: 1300, 市值: 8892.0元 房地产服务
✅持仓: 亚联发展(002316.SZ), 占比 10.70%, 涨跌幅: -3.58% (-306.00), 数量: 1500, 市值: 8250.0元 多元金融
✅持仓: 光正眼科(002524.SZ), 占比 11.02%, 涨跌幅: -5.35% (-480.00), 数量: 2000, 市值: 8500.0元 医疗服务
✅持仓: 百洋股份(002696.SZ), 占比 11.03%, 涨跌幅: -5.37% (-482.72), 数量: 1300, 市值: 8502.0元 饲料
✅持仓: 富煌钢构(002743.SZ), 占比 11.06%, 涨跌幅: -1.34% (-116.00), 数量: 1600, 市值: 8528.0元 专业工程
✅持仓: 桂发祥(002820.SZ), 占比 10.21%, 涨跌幅: -4.85% (-401.00), 数量: 700, 市值: 7875.0元 休闲食品
✅持仓: 贝肯能源(002828.SZ), 占比 11.51%, 涨跌幅: -1.97% (-178.00), 数量: 800, 市值: 8872.0元 油服工程
✅持仓: 庄园牧场(002910.SZ), 占比 11.42%, 涨跌幅: -4.56% (-420.85), 数量: 800, 市值: 8808.0元 饮料乳品
✅持仓: 嘉麟杰(002486.SZ), 占比 7.52%, 涨跌幅: -0.36% (-21.00), 数量: 2100, 市值: 5796.0元 服装家纺
✅持仓: 华斯股份(002494.SZ) 0股
✅*******************总资产 77113.17  剩余可用金额 3148.17元*******************


rebalance_buy count  4
init
建立交易连接，返回0表示连接成功 0
策略初始化完成：每月初调仓，持有市值最小的9只股票, 初始资金3148.17
***** xtdata连接成功 *****
服务信息: {'tag': 'sp3', 'version': '1.0'}
服务地址: 127.0.0.1:58610
数据路径: C:\QMT\bin.x64/../userdata_mini/datadir
设置xtdata.enable_hello = False可隐藏此消息

今天是交易日吗 True
judge_date count  1
中小综指成分股数量：961
['002001.SZ', '002003.SZ', '002004.SZ', '002005.SZ', '002006.SZ', '002007.SZ', '002008.SZ', '002009.SZ', '002010.SZ', '002011.SZ']
涨停 002067.SZ 景兴纸业
涨停 002135.SZ 东南网架
涨停 002150.SZ 正泰电源
涨停 002173.SZ 创新医疗
涨停 002178.SZ 延华智能
跌停 002181.SZ 粤 传 媒
002231.SZ cannot get instrument detail !!!
涨停 002272.SZ 川润股份
跌停 002342.SZ 巨力索具
涨停 002375.SZ 亚厦股份
涨停 002421.SZ 达实智能
涨停 002552.SZ 宝鼎科技
涨停 002782.SZ 可立克
涨停 002893.SZ 京能热力
过滤ST/*ST股票后，剩余 875 只
prepare_stock_list count  2
******************当日(2026-05-19 11:25:27.267860)持仓市值: 74019.00元*******************
✅持仓: 中天服务(002188.SZ), 占比 11.52%, 涨跌幅: -5.90% (-556.00), 数量: 1300, 市值: 8866.0元 房地产服务
✅持仓: 亚联发展(002316.SZ), 占比 10.74%, 涨跌幅: -3.40% (-291.00), 数量: 1500, 市值: 8265.0元 多元金融
✅持仓: 光正眼科(002524.SZ), 占比 11.04%, 涨跌幅: -5.35% (-480.00), 数量: 2000, 市值: 8500.0元 医疗服务
✅持仓: 百洋股份(002696.SZ), 占比 11.06%, 涨跌幅: -5.23% (-469.72), 数量: 1300, 市值: 8515.0元 饲料
✅持仓: 富煌钢构(002743.SZ), 占比 11.06%, 涨跌幅: -1.53% (-132.00), 数量: 1600, 市值: 8512.0元 专业工程
✅持仓: 桂发祥(002820.SZ), 占比 10.21%, 涨跌幅: -5.01% (-415.00), 数量: 700, 市值: 7861.0元 休闲食品
✅持仓: 贝肯能源(002828.SZ), 占比 11.53%, 涨跌幅: -1.97% (-178.00), 数量: 800, 市值: 8872.0元 油服工程
✅持仓: 庄园牧场(002910.SZ), 占比 11.48%, 涨跌幅: -4.30% (-396.85), 数量: 800, 市值: 8832.0元 饮料乳品
✅持仓: 嘉麟杰(002486.SZ), 占比 7.53%, 涨跌幅: -0.36% (-21.00), 数量: 2100, 市值: 5796.0元 服装家纺
✅持仓: 华斯股份(002494.SZ) 0股
✅*******************总资产 76965.17  剩余可用金额 3148.17元*******************


✅========== 执行周度调仓，日期：2026-05-19 11:25:27.326618 ==========
******************当日(2026-05-19 11:25:27.326618)持仓市值: 74019.00元*******************
✅持仓: 中天服务(002188.SZ), 占比 11.52%, 涨跌幅: -5.90% (-556.00), 数量: 1300, 市值: 8866.0元 房地产服务
✅持仓: 亚联发展(002316.SZ), 占比 10.74%, 涨跌幅: -3.40% (-291.00), 数量: 1500, 市值: 8265.0元 多元金融
✅持仓: 光正眼科(002524.SZ), 占比 11.04%, 涨跌幅: -5.35% (-480.00), 数量: 2000, 市值: 8500.0元 医疗服务
✅持仓: 百洋股份(002696.SZ), 占比 11.06%, 涨跌幅: -5.23% (-469.72), 数量: 1300, 市值: 8515.0元 饲料
✅持仓: 富煌钢构(002743.SZ), 占比 11.06%, 涨跌幅: -1.53% (-132.00), 数量: 1600, 市值: 8512.0元 专业工程
✅持仓: 桂发祥(002820.SZ), 占比 10.21%, 涨跌幅: -5.01% (-415.00), 数量: 700, 市值: 7861.0元 休闲食品
✅持仓: 贝肯能源(002828.SZ), 占比 11.53%, 涨跌幅: -1.97% (-178.00), 数量: 800, 市值: 8872.0元 油服工程
✅持仓: 庄园牧场(002910.SZ), 占比 11.48%, 涨跌幅: -4.30% (-396.85), 数量: 800, 市值: 8832.0元 饮料乳品
✅持仓: 嘉麟杰(002486.SZ), 占比 7.53%, 涨跌幅: -0.36% (-21.00), 数量: 2100, 市值: 5796.0元 服装家纺
✅持仓: 华斯股份(002494.SZ) 0股
✅*******************总资产 76965.17  剩余可用金额 3148.17元*******************


get_small_cap_stocks   2026-05-19 11:25:27.326618    head 9
    第 1名: 庄园牧场(002910.SZ), 流通市值: 21.59 亿元 饮料乳品   <== 选中
    第 2名: 亚联发展(002316.SZ), 流通市值: 21.66 亿元 多元金融   <== 选中
    第 3名: 光正眼科(002524.SZ), 流通市值: 21.9 亿元 医疗服务   <== 选中
    第 4名: 贝肯能源(002828.SZ), 流通市值: 22.29 亿元 油服工程   <== 选中
    第 5名: 中天服务(002188.SZ), 流通市值: 22.31 亿元 房地产服务   <== 选中
    第 6名: 桂发祥(002820.SZ), 流通市值: 22.56 亿元 休闲食品   <== 选中
    第 7名: 百洋股份(002696.SZ), 流通市值: 22.65 亿元 饲料   <== 选中
    第 8名: 华斯股份(002494.SZ), 流通市值: 22.71 亿元 服装家纺   <== 选中
    第 9名: 嘉麟杰(002486.SZ), 流通市值: 22.75 亿元 服装家纺 
    第10名: 富煌钢构(002743.SZ), 流通市值: 23.16 亿元 专业工程   <== 选中
    第11名: 皓宸医疗(002622.SZ), 流通市值: 23.35 亿元 医疗服务 
    第12名: 黄山胶囊(002817.SZ), 流通市值: 23.6 亿元 化学制药 
    第13名: 登云股份(002715.SZ), 流通市值: 23.61 亿元 汽车零部件 
    第14名: 开普检测(003008.SZ), 流通市值: 23.63 亿元 专业服务 
    第15名: 新天药业(002873.SZ), 流通市值: 23.68 亿元 中药 
    第16名: 天元股份(003003.SZ), 流通市值: 23.75 亿元 包装印刷 
    第17名: 海象新材(003011.SZ), 流通市值: 23.91 亿元 家居用品 
    第18名: 宏达高科(002144.SZ), 流通市值: 23.95 亿元 纺织制造 
    第19名: 信隆健康(002105.SZ), 流通市值: 23.99 亿元 摩托车及其他 
    第20名: 广宇集团(002133.SZ), 流通市值: 24.0 亿元 房地产开发 
✅当前持股 9只
中天服务
亚联发展
嘉麟杰
光正眼科
百洋股份
富煌钢构
桂发祥
贝肯能源
庄园牧场
✅需要买入股票 1只
✅需要卖出股票 1只
✅待买入  华斯股份
✅待卖出: 嘉麟杰
✅今日(2026-05-19 11:25:27.326618)为卖出时间，执行卖出操作
✅------------------------------------------
✅>>>>>>>>>>>>
✅卖出:  嘉麟杰
async_seq  14
rebalance_sell count  3
异步委托回调 投资备注: 清仓002486.SZ 
✅========== 执行周度调仓，日期：2026-05-19 11:25:27.893108 ==========
✅今日(2026-05-19 11:25:27.893108)为买入时间，执行买入操作
✅+++++++++++++++++++++++++++++++++++++++++
✅需要买入股票 1只
华斯股份
❌❌ 股票数量异常，期望最终持仓10只，实际选中9只
selected_stocks
['002910.SZ', '002316.SZ', '002524.SZ', '002828.SZ', '002188.SZ', '002820.SZ', '002696.SZ', '002494.SZ', '002743.SZ']
 期望持仓: 庄园牧场(002910.SZ), 占比 10.00%
 期望持仓: 亚联发展(002316.SZ), 占比 10.00%
 期望持仓: 光正眼科(002524.SZ), 占比 10.00%
 期望持仓: 贝肯能源(002828.SZ), 占比 10.00%
 期望持仓: 中天服务(002188.SZ), 占比 10.00%
 期望持仓: 桂发祥(002820.SZ), 占比 10.00%
 期望持仓: 百洋股份(002696.SZ), 占比 10.00%
 期望持仓: 华斯股份(002494.SZ), 占比 10.00%
 期望持仓: 富煌钢构(002743.SZ), 占比 10.00%
预计买入华斯股份(002494.SZ)  1200 股 * 6.02,总计 7224.00
预计持仓 81243.0 剩余金额 -4277.83
❌❌剩余资金过大 -4277.83
未重新分配资金，调整买入仓位比重
期望持仓: 华斯股份(002494.SZ)，占比4.09%
 预估持仓: 中天服务(002188.SZ), 占比 11.52% 单价 6.82
 预估持仓: 亚联发展(002316.SZ), 占比 10.74% 单价 5.51
 预估持仓: 嘉麟杰(002486.SZ), 占比 7.53% 单价 2.76
 预估持仓: 华斯股份(002494.SZ), 占比 9.39% 单价 6.02
 预估持仓: 光正眼科(002524.SZ), 占比 11.04% 单价 4.25
 预估持仓: 百洋股份(002696.SZ), 占比 11.06% 单价 6.55
 预估持仓: 富煌钢构(002743.SZ), 占比 11.06% 单价 5.32
 预估持仓: 桂发祥(002820.SZ), 占比 10.21% 单价 11.23
 预估持仓: 贝肯能源(002828.SZ), 占比 11.53% 单价 11.09
 预估持仓: 庄园牧场(002910.SZ), 占比 11.48% 单价 11.04
====调整每股额度====
当前可用资金  3148.17 
持仓市值  74019.0 
总资产:  76965.17 
每股额度  3148.17
===可用资金 3148.17===
委托买入: 华斯股份, 002494.SZ 
目标价值:3148.17
预计最终持股500股，每股6.02元，合计:3010.00
buy 002494.SZ passorder target value 3148.17 current 0.00 amount 500.00
async_seq  22
异步委托回调 投资备注: Buy 002494.SZ Target 31
委托报错回调 清仓002486.SZ  对手方最优价格卖出 [SZ002486] [COUNTER] [251005][证券可用数量不足]
[p_stock_code=002486,p_occur_amount=2100,p
委托报错回调 Buy 002494.SZ Target 31 对手方最优价格买入 [SZ002494] [COUNTER] [260200][可用资金不足]
[fund_account=8885388757,money_type=0,p_occur_ba
sleep 30s
******************当日(2026-05-19 11:25:58.948085)持仓市值: 74019.00元*******************
✅持仓: 中天服务(002188.SZ), 占比 11.51%, 涨跌幅: -5.90% (-556.00), 数量: 1300, 市值: 8866.0元 房地产服务
✅持仓: 亚联发展(002316.SZ), 占比 10.73%, 涨跌幅: -3.40% (-291.00), 数量: 1500, 市值: 8265.0元 多元金融
✅持仓: 光正眼科(002524.SZ), 占比 11.04%, 涨跌幅: -5.35% (-480.00), 数量: 2000, 市值: 8500.0元 医疗服务
✅持仓: 百洋股份(002696.SZ), 占比 11.06%, 涨跌幅: -5.23% (-469.72), 数量: 1300, 市值: 8515.0元 饲料
✅持仓: 富煌钢构(002743.SZ), 占比 11.05%, 涨跌幅: -1.53% (-132.00), 数量: 1600, 市值: 8512.0元 专业工程
✅持仓: 桂发祥(002820.SZ), 占比 10.21%, 涨跌幅: -5.01% (-415.00), 数量: 700, 市值: 7861.0元 休闲食品
✅持仓: 贝肯能源(002828.SZ), 占比 11.52%, 涨跌幅: -1.97% (-178.00), 数量: 800, 市值: 8872.0元 油服工程
✅持仓: 庄园牧场(002910.SZ), 占比 11.47%, 涨跌幅: -4.30% (-396.85), 数量: 800, 市值: 8832.0元 饮料乳品
✅持仓: 嘉麟杰(002486.SZ), 占比 7.53%, 涨跌幅: -0.36% (-21.00), 数量: 2100, 市值: 5796.0元 服装家纺
✅持仓: 华斯股份(002494.SZ) 0股
✅*******************总资产 77010.17  剩余可用金额 3148.17元*******************


rebalance_buy count  4
init
建立交易连接，返回0表示连接成功 0
策略初始化完成：每月初调仓，持有市值最小的9只股票, 初始资金3148.17
***** xtdata连接成功 *****
服务信息: {'tag': 'sp3', 'version': '1.0'}
服务地址: 127.0.0.1:58610
数据路径: C:\QMT\bin.x64/../userdata_mini/datadir
设置xtdata.enable_hello = False可隐藏此消息

今天是交易日吗 True
judge_date count  1
中小综指成分股数量：961
['002001.SZ', '002003.SZ', '002004.SZ', '002005.SZ', '002006.SZ', '002007.SZ', '002008.SZ', '002009.SZ', '002010.SZ', '002011.SZ']
涨停 002067.SZ 景兴纸业
涨停 002135.SZ 东南网架
涨停 002150.SZ 正泰电源
涨停 002173.SZ 创新医疗
涨停 002178.SZ 延华智能
跌停 002181.SZ 粤 传 媒
002231.SZ cannot get instrument detail !!!
涨停 002272.SZ 川润股份
跌停 002342.SZ 巨力索具
涨停 002375.SZ 亚厦股份
涨停 002421.SZ 达实智能
涨停 002552.SZ 宝鼎科技
涨停 002782.SZ 可立克
涨停 002893.SZ 京能热力
过滤ST/*ST股票后，剩余 875 只
prepare_stock_list count  2
******************当日(2026-05-19 11:30:43.745393)持仓市值: 74019.00元*******************
✅持仓: 中天服务(002188.SZ), 占比 11.49%, 涨跌幅: -5.90% (-556.00), 数量: 1300, 市值: 8866.0元 房地产服务
✅持仓: 亚联发展(002316.SZ), 占比 10.71%, 涨跌幅: -3.40% (-291.00), 数量: 1500, 市值: 8265.0元 多元金融
✅持仓: 嘉麟杰(002486.SZ), 占比 7.51%, 涨跌幅: -0.46% (-26.50), 数量: 2100, 市值: 5796.0元 服装家纺
✅持仓: 光正眼科(002524.SZ), 占比 11.02%, 涨跌幅: -5.35% (-480.00), 数量: 2000, 市值: 8500.0元 医疗服务
✅持仓: 百洋股份(002696.SZ), 占比 11.04%, 涨跌幅: -5.23% (-469.72), 数量: 1300, 市值: 8515.0元 饲料
✅持仓: 富煌钢构(002743.SZ), 占比 11.03%, 涨跌幅: -1.53% (-132.00), 数量: 1600, 市值: 8512.0元 专业工程
✅持仓: 桂发祥(002820.SZ), 占比 10.19%, 涨跌幅: -5.01% (-415.00), 数量: 700, 市值: 7861.0元 休闲食品
✅持仓: 贝肯能源(002828.SZ), 占比 11.50%, 涨跌幅: -1.97% (-178.00), 数量: 800, 市值: 8872.0元 油服工程
✅持仓: 庄园牧场(002910.SZ), 占比 11.45%, 涨跌幅: -4.30% (-396.85), 数量: 800, 市值: 8832.0元 饮料乳品
✅持仓: 华斯股份(002494.SZ) 0股
✅*******************总资产 77143.17  剩余可用金额 3148.17元*******************


✅========== 执行周度调仓，日期：2026-05-19 11:30:43.807514 ==========
******************当日(2026-05-19 11:30:43.807514)持仓市值: 74019.00元*******************
✅持仓: 中天服务(002188.SZ), 占比 11.49%, 涨跌幅: -5.90% (-556.00), 数量: 1300, 市值: 8866.0元 房地产服务
✅持仓: 亚联发展(002316.SZ), 占比 10.71%, 涨跌幅: -3.40% (-291.00), 数量: 1500, 市值: 8265.0元 多元金融
✅持仓: 嘉麟杰(002486.SZ), 占比 7.51%, 涨跌幅: -0.46% (-26.50), 数量: 2100, 市值: 5796.0元 服装家纺
✅持仓: 光正眼科(002524.SZ), 占比 11.02%, 涨跌幅: -5.35% (-480.00), 数量: 2000, 市值: 8500.0元 医疗服务
✅持仓: 百洋股份(002696.SZ), 占比 11.04%, 涨跌幅: -5.23% (-469.72), 数量: 1300, 市值: 8515.0元 饲料
✅持仓: 富煌钢构(002743.SZ), 占比 11.03%, 涨跌幅: -1.53% (-132.00), 数量: 1600, 市值: 8512.0元 专业工程
✅持仓: 桂发祥(002820.SZ), 占比 10.19%, 涨跌幅: -5.01% (-415.00), 数量: 700, 市值: 7861.0元 休闲食品
✅持仓: 贝肯能源(002828.SZ), 占比 11.50%, 涨跌幅: -1.97% (-178.00), 数量: 800, 市值: 8872.0元 油服工程
✅持仓: 庄园牧场(002910.SZ), 占比 11.45%, 涨跌幅: -4.30% (-396.85), 数量: 800, 市值: 8832.0元 饮料乳品
✅持仓: 华斯股份(002494.SZ) 0股
✅*******************总资产 77143.17  剩余可用金额 3148.17元*******************


get_small_cap_stocks   2026-05-19 11:30:43.807514    head 9
    第 1名: 庄园牧场(002910.SZ), 流通市值: 21.59 亿元 饮料乳品   <== 选中
    第 2名: 亚联发展(002316.SZ), 流通市值: 21.66 亿元 多元金融   <== 选中
    第 3名: 光正眼科(002524.SZ), 流通市值: 21.9 亿元 医疗服务   <== 选中
    第 4名: 贝肯能源(002828.SZ), 流通市值: 22.29 亿元 油服工程   <== 选中
    第 5名: 中天服务(002188.SZ), 流通市值: 22.31 亿元 房地产服务   <== 选中
    第 6名: 桂发祥(002820.SZ), 流通市值: 22.56 亿元 休闲食品   <== 选中
    第 7名: 百洋股份(002696.SZ), 流通市值: 22.65 亿元 饲料   <== 选中
    第 8名: 华斯股份(002494.SZ), 流通市值: 22.71 亿元 服装家纺   <== 选中
    第 9名: 嘉麟杰(002486.SZ), 流通市值: 22.75 亿元 服装家纺 
    第10名: 富煌钢构(002743.SZ), 流通市值: 23.16 亿元 专业工程   <== 选中
    第11名: 皓宸医疗(002622.SZ), 流通市值: 23.35 亿元 医疗服务 
    第12名: 黄山胶囊(002817.SZ), 流通市值: 23.6 亿元 化学制药 
    第13名: 登云股份(002715.SZ), 流通市值: 23.61 亿元 汽车零部件 
    第14名: 开普检测(003008.SZ), 流通市值: 23.63 亿元 专业服务 
    第15名: 新天药业(002873.SZ), 流通市值: 23.68 亿元 中药 
    第16名: 天元股份(003003.SZ), 流通市值: 23.75 亿元 包装印刷 
    第17名: 海象新材(003011.SZ), 流通市值: 23.91 亿元 家居用品 
    第18名: 宏达高科(002144.SZ), 流通市值: 23.95 亿元 纺织制造 
    第19名: 信隆健康(002105.SZ), 流通市值: 23.99 亿元 摩托车及其他 
    第20名: 广宇集团(002133.SZ), 流通市值: 24.0 亿元 房地产开发 
✅当前持股 9只
中天服务
亚联发展
嘉麟杰
光正眼科
百洋股份
富煌钢构
桂发祥
贝肯能源
庄园牧场
✅需要买入股票 0只
✅需要卖出股票 0只
✅今日(2026-05-19 11:30:43.807514)为卖出时间，执行卖出操作
✅------------------------------------------
rebalance_sell count  3
✅========== 执行周度调仓，日期：2026-05-19 11:30:44.526553 ==========
selected_stocks
['002910.SZ', '002316.SZ', '002524.SZ', '002828.SZ', '002188.SZ', '002696.SZ', '002820.SZ', '002486.SZ', '002743.SZ']
 期望持仓: 庄园牧场(002910.SZ), 占比 11.11%
 期望持仓: 亚联发展(002316.SZ), 占比 11.11%
 期望持仓: 光正眼科(002524.SZ), 占比 11.11%
 期望持仓: 贝肯能源(002828.SZ), 占比 11.11%
 期望持仓: 中天服务(002188.SZ), 占比 11.11%
 期望持仓: 百洋股份(002696.SZ), 占比 11.11%
 期望持仓: 桂发祥(002820.SZ), 占比 11.11%
 期望持仓: 嘉麟杰(002486.SZ), 占比 11.11%
 期望持仓: 富煌钢构(002743.SZ), 占比 11.11%
预计持仓 74019.0 剩余金额 3124.17
 预估持仓: 中天服务(002188.SZ), 占比 11.49% 单价 6.82
 预估持仓: 亚联发展(002316.SZ), 占比 10.71% 单价 5.51
 预估持仓: 嘉麟杰(002486.SZ), 占比 7.51% 单价 2.76
 预估持仓: 华斯股份(002494.SZ), 占比 0.00% 单价 6.02
 预估持仓: 光正眼科(002524.SZ), 占比 11.02% 单价 4.25
 预估持仓: 百洋股份(002696.SZ), 占比 11.04% 单价 6.55
 预估持仓: 富煌钢构(002743.SZ), 占比 11.03% 单价 5.32
 预估持仓: 桂发祥(002820.SZ), 占比 10.19% 单价 11.23
 预估持仓: 贝肯能源(002828.SZ), 占比 11.50% 单价 11.09
 预估持仓: 庄园牧场(002910.SZ), 占比 11.45% 单价 11.04
sleep 30s
******************当日(2026-05-19 11:31:14.556879)持仓市值: 74019.00元*******************
✅持仓: 中天服务(002188.SZ), 占比 11.49%, 涨跌幅: -5.90% (-556.00), 数量: 1300, 市值: 8866.0元 房地产服务
✅持仓: 亚联发展(002316.SZ), 占比 10.71%, 涨跌幅: -3.40% (-291.00), 数量: 1500, 市值: 8265.0元 多元金融
✅持仓: 嘉麟杰(002486.SZ), 占比 7.51%, 涨跌幅: -0.46% (-26.50), 数量: 2100, 市值: 5796.0元 服装家纺
✅持仓: 光正眼科(002524.SZ), 占比 11.02%, 涨跌幅: -5.35% (-480.00), 数量: 2000, 市值: 8500.0元 医疗服务
✅持仓: 百洋股份(002696.SZ), 占比 11.04%, 涨跌幅: -5.23% (-469.72), 数量: 1300, 市值: 8515.0元 饲料
✅持仓: 富煌钢构(002743.SZ), 占比 11.03%, 涨跌幅: -1.53% (-132.00), 数量: 1600, 市值: 8512.0元 专业工程
✅持仓: 桂发祥(002820.SZ), 占比 10.19%, 涨跌幅: -5.01% (-415.00), 数量: 700, 市值: 7861.0元 休闲食品
✅持仓: 贝肯能源(002828.SZ), 占比 11.50%, 涨跌幅: -1.97% (-178.00), 数量: 800, 市值: 8872.0元 油服工程
✅持仓: 庄园牧场(002910.SZ), 占比 11.45%, 涨跌幅: -4.30% (-396.85), 数量: 800, 市值: 8832.0元 饮料乳品
✅持仓: 华斯股份(002494.SZ) 0股
✅*******************总资产 77143.17  剩余可用金额 3148.17元*******************


rebalance_buy count  4
init
建立交易连接，返回0表示连接成功 0
策略初始化完成：每月初调仓，持有市值最小的9只股票, 初始资金3148.17
***** xtdata连接成功 *****
服务信息: {'tag': 'sp3', 'version': '1.0'}
服务地址: 127.0.0.1:58610
数据路径: C:\QMT\bin.x64/../userdata_mini/datadir
设置xtdata.enable_hello = False可隐藏此消息

今天是交易日吗 True
judge_date count  1
中小综指成分股数量：961
['002001.SZ', '002003.SZ', '002004.SZ', '002005.SZ', '002006.SZ', '002007.SZ', '002008.SZ', '002009.SZ', '002010.SZ', '002011.SZ']
涨停 002067.SZ 景兴纸业
涨停 002135.SZ 东南网架
涨停 002150.SZ 正泰电源
涨停 002173.SZ 创新医疗
涨停 002178.SZ 延华智能
跌停 002181.SZ 粤 传 媒
002231.SZ cannot get instrument detail !!!
涨停 002272.SZ 川润股份
跌停 002342.SZ 巨力索具
涨停 002375.SZ 亚厦股份
涨停 002421.SZ 达实智能
涨停 002552.SZ 宝鼎科技
涨停 002782.SZ 可立克
涨停 002893.SZ 京能热力
过滤ST/*ST股票后，剩余 875 只
prepare_stock_list count  2
******************当日(2026-05-19 11:32:48.928988)持仓市值: 74019.00元*******************
✅持仓: 中天服务(002188.SZ), 占比 11.49%, 涨跌幅: -5.90% (-556.00), 数量: 1300, 市值: 8866.0元 房地产服务
✅持仓: 亚联发展(002316.SZ), 占比 10.72%, 涨跌幅: -3.40% (-291.00), 数量: 1500, 市值: 8265.0元 多元金融
✅持仓: 嘉麟杰(002486.SZ), 占比 7.51%, 涨跌幅: -0.46% (-26.50), 数量: 2100, 市值: 5796.0元 服装家纺
✅持仓: 光正眼科(002524.SZ), 占比 11.02%, 涨跌幅: -5.35% (-480.00), 数量: 2000, 市值: 8500.0元 医疗服务
✅持仓: 百洋股份(002696.SZ), 占比 11.04%, 涨跌幅: -5.23% (-469.72), 数量: 1300, 市值: 8515.0元 饲料
✅持仓: 富煌钢构(002743.SZ), 占比 11.04%, 涨跌幅: -1.53% (-132.00), 数量: 1600, 市值: 8512.0元 专业工程
✅持仓: 桂发祥(002820.SZ), 占比 10.19%, 涨跌幅: -5.01% (-415.00), 数量: 700, 市值: 7861.0元 休闲食品
✅持仓: 贝肯能源(002828.SZ), 占比 11.50%, 涨跌幅: -1.97% (-178.00), 数量: 800, 市值: 8872.0元 油服工程
✅持仓: 庄园牧场(002910.SZ), 占比 11.45%, 涨跌幅: -4.30% (-396.85), 数量: 800, 市值: 8832.0元 饮料乳品
✅持仓: 华斯股份(002494.SZ) 0股
✅*******************总资产 77131.17  剩余可用金额 3148.17元*******************


✅========== 执行周度调仓，日期：2026-05-19 11:32:48.991679 ==========
******************当日(2026-05-19 11:32:48.991679)持仓市值: 74019.00元*******************
✅持仓: 中天服务(002188.SZ), 占比 11.49%, 涨跌幅: -5.90% (-556.00), 数量: 1300, 市值: 8866.0元 房地产服务
✅持仓: 亚联发展(002316.SZ), 占比 10.72%, 涨跌幅: -3.40% (-291.00), 数量: 1500, 市值: 8265.0元 多元金融
✅持仓: 嘉麟杰(002486.SZ), 占比 7.51%, 涨跌幅: -0.46% (-26.50), 数量: 2100, 市值: 5796.0元 服装家纺
✅持仓: 光正眼科(002524.SZ), 占比 11.02%, 涨跌幅: -5.35% (-480.00), 数量: 2000, 市值: 8500.0元 医疗服务
✅持仓: 百洋股份(002696.SZ), 占比 11.04%, 涨跌幅: -5.23% (-469.72), 数量: 1300, 市值: 8515.0元 饲料
✅持仓: 富煌钢构(002743.SZ), 占比 11.04%, 涨跌幅: -1.53% (-132.00), 数量: 1600, 市值: 8512.0元 专业工程
✅持仓: 桂发祥(002820.SZ), 占比 10.19%, 涨跌幅: -5.01% (-415.00), 数量: 700, 市值: 7861.0元 休闲食品
✅持仓: 贝肯能源(002828.SZ), 占比 11.50%, 涨跌幅: -1.97% (-178.00), 数量: 800, 市值: 8872.0元 油服工程
✅持仓: 庄园牧场(002910.SZ), 占比 11.45%, 涨跌幅: -4.30% (-396.85), 数量: 800, 市值: 8832.0元 饮料乳品
✅持仓: 华斯股份(002494.SZ) 0股
✅*******************总资产 77131.17  剩余可用金额 3148.17元*******************


get_small_cap_stocks   2026-05-19 11:32:48.991679    head 9
    第 1名: 庄园牧场(002910.SZ), 流通市值: 21.59 亿元 饮料乳品   <== 选中
    第 2名: 亚联发展(002316.SZ), 流通市值: 21.66 亿元 多元金融   <== 选中
    第 3名: 光正眼科(002524.SZ), 流通市值: 21.9 亿元 医疗服务   <== 选中
    第 4名: 贝肯能源(002828.SZ), 流通市值: 22.29 亿元 油服工程   <== 选中
    第 5名: 中天服务(002188.SZ), 流通市值: 22.31 亿元 房地产服务   <== 选中
    第 6名: 桂发祥(002820.SZ), 流通市值: 22.56 亿元 休闲食品   <== 选中
    第 7名: 百洋股份(002696.SZ), 流通市值: 22.65 亿元 饲料   <== 选中
    第 8名: 华斯股份(002494.SZ), 流通市值: 22.71 亿元 服装家纺   <== 选中
    第 9名: 嘉麟杰(002486.SZ), 流通市值: 22.75 亿元 服装家纺 
    第10名: 富煌钢构(002743.SZ), 流通市值: 23.16 亿元 专业工程   <== 选中
    第11名: 皓宸医疗(002622.SZ), 流通市值: 23.35 亿元 医疗服务 
    第12名: 黄山胶囊(002817.SZ), 流通市值: 23.6 亿元 化学制药 
    第13名: 登云股份(002715.SZ), 流通市值: 23.61 亿元 汽车零部件 
    第14名: 开普检测(003008.SZ), 流通市值: 23.63 亿元 专业服务 
    第15名: 新天药业(002873.SZ), 流通市值: 23.68 亿元 中药 
    第16名: 天元股份(003003.SZ), 流通市值: 23.75 亿元 包装印刷 
    第17名: 海象新材(003011.SZ), 流通市值: 23.91 亿元 家居用品 
    第18名: 宏达高科(002144.SZ), 流通市值: 23.95 亿元 纺织制造 
    第19名: 信隆健康(002105.SZ), 流通市值: 23.99 亿元 摩托车及其他 
    第20名: 广宇集团(002133.SZ), 流通市值: 24.0 亿元 房地产开发 
✅当前持股 9只
中天服务
亚联发展
嘉麟杰
光正眼科
百洋股份
富煌钢构
桂发祥
贝肯能源
庄园牧场
✅需要买入股票 0只
✅需要卖出股票 0只
✅今日(2026-05-19 11:32:48.991679)为卖出时间，执行卖出操作
✅------------------------------------------
rebalance_sell count  3
✅========== 执行周度调仓，日期：2026-05-19 11:32:49.569401 ==========
selected_stocks
['002910.SZ', '002316.SZ', '002524.SZ', '002828.SZ', '002188.SZ', '002696.SZ', '002820.SZ', '002486.SZ', '002743.SZ']
 期望持仓: 庄园牧场(002910.SZ), 占比 11.11%
 期望持仓: 亚联发展(002316.SZ), 占比 11.11%
 期望持仓: 光正眼科(002524.SZ), 占比 11.11%
 期望持仓: 贝肯能源(002828.SZ), 占比 11.11%
 期望持仓: 中天服务(002188.SZ), 占比 11.11%
 期望持仓: 百洋股份(002696.SZ), 占比 11.11%
 期望持仓: 桂发祥(002820.SZ), 占比 11.11%
 期望持仓: 嘉麟杰(002486.SZ), 占比 11.11%
 期望持仓: 富煌钢构(002743.SZ), 占比 11.11%
预计持仓 74019.0 剩余金额 3112.17
❌❌剩余资金过大 3112.17
 预估持仓: 中天服务(002188.SZ), 占比 11.49% 单价 6.82
 预估持仓: 亚联发展(002316.SZ), 占比 10.72% 单价 5.51
 预估持仓: 嘉麟杰(002486.SZ), 占比 7.51% 单价 2.76
 预估持仓: 华斯股份(002494.SZ), 占比 0.00% 单价 6.02
 预估持仓: 光正眼科(002524.SZ), 占比 11.02% 单价 4.25
 预估持仓: 百洋股份(002696.SZ), 占比 11.04% 单价 6.55
 预估持仓: 富煌钢构(002743.SZ), 占比 11.04% 单价 5.32
 预估持仓: 桂发祥(002820.SZ), 占比 10.19% 单价 11.23
 预估持仓: 贝肯能源(002828.SZ), 占比 11.50% 单价 11.09
 预估持仓: 庄园牧场(002910.SZ), 占比 11.45% 单价 11.04
sleep 30s
******************当日(2026-05-19 11:33:19.602578)持仓市值: 74019.00元*******************
✅持仓: 中天服务(002188.SZ), 占比 11.49%, 涨跌幅: -5.90% (-556.00), 数量: 1300, 市值: 8866.0元 房地产服务
✅持仓: 亚联发展(002316.SZ), 占比 10.72%, 涨跌幅: -3.40% (-291.00), 数量: 1500, 市值: 8265.0元 多元金融
✅持仓: 嘉麟杰(002486.SZ), 占比 7.51%, 涨跌幅: -0.46% (-26.50), 数量: 2100, 市值: 5796.0元 服装家纺
✅持仓: 光正眼科(002524.SZ), 占比 11.02%, 涨跌幅: -5.35% (-480.00), 数量: 2000, 市值: 8500.0元 医疗服务
✅持仓: 百洋股份(002696.SZ), 占比 11.04%, 涨跌幅: -5.23% (-469.72), 数量: 1300, 市值: 8515.0元 饲料
✅持仓: 富煌钢构(002743.SZ), 占比 11.04%, 涨跌幅: -1.53% (-132.00), 数量: 1600, 市值: 8512.0元 专业工程
✅持仓: 桂发祥(002820.SZ), 占比 10.19%, 涨跌幅: -5.01% (-415.00), 数量: 700, 市值: 7861.0元 休闲食品
✅持仓: 贝肯能源(002828.SZ), 占比 11.50%, 涨跌幅: -1.97% (-178.00), 数量: 800, 市值: 8872.0元 油服工程
✅持仓: 庄园牧场(002910.SZ), 占比 11.45%, 涨跌幅: -4.30% (-396.85), 数量: 800, 市值: 8832.0元 饮料乳品
✅持仓: 华斯股份(002494.SZ) 0股
✅*******************总资产 77131.17  剩余可用金额 3148.17元*******************


rebalance_buy count  4
init
建立交易连接，返回0表示连接成功 0
策略初始化完成：每月初调仓，持有市值最小的9只股票, 初始资金3148.17
***** xtdata连接成功 *****
服务信息: {'tag': 'sp3', 'version': '1.0'}
服务地址: 127.0.0.1:58610
数据路径: C:\QMT\bin.x64/../userdata_mini/datadir
设置xtdata.enable_hello = False可隐藏此消息

今天是交易日吗 True
judge_date count  1
中小综指成分股数量：961
['002001.SZ', '002003.SZ', '002004.SZ', '002005.SZ', '002006.SZ', '002007.SZ', '002008.SZ', '002009.SZ', '002010.SZ', '002011.SZ']
涨停 002067.SZ 景兴纸业
涨停 002135.SZ 东南网架
涨停 002150.SZ 正泰电源
涨停 002173.SZ 创新医疗
涨停 002178.SZ 延华智能
跌停 002181.SZ 粤 传 媒
002231.SZ cannot get instrument detail !!!
涨停 002272.SZ 川润股份
跌停 002342.SZ 巨力索具
涨停 002375.SZ 亚厦股份
涨停 002421.SZ 达实智能
涨停 002552.SZ 宝鼎科技
涨停 002782.SZ 可立克
涨停 002893.SZ 京能热力
过滤ST/*ST股票后，剩余 875 只
prepare_stock_list count  2
******************当日(2026-05-19 11:34:33.498524)持仓市值: 74019.00元*******************
✅持仓: 中天服务(002188.SZ), 占比 11.49%, 涨跌幅: -5.90% (-556.00), 数量: 1300, 市值: 8866.0元 房地产服务
✅持仓: 亚联发展(002316.SZ), 占比 10.72%, 涨跌幅: -3.40% (-291.00), 数量: 1500, 市值: 8265.0元 多元金融
✅持仓: 嘉麟杰(002486.SZ), 占比 7.51%, 涨跌幅: -0.46% (-26.50), 数量: 2100, 市值: 5796.0元 服装家纺
✅持仓: 光正眼科(002524.SZ), 占比 11.02%, 涨跌幅: -5.35% (-480.00), 数量: 2000, 市值: 8500.0元 医疗服务
✅持仓: 百洋股份(002696.SZ), 占比 11.04%, 涨跌幅: -5.23% (-469.72), 数量: 1300, 市值: 8515.0元 饲料
✅持仓: 富煌钢构(002743.SZ), 占比 11.04%, 涨跌幅: -1.53% (-132.00), 数量: 1600, 市值: 8512.0元 专业工程
✅持仓: 桂发祥(002820.SZ), 占比 10.19%, 涨跌幅: -5.01% (-415.00), 数量: 700, 市值: 7861.0元 休闲食品
✅持仓: 贝肯能源(002828.SZ), 占比 11.50%, 涨跌幅: -1.97% (-178.00), 数量: 800, 市值: 8872.0元 油服工程
✅持仓: 庄园牧场(002910.SZ), 占比 11.45%, 涨跌幅: -4.30% (-396.85), 数量: 800, 市值: 8832.0元 饮料乳品
✅持仓: 华斯股份(002494.SZ) 0股
✅*******************总资产 77131.17  剩余可用金额 3148.17元*******************


✅========== 执行周度调仓，日期：2026-05-19 11:34:33.560668 ==========
******************当日(2026-05-19 11:34:33.560668)持仓市值: 74019.00元*******************
✅持仓: 中天服务(002188.SZ), 占比 11.49%, 涨跌幅: -5.90% (-556.00), 数量: 1300, 市值: 8866.0元 房地产服务
✅持仓: 亚联发展(002316.SZ), 占比 10.72%, 涨跌幅: -3.40% (-291.00), 数量: 1500, 市值: 8265.0元 多元金融
✅持仓: 嘉麟杰(002486.SZ), 占比 7.51%, 涨跌幅: -0.46% (-26.50), 数量: 2100, 市值: 5796.0元 服装家纺
✅持仓: 光正眼科(002524.SZ), 占比 11.02%, 涨跌幅: -5.35% (-480.00), 数量: 2000, 市值: 8500.0元 医疗服务
✅持仓: 百洋股份(002696.SZ), 占比 11.04%, 涨跌幅: -5.23% (-469.72), 数量: 1300, 市值: 8515.0元 饲料
✅持仓: 富煌钢构(002743.SZ), 占比 11.04%, 涨跌幅: -1.53% (-132.00), 数量: 1600, 市值: 8512.0元 专业工程
✅持仓: 桂发祥(002820.SZ), 占比 10.19%, 涨跌幅: -5.01% (-415.00), 数量: 700, 市值: 7861.0元 休闲食品
✅持仓: 贝肯能源(002828.SZ), 占比 11.50%, 涨跌幅: -1.97% (-178.00), 数量: 800, 市值: 8872.0元 油服工程
✅持仓: 庄园牧场(002910.SZ), 占比 11.45%, 涨跌幅: -4.30% (-396.85), 数量: 800, 市值: 8832.0元 饮料乳品
✅持仓: 华斯股份(002494.SZ) 0股
✅*******************总资产 77131.17  剩余可用金额 3148.17元*******************


get_small_cap_stocks   2026-05-19 11:34:33.560668    head 9
    第 1名: 庄园牧场(002910.SZ), 流通市值: 21.59 亿元 饮料乳品   <== 选中
    第 2名: 亚联发展(002316.SZ), 流通市值: 21.66 亿元 多元金融   <== 选中
    第 3名: 光正眼科(002524.SZ), 流通市值: 21.9 亿元 医疗服务   <== 选中
    第 4名: 贝肯能源(002828.SZ), 流通市值: 22.29 亿元 油服工程   <== 选中
    第 5名: 中天服务(002188.SZ), 流通市值: 22.31 亿元 房地产服务   <== 选中
    第 6名: 桂发祥(002820.SZ), 流通市值: 22.56 亿元 休闲食品   <== 选中
    第 7名: 百洋股份(002696.SZ), 流通市值: 22.65 亿元 饲料   <== 选中
    第 8名: 华斯股份(002494.SZ), 流通市值: 22.71 亿元 服装家纺   <== 选中
    第 9名: 嘉麟杰(002486.SZ), 流通市值: 22.75 亿元 服装家纺 
    第10名: 富煌钢构(002743.SZ), 流通市值: 23.16 亿元 专业工程   <== 选中
    第11名: 皓宸医疗(002622.SZ), 流通市值: 23.35 亿元 医疗服务 
    第12名: 黄山胶囊(002817.SZ), 流通市值: 23.6 亿元 化学制药 
    第13名: 登云股份(002715.SZ), 流通市值: 23.61 亿元 汽车零部件 
    第14名: 开普检测(003008.SZ), 流通市值: 23.63 亿元 专业服务 
    第15名: 新天药业(002873.SZ), 流通市值: 23.68 亿元 中药 
    第16名: 天元股份(003003.SZ), 流通市值: 23.75 亿元 包装印刷 
    第17名: 海象新材(003011.SZ), 流通市值: 23.91 亿元 家居用品 
    第18名: 宏达高科(002144.SZ), 流通市值: 23.95 亿元 纺织制造 
    第19名: 信隆健康(002105.SZ), 流通市值: 23.99 亿元 摩托车及其他 
    第20名: 广宇集团(002133.SZ), 流通市值: 24.0 亿元 房地产开发 
✅当前持股 9只
中天服务
亚联发展
嘉麟杰
光正眼科
百洋股份
富煌钢构
桂发祥
贝肯能源
庄园牧场
✅需要买入股票 0只
✅需要卖出股票 0只
✅今日(2026-05-19 11:34:33.560668)为卖出时间，执行卖出操作
✅------------------------------------------
rebalance_sell count  3
✅========== 执行周度调仓，日期：2026-05-19 11:34:34.217155 ==========
selected_stocks
['002910.SZ', '002316.SZ', '002524.SZ', '002828.SZ', '002188.SZ', '002696.SZ', '002820.SZ', '002486.SZ', '002743.SZ']
 期望持仓: 庄园牧场(002910.SZ), 占比 11.11%
 期望持仓: 亚联发展(002316.SZ), 占比 11.11%
 期望持仓: 光正眼科(002524.SZ), 占比 11.11%
 期望持仓: 贝肯能源(002828.SZ), 占比 11.11%
 期望持仓: 中天服务(002188.SZ), 占比 11.11%
 期望持仓: 百洋股份(002696.SZ), 占比 11.11%
 期望持仓: 桂发祥(002820.SZ), 占比 11.11%
 期望持仓: 嘉麟杰(002486.SZ), 占比 11.11%
 期望持仓: 富煌钢构(002743.SZ), 占比 11.11%
预计持仓 74019.0 剩余金额 3112.17
❌❌剩余资金过大 3112.17
重新分配之后资金仍有剩余，追加买入
嘉麟杰 持仓与期望相差3.60% 2774.13，补仓
 预估持仓: 中天服务(002188.SZ), 占比 11.49% 单价 6.82
 预估持仓: 亚联发展(002316.SZ), 占比 10.72% 单价 5.51
 预估持仓: 嘉麟杰(002486.SZ), 占比 7.51% 单价 2.76
 预估持仓: 华斯股份(002494.SZ), 占比 0.00% 单价 6.02
 预估持仓: 光正眼科(002524.SZ), 占比 11.02% 单价 4.25
 预估持仓: 百洋股份(002696.SZ), 占比 11.04% 单价 6.55
 预估持仓: 富煌钢构(002743.SZ), 占比 11.04% 单价 5.32
 预估持仓: 桂发祥(002820.SZ), 占比 10.19% 单价 11.23
 预估持仓: 贝肯能源(002828.SZ), 占比 11.50% 单价 11.09
 预估持仓: 庄园牧场(002910.SZ), 占比 11.45% 单价 11.04
调整嘉麟杰买入数量，期望买入8570.13,当前5796.00,相差2774.13
单价2.76，新市值8556.00，差值14.13
单价2.76，新市值8832.00，差值-261.87
调整买入数量，追加10手,仓位占比调整为11.09%
====调整每股额度====
当前可用资金  3148.17 
持仓市值  74019.0 
总资产:  77131.17 
每股额度  3148.17
===可用资金 3148.17===
委托买入: 嘉麟杰, 002486.SZ 
目标价值:3148.17
预计最终持股1100股，每股2.76元，合计:3036.00
async_seq  None
buy_target_value failed 002486.SZ 嘉麟杰
sleep 30s
******************当日(2026-05-19 11:35:05.269915)持仓市值: 74019.00元*******************
✅持仓: 中天服务(002188.SZ), 占比 11.49%, 涨跌幅: -5.90% (-556.00), 数量: 1300, 市值: 8866.0元 房地产服务
✅持仓: 亚联发展(002316.SZ), 占比 10.72%, 涨跌幅: -3.40% (-291.00), 数量: 1500, 市值: 8265.0元 多元金融
✅持仓: 嘉麟杰(002486.SZ), 占比 7.51%, 涨跌幅: -0.46% (-26.50), 数量: 2100, 市值: 5796.0元 服装家纺
✅持仓: 光正眼科(002524.SZ), 占比 11.02%, 涨跌幅: -5.35% (-480.00), 数量: 2000, 市值: 8500.0元 医疗服务
✅持仓: 百洋股份(002696.SZ), 占比 11.04%, 涨跌幅: -5.23% (-469.72), 数量: 1300, 市值: 8515.0元 饲料
✅持仓: 富煌钢构(002743.SZ), 占比 11.04%, 涨跌幅: -1.53% (-132.00), 数量: 1600, 市值: 8512.0元 专业工程
✅持仓: 桂发祥(002820.SZ), 占比 10.19%, 涨跌幅: -5.01% (-415.00), 数量: 700, 市值: 7861.0元 休闲食品
✅持仓: 贝肯能源(002828.SZ), 占比 11.50%, 涨跌幅: -1.97% (-178.00), 数量: 800, 市值: 8872.0元 油服工程
✅持仓: 庄园牧场(002910.SZ), 占比 11.45%, 涨跌幅: -4.30% (-396.85), 数量: 800, 市值: 8832.0元 饮料乳品
✅持仓: 华斯股份(002494.SZ) 0股
✅*******************总资产 77131.17  剩余可用金额 3148.17元*******************


rebalance_buy count  4
init
建立交易连接，返回0表示连接成功 0
策略初始化完成：每月初调仓，持有市值最小的9只股票, 初始资金3148.17
***** xtdata连接成功 *****
服务信息: {'tag': 'sp3', 'version': '1.0'}
服务地址: 127.0.0.1:58610
数据路径: C:\QMT\bin.x64/../userdata_mini/datadir
设置xtdata.enable_hello = False可隐藏此消息

今天是交易日吗 True
judge_date count  1
中小综指成分股数量：961
['002001.SZ', '002003.SZ', '002004.SZ', '002005.SZ', '002006.SZ', '002007.SZ', '002008.SZ', '002009.SZ', '002010.SZ', '002011.SZ']
涨停 002067.SZ 景兴纸业
涨停 002135.SZ 东南网架
涨停 002150.SZ 正泰电源
涨停 002173.SZ 创新医疗
涨停 002178.SZ 延华智能
跌停 002181.SZ 粤 传 媒
002231.SZ cannot get instrument detail !!!
涨停 002272.SZ 川润股份
跌停 002342.SZ 巨力索具
涨停 002375.SZ 亚厦股份
涨停 002421.SZ 达实智能
涨停 002552.SZ 宝鼎科技
涨停 002782.SZ 可立克
涨停 002893.SZ 京能热力
过滤ST/*ST股票后，剩余 875 只
prepare_stock_list count  2
******************当日(2026-05-19 11:42:37.887651)持仓市值: 73974.00元*******************
✅持仓: 中天服务(002188.SZ), 占比 11.54%, 涨跌幅: -5.49% (-517.00), 数量: 1300, 市值: 8905.0元 房地产服务
✅持仓: 亚联发展(002316.SZ), 占比 10.71%, 涨跌幅: -3.40% (-291.00), 数量: 1500, 市值: 8265.0元 多元金融
✅持仓: 嘉麟杰(002486.SZ), 占比 7.54%, 涨跌幅: -0.09% (-5.50), 数量: 2100, 市值: 5817.0元 服装家纺
✅持仓: 光正眼科(002524.SZ), 占比 10.99%, 涨跌幅: -5.57% (-500.00), 数量: 2000, 市值: 8480.0元 医疗服务
✅持仓: 百洋股份(002696.SZ), 占比 11.04%, 涨跌幅: -5.23% (-469.72), 数量: 1300, 市值: 8515.0元 饲料
✅持仓: 富煌钢构(002743.SZ), 占比 10.99%, 涨跌幅: -1.90% (-164.00), 数量: 1600, 市值: 8480.0元 专业工程
✅持仓: 桂发祥(002820.SZ), 占比 10.16%, 涨跌幅: -5.27% (-436.00), 数量: 700, 市值: 7840.0元 休闲食品
✅持仓: 贝肯能源(002828.SZ), 占比 11.47%, 涨跌幅: -2.23% (-202.00), 数量: 800, 市值: 8848.0元 油服工程
✅持仓: 庄园牧场(002910.SZ), 占比 11.44%, 涨跌幅: -4.39% (-404.85), 数量: 800, 市值: 8824.0元 饮料乳品
✅持仓: 华斯股份(002494.SZ) 0股
✅*******************总资产 77137.17  剩余可用金额 3148.17元*******************


✅========== 执行周度调仓，日期：2026-05-19 11:42:37.934658 ==========
******************当日(2026-05-19 11:42:37.934658)持仓市值: 73974.00元*******************
✅持仓: 中天服务(002188.SZ), 占比 11.54%, 涨跌幅: -5.49% (-517.00), 数量: 1300, 市值: 8905.0元 房地产服务
✅持仓: 亚联发展(002316.SZ), 占比 10.71%, 涨跌幅: -3.40% (-291.00), 数量: 1500, 市值: 8265.0元 多元金融
✅持仓: 嘉麟杰(002486.SZ), 占比 7.54%, 涨跌幅: -0.09% (-5.50), 数量: 2100, 市值: 5817.0元 服装家纺
✅持仓: 光正眼科(002524.SZ), 占比 10.99%, 涨跌幅: -5.57% (-500.00), 数量: 2000, 市值: 8480.0元 医疗服务
✅持仓: 百洋股份(002696.SZ), 占比 11.04%, 涨跌幅: -5.23% (-469.72), 数量: 1300, 市值: 8515.0元 饲料
✅持仓: 富煌钢构(002743.SZ), 占比 10.99%, 涨跌幅: -1.90% (-164.00), 数量: 1600, 市值: 8480.0元 专业工程
✅持仓: 桂发祥(002820.SZ), 占比 10.16%, 涨跌幅: -5.27% (-436.00), 数量: 700, 市值: 7840.0元 休闲食品
✅持仓: 贝肯能源(002828.SZ), 占比 11.47%, 涨跌幅: -2.23% (-202.00), 数量: 800, 市值: 8848.0元 油服工程
✅持仓: 庄园牧场(002910.SZ), 占比 11.44%, 涨跌幅: -4.39% (-404.85), 数量: 800, 市值: 8824.0元 饮料乳品
✅持仓: 华斯股份(002494.SZ) 0股
✅*******************总资产 77137.17  剩余可用金额 3148.17元*******************


get_small_cap_stocks   2026-05-19 11:42:37.934658    head 9
    第 1名: 庄园牧场(002910.SZ), 流通市值: 21.57 亿元 饮料乳品   <== 选中
    第 2名: 亚联发展(002316.SZ), 流通市值: 21.66 亿元 多元金融   <== 选中
    第 3名: 光正眼科(002524.SZ), 流通市值: 21.85 亿元 医疗服务   <== 选中
    第 4名: 贝肯能源(002828.SZ), 流通市值: 22.25 亿元 油服工程   <== 选中
    第 5名: 中天服务(002188.SZ), 流通市值: 22.41 亿元 房地产服务   <== 选中
    第 6名: 桂发祥(002820.SZ), 流通市值: 22.52 亿元 休闲食品   <== 选中
    第 7名: 百洋股份(002696.SZ), 流通市值: 22.65 亿元 饲料   <== 选中
    第 8名: 嘉麟杰(002486.SZ), 流通市值: 22.75 亿元 服装家纺   <== 选中
    第 9名: 华斯股份(002494.SZ), 流通市值: 22.75 亿元 服装家纺 
    第10名: 富煌钢构(002743.SZ), 流通市值: 23.07 亿元 专业工程   <== 选中
    第11名: 皓宸医疗(002622.SZ), 流通市值: 23.35 亿元 医疗服务 
    第12名: 登云股份(002715.SZ), 流通市值: 23.61 亿元 汽车零部件 
    第13名: 黄山胶囊(002817.SZ), 流通市值: 23.63 亿元 化学制药 
    第14名: 开普检测(003008.SZ), 流通市值: 23.64 亿元 专业服务 
    第15名: 天元股份(003003.SZ), 流通市值: 23.72 亿元 包装印刷 
    第16名: 新天药业(002873.SZ), 流通市值: 23.73 亿元 中药 
    第17名: 海象新材(003011.SZ), 流通市值: 23.93 亿元 家居用品 
    第18名: 宏达高科(002144.SZ), 流通市值: 23.95 亿元 纺织制造 
    第19名: 信隆健康(002105.SZ), 流通市值: 23.99 亿元 摩托车及其他 
    第20名: 中晟高科(002778.SZ), 流通市值: 24.02 亿元 环境治理 
✅当前持股 9只
中天服务
亚联发展
嘉麟杰
光正眼科
百洋股份
富煌钢构
桂发祥
贝肯能源
庄园牧场
✅需要买入股票 0只
✅需要卖出股票 0只
✅今日(2026-05-19 11:42:37.934658)为卖出时间，执行卖出操作
✅------------------------------------------
rebalance_sell count  3
✅========== 执行周度调仓，日期：2026-05-19 11:42:38.497242 ==========
selected_stocks
['002910.SZ', '002316.SZ', '002524.SZ', '002828.SZ', '002188.SZ', '002696.SZ', '002820.SZ', '002486.SZ', '002743.SZ']
 期望持仓: 庄园牧场(002910.SZ), 占比 11.11%
 期望持仓: 亚联发展(002316.SZ), 占比 11.11%
 期望持仓: 光正眼科(002524.SZ), 占比 11.11%
 期望持仓: 贝肯能源(002828.SZ), 占比 11.11%
 期望持仓: 中天服务(002188.SZ), 占比 11.11%
 期望持仓: 百洋股份(002696.SZ), 占比 11.11%
 期望持仓: 桂发祥(002820.SZ), 占比 11.11%
 期望持仓: 嘉麟杰(002486.SZ), 占比 11.11%
 期望持仓: 富煌钢构(002743.SZ), 占比 11.11%
预计持仓 73968.0 剩余金额 3163.17
❌❌剩余资金过大 3163.17
重新分配之后资金仍有剩余，追加买入
嘉麟杰 持仓与期望相差3.60% 2774.13，补仓
 预估持仓: 中天服务(002188.SZ), 占比 11.55% 单价 6.85
 预估持仓: 亚联发展(002316.SZ), 占比 10.72% 单价 5.51
 预估持仓: 嘉麟杰(002486.SZ), 占比 7.51% 单价 2.76
 预估持仓: 华斯股份(002494.SZ), 占比 0.00% 单价 6.03
 预估持仓: 光正眼科(002524.SZ), 占比 10.99% 单价 4.24
 预估持仓: 百洋股份(002696.SZ), 占比 11.04% 单价 6.55
 预估持仓: 富煌钢构(002743.SZ), 占比 10.99% 单价 5.30
 预估持仓: 桂发祥(002820.SZ), 占比 10.17% 单价 11.21
 预估持仓: 贝肯能源(002828.SZ), 占比 11.48% 单价 11.07
 预估持仓: 庄园牧场(002910.SZ), 占比 11.44% 单价 11.03
调整嘉麟杰买入数量，期望买入8570.13,当前5796.00,相差2774.13
单价2.76，新市值8556.00，差值14.13
单价2.76，新市值8832.00，差值-261.87
调整买入数量，追加10手,仓位占比调整为11.09%
====调整每股额度====
当前可用资金  3148.17 
持仓市值  73968.0 
总资产:  77131.17 
每股额度  3148.17
===可用资金 3148.17===
init
建立交易连接，返回0表示连接成功 0
策略初始化完成：每月初调仓，持有市值最小的9只股票, 初始资金3148.17
***** xtdata连接成功 *****
服务信息: {'tag': 'sp3', 'version': '1.0'}
服务地址: 127.0.0.1:58610
数据路径: C:\QMT\bin.x64/../userdata_mini/datadir
设置xtdata.enable_hello = False可隐藏此消息

今天是交易日吗 True
judge_date count  1
中小综指成分股数量：961
['002001.SZ', '002003.SZ', '002004.SZ', '002005.SZ', '002006.SZ', '002007.SZ', '002008.SZ', '002009.SZ', '002010.SZ', '002011.SZ']
涨停 002067.SZ 景兴纸业
涨停 002123.SZ 梦网科技
涨停 002135.SZ 东南网架
涨停 002150.SZ 正泰电源
涨停 002173.SZ 创新医疗
涨停 002178.SZ 延华智能
跌停 002181.SZ 粤 传 媒
002231.SZ cannot get instrument detail !!!
涨停 002272.SZ 川润股份
跌停 002342.SZ 巨力索具
涨停 002375.SZ 亚厦股份
涨停 002421.SZ 达实智能
涨停 002552.SZ 宝鼎科技
涨停 002782.SZ 可立克
涨停 002893.SZ 京能热力
过滤ST/*ST股票后，剩余 874 只
prepare_stock_list count  2
******************当日(2026-05-19 11:45:24.697656)持仓市值: 73983.00元*******************
✅持仓: 中天服务(002188.SZ), 占比 11.53%, 涨跌幅: -5.63% (-530.00), 数量: 1300, 市值: 8892.0元 房地产服务
✅持仓: 亚联发展(002316.SZ), 占比 10.72%, 涨跌幅: -3.40% (-291.00), 数量: 1500, 市值: 8265.0元 多元金融
✅持仓: 嘉麟杰(002486.SZ), 占比 7.54%, 涨跌幅: -0.09% (-5.50), 数量: 2100, 市值: 5817.0元 服装家纺
✅持仓: 光正眼科(002524.SZ), 占比 10.99%, 涨跌幅: -5.57% (-500.00), 数量: 2000, 市值: 8480.0元 医疗服务
✅持仓: 百洋股份(002696.SZ), 占比 11.04%, 涨跌幅: -5.23% (-469.72), 数量: 1300, 市值: 8515.0元 饲料
✅持仓: 富煌钢构(002743.SZ), 占比 10.99%, 涨跌幅: -1.90% (-164.00), 数量: 1600, 市值: 8480.0元 专业工程
✅持仓: 桂发祥(002820.SZ), 占比 10.18%, 涨跌幅: -5.10% (-422.00), 数量: 700, 市值: 7854.0元 休闲食品
✅持仓: 贝肯能源(002828.SZ), 占比 11.47%, 涨跌幅: -2.23% (-202.00), 数量: 800, 市值: 8848.0元 油服工程
✅持仓: 庄园牧场(002910.SZ), 占比 11.45%, 涨跌幅: -4.30% (-396.85), 数量: 800, 市值: 8832.0元 饮料乳品
✅持仓: 华斯股份(002494.SZ) 0股
✅*******************总资产 77131.17  剩余可用金额 3148.17元*******************


✅========== 执行周度调仓，日期：2026-05-19 11:45:24.759843 ==========
******************当日(2026-05-19 11:45:24.759843)持仓市值: 73983.00元*******************
✅持仓: 中天服务(002188.SZ), 占比 11.53%, 涨跌幅: -5.63% (-530.00), 数量: 1300, 市值: 8892.0元 房地产服务
✅持仓: 亚联发展(002316.SZ), 占比 10.72%, 涨跌幅: -3.40% (-291.00), 数量: 1500, 市值: 8265.0元 多元金融
✅持仓: 嘉麟杰(002486.SZ), 占比 7.54%, 涨跌幅: -0.09% (-5.50), 数量: 2100, 市值: 5817.0元 服装家纺
✅持仓: 光正眼科(002524.SZ), 占比 10.99%, 涨跌幅: -5.57% (-500.00), 数量: 2000, 市值: 8480.0元 医疗服务
✅持仓: 百洋股份(002696.SZ), 占比 11.04%, 涨跌幅: -5.23% (-469.72), 数量: 1300, 市值: 8515.0元 饲料
✅持仓: 富煌钢构(002743.SZ), 占比 10.99%, 涨跌幅: -1.90% (-164.00), 数量: 1600, 市值: 8480.0元 专业工程
✅持仓: 桂发祥(002820.SZ), 占比 10.18%, 涨跌幅: -5.10% (-422.00), 数量: 700, 市值: 7854.0元 休闲食品
✅持仓: 贝肯能源(002828.SZ), 占比 11.47%, 涨跌幅: -2.23% (-202.00), 数量: 800, 市值: 8848.0元 油服工程
✅持仓: 庄园牧场(002910.SZ), 占比 11.45%, 涨跌幅: -4.30% (-396.85), 数量: 800, 市值: 8832.0元 饮料乳品
✅持仓: 华斯股份(002494.SZ) 0股
✅*******************总资产 77131.17  剩余可用金额 3148.17元*******************


get_small_cap_stocks   2026-05-19 11:45:24.759843    head 9
    第 1名: 庄园牧场(002910.SZ), 流通市值: 21.59 亿元 饮料乳品   <== 选中
    第 2名: 亚联发展(002316.SZ), 流通市值: 21.66 亿元 多元金融   <== 选中
    第 3名: 光正眼科(002524.SZ), 流通市值: 21.85 亿元 医疗服务   <== 选中
    第 4名: 贝肯能源(002828.SZ), 流通市值: 22.23 亿元 油服工程   <== 选中
    第 5名: 中天服务(002188.SZ), 流通市值: 22.37 亿元 房地产服务   <== 选中
    第 6名: 桂发祥(002820.SZ), 流通市值: 22.54 亿元 休闲食品   <== 选中
    第 7名: 百洋股份(002696.SZ), 流通市值: 22.65 亿元 饲料   <== 选中
    第 8名: 华斯股份(002494.SZ), 流通市值: 22.75 亿元 服装家纺   <== 选中
    第 9名: 嘉麟杰(002486.SZ), 流通市值: 22.83 亿元 服装家纺 
    第10名: 富煌钢构(002743.SZ), 流通市值: 23.07 亿元 专业工程   <== 选中
    第11名: 皓宸医疗(002622.SZ), 流通市值: 23.35 亿元 医疗服务 
    第12名: 登云股份(002715.SZ), 流通市值: 23.61 亿元 汽车零部件 
    第13名: 黄山胶囊(002817.SZ), 流通市值: 23.63 亿元 化学制药 
    第14名: 开普检测(003008.SZ), 流通市值: 23.64 亿元 专业服务 
    第15名: 新天药业(002873.SZ), 流通市值: 23.7 亿元 中药 
    第16名: 天元股份(003003.SZ), 流通市值: 23.72 亿元 包装印刷 
    第17名: 海象新材(003011.SZ), 流通市值: 23.93 亿元 家居用品 
    第18名: 宏达高科(002144.SZ), 流通市值: 23.95 亿元 纺织制造 
    第19名: 中晟高科(002778.SZ), 流通市值: 23.99 亿元 环境治理 
    第20名: 信隆健康(002105.SZ), 流通市值: 24.03 亿元 摩托车及其他 
✅当前持股 9只
中天服务
亚联发展
嘉麟杰
光正眼科
百洋股份
富煌钢构
桂发祥
贝肯能源
庄园牧场
✅需要买入股票 0只
✅需要卖出股票 0只
✅今日(2026-05-19 11:45:24.759843)为卖出时间，执行卖出操作
✅------------------------------------------
rebalance_sell count  3
✅========== 执行周度调仓，日期：2026-05-19 11:45:25.322768 ==========
selected_stocks
['002910.SZ', '002316.SZ', '002524.SZ', '002828.SZ', '002188.SZ', '002696.SZ', '002820.SZ', '002486.SZ', '002743.SZ']
 期望持仓: 庄园牧场(002910.SZ), 占比 11.11%
 期望持仓: 亚联发展(002316.SZ), 占比 11.11%
 期望持仓: 光正眼科(002524.SZ), 占比 11.11%
 期望持仓: 贝肯能源(002828.SZ), 占比 11.11%
 期望持仓: 中天服务(002188.SZ), 占比 11.11%
 期望持仓: 百洋股份(002696.SZ), 占比 11.11%
 期望持仓: 桂发祥(002820.SZ), 占比 11.11%
 期望持仓: 嘉麟杰(002486.SZ), 占比 11.11%
 期望持仓: 富煌钢构(002743.SZ), 占比 11.11%
预计持仓 73983.0 剩余金额 3148.17
❌❌剩余资金过大 3148.17
重新分配之后资金仍有剩余，追加买入
嘉麟杰 持仓与期望相差3.57% 2753.13，补仓
 预估持仓: 中天服务(002188.SZ), 占比 11.53% 单价 6.84
 预估持仓: 亚联发展(002316.SZ), 占比 10.72% 单价 5.51
 预估持仓: 嘉麟杰(002486.SZ), 占比 7.54% 单价 2.77
 预估持仓: 华斯股份(002494.SZ), 占比 0.00% 单价 6.03
 预估持仓: 光正眼科(002524.SZ), 占比 10.99% 单价 4.24
 预估持仓: 百洋股份(002696.SZ), 占比 11.04% 单价 6.55
 预估持仓: 富煌钢构(002743.SZ), 占比 10.99% 单价 5.30
 预估持仓: 桂发祥(002820.SZ), 占比 10.18% 单价 11.22
 预估持仓: 贝肯能源(002828.SZ), 占比 11.47% 单价 11.06
 预估持仓: 庄园牧场(002910.SZ), 占比 11.45% 单价 11.04
调整嘉麟杰买入数量，期望买入8570.13,当前5817.00,相差2753.13
单价2.77，新市值8310.00，差值260.13
单价2.77，新市值8587.00，差值-16.87
单价2.77，新市值8864.00，差值-293.87
调整买入数量，追加10手,仓位占比调整为11.13%
====调整每股额度====
当前可用资金  3148.17 
持仓市值  73983.0 
总资产:  77131.17 
每股额度  3148.17
===可用资金 3148.17===
委托买入: 嘉麟杰, 002486.SZ 
目标价值:8587.00
预计最终持股3100股，每股2.77元，合计:8587.00
buy 002486.SZ passorder target value 8587.00 current 5817.00 amount 1000.00
async_seq  20
异步委托回调 投资备注: Buy 002486.SZ Target 85
sleep 30s
******************当日(2026-05-19 11:45:56.370628)持仓市值: 73983.00元*******************
✅持仓: 中天服务(002188.SZ), 占比 11.53%, 涨跌幅: -5.63% (-530.00), 数量: 1300, 市值: 8892.0元 房地产服务
✅持仓: 亚联发展(002316.SZ), 占比 10.72%, 涨跌幅: -3.40% (-291.00), 数量: 1500, 市值: 8265.0元 多元金融
✅持仓: 嘉麟杰(002486.SZ), 占比 7.54%, 涨跌幅: -0.09% (-5.50), 数量: 2100, 市值: 5817.0元 服装家纺
✅持仓: 光正眼科(002524.SZ), 占比 10.99%, 涨跌幅: -5.57% (-500.00), 数量: 2000, 市值: 8480.0元 医疗服务
✅持仓: 百洋股份(002696.SZ), 占比 11.04%, 涨跌幅: -5.23% (-469.72), 数量: 1300, 市值: 8515.0元 饲料
✅持仓: 富煌钢构(002743.SZ), 占比 10.99%, 涨跌幅: -1.90% (-164.00), 数量: 1600, 市值: 8480.0元 专业工程
✅持仓: 桂发祥(002820.SZ), 占比 10.18%, 涨跌幅: -5.10% (-422.00), 数量: 700, 市值: 7854.0元 休闲食品
✅持仓: 贝肯能源(002828.SZ), 占比 11.47%, 涨跌幅: -2.23% (-202.00), 数量: 800, 市值: 8848.0元 油服工程
✅持仓: 庄园牧场(002910.SZ), 占比 11.45%, 涨跌幅: -4.30% (-396.85), 数量: 800, 市值: 8832.0元 饮料乳品
✅持仓: 华斯股份(002494.SZ) 0股
✅*******************总资产 77131.17  剩余可用金额 378.17元*******************


rebalance_buy count  4
init
建立交易连接，返回0表示连接成功 0
策略初始化完成：每月初调仓，持有市值最小的9只股票, 初始资金92.67
***** xtdata连接成功 *****
服务信息: {'tag': 'sp3', 'version': '1.0'}
服务地址: 127.0.0.1:58610
数据路径: C:\QMT\bin.x64/../userdata_mini/datadir
设置xtdata.enable_hello = False可隐藏此消息

今天是交易日吗 True
judge_date count  1
中小综指成分股数量：961
['002001.SZ', '002003.SZ', '002004.SZ', '002005.SZ', '002006.SZ', '002007.SZ', '002008.SZ', '002009.SZ', '002010.SZ', '002011.SZ']
涨停 002067.SZ 景兴纸业
涨停 002123.SZ 梦网科技
涨停 002135.SZ 东南网架
涨停 002150.SZ 正泰电源
涨停 002173.SZ 创新医疗
涨停 002178.SZ 延华智能
跌停 002181.SZ 粤 传 媒
002231.SZ cannot get instrument detail !!!
涨停 002272.SZ 川润股份
跌停 002342.SZ 巨力索具
涨停 002375.SZ 亚厦股份
涨停 002421.SZ 达实智能
涨停 002552.SZ 宝鼎科技
涨停 002782.SZ 可立克
涨停 002893.SZ 京能热力
过滤ST/*ST股票后，剩余 874 只
prepare_stock_list count  2
******************当日(2026-05-19 12:50:03.318829)持仓市值: 73983.00元*******************
✅持仓: 中天服务(002188.SZ), 占比 11.53%, 涨跌幅: -5.63% (-530.00), 数量: 1300, 市值: 8892.0元 房地产服务
✅持仓: 亚联发展(002316.SZ), 占比 10.72%, 涨跌幅: -3.40% (-291.00), 数量: 1500, 市值: 8265.0元 多元金融
✅持仓: 嘉麟杰(002486.SZ), 占比 7.54%, 涨跌幅: -0.09% (-5.50), 数量: 2100, 市值: 5817.0元 服装家纺
✅持仓: 光正眼科(002524.SZ), 占比 10.99%, 涨跌幅: -5.57% (-500.00), 数量: 2000, 市值: 8480.0元 医疗服务
✅持仓: 百洋股份(002696.SZ), 占比 11.04%, 涨跌幅: -5.23% (-469.72), 数量: 1300, 市值: 8515.0元 饲料
✅持仓: 富煌钢构(002743.SZ), 占比 10.99%, 涨跌幅: -1.90% (-164.00), 数量: 1600, 市值: 8480.0元 专业工程
✅持仓: 桂发祥(002820.SZ), 占比 10.18%, 涨跌幅: -5.10% (-422.00), 数量: 700, 市值: 7854.0元 休闲食品
✅持仓: 贝肯能源(002828.SZ), 占比 11.47%, 涨跌幅: -2.23% (-202.00), 数量: 800, 市值: 8848.0元 油服工程
✅持仓: 庄园牧场(002910.SZ), 占比 11.45%, 涨跌幅: -4.30% (-396.85), 数量: 800, 市值: 8832.0元 饮料乳品
✅持仓: 华斯股份(002494.SZ) 0股
✅*******************总资产 77131.17  剩余可用金额 92.67元*******************


✅========== 执行周度调仓，日期：2026-05-19 12:50:03.383320 ==========
******************当日(2026-05-19 12:50:03.383320)持仓市值: 73983.00元*******************
✅持仓: 中天服务(002188.SZ), 占比 11.53%, 涨跌幅: -5.63% (-530.00), 数量: 1300, 市值: 8892.0元 房地产服务
✅持仓: 亚联发展(002316.SZ), 占比 10.72%, 涨跌幅: -3.40% (-291.00), 数量: 1500, 市值: 8265.0元 多元金融
✅持仓: 嘉麟杰(002486.SZ), 占比 7.54%, 涨跌幅: -0.09% (-5.50), 数量: 2100, 市值: 5817.0元 服装家纺
✅持仓: 光正眼科(002524.SZ), 占比 10.99%, 涨跌幅: -5.57% (-500.00), 数量: 2000, 市值: 8480.0元 医疗服务
✅持仓: 百洋股份(002696.SZ), 占比 11.04%, 涨跌幅: -5.23% (-469.72), 数量: 1300, 市值: 8515.0元 饲料
✅持仓: 富煌钢构(002743.SZ), 占比 10.99%, 涨跌幅: -1.90% (-164.00), 数量: 1600, 市值: 8480.0元 专业工程
✅持仓: 桂发祥(002820.SZ), 占比 10.18%, 涨跌幅: -5.10% (-422.00), 数量: 700, 市值: 7854.0元 休闲食品
✅持仓: 贝肯能源(002828.SZ), 占比 11.47%, 涨跌幅: -2.23% (-202.00), 数量: 800, 市值: 8848.0元 油服工程
✅持仓: 庄园牧场(002910.SZ), 占比 11.45%, 涨跌幅: -4.30% (-396.85), 数量: 800, 市值: 8832.0元 饮料乳品
✅持仓: 华斯股份(002494.SZ) 0股
✅*******************总资产 77131.17  剩余可用金额 92.67元*******************


get_small_cap_stocks   2026-05-19 12:50:03.383320    head 9
    第 1名: 庄园牧场(002910.SZ), 流通市值: 21.59 亿元 饮料乳品   <== 选中
    第 2名: 亚联发展(002316.SZ), 流通市值: 21.66 亿元 多元金融   <== 选中
    第 3名: 光正眼科(002524.SZ), 流通市值: 21.85 亿元 医疗服务   <== 选中
    第 4名: 贝肯能源(002828.SZ), 流通市值: 22.23 亿元 油服工程   <== 选中
    第 5名: 中天服务(002188.SZ), 流通市值: 22.37 亿元 房地产服务   <== 选中
    第 6名: 桂发祥(002820.SZ), 流通市值: 22.54 亿元 休闲食品   <== 选中
    第 7名: 百洋股份(002696.SZ), 流通市值: 22.65 亿元 饲料   <== 选中
    第 8名: 华斯股份(002494.SZ), 流通市值: 22.75 亿元 服装家纺   <== 选中
    第 9名: 嘉麟杰(002486.SZ), 流通市值: 22.83 亿元 服装家纺 
    第10名: 富煌钢构(002743.SZ), 流通市值: 23.07 亿元 专业工程   <== 选中
    第11名: 皓宸医疗(002622.SZ), 流通市值: 23.35 亿元 医疗服务 
    第12名: 登云股份(002715.SZ), 流通市值: 23.61 亿元 汽车零部件 
    第13名: 黄山胶囊(002817.SZ), 流通市值: 23.63 亿元 化学制药 
    第14名: 开普检测(003008.SZ), 流通市值: 23.64 亿元 专业服务 
    第15名: 新天药业(002873.SZ), 流通市值: 23.7 亿元 中药 
    第16名: 天元股份(003003.SZ), 流通市值: 23.72 亿元 包装印刷 
    第17名: 海象新材(003011.SZ), 流通市值: 23.93 亿元 家居用品 
    第18名: 宏达高科(002144.SZ), 流通市值: 23.95 亿元 纺织制造 
    第19名: 中晟高科(002778.SZ), 流通市值: 23.99 亿元 环境治理 
    第20名: 信隆健康(002105.SZ), 流通市值: 24.03 亿元 摩托车及其他 
✅当前持股 9只
中天服务
亚联发展
嘉麟杰
光正眼科
百洋股份
富煌钢构
桂发祥
贝肯能源
庄园牧场
✅需要买入股票 0只
✅需要卖出股票 0只
✅今日(2026-05-19 12:50:03.383320)为卖出时间，执行卖出操作
✅------------------------------------------
rebalance_sell count  3
✅========== 执行周度调仓，日期：2026-05-19 12:50:03.975017 ==========
selected_stocks
['002910.SZ', '002316.SZ', '002524.SZ', '002828.SZ', '002188.SZ', '002696.SZ', '002820.SZ', '002486.SZ', '002743.SZ']
 期望持仓: 庄园牧场(002910.SZ), 占比 11.11%
 期望持仓: 亚联发展(002316.SZ), 占比 11.11%
 期望持仓: 光正眼科(002524.SZ), 占比 11.11%
 期望持仓: 贝肯能源(002828.SZ), 占比 11.11%
 期望持仓: 中天服务(002188.SZ), 占比 11.11%
 期望持仓: 百洋股份(002696.SZ), 占比 11.11%
 期望持仓: 桂发祥(002820.SZ), 占比 11.11%
 期望持仓: 嘉麟杰(002486.SZ), 占比 11.11%
 期望持仓: 富煌钢构(002743.SZ), 占比 11.11%
预计持仓 73983.0 剩余金额 3148.17
❌❌剩余资金过大 3148.17
重新分配之后资金仍有剩余，追加买入
嘉麟杰 持仓与期望相差3.57% 2753.13，补仓
 预估持仓: 中天服务(002188.SZ), 占比 11.53% 单价 6.84
 预估持仓: 亚联发展(002316.SZ), 占比 10.72% 单价 5.51
 预估持仓: 嘉麟杰(002486.SZ), 占比 7.54% 单价 2.77
 预估持仓: 华斯股份(002494.SZ), 占比 0.00% 单价 6.03
 预估持仓: 光正眼科(002524.SZ), 占比 10.99% 单价 4.24
 预估持仓: 百洋股份(002696.SZ), 占比 11.04% 单价 6.55
 预估持仓: 富煌钢构(002743.SZ), 占比 10.99% 单价 5.30
 预估持仓: 桂发祥(002820.SZ), 占比 10.18% 单价 11.22
 预估持仓: 贝肯能源(002828.SZ), 占比 11.47% 单价 11.06
 预估持仓: 庄园牧场(002910.SZ), 占比 11.45% 单价 11.04
调整嘉麟杰买入数量，期望买入8570.13,当前5817.00,相差2753.13
单价2.77，新市值8310.00，差值260.13
单价2.77，新市值8587.00，差值-16.87
单价2.77，新市值8864.00，差值-293.87
调整买入数量，追加10手,仓位占比调整为11.13%
====调整每股额度====
当前可用资金  92.67 
持仓市值  73983.0 
总资产:  77131.17 
每股额度  92.67
===可用资金 92.67===
委托买入: 嘉麟杰, 002486.SZ 
目标价值:5909.67
预计最终持股2100股，每股2.77元，合计:5817.00
002486.SZ 嘉麟杰 现价2.77 期望持仓 5909.67元, 					现有持仓 5817.00元，相差 92.67元，需要买入股数 33.45不足100股，放弃交易
async_seq  None
buy_target_value failed 002486.SZ 嘉麟杰
sleep 30s
******************当日(2026-05-19 12:50:35.017420)持仓市值: 73983.00元*******************
✅持仓: 中天服务(002188.SZ), 占比 11.53%, 涨跌幅: -5.63% (-530.00), 数量: 1300, 市值: 8892.0元 房地产服务
✅持仓: 亚联发展(002316.SZ), 占比 10.72%, 涨跌幅: -3.40% (-291.00), 数量: 1500, 市值: 8265.0元 多元金融
✅持仓: 嘉麟杰(002486.SZ), 占比 7.54%, 涨跌幅: -0.09% (-5.50), 数量: 2100, 市值: 5817.0元 服装家纺
✅持仓: 光正眼科(002524.SZ), 占比 10.99%, 涨跌幅: -5.57% (-500.00), 数量: 2000, 市值: 8480.0元 医疗服务
✅持仓: 百洋股份(002696.SZ), 占比 11.04%, 涨跌幅: -5.23% (-469.72), 数量: 1300, 市值: 8515.0元 饲料
✅持仓: 富煌钢构(002743.SZ), 占比 10.99%, 涨跌幅: -1.90% (-164.00), 数量: 1600, 市值: 8480.0元 专业工程
✅持仓: 桂发祥(002820.SZ), 占比 10.18%, 涨跌幅: -5.10% (-422.00), 数量: 700, 市值: 7854.0元 休闲食品
✅持仓: 贝肯能源(002828.SZ), 占比 11.47%, 涨跌幅: -2.23% (-202.00), 数量: 800, 市值: 8848.0元 油服工程
✅持仓: 庄园牧场(002910.SZ), 占比 11.45%, 涨跌幅: -4.30% (-396.85), 数量: 800, 市值: 8832.0元 饮料乳品
✅持仓: 华斯股份(002494.SZ) 0股
✅*******************总资产 77131.17  剩余可用金额 92.67元*******************


rebalance_buy count  4
init
建立交易连接，返回0表示连接成功 0
策略初始化完成：每月初调仓，持有市值最小的9只股票, 初始资金-187.32999999999998
***** xtdata连接成功 *****
服务信息: {'tag': 'sp3', 'version': '1.0'}
服务地址: 127.0.0.1:58610
数据路径: C:\QMT\bin.x64/../userdata_mini/datadir
设置xtdata.enable_hello = False可隐藏此消息

今天是交易日吗 True
judge_date count  1
中小综指成分股数量：961
['002001.SZ', '002003.SZ', '002004.SZ', '002005.SZ', '002006.SZ', '002007.SZ', '002008.SZ', '002009.SZ', '002010.SZ', '002011.SZ']
涨停 002067.SZ 景兴纸业
涨停 002123.SZ 梦网科技
涨停 002135.SZ 东南网架
涨停 002150.SZ 正泰电源
涨停 002173.SZ 创新医疗
涨停 002178.SZ 延华智能
跌停 002181.SZ 粤 传 媒
002231.SZ cannot get instrument detail !!!
涨停 002272.SZ 川润股份
跌停 002342.SZ 巨力索具
涨停 002375.SZ 亚厦股份
涨停 002421.SZ 达实智能
涨停 002552.SZ 宝鼎科技
涨停 002782.SZ 可立克
涨停 002893.SZ 京能热力
过滤ST/*ST股票后，剩余 874 只
prepare_stock_list count  2
******************当日(2026-05-19 12:57:49.289306)持仓市值: 73983.00元*******************
✅持仓: 中天服务(002188.SZ), 占比 11.53%, 涨跌幅: -5.63% (-530.00), 数量: 1300, 市值: 8892.0元 房地产服务
✅持仓: 亚联发展(002316.SZ), 占比 10.72%, 涨跌幅: -3.40% (-291.00), 数量: 1500, 市值: 8265.0元 多元金融
✅持仓: 嘉麟杰(002486.SZ), 占比 7.54%, 涨跌幅: -0.09% (-5.50), 数量: 2100, 市值: 5817.0元 服装家纺
✅持仓: 光正眼科(002524.SZ), 占比 10.99%, 涨跌幅: -5.57% (-500.00), 数量: 2000, 市值: 8480.0元 医疗服务
✅持仓: 百洋股份(002696.SZ), 占比 11.04%, 涨跌幅: -5.23% (-469.72), 数量: 1300, 市值: 8515.0元 饲料
✅持仓: 富煌钢构(002743.SZ), 占比 10.99%, 涨跌幅: -1.90% (-164.00), 数量: 1600, 市值: 8480.0元 专业工程
✅持仓: 桂发祥(002820.SZ), 占比 10.18%, 涨跌幅: -5.10% (-422.00), 数量: 700, 市值: 7854.0元 休闲食品
✅持仓: 贝肯能源(002828.SZ), 占比 11.47%, 涨跌幅: -2.23% (-202.00), 数量: 800, 市值: 8848.0元 油服工程
✅持仓: 庄园牧场(002910.SZ), 占比 11.45%, 涨跌幅: -4.30% (-396.85), 数量: 800, 市值: 8832.0元 饮料乳品
✅持仓: 华斯股份(002494.SZ) 0股
✅*******************总资产 77131.17  剩余可用金额 -187.33元*******************


✅========== 执行周度调仓，日期：2026-05-19 12:57:49.351561 ==========
******************当日(2026-05-19 12:57:49.351561)持仓市值: 73983.00元*******************
✅持仓: 中天服务(002188.SZ), 占比 11.53%, 涨跌幅: -5.63% (-530.00), 数量: 1300, 市值: 8892.0元 房地产服务
✅持仓: 亚联发展(002316.SZ), 占比 10.72%, 涨跌幅: -3.40% (-291.00), 数量: 1500, 市值: 8265.0元 多元金融
✅持仓: 嘉麟杰(002486.SZ), 占比 7.54%, 涨跌幅: -0.09% (-5.50), 数量: 2100, 市值: 5817.0元 服装家纺
✅持仓: 光正眼科(002524.SZ), 占比 10.99%, 涨跌幅: -5.57% (-500.00), 数量: 2000, 市值: 8480.0元 医疗服务
✅持仓: 百洋股份(002696.SZ), 占比 11.04%, 涨跌幅: -5.23% (-469.72), 数量: 1300, 市值: 8515.0元 饲料
✅持仓: 富煌钢构(002743.SZ), 占比 10.99%, 涨跌幅: -1.90% (-164.00), 数量: 1600, 市值: 8480.0元 专业工程
✅持仓: 桂发祥(002820.SZ), 占比 10.18%, 涨跌幅: -5.10% (-422.00), 数量: 700, 市值: 7854.0元 休闲食品
✅持仓: 贝肯能源(002828.SZ), 占比 11.47%, 涨跌幅: -2.23% (-202.00), 数量: 800, 市值: 8848.0元 油服工程
✅持仓: 庄园牧场(002910.SZ), 占比 11.45%, 涨跌幅: -4.30% (-396.85), 数量: 800, 市值: 8832.0元 饮料乳品
✅持仓: 华斯股份(002494.SZ) 0股
✅*******************总资产 77131.17  剩余可用金额 -187.33元*******************


get_small_cap_stocks   2026-05-19 12:57:49.351561    head 9
    第 1名: 庄园牧场(002910.SZ), 流通市值: 21.59 亿元 饮料乳品   <== 选中
    第 2名: 亚联发展(002316.SZ), 流通市值: 21.66 亿元 多元金融   <== 选中
    第 3名: 光正眼科(002524.SZ), 流通市值: 21.85 亿元 医疗服务   <== 选中
    第 4名: 贝肯能源(002828.SZ), 流通市值: 22.23 亿元 油服工程   <== 选中
    第 5名: 中天服务(002188.SZ), 流通市值: 22.37 亿元 房地产服务   <== 选中
    第 6名: 桂发祥(002820.SZ), 流通市值: 22.54 亿元 休闲食品   <== 选中
    第 7名: 百洋股份(002696.SZ), 流通市值: 22.65 亿元 饲料   <== 选中
    第 8名: 华斯股份(002494.SZ), 流通市值: 22.75 亿元 服装家纺   <== 选中
    第 9名: 嘉麟杰(002486.SZ), 流通市值: 22.83 亿元 服装家纺 
    第10名: 富煌钢构(002743.SZ), 流通市值: 23.07 亿元 专业工程   <== 选中
    第11名: 皓宸医疗(002622.SZ), 流通市值: 23.35 亿元 医疗服务 
    第12名: 登云股份(002715.SZ), 流通市值: 23.61 亿元 汽车零部件 
    第13名: 黄山胶囊(002817.SZ), 流通市值: 23.63 亿元 化学制药 
    第14名: 开普检测(003008.SZ), 流通市值: 23.64 亿元 专业服务 
    第15名: 新天药业(002873.SZ), 流通市值: 23.7 亿元 中药 
    第16名: 天元股份(003003.SZ), 流通市值: 23.72 亿元 包装印刷 
    第17名: 海象新材(003011.SZ), 流通市值: 23.93 亿元 家居用品 
    第18名: 宏达高科(002144.SZ), 流通市值: 23.95 亿元 纺织制造 
    第19名: 中晟高科(002778.SZ), 流通市值: 23.99 亿元 环境治理 
    第20名: 信隆健康(002105.SZ), 流通市值: 24.03 亿元 摩托车及其他 
✅当前持股 9只
中天服务
亚联发展
嘉麟杰
光正眼科
百洋股份
富煌钢构
桂发祥
贝肯能源
庄园牧场
✅需要买入股票 0只
✅需要卖出股票 0只
✅今日(2026-05-19 12:57:49.351561)为卖出时间，执行卖出操作
✅------------------------------------------
rebalance_sell count  3
✅========== 执行周度调仓，日期：2026-05-19 12:57:49.945518 ==========
selected_stocks
['002910.SZ', '002316.SZ', '002524.SZ', '002828.SZ', '002188.SZ', '002696.SZ', '002820.SZ', '002486.SZ', '002743.SZ']
 期望持仓: 庄园牧场(002910.SZ), 占比 11.11%
 期望持仓: 亚联发展(002316.SZ), 占比 11.11%
 期望持仓: 光正眼科(002524.SZ), 占比 11.11%
 期望持仓: 贝肯能源(002828.SZ), 占比 11.11%
 期望持仓: 中天服务(002188.SZ), 占比 11.11%
 期望持仓: 百洋股份(002696.SZ), 占比 11.11%
 期望持仓: 桂发祥(002820.SZ), 占比 11.11%
 期望持仓: 嘉麟杰(002486.SZ), 占比 11.11%
 期望持仓: 富煌钢构(002743.SZ), 占比 11.11%
预计持仓 73983.0 剩余金额 3148.17
❌❌剩余资金过大 3148.17
重新分配之后资金仍有剩余，追加买入
嘉麟杰 持仓与期望相差3.57% 2753.13，补仓
 预估持仓: 中天服务(002188.SZ), 占比 11.53% 单价 6.84
 预估持仓: 亚联发展(002316.SZ), 占比 10.72% 单价 5.51
 预估持仓: 嘉麟杰(002486.SZ), 占比 7.54% 单价 2.77
 预估持仓: 华斯股份(002494.SZ), 占比 0.00% 单价 6.03
 预估持仓: 光正眼科(002524.SZ), 占比 10.99% 单价 4.24
 预估持仓: 百洋股份(002696.SZ), 占比 11.04% 单价 6.55
 预估持仓: 富煌钢构(002743.SZ), 占比 10.99% 单价 5.30
 预估持仓: 桂发祥(002820.SZ), 占比 10.18% 单价 11.22
 预估持仓: 贝肯能源(002828.SZ), 占比 11.47% 单价 11.06
 预估持仓: 庄园牧场(002910.SZ), 占比 11.45% 单价 11.04
调整嘉麟杰买入数量，期望买入8570.13,当前5817.00,相差2753.13
单价2.77，新市值8310.00，差值260.13
单价2.77，新市值8587.00，差值-16.87
单价2.77，新市值8864.00，差值-293.87
调整买入数量，追加10手,仓位占比调整为11.13%
====调整每股额度====
当前可用资金  -187.32999999999998 
持仓市值  73983.0 
总资产:  77131.17 
每股额度  -187.32999999999998
===可用资金 -187.32999999999998===
委托买入: 嘉麟杰, 002486.SZ 
目标价值:5629.67
预计最终持股2000股，每股2.77元，合计:5540.00
async_seq  None
buy_target_value failed 002486.SZ 嘉麟杰
sleep 30s
******************当日(2026-05-19 12:58:21.006526)持仓市值: 73983.00元*******************
✅持仓: 中天服务(002188.SZ), 占比 11.53%, 涨跌幅: -5.63% (-530.00), 数量: 1300, 市值: 8892.0元 房地产服务
✅持仓: 亚联发展(002316.SZ), 占比 10.72%, 涨跌幅: -3.40% (-291.00), 数量: 1500, 市值: 8265.0元 多元金融
✅持仓: 嘉麟杰(002486.SZ), 占比 7.54%, 涨跌幅: -0.09% (-5.50), 数量: 2100, 市值: 5817.0元 服装家纺
✅持仓: 光正眼科(002524.SZ), 占比 10.99%, 涨跌幅: -5.57% (-500.00), 数量: 2000, 市值: 8480.0元 医疗服务
✅持仓: 百洋股份(002696.SZ), 占比 11.04%, 涨跌幅: -5.23% (-469.72), 数量: 1300, 市值: 8515.0元 饲料
✅持仓: 富煌钢构(002743.SZ), 占比 10.99%, 涨跌幅: -1.90% (-164.00), 数量: 1600, 市值: 8480.0元 专业工程
✅持仓: 桂发祥(002820.SZ), 占比 10.18%, 涨跌幅: -5.10% (-422.00), 数量: 700, 市值: 7854.0元 休闲食品
✅持仓: 贝肯能源(002828.SZ), 占比 11.47%, 涨跌幅: -2.23% (-202.00), 数量: 800, 市值: 8848.0元 油服工程
✅持仓: 庄园牧场(002910.SZ), 占比 11.45%, 涨跌幅: -4.30% (-396.85), 数量: 800, 市值: 8832.0元 饮料乳品
✅持仓: 华斯股份(002494.SZ) 0股
✅*******************总资产 77131.17  剩余可用金额 92.67元*******************


rebalance_buy count  4
init
建立交易连接，返回0表示连接成功 0
策略初始化完成：每月初调仓，持有市值最小的9只股票, 初始资金372.67
***** xtdata连接成功 *****
服务信息: {'tag': 'sp3', 'version': '1.0'}
服务地址: 127.0.0.1:58610
数据路径: C:\QMT\bin.x64/../userdata_mini/datadir
设置xtdata.enable_hello = False可隐藏此消息

今天是交易日吗 True
judge_date count  1
中小综指成分股数量：961
['002001.SZ', '002003.SZ', '002004.SZ', '002005.SZ', '002006.SZ', '002007.SZ', '002008.SZ', '002009.SZ', '002010.SZ', '002011.SZ']
涨停 002067.SZ 景兴纸业
涨停 002123.SZ 梦网科技
涨停 002135.SZ 东南网架
涨停 002150.SZ 正泰电源
涨停 002173.SZ 创新医疗
涨停 002178.SZ 延华智能
跌停 002181.SZ 粤 传 媒
002231.SZ cannot get instrument detail !!!
涨停 002272.SZ 川润股份
跌停 002342.SZ 巨力索具
涨停 002375.SZ 亚厦股份
涨停 002421.SZ 达实智能
涨停 002552.SZ 宝鼎科技
涨停 002782.SZ 可立克
涨停 002893.SZ 京能热力
过滤ST/*ST股票后，剩余 874 只
prepare_stock_list count  2
******************当日(2026-05-19 13:02:16.031292)持仓市值: 76578.00元*******************
✅持仓: 中天服务(002188.SZ), 占比 11.56%, 涨跌幅: -5.63% (-530.00), 数量: 1300, 市值: 8892.0元 房地产服务
✅持仓: 亚联发展(002316.SZ), 占比 10.72%, 涨跌幅: -3.58% (-306.00), 数量: 1500, 市值: 8250.0元 多元金融
✅持仓: 嘉麟杰(002486.SZ), 占比 11.08%, 涨跌幅: -0.79% (-67.50), 数量: 3100, 市值: 8525.0元 服装家纺
✅持仓: 光正眼科(002524.SZ), 占比 10.99%, 涨跌幅: -5.79% (-520.00), 数量: 2000, 市值: 8460.0元 医疗服务
✅持仓: 百洋股份(002696.SZ), 占比 11.07%, 涨跌幅: -5.23% (-469.72), 数量: 1300, 市值: 8515.0元 饲料
✅持仓: 富煌钢构(002743.SZ), 占比 10.98%, 涨跌幅: -2.27% (-196.00), 数量: 1600, 市值: 8448.0元 专业工程
✅持仓: 桂发祥(002820.SZ), 占比 10.19%, 涨跌幅: -5.27% (-436.00), 数量: 700, 市值: 7840.0元 休闲食品
✅持仓: 贝肯能源(002828.SZ), 占比 11.50%, 涨跌幅: -2.23% (-202.00), 数量: 800, 市值: 8848.0元 油服工程
✅持仓: 庄园牧场(002910.SZ), 占比 11.44%, 涨跌幅: -4.65% (-428.85), 数量: 800, 市值: 8800.0元 饮料乳品
✅持仓: 华斯股份(002494.SZ) 0股
✅*******************总资产 76950.67  剩余可用金额 372.67元*******************


init
建立交易连接，返回0表示连接成功 0
策略初始化完成：每月初调仓，持有市值最小的9只股票, 初始资金372.67
***** xtdata连接成功 *****
服务信息: {'tag': 'sp3', 'version': '1.0'}
服务地址: 127.0.0.1:58610
数据路径: C:\QMT\bin.x64/../userdata_mini/datadir
设置xtdata.enable_hello = False可隐藏此消息

今天是交易日吗 True
judge_date count  1
中小综指成分股数量：961
['002001.SZ', '002003.SZ', '002004.SZ', '002005.SZ', '002006.SZ', '002007.SZ', '002008.SZ', '002009.SZ', '002010.SZ', '002011.SZ']
涨停 002067.SZ 景兴纸业
涨停 002123.SZ 梦网科技
涨停 002135.SZ 东南网架
涨停 002150.SZ 正泰电源
涨停 002173.SZ 创新医疗
涨停 002178.SZ 延华智能
跌停 002181.SZ 粤 传 媒
002231.SZ cannot get instrument detail !!!
涨停 002246.SZ 北化股份
涨停 002272.SZ 川润股份
跌停 002342.SZ 巨力索具
涨停 002375.SZ 亚厦股份
涨停 002421.SZ 达实智能
涨停 002552.SZ 宝鼎科技
涨停 002782.SZ 可立克
涨停 002893.SZ 京能热力
过滤ST/*ST股票后，剩余 873 只
prepare_stock_list count  2
✅========== 执行周度调仓，日期：2026-05-19 13:13:13.872503 ==========
******************当日(2026-05-19 13:13:13.872503)持仓市值: 76744.00元*******************
✅持仓: 中天服务(002188.SZ), 占比 11.55%, 涨跌幅: -5.49% (-517.00), 数量: 1300, 市值: 8905.0元 房地产服务
✅持仓: 亚联发展(002316.SZ), 占比 10.72%, 涨跌幅: -3.40% (-291.00), 数量: 1500, 市值: 8265.0元 多元金融
✅持仓: 嘉麟杰(002486.SZ), 占比 11.09%, 涨跌幅: -0.42% (-36.50), 数量: 3100, 市值: 8556.0元 服装家纺
✅持仓: 光正眼科(002524.SZ), 占比 11.00%, 涨跌幅: -5.57% (-500.00), 数量: 2000, 市值: 8480.0元 医疗服务
✅持仓: 百洋股份(002696.SZ), 占比 11.04%, 涨跌幅: -5.23% (-469.72), 数量: 1300, 市值: 8515.0元 饲料
✅持仓: 富煌钢构(002743.SZ), 占比 11.04%, 涨跌幅: -1.53% (-132.00), 数量: 1600, 市值: 8512.0元 专业工程
✅持仓: 桂发祥(002820.SZ), 占比 10.18%, 涨跌幅: -5.18% (-429.00), 数量: 700, 市值: 7847.0元 休闲食品
✅持仓: 贝肯能源(002828.SZ), 占比 11.48%, 涨跌幅: -2.14% (-194.00), 数量: 800, 市值: 8856.0元 油服工程
✅持仓: 庄园牧场(002910.SZ), 占比 11.42%, 涨跌幅: -4.56% (-420.85), 数量: 800, 市值: 8808.0元 饮料乳品
✅持仓: 华斯股份(002494.SZ) 0股
✅*******************总资产 77116.67  剩余可用金额 372.67元*******************


get_small_cap_stocks   2026-05-19 13:13:13.872503    head 9
    第 1名: 庄园牧场(002910.SZ), 流通市值: 21.53 亿元 饮料乳品   <== 选中
    第 2名: 亚联发展(002316.SZ), 流通市值: 21.66 亿元 多元金融   <== 选中
    第 3名: 光正眼科(002524.SZ), 流通市值: 21.85 亿元 医疗服务   <== 选中
    第 4名: 贝肯能源(002828.SZ), 流通市值: 22.25 亿元 油服工程   <== 选中
    第 5名: 中天服务(002188.SZ), 流通市值: 22.41 亿元 房地产服务   <== 选中
    第 6名: 桂发祥(002820.SZ), 流通市值: 22.52 亿元 休闲食品   <== 选中
    第 7名: 百洋股份(002696.SZ), 流通市值: 22.65 亿元 饲料   <== 选中
    第 8名: 嘉麟杰(002486.SZ), 流通市值: 22.75 亿元 服装家纺   <== 选中
    第 9名: 华斯股份(002494.SZ), 流通市值: 22.83 亿元 服装家纺 
    第10名: 富煌钢构(002743.SZ), 流通市值: 23.16 亿元 专业工程   <== 选中
    第11名: 皓宸医疗(002622.SZ), 流通市值: 23.35 亿元 医疗服务 
    第12名: 新天药业(002873.SZ), 流通市值: 23.6 亿元 中药 
    第13名: 黄山胶囊(002817.SZ), 流通市值: 23.63 亿元 化学制药 
    第14名: 开普检测(003008.SZ), 流通市值: 23.63 亿元 专业服务 
    第15名: 登云股份(002715.SZ), 流通市值: 23.67 亿元 汽车零部件 
    第16名: 天元股份(003003.SZ), 流通市值: 23.79 亿元 包装印刷 
    第17名: 海象新材(003011.SZ), 流通市值: 23.91 亿元 家居用品 
    第18名: 乔治白(002687.SZ), 流通市值: 23.98 亿元 服装家纺 
    第19名: 宏达高科(002144.SZ), 流通市值: 23.99 亿元 纺织制造 
    第20名: 信隆健康(002105.SZ), 流通市值: 24.03 亿元 摩托车及其他 
未选到符合条件的股票，本日不调仓
rebalance_sell count  3
init
建立交易连接，返回0表示连接成功 0
策略初始化完成：每月初调仓，持有市值最小的9只股票, 初始资金372.67
***** xtdata连接成功 *****
服务信息: {'tag': 'sp3', 'version': '1.0'}
服务地址: 127.0.0.1:58610
数据路径: C:\QMT\bin.x64/../userdata_mini/datadir
设置xtdata.enable_hello = False可隐藏此消息

buy 002486.SZ passorder share 100
init
建立交易连接，返回0表示连接成功 0
策略初始化完成：每月初调仓，持有市值最小的9只股票, 初始资金92.17
***** xtdata连接成功 *****
服务信息: {'tag': 'sp3', 'version': '1.0'}
服务地址: 127.0.0.1:58610
数据路径: C:\QMT\bin.x64/../userdata_mini/datadir
设置xtdata.enable_hello = False可隐藏此消息

async_seq  None
buy_target_value failed 002486.SZ 嘉麟杰
init
建立交易连接，返回0表示连接成功 0
策略初始化完成：每月初调仓，持有市值最小的9只股票, 初始资金92.17
***** xtdata连接成功 *****
服务信息: {'tag': 'sp3', 'version': '1.0'}
服务地址: 127.0.0.1:58610
数据路径: C:\QMT\bin.x64/../userdata_mini/datadir
设置xtdata.enable_hello = False可隐藏此消息

002486.SZ 嘉麟杰 现价2.75 期望持仓 8883.30元,
现有持仓 8800.00元，相差 83.30元，需要买入股数 30.29不足100股，放弃交易
async_seq  None
buy_target_value failed 002486.SZ 嘉麟杰
init
建立交易连接，返回0表示连接成功 0
策略初始化完成：每月初调仓，持有市值最小的9只股票, 初始资金92.17
***** xtdata连接成功 *****
服务信息: {'tag': 'sp3', 'version': '1.0'}
服务地址: 127.0.0.1:58610
数据路径: C:\QMT\bin.x64/../userdata_mini/datadir
设置xtdata.enable_hello = False可隐藏此消息

buy 002486.SZ passorder target value 9883.30 current 8896.00 amount 300.00
async_seq  4
sleep  61
异步委托回调 投资备注: Buy 002486.SZ Tgt 9883.
委托报错回调 Buy 002486.SZ Tgt 9883. 对手方最优价格买入 [SZ002486] [COUNTER] [260200][可用资金不足]
[fund_account=8885388757,money_type=0,p_occur_ba
