init — 双策略合并版
QMT路径: C:\QMT\userdata_mini
建立交易连接，返回0表示连接成功 0
初始化申万二级行业映射...
***** xtdata连接成功 *****
服务信息: {'tag': 'sp3', 'version': '1.0'}
服务地址: 127.0.0.1:58610
数据路径: C:\QMT\bin.x64/../userdata_mini/datadir
设置xtdata.enable_hello = False可隐藏此消息

行业映射完成，共 958 只股票
双策略初始化完成: 动量50.0% + 小市值50.0%
  初始资产 65042.14, 可用资金 5083.14
******************当日(2026-08-14 09:37:42.182223) (周5) 持仓市值: 59935.00元*******************
✅德国ETF华安(513030.SH) 占比 9.70% 涨幅:   3.27% (199.80) x 3200 = 6304.0元 None
✅人工智能ETF华富(515980.SH) 占比 9.95% 涨幅:   3.27% (205.00) x 6000 = 6468.0元 None
✅中天服务(002188.SZ) 占比 8.18% 涨幅:  14.63% (679.00) x 1000 = 5320.0元 房地产服务
✅亚联发展(002316.SZ) 占比 8.18% 涨幅:   9.00% (439.00) x 1200 = 5316.0元 综合
✅华斯股份(002494.SZ) 占比 7.97% 涨幅:   9.17% (435.00) x 1100 = 5181.0元 服装家纺
✅海源复材(002529.SZ) 占比 8.66% 涨幅:  10.06% (515.00) x 800 = 5632.0元 专用设备
✅恒大高新(002591.SZ) 占比 8.67% 涨幅:  55.99% (2022.18) x 900 = 5634.0元 化学制品
✅富煌钢构(002743.SZ) 占比 8.53% 涨幅:  13.35% (653.00) x 1400 = 5544.0元 专业工程
✅凤形股份(002760.SZ) 占比 5.38% 涨幅:   2.43% (83.00) x 200 = 3496.0元 通用设备
✅桂发祥(002820.SZ) 占比 8.34% 涨幅:   7.38% (373.00) x 600 = 5424.0元 休闲食品
✅庄园牧场(002910.SZ) 占比 8.64% 涨幅:  13.75% (679.00) x 600 = 5616.0元 饮料乳品
✅*******************总资产 65018.14 剩余可用金额 5083.14元*******************
  [动量策略] 预留现金: 2,541.57 | 持仓市值: 12,772.00 | 总资产: 15,313.57
    持仓: 德国ETF华安, 人工智能ETF华富
  [小市值策略] 预留现金: 2,541.57 | 持仓市值: 47,163.00 | 总资产: 49,704.57
    持仓: 中天服务, 亚联发展, 华斯股份, 海源复材, 恒大高新, 富煌钢构, 凤形股份, 桂发祥, 庄园牧场

start
调度器已启动 — 动量(每天11:00) + 小市值(周二) 
sleep a day
今天是交易日吗 True
judge_date count  1
中小综指成分股数量：958
['002001.SZ', '002003.SZ', '002004.SZ', '002005.SZ', '002006.SZ', '002007.SZ', '002008.SZ', '002009.SZ', '002010.SZ', '002011.SZ']
跌停 002047.SZ 宝鹰股份
涨停 002172.SZ 澳洋健康
涨停 002322.SZ 理工能科
跌停 002329.SZ 皇氏集团
涨停 002418.SZ 康盛股份
涨停 002674.SZ 兴业科技
涨停 002724.SZ 海洋王
涨停 002774.SZ 快意电梯
涨停 002907.SZ 华森制药
涨停 002951.SZ 金时科技
过滤ST/*ST股票后，剩余 894 只
prepare_stock_list count  2
大盘涨幅 -1.75%
stop_loss count  3

✅========== [动量策略] 每日调仓 2026-08-14 ==========

========== [短期动量] 开始 (窗口=25天) ==========
  纳指ETF国泰(513100.SH): 年化=101.8042% R²=0.3091 近3日最大跌幅 0.00% 得分=0.3147
  日经ETF华夏(513520.SH): 年化=93.0783% R²=0.1048 近3日最大跌幅 -0.47% 得分=0.0976
  德国ETF华安(513030.SH): 年化=255.7480% R²=0.8010 近3日最大跌幅 -1.44% 得分=2.0486 -> [淘汰] 分数超出阈值2
  黄金ETF华安(518880.SH): 年化=149.0251% R²=0.6236 近3日最大跌幅 1.52% 得分=0.9294
  有色ETF大成(159980.SZ): 年化=51.8888% R²=0.8053 近3日最大跌幅 1.06% 得分=0.4179
  豆粕ETF华夏(159985.SZ): 年化=-36.4029% R²=0.2950 近3日最大跌幅 0.38% 得分=-0.1074 -> [淘汰]
  南方原油LOF(501018.SH): 年化=-64.4044% R²=0.1602 近3日最大跌幅 1.00% 得分=-0.1031 -> [淘汰]
  30年国债ETF鹏扬(511090.SH): 年化=32.1550% R²=0.9438 近3日最大跌幅 0.07% 得分=0.3035
  恒生科技ETF华泰柏瑞(513130.SH): 年化=23.2061% R²=0.1608 近3日最大跌幅 1.51% 得分=0.0373
  人工智能ETF华富(515980.SH): 年化=-57.3559% R²=0.2882 近3日最大跌幅 -0.19% 得分=-0.1653 -> [淘汰]
  >>> 短期动量最终选出: 黄金ETF华安(518880.SH)

========== [长期动量] 开始 (窗口=250天) ==========
  纳指ETF国泰(513100.SH): 年化=29.2312% R²=0.5765 近3日最大跌幅 0.00% 得分=0.1685
  日经ETF华夏(513520.SH): 年化=46.7619% R²=0.7821 近3日最大跌幅 -0.47% 得分=0.3657
  德国ETF华安(513030.SH): 年化=-4.8647% R²=0.1611 近3日最大跌幅 -1.44% 得分=-0.0078 -> [淘汰]
  黄金ETF华安(518880.SH): 年化=1.7772% R²=0.0170 近3日最大跌幅 1.52% 得分=0.0003
  有色ETF大成(159980.SZ): 年化=24.6640% R²=0.7106 近3日最大跌幅 1.06% 得分=0.1753
  豆粕ETF华夏(159985.SZ): 年化=10.2937% R²=0.4026 近3日最大跌幅 0.38% 得分=0.0414
  南方原油LOF(501018.SH): 年化=103.5388% R²=0.5914 近3日最大跌幅 1.00% 得分=0.6123 -> [淘汰] 分数超出阈值0.6
  30年国债ETF鹏扬(511090.SH): 年化=0.0358% R²=-0.0028 近3日最大跌幅 0.07% 得分=-0.0000 -> [淘汰]
  恒生科技ETF华泰柏瑞(513130.SH): 年化=-31.8320% R²=0.8239 近3日最大跌幅 1.34% 得分=-0.2623 -> [淘汰]
  人工智能ETF华富(515980.SH): 年化=57.5677% R²=0.7017 近3日最大跌幅 -0.19% 得分=0.4039
  >>> 长期动量最终选出: 人工智能ETF华富(515980.SH)

========== 选股汇总 ==========
  短期动量选出: 黄金ETF华安(518880.SH)
  长期动量选出: 人工智能ETF华富(515980.SH)

收到信号 2，关闭调度器...
调度器已关闭
init — 双策略合并版
QMT路径: C:\QMT\userdata_mini
建立交易连接，返回0表示连接成功 0
初始化申万二级行业映射...
***** xtdata连接成功 *****
服务信息: {'tag': 'sp3', 'version': '1.0'}
服务地址: 127.0.0.1:58610
数据路径: C:\QMT\bin.x64/../userdata_mini/datadir
设置xtdata.enable_hello = False可隐藏此消息

行业映射完成，共 958 只股票
双策略初始化完成: 动量50.0% + 小市值50.0%
  初始资产 65827.54, 可用资金 5083.14
******************当日(2026-08-14 11:39:46.366199) (周5) 持仓市值: 60744.40元*******************
✅德国ETF华安(513030.SH) 占比 9.63% 涨幅:   3.90% (238.20) x 3200 = 6342.4元 None
✅人工智能ETF华富(515980.SH) 占比 9.73% 涨幅:   2.32% (145.00) x 6000 = 6408.0元 None
✅中天服务(002188.SZ) 占比 8.08% 涨幅:  14.63% (679.00) x 1000 = 5320.0元 房地产服务
✅亚联发展(002316.SZ) 占比 8.11% 涨幅:   9.49% (463.00) x 1200 = 5340.0元 综合
✅华斯股份(002494.SZ) 占比 7.92% 涨幅:   9.86% (468.00) x 1100 = 5214.0元 服装家纺
✅海源复材(002529.SZ) 占比 8.59% 涨幅:  10.53% (539.00) x 800 = 5656.0元 专用设备
✅恒大高新(002591.SZ) 占比 8.56% 涨幅:  55.99% (2022.18) x 900 = 5634.0元 化学制品
✅富煌钢构(002743.SZ) 占比 8.49% 涨幅:  14.21% (695.00) x 1400 = 5586.0元 专业工程
✅凤形股份(002760.SZ) 占比 5.34% 涨幅:   2.96% (101.00) x 200 = 3514.0元 通用设备
✅桂发祥(002820.SZ) 占比 9.24% 涨幅:  20.45% (1033.00) x 600 = 6084.0元 休闲食品
✅庄园牧场(002910.SZ) 占比 8.58% 涨幅:  14.36% (709.00) x 600 = 5646.0元 饮料乳品
✅*******************总资产 65827.54 剩余可用金额 5083.14元*******************
  [动量策略] 预留现金: 2,541.57 | 持仓市值: 12,750.40 | 总资产: 15,291.97
    持仓: 德国ETF华安, 人工智能ETF华富
  [小市值策略] 预留现金: 2,541.57 | 持仓市值: 47,994.00 | 总资产: 50,535.57
    持仓: 中天服务, 亚联发展, 华斯股份, 海源复材, 恒大高新, 富煌钢构, 凤形股份, 桂发祥, 庄园牧场

start
调度器已启动 — 动量(每天11:00) + 小市值(周二) 
sleep a day
今天是交易日吗 True
judge_date count  1
中小综指成分股数量：958
['002001.SZ', '002003.SZ', '002004.SZ', '002005.SZ', '002006.SZ', '002007.SZ', '002008.SZ', '002009.SZ', '002010.SZ', '002011.SZ']
跌停 002047.SZ 宝鹰股份
涨停 002081.SZ 金 螳 螂
涨停 002172.SZ 澳洋健康
涨停 002190.SZ 成飞集成
涨停 002322.SZ 理工能科
跌停 002400.SZ 省广集团
涨停 002418.SZ 康盛股份
涨停 002651.SZ 利君股份
涨停 002658.SZ 雪迪龙
涨停 002724.SZ 海洋王
涨停 002774.SZ 快意电梯
涨停 002811.SZ 郑中设计
涨停 002907.SZ 华森制药
涨停 002951.SZ 金时科技
过滤ST/*ST股票后，剩余 890 只
prepare_stock_list count  2

✅========== [动量策略] 每日调仓 2026-08-14 ==========

========== [短期动量] 开始 (窗口=25天) ==========
  纳指ETF国泰(513100.SH): 年化=103.2357% R²=0.3123 近3日最大跌幅 0.00% 得分=0.3224
  日经ETF华夏(513520.SH): 年化=91.0209% R²=0.1019 近3日最大跌幅 -0.47% 得分=0.0928
  德国ETF华安(513030.SH): 年化=257.4674% R²=0.8000 近3日最大跌幅 -1.59% 得分=2.0597 -> [淘汰] 分数超出阈值2
  黄金ETF华安(518880.SH): 年化=150.5414% R²=0.6266 近3日最大跌幅 1.33% 得分=0.9433
  有色ETF大成(159980.SZ): 年化=52.7956% R²=0.8166 近3日最大跌幅 1.06% 得分=0.4311
  豆粕ETF华夏(159985.SZ): 年化=-36.2132% R²=0.2921 近3日最大跌幅 0.38% 得分=-0.1058 -> [淘汰]
  南方原油LOF(501018.SH): 年化=-64.4676% R²=0.1605 近3日最大跌幅 1.00% 得分=-0.1035 -> [淘汰]
  30年国债ETF鹏扬(511090.SH): 年化=32.1973% R²=0.9441 近3日最大跌幅 0.07% 得分=0.3040
  恒生科技ETF华泰柏瑞(513130.SH): 年化=22.5404% R²=0.1530 近3日最大跌幅 1.68% 得分=0.0345
  人工智能ETF华富(515980.SH): 年化=-57.2287% R²=0.2868 近3日最大跌幅 -0.28% 得分=-0.1641 -> [淘汰]
  >>> 短期动量最终选出: 黄金ETF华安(518880.SH)

========== [长期动量] 开始 (窗口=250天) ==========
  纳指ETF国泰(513100.SH): 年化=29.2415% R²=0.5766 近3日最大跌幅 0.00% 得分=0.1686
  日经ETF华夏(513520.SH): 年化=46.7443% R²=0.7821 近3日最大跌幅 -0.47% 得分=0.3656
  德国ETF华安(513030.SH): 年化=-4.8596% R²=0.1607 近3日最大跌幅 -1.59% 得分=-0.0078 -> [淘汰]
  黄金ETF华安(518880.SH): 年化=1.7842% R²=0.0171 近3日最大跌幅 1.33% 得分=0.0003
  有色ETF大成(159980.SZ): 年化=24.6724% R²=0.7107 近3日最大跌幅 1.06% 得分=0.1754
  豆粕ETF华夏(159985.SZ): 年化=10.2974% R²=0.4027 近3日最大跌幅 0.38% 得分=0.0415
  南方原油LOF(501018.SH): 年化=103.5347% R²=0.5913 近3日最大跌幅 1.00% 得分=0.6122 -> [淘汰] 分数超出阈值0.6
  30年国债ETF鹏扬(511090.SH): 年化=0.0363% R²=-0.0028 近3日最大跌幅 0.07% 得分=-0.0000 -> [淘汰]
  恒生科技ETF华泰柏瑞(513130.SH): 年化=-31.8403% R²=0.8241 近3日最大跌幅 1.68% 得分=-0.2624 -> [淘汰]
  人工智能ETF华富(515980.SH): 年化=57.5730% R²=0.7017 近3日最大跌幅 -0.28% 得分=0.4040
  >>> 长期动量最终选出: 人工智能ETF华富(515980.SH)

========== 选股汇总 ==========
  短期动量选出: 黄金ETF华安(518880.SH)
  长期动量选出: 人工智能ETF华富(515980.SH)
-----------
  只买短期
-----------
  总资产: 65,764.54, 动量总资产: 15,297.97
  [调出] 人工智能ETF华富(515980.SH) → 清仓
async_seq  13
卖出 515980.SH 手续费 5，印花税 0
成功清仓 515980.SH 后，策略0 增加资金6409.00, 现有资金为 8950.57
sleep 30s
异步委托回调 投资备注: 清仓515980.SH 
  [调出] 德国ETF华安(513030.SH) → 清仓
async_seq  15
卖出 513030.SH 手续费 5，印花税 0
成功清仓 513030.SH 后，策略0 增加资金6334.20, 现有资金为 15284.77
sleep 30s
异步委托回调 投资备注: 清仓513030.SH 
  [与目标差异太小，不减仓] 黄金ETF华安(518880.SH): 0.00 → 15,297.97
  [加仓] 黄金ETF华安(518880.SH): 0.00 → 15,297.97
buy 518880.SH passorder target value 15297.97 current 0.00 amount 1700 @8.93
成功买入 518880.SH 后，策略0 减少资金15165.70, 再扣除佣金5.0, 现有资金为 114.07
async_seq  17
✅========== [动量策略] 调仓结束 ==========

异步委托回调 投资备注: Buy 518880.SH Tgt 15297
check_limit_up count  3
sleep 20s
******************当日(2026-08-14 14:12:20.008890) (周5) 持仓市值: 63234.60元*******************
✅中天服务(002188.SZ) 占比 8.10% 涨幅:  15.06% (699.00) x 1000 = 5340.0元 房地产服务
✅亚联发展(002316.SZ) 占比 8.10% 涨幅:   9.49% (463.00) x 1200 = 5340.0元 综合
✅华斯股份(002494.SZ) 占比 7.93% 涨幅:  10.09% (479.00) x 1100 = 5225.0元 服装家纺
✅海源复材(002529.SZ) 占比 8.55% 涨幅:  10.06% (515.00) x 800 = 5632.0元 专用设备
✅恒大高新(002591.SZ) 占比 8.62% 涨幅:  57.23% (2067.18) x 900 = 5679.0元 化学制品
✅富煌钢构(002743.SZ) 占比 8.48% 涨幅:  14.21% (695.00) x 1400 = 5586.0元 专业工程
✅凤形股份(002760.SZ) 占比 5.33% 涨幅:   2.96% (101.00) x 200 = 3514.0元 通用设备
✅桂发祥(002820.SZ) 占比 9.23% 涨幅:  20.45% (1033.00) x 600 = 6084.0元 休闲食品
✅庄园牧场(002910.SZ) 占比 8.56% 涨幅:  14.24% (703.00) x 600 = 5640.0元 饮料乳品
✅黄金ETF华安(518880.SH) 占比 23.06% 涨幅:   0.19% (29.30) x 1700 = 15194.6元 None
✅持仓: 德国ETF华安(513030.SH) 0股
✅持仓: 人工智能ETF华富(515980.SH) 0股
✅*******************总资产 65890.64 剩余可用金额 2656.04元*******************
  [动量策略] 预留现金: 114.07 | 持仓市值: 15,194.60 | 总资产: 15,308.67
    持仓: 黄金ETF华安
  [小市值策略] 预留现金: 2,541.57 | 持仓市值: 48,040.00 | 总资产: 50,581.57
    持仓: 中天服务, 亚联发展, 华斯股份, 海源复材, 恒大高新, 富煌钢构, 凤形股份, 桂发祥, 庄园牧场

check_remain_amount count  4
******************当日(2026-08-14 15:02:00.031357) (周5) 持仓市值: 63289.20元*******************
✅中天服务(002188.SZ) 占比 8.11% 涨幅:  15.28% (709.00) x 1000 = 5350.0元 房地产服务
✅亚联发展(002316.SZ) 占比 8.08% 涨幅:   9.25% (451.00) x 1200 = 5328.0元 综合
✅华斯股份(002494.SZ) 占比 7.91% 涨幅:   9.86% (468.00) x 1100 = 5214.0元 服装家纺
✅海源复材(002529.SZ) 占比 8.56% 涨幅:  10.38% (531.00) x 800 = 5648.0元 专用设备
✅恒大高新(002591.SZ) 占比 8.61% 涨幅:  57.23% (2067.18) x 900 = 5679.0元 化学制品
✅富煌钢构(002743.SZ) 占比 8.51% 涨幅:  14.78% (723.00) x 1400 = 5614.0元 专业工程
✅凤形股份(002760.SZ) 占比 5.33% 涨幅:   2.90% (99.00) x 200 = 3512.0元 通用设备
✅桂发祥(002820.SZ) 占比 9.23% 涨幅:  20.45% (1033.00) x 600 = 6084.0元 休闲食品
✅庄园牧场(002910.SZ) 占比 8.57% 涨幅:  14.48% (715.00) x 600 = 5652.0元 饮料乳品
✅黄金ETF华安(518880.SH) 占比 23.06% 涨幅:   0.25% (37.90) x 1700 = 15208.2元 None
✅持仓: 德国ETF华安(513030.SH) 0股
✅持仓: 人工智能ETF华富(515980.SH) 0股
✅*******************总资产 65945.24 剩余可用金额 2656.04元*******************
  [动量策略] 预留现金: 114.07 | 持仓市值: 15,208.20 | 总资产: 15,322.27
    持仓: 黄金ETF华安
  [小市值策略] 预留现金: 2,541.57 | 持仓市值: 48,081.00 | 总资产: 50,622.57
    持仓: 中天服务, 亚联发展, 华斯股份, 海源复材, 恒大高新, 富煌钢构, 凤形股份, 桂发祥, 庄园牧场

  策略资金总和为2655.64，账面资金为2656.04

资金差额为0.40
  [动量策略] 上一交易日现金记录2,541.57
  [小市值策略] 上一交易日现金记录2,541.57
小市值策略资金与上一交易日持平，更新动量策略资金
  [动量策略] 预留现金: 114.47, 现金记录更新114.47
  [小市值策略] 预留现金: 2,541.57, 现金记录更新2,541.57
==============================
今日股票收益: 117.70 元
收益率:       0.18 %
==============================


close XtMiniQmt.exe success
open QMT success
reconnect
QMT路径: C:\QMT\userdata_mini
new g.xt_trader
start
建立交易连接，返回0表示连接成功 0

收到信号 2，关闭调度器...
调度器已关闭
init — 双策略合并版
QMT路径: C:\QMT\userdata_mini
建立交易连接，返回0表示连接成功 0
初始化申万二级行业映射...
***** xtdata连接成功 *****
服务信息: {'tag': 'sp3', 'version': '1.0'}
服务地址: 127.0.0.1:58610
数据路径: C:\QMT\bin.x64/../userdata_mini/datadir
设置xtdata.enable_hello = False可隐藏此消息

行业映射完成，共 958 只股票
双策略初始化完成: 动量1.0% + 小市值99.0%
  初始资产 65945.24, 可用资金 2656.04
******************当日(2026-08-14 18:23:21.633314) (周5) 持仓市值: 63289.20元*******************
✅黄金ETF华安(518880.SH) 占比 23.06% 涨幅:   0.25% (37.90) x 1700 = 15208.2元 None
✅中天服务(002188.SZ) 占比 8.11% 涨幅:  15.28% (709.00) x 1000 = 5350.0元 房地产服务
✅亚联发展(002316.SZ) 占比 8.08% 涨幅:   9.25% (451.00) x 1200 = 5328.0元 综合
✅华斯股份(002494.SZ) 占比 7.91% 涨幅:   9.86% (468.00) x 1100 = 5214.0元 服装家纺
✅海源复材(002529.SZ) 占比 8.56% 涨幅:  10.38% (531.00) x 800 = 5648.0元 专用设备
✅恒大高新(002591.SZ) 占比 8.61% 涨幅:  57.23% (2067.18) x 900 = 5679.0元 化学制品
✅富煌钢构(002743.SZ) 占比 8.51% 涨幅:  14.78% (723.00) x 1400 = 5614.0元 专业工程
✅凤形股份(002760.SZ) 占比 5.33% 涨幅:   2.90% (99.00) x 200 = 3512.0元 通用设备
✅桂发祥(002820.SZ) 占比 9.23% 涨幅:  20.45% (1033.00) x 600 = 6084.0元 休闲食品
✅庄园牧场(002910.SZ) 占比 8.57% 涨幅:  14.48% (715.00) x 600 = 5652.0元 饮料乳品
✅持仓: 德国ETF华安(513030.SH) 0股
✅持仓: 人工智能ETF华富(515980.SH) 0股
✅*******************总资产 65945.24 剩余可用金额 2656.04元*******************
  [动量策略] 预留现金: 26.56 | 持仓市值: 0.00 | 总资产: 26.56
    持仓: 德国ETF华安, 人工智能ETF华富
  [小市值策略] 预留现金: 2,629.48 | 持仓市值: 48,081.00 | 总资产: 50,710.48
    持仓: 中天服务, 亚联发展, 华斯股份, 海源复材, 恒大高新, 富煌钢构, 凤形股份, 桂发祥, 庄园牧场

  各策略的资金总和与账面资金吻合

==============================
今日股票收益: 0.00 元
收益率:       0.00 %
==============================


start
调度器已启动 — 动量(每天11:00) + 小市值(周二) 
sleep a day

收到信号 2，关闭调度器...
调度器已关闭
init — 双策略合并版
QMT路径: C:\QMT\userdata_mini
建立交易连接，返回0表示连接成功 0
初始化申万二级行业映射...
***** xtdata连接成功 *****
服务信息: {'tag': 'sp3', 'version': '1.0'}
服务地址: 127.0.0.1:58610
数据路径: C:\QMT\bin.x64/../userdata_mini/datadir
设置xtdata.enable_hello = False可隐藏此消息

行业映射完成，共 958 只股票
双策略初始化完成: 动量1.0% + 小市值99.0%
  初始资产 65945.24, 可用资金 2656.04
******************当日(2026-08-14 18:24:09.279961) (周5) 持仓市值: 63289.20元*******************
✅黄金ETF华安(518880.SH) 占比 23.06% 涨幅:   0.25% (37.90) x 1700 = 15208.2元 None
✅中天服务(002188.SZ) 占比 8.11% 涨幅:  15.28% (709.00) x 1000 = 5350.0元 房地产服务
✅亚联发展(002316.SZ) 占比 8.08% 涨幅:   9.25% (451.00) x 1200 = 5328.0元 综合
✅华斯股份(002494.SZ) 占比 7.91% 涨幅:   9.86% (468.00) x 1100 = 5214.0元 服装家纺
✅海源复材(002529.SZ) 占比 8.56% 涨幅:  10.38% (531.00) x 800 = 5648.0元 专用设备
✅恒大高新(002591.SZ) 占比 8.61% 涨幅:  57.23% (2067.18) x 900 = 5679.0元 化学制品
✅富煌钢构(002743.SZ) 占比 8.51% 涨幅:  14.78% (723.00) x 1400 = 5614.0元 专业工程
✅凤形股份(002760.SZ) 占比 5.33% 涨幅:   2.90% (99.00) x 200 = 3512.0元 通用设备
✅桂发祥(002820.SZ) 占比 9.23% 涨幅:  20.45% (1033.00) x 600 = 6084.0元 休闲食品
✅庄园牧场(002910.SZ) 占比 8.57% 涨幅:  14.48% (715.00) x 600 = 5652.0元 饮料乳品
✅持仓: 德国ETF华安(513030.SH) 0股
✅持仓: 人工智能ETF华富(515980.SH) 0股
✅*******************总资产 65945.24 剩余可用金额 2656.04元*******************
  [动量策略] 预留现金: 26.56 | 持仓市值: 15,208.20 | 总资产: 15,234.76
    持仓: 黄金ETF华安
  [小市值策略] 预留现金: 2,629.48 | 持仓市值: 48,081.00 | 总资产: 50,710.48
    持仓: 中天服务, 亚联发展, 华斯股份, 海源复材, 恒大高新, 富煌钢构, 凤形股份, 桂发祥, 庄园牧场

  各策略的资金总和与账面资金吻合

==============================
今日股票收益: 0.00 元
收益率:       0.00 %
==============================


start
调度器已启动 — 动量(每天11:00) + 小市值(周二) 
sleep a day
今天是交易日吗 False
judge_date count  1
******************当日(2026-08-15 15:02:00.033026) (周6) 持仓市值: 63289.20元*******************
✅黄金ETF华安(518880.SH) 占比 23.06% 涨幅:   0.25% (37.90) x 1700 = 15208.2元 None
✅中天服务(002188.SZ) 占比 8.11% 涨幅:  15.28% (709.00) x 1000 = 5350.0元 房地产服务
✅亚联发展(002316.SZ) 占比 8.08% 涨幅:   9.25% (451.00) x 1200 = 5328.0元 综合
✅华斯股份(002494.SZ) 占比 7.91% 涨幅:   9.86% (468.00) x 1100 = 5214.0元 服装家纺
✅海源复材(002529.SZ) 占比 8.56% 涨幅:  10.38% (531.00) x 800 = 5648.0元 专用设备
✅恒大高新(002591.SZ) 占比 8.61% 涨幅:  57.23% (2067.18) x 900 = 5679.0元 化学制品
✅富煌钢构(002743.SZ) 占比 8.51% 涨幅:  14.78% (723.00) x 1400 = 5614.0元 专业工程
✅凤形股份(002760.SZ) 占比 5.33% 涨幅:   2.90% (99.00) x 200 = 3512.0元 通用设备
✅桂发祥(002820.SZ) 占比 9.23% 涨幅:  20.45% (1033.00) x 600 = 6084.0元 休闲食品
✅庄园牧场(002910.SZ) 占比 8.57% 涨幅:  14.48% (715.00) x 600 = 5652.0元 饮料乳品
✅持仓: 德国ETF华安(513030.SH) 0股
✅持仓: 人工智能ETF华富(515980.SH) 0股
✅*******************总资产 65945.24 剩余可用金额 2656.04元*******************
  [动量策略] 预留现金: 26.56 | 持仓市值: 15,208.20 | 总资产: 15,234.76
    持仓: 黄金ETF华安
  [小市值策略] 预留现金: 2,629.48 | 持仓市值: 48,081.00 | 总资产: 50,710.48
    持仓: 中天服务, 亚联发展, 华斯股份, 海源复材, 恒大高新, 富煌钢构, 凤形股份, 桂发祥, 庄园牧场

  各策略的资金总和与账面资金吻合

==============================
今日股票收益: 0.00 元
收益率:       0.00 %
==============================


sleep a day
今天是交易日吗 False
judge_date count  1
******************当日(2026-08-16 15:02:00.027524) (周7) 持仓市值: 63289.20元*******************
✅黄金ETF华安(518880.SH) 占比 23.06% 涨幅:   0.25% (37.90) x 1700 = 15208.2元 None
✅中天服务(002188.SZ) 占比 8.11% 涨幅:  15.28% (709.00) x 1000 = 5350.0元 房地产服务
✅亚联发展(002316.SZ) 占比 8.08% 涨幅:   9.25% (451.00) x 1200 = 5328.0元 综合
✅华斯股份(002494.SZ) 占比 7.91% 涨幅:   9.86% (468.00) x 1100 = 5214.0元 服装家纺
✅海源复材(002529.SZ) 占比 8.56% 涨幅:  10.38% (531.00) x 800 = 5648.0元 专用设备
✅恒大高新(002591.SZ) 占比 8.61% 涨幅:  57.23% (2067.18) x 900 = 5679.0元 化学制品
✅富煌钢构(002743.SZ) 占比 8.51% 涨幅:  14.78% (723.00) x 1400 = 5614.0元 专业工程
✅凤形股份(002760.SZ) 占比 5.33% 涨幅:   2.90% (99.00) x 200 = 3512.0元 通用设备
✅桂发祥(002820.SZ) 占比 9.23% 涨幅:  20.45% (1033.00) x 600 = 6084.0元 休闲食品
✅庄园牧场(002910.SZ) 占比 8.57% 涨幅:  14.48% (715.00) x 600 = 5652.0元 饮料乳品
✅*******************总资产 65945.24 剩余可用金额 2656.04元*******************
  [动量策略] 预留现金: 26.56 | 持仓市值: 15,208.20 | 总资产: 15,234.76
    持仓: 黄金ETF华安
  [小市值策略] 预留现金: 2,629.48 | 持仓市值: 48,081.00 | 总资产: 50,710.48
    持仓: 中天服务, 亚联发展, 华斯股份, 海源复材, 恒大高新, 富煌钢构, 凤形股份, 桂发祥, 庄园牧场

  各策略的资金总和与账面资金吻合

==============================
今日股票收益: 0.00 元
收益率:       0.00 %
==============================


sleep a day
今天是交易日吗 True
judge_date count  1

************昨日(2026-08-16 09:31:00.008909)涨停 **************
['002820.SZ']

中小综指成分股数量：958
['002001.SZ', '002003.SZ', '002004.SZ', '002005.SZ', '002006.SZ', '002007.SZ', '002008.SZ', '002009.SZ', '002010.SZ', '002011.SZ']
涨停 002081.SZ 金 螳 螂
过滤ST/*ST股票后，剩余 903 只
prepare_stock_list count  2
大盘涨幅 -0.09%
stop_loss count  3

✅========== [动量策略] 每日调仓 2026-08-17 ==========

========== [短期动量] 开始 (窗口=25天) ==========
  纳指ETF国泰(513100.SH): 年化=125.7353% R²=0.4109 近3日最大跌幅 0.00% 得分=0.5166
  日经ETF华夏(513520.SH): 年化=129.9490% R²=0.2305 近3日最大跌幅 0.13% 得分=0.2996
  德国ETF华安(513030.SH): 年化=262.4951% R²=0.8646 近3日最大跌幅 0.56% 得分=2.2696 -> [淘汰] 分数超出阈值2
  黄金ETF华安(518880.SH): 年化=173.7948% R²=0.7125 近3日最大跌幅 1.06% 得分=1.2383
  有色ETF大成(159980.SZ): 年化=55.9280% R²=0.8381 近3日最大跌幅 1.06% 得分=0.4687
  豆粕ETF华夏(159985.SZ): 年化=-33.2178% R²=0.2749 近3日最大跌幅 -0.47% 得分=-0.0913 -> [淘汰]
  南方原油LOF(501018.SH): 年化=-72.6476% R²=0.3256 近3日最大跌幅 0.22% 得分=-0.2366 -> [淘汰]
  30年国债ETF鹏扬(511090.SH): 年化=32.3951% R²=0.9556 近3日最大跌幅 0.05% 得分=0.3096
  恒生科技ETF华泰柏瑞(513130.SH): 年化=21.8493% R²=0.1622 近3日最大跌幅 1.68% 得分=0.0354
  人工智能ETF华富(515980.SH): 年化=-40.2444% R²=0.1519 近3日最大跌幅 -0.28% 得分=-0.0611 -> [淘汰]
  >>> 短期动量最终选出: 黄金ETF华安(518880.SH)

========== [长期动量] 开始 (窗口=250天) ==========
  纳指ETF国泰(513100.SH): 年化=29.4015% R²=0.5782 近3日最大跌幅 0.00% 得分=0.1700
  日经ETF华夏(513520.SH): 年化=46.6392% R²=0.7821 近3日最大跌幅 0.13% 得分=0.3648
  德国ETF华安(513030.SH): 年化=-4.6704% R²=0.1513 近3日最大跌幅 0.56% 得分=-0.0071 -> [淘汰]
  黄金ETF华安(518880.SH): 年化=1.3913% R²=0.0128 近3日最大跌幅 1.06% 得分=0.0002
  有色ETF大成(159980.SZ): 年化=24.5148% R²=0.7091 近3日最大跌幅 1.06% 得分=0.1738
  豆粕ETF华夏(159985.SZ): 年化=10.3451% R²=0.4055 近3日最大跌幅 -0.47% 得分=0.0420
  南方原油LOF(501018.SH): 年化=102.8183% R²=0.5905 近3日最大跌幅 0.22% 得分=0.6072 -> [淘汰] 分数超出阈值0.6
  30年国债ETF鹏扬(511090.SH): 年化=0.1939% R²=-0.0106 近3日最大跌幅 0.05% 得分=-0.0000 -> [淘汰]
  恒生科技ETF华泰柏瑞(513130.SH): 年化=-31.8036% R²=0.8259 近3日最大跌幅 1.68% 得分=-0.2627 -> [淘汰]
  人工智能ETF华富(515980.SH): 年化=56.7050% R²=0.7008 近3日最大跌幅 -0.28% 得分=0.3974
  >>> 长期动量最终选出: 人工智能ETF华富(515980.SH)

========== 选股汇总 ==========
  短期动量选出: 黄金ETF华安(518880.SH)
  长期动量选出: 人工智能ETF华富(515980.SH)
-----------
  只买短期
-----------
  总资产: 67,278.34, 动量总资产: 15,425.16
  [与目标差异太小，不减仓] 黄金ETF华安(518880.SH): 15,398.60 → 15,425.16
  [与目标差异太小，不加仓] 黄金ETF华安(518880.SH): 15,398.60 → 15,425.16 策略资金26.56
✅========== [动量策略] 调仓结束 ==========

002820.SZ 桂发祥 股价11.15 涨幅9.96%
002820.SZ 桂发祥涨停，继续持有
check_limit_up count  4
sleep 20s
******************当日(2026-08-17 14:12:20.012672) (周1) 持仓市值: 64961.90元*******************
✅黄金ETF华安(518880.SH) 占比 22.77% 涨幅:   1.49% (226.60) x 1700 = 15396.9元 None
✅中天服务(002188.SZ) 占比 8.18% 涨幅:  19.16% (889.00) x 1000 = 5530.0元 房地产服务
✅亚联发展(002316.SZ) 占比 8.06% 涨幅:  11.71% (571.00) x 1200 = 5448.0元 综合
✅华斯股份(002494.SZ) 占比 7.89% 涨幅:  12.41% (589.00) x 1100 = 5335.0元 服装家纺
✅海源复材(002529.SZ) 占比 8.46% 涨幅:  11.78% (603.00) x 800 = 5720.0元 专用设备
✅恒大高新(002591.SZ) 占比 8.52% 涨幅:  59.48% (2148.18) x 900 = 5760.0元 化学制品
✅富煌钢构(002743.SZ) 占比 8.39% 涨幅:  15.93% (779.00) x 1400 = 5670.0元 专业工程
✅凤形股份(002760.SZ) 占比 5.29% 涨幅:   4.72% (161.00) x 200 = 3574.0元 通用设备
✅桂发祥(002820.SZ) 占比 9.89% 涨幅:  32.45% (1639.00) x 600 = 6690.0元 休闲食品
✅庄园牧场(002910.SZ) 占比 8.63% 涨幅:  18.25% (901.00) x 600 = 5838.0元 饮料乳品
✅*******************总资产 67617.94 剩余可用金额 2656.04元*******************
  [动量策略] 预留现金: 26.56 | 持仓市值: 15,396.90 | 总资产: 15,423.46
    持仓: 黄金ETF华安
  [小市值策略] 预留现金: 2,629.48 | 持仓市值: 49,565.00 | 总资产: 52,194.48
    持仓: 中天服务, 亚联发展, 华斯股份, 海源复材, 恒大高新, 富煌钢构, 凤形股份, 桂发祥, 庄园牧场

check_remain_amount count  5
******************当日(2026-08-17 15:02:00.028997) (周1) 持仓市值: 65160.60元*******************
✅黄金ETF华安(518880.SH) 占比 22.73% 涨幅:   1.62% (245.30) x 1700 = 15415.6元 None
✅中天服务(002188.SZ) 占比 8.20% 涨幅:  19.80% (919.00) x 1000 = 5560.0元 房地产服务
✅亚联发展(002316.SZ) 占比 8.07% 涨幅:  12.20% (595.00) x 1200 = 5472.0元 综合
✅华斯股份(002494.SZ) 占比 7.90% 涨幅:  12.87% (611.00) x 1100 = 5357.0元 服装家纺
✅海源复材(002529.SZ) 占比 8.48% 涨幅:  12.41% (635.00) x 800 = 5752.0元 专用设备
✅恒大高新(002591.SZ) 占比 8.55% 涨幅:  60.47% (2184.18) x 900 = 5796.0元 化学制品
✅富煌钢构(002743.SZ) 占比 8.38% 涨幅:  16.21% (793.00) x 1400 = 5684.0元 专业工程
✅凤形股份(002760.SZ) 占比 5.29% 涨幅:   5.19% (177.00) x 200 = 3590.0元 通用设备
✅桂发祥(002820.SZ) 占比 9.86% 涨幅:  32.45% (1639.00) x 600 = 6690.0元 休闲食品
✅庄园牧场(002910.SZ) 占比 8.62% 涨幅:  18.37% (907.00) x 600 = 5844.0元 饮料乳品
✅*******************总资产 67816.64 剩余可用金额 2656.04元*******************
  [动量策略] 预留现金: 26.56 | 持仓市值: 15,415.60 | 总资产: 15,442.16
    持仓: 黄金ETF华安
  [小市值策略] 预留现金: 2,629.48 | 持仓市值: 49,745.00 | 总资产: 52,374.48
    持仓: 中天服务, 亚联发展, 华斯股份, 海源复材, 恒大高新, 富煌钢构, 凤形股份, 桂发祥, 庄园牧场

  各策略的资金总和与账面资金吻合

==============================
今日股票收益: 1871.40 元
收益率:       2.84 %
==============================


sleep a day
今天是交易日吗 True
judge_date count  1

************昨日(2026-08-17 09:31:00.013624)涨停 **************
['002820.SZ']

中小综指成分股数量：958
['002001.SZ', '002003.SZ', '002004.SZ', '002005.SZ', '002006.SZ', '002007.SZ', '002008.SZ', '002009.SZ', '002010.SZ', '002011.SZ']
涨停 002515.SZ 金字火腿
涨停 002953.SZ 日丰股份
过滤ST/*ST股票后，剩余 902 只
prepare_stock_list count  2
✅========== [小市值策略] 周度调仓(卖出) 2026-08-18 09:55:00.052044 ==========
******************当日(2026-08-18 09:55:00.052044) (周2) 持仓市值: 66184.60元*******************
✅黄金ETF华安(518880.SH) 占比 22.44% 涨幅:   1.84% (279.30) x 1700 = 15449.6元 None
✅中天服务(002188.SZ) 占比 7.99% 涨幅:  18.51% (859.00) x 1000 = 5500.0元 房地产服务
✅亚联发展(002316.SZ) 占比 7.83% 涨幅:  10.48% (511.00) x 1200 = 5388.0元 综合
✅华斯股份(002494.SZ) 占比 7.72% 涨幅:  11.95% (567.00) x 1100 = 5313.0元 服装家纺
✅海源复材(002529.SZ) 占比 8.34% 涨幅:  12.25% (627.00) x 800 = 5744.0元 专用设备
✅恒大高新(002591.SZ) 占比 8.39% 涨幅:  59.97% (2166.18) x 900 = 5778.0元 化学制品
✅富煌钢构(002743.SZ) 占比 9.09% 涨幅:  27.95% (1367.00) x 1400 = 6258.0元 专业工程
✅凤形股份(002760.SZ) 占比 5.20% 涨幅:   4.83% (165.00) x 200 = 3578.0元 通用设备
✅桂发祥(002820.SZ) 占比 10.69% 涨幅:  45.75% (2311.00) x 600 = 7362.0元 休闲食品
✅庄园牧场(002910.SZ) 占比 8.45% 涨幅:  17.76% (877.00) x 600 = 5814.0元 饮料乳品
✅*******************总资产 68840.64 剩余可用金额 2656.04元*******************
  [动量策略] 预留现金: 26.56 | 持仓市值: 15,449.60 | 总资产: 15,476.16
    持仓: 黄金ETF华安
  [小市值策略] 预留现金: 2,629.48 | 持仓市值: 50,735.00 | 总资产: 53,364.48
    持仓: 中天服务, 亚联发展, 华斯股份, 海源复材, 恒大高新, 富煌钢构, 凤形股份, 桂发祥, 庄园牧场

get_small_cap_stocks   2026-08-18 09:55:00.052044    head 9
    第 1名: 亚联发展(002316.SZ), 流通市值: 17.65 亿元 综合   <== 选中
    第 2名: 中天服务(002188.SZ), 流通市值: 17.99 亿元 房地产服务   <== 选中
    第 3名: 华斯股份(002494.SZ), 流通市值: 18.22 亿元 服装家纺   <== 选中
    第 4名: 海源复材(002529.SZ), 流通市值: 18.67 亿元 专用设备   <== 选中
    第 5名: 庄园牧场(002910.SZ), 流通市值: 18.95 亿元 饮料乳品   <== 选中
    第 6名: 恒大高新(002591.SZ), 流通市值: 19.27 亿元 化学制品   <== 选中
    第 7名: 凤形股份(002760.SZ), 流通市值: 19.32 亿元 通用设备   <== 选中
    第 8名: 宏达高科(002144.SZ), 流通市值: 19.34 亿元 纺织制造   <== 选中
    第 9名: 富煌钢构(002743.SZ), 流通市值: 19.46 亿元 专业工程   <== 选中
    第10名: 天元股份(003003.SZ), 流通市值: 19.53 亿元 包装印刷 
    第11名: 中晟高科(002778.SZ), 流通市值: 19.7 亿元 环境治理 
    第12名: 黄山胶囊(002817.SZ), 流通市值: 19.74 亿元 化学制药 
    第13名: 国统股份(002205.SZ), 流通市值: 19.87 亿元 水泥 
    第14名: 蓝丰生化(002513.SZ), 流通市值: 20.02 亿元 农化制品 
    第15名: 登云股份(002715.SZ), 流通市值: 20.04 亿元 汽车零部件 
    第16名: 开普检测(003008.SZ), 流通市值: 20.16 亿元 专业服务 
    第17名: 聚力文化(002247.SZ), 流通市值: 20.17 亿元 装修建材 
    第18名: 林州重机(002535.SZ), 流通市值: 20.2 亿元 专用设备 
    第19名: 集泰股份(002909.SZ), 流通市值: 20.36 亿元 化学制品 
    第20名: 红墙股份(002809.SZ), 流通市值: 20.45 亿元 化学制品 
✅当前持股 9只
中天服务
亚联发展
华斯股份
海源复材
恒大高新
富煌钢构
凤形股份
桂发祥
庄园牧场
✅需要买入股票 1只
✅需要卖出股票 0只
✅待买入  宏达高科
✅今日(2026-08-18 09:55:00.052044)为卖出时间，执行卖出操作
✅------------------------------------------
rebalance_sell count  3
大盘涨幅 1.72%
stop_loss count  4
✅========== [小市值策略] 周度调仓(买入) 2026-08-18 10:30:00.041053 ==========
✅今日(2026-08-18 10:30:00.041053)为买入时间，执行买入操作
✅+++++++++++++++++++++++++++++++++++++++++
✅需买入 1只
宏达高科
❌❌ 股票数量异常，期望最终持仓10只，实际选中9只
涨停股 桂发祥 占仓位 13.80%
selected_stocks
['002316.SZ', '002188.SZ', '002494.SZ', '002529.SZ', '002910.SZ', '002591.SZ', '002760.SZ', '002144.SZ', '002743.SZ']
  期望持仓: 亚联发展(002316.SZ), 9.58%
  期望持仓: 中天服务(002188.SZ), 9.58%
  期望持仓: 华斯股份(002494.SZ), 9.58%
  期望持仓: 海源复材(002529.SZ), 9.58%
  期望持仓: 庄园牧场(002910.SZ), 9.58%
  期望持仓: 恒大高新(002591.SZ), 9.58%
  期望持仓: 凤形股份(002760.SZ), 9.58%
  期望持仓: 宏达高科(002144.SZ), 9.58%
  期望持仓: 富煌钢构(002743.SZ), 9.58%
预计买入宏达高科(002144.SZ)  400 股 * 10.91,总计 4364.00
预计持仓 55079.0 剩余金额 -1734.52
⭕⭕剩余资金过大 -1734.52
未重新分配资金，调整买入仓位比重
期望持仓: 宏达高科(002144.SZ)，占比4.93%
 预估持仓: 宏达高科(002144.SZ), 占比 8.18% 单价 10.91
 预估持仓: 中天服务(002188.SZ), 占比 10.35% 单价 5.52
 预估持仓: 亚联发展(002316.SZ), 占比 10.01% 单价 4.45
 预估持仓: 华斯股份(002494.SZ), 占比 9.94% 单价 4.82
 预估持仓: 海源复材(002529.SZ), 占比 10.80% 单价 7.20
 预估持仓: 恒大高新(002591.SZ), 占比 10.78% 单价 6.39
 预估持仓: 富煌钢构(002743.SZ), 占比 11.73% 单价 4.47
 预估持仓: 凤形股份(002760.SZ), 占比 6.73% 单价 17.95
 预估持仓: 桂发祥(002820.SZ), 占比 13.80% 单价 12.27
 预估持仓: 庄园牧场(002910.SZ), 占比 10.93% 单价 9.72
====调整每股额度====
当前可用资金  2629.4796 
持仓市值  50715.0 
总资产:  53344.4796 
每股额度  2629.4796

✅===可用资金 2629.4796===
委托买入: 宏达高科, 002144.SZ 
目标价值:2629.48
预计最终持股200股，每股10.91元，合计:2182.00
buy 002144.SZ passorder target value 2629.48 current 0.00 amount 200 @11.01
成功买入 002144.SZ 后，策略1 减少资金2184.00, 再扣除佣金5.0, 现有资金为 440.48
async_seq  38
异步委托回调 投资备注: Buy 002144.SZ Tgt 2629.
sleep 30s
******************当日(2026-08-18 10:30:40.085450) (周2) 持仓市值: 68363.90元*******************
✅黄金ETF华安(518880.SH) 占比 22.42% 涨幅:   1.72% (260.60) x 1700 = 15430.9元 None
✅中天服务(002188.SZ) 占比 8.00% 涨幅:  18.72% (869.00) x 1000 = 5510.0元 房地产服务
✅亚联发展(002316.SZ) 占比 7.76% 涨幅:   9.49% (463.00) x 1200 = 5340.0元 综合
✅华斯股份(002494.SZ) 占比 7.72% 涨幅:  11.95% (567.00) x 1100 = 5313.0元 服装家纺
✅海源复材(002529.SZ) 占比 8.41% 涨幅:  13.19% (675.00) x 800 = 5792.0元 专用设备
✅恒大高新(002591.SZ) 占比 8.34% 涨幅:  58.98% (2130.18) x 900 = 5742.0元 化学制品
✅富煌钢构(002743.SZ) 占比 9.09% 涨幅:  27.95% (1367.00) x 1400 = 6258.0元 专业工程
✅凤形股份(002760.SZ) 占比 5.23% 涨幅:   5.42% (185.00) x 200 = 3598.0元 通用设备
✅桂发祥(002820.SZ) 占比 10.69% 涨幅:  45.75% (2311.00) x 600 = 7362.0元 休闲食品
✅庄园牧场(002910.SZ) 占比 8.47% 涨幅:  18.13% (895.00) x 600 = 5832.0元 饮料乳品
✅宏达高科(002144.SZ) 占比 3.18% 涨幅:   0.00% (0.00) x 200 = 2186.0元 纺织制造
✅*******************总资产 68838.44 剩余可用金额 2656.04元*******************
  [动量策略] 预留现金: 26.56 | 持仓市值: 15,430.90 | 总资产: 15,457.46
    持仓: 黄金ETF华安
  [小市值策略] 预留现金: 440.48 | 持仓市值: 52,933.00 | 总资产: 53,373.48
    持仓: 中天服务, 亚联发展, 华斯股份, 海源复材, 恒大高新, 富煌钢构, 凤形股份, 桂发祥, 庄园牧场, 宏达高科

rebalance_buy count  5

✅========== [动量策略] 每日调仓 2026-08-18 ==========

========== [短期动量] 开始 (窗口=25天) ==========
  纳指ETF国泰(513100.SH): 年化=134.7416% R²=0.4754 近3日最大跌幅 1.50% 得分=0.6405
  日经ETF华夏(513520.SH): 年化=161.9796% R²=0.3296 近3日最大跌幅 2.00% 得分=0.5339
  德国ETF华安(513030.SH): 年化=317.7055% R²=0.8970 近3日最大跌幅 0.65% 得分=2.8497 -> [淘汰] 分数超出阈值2
  黄金ETF华安(518880.SH): 年化=187.9654% R²=0.7571 近3日最大跌幅 1.06% 得分=1.4231
  有色ETF大成(159980.SZ): 年化=49.3365% R²=0.7879 近3日最大跌幅 1.34% 得分=0.3887
  豆粕ETF华夏(159985.SZ): 年化=-23.7003% R²=0.1518 近3日最大跌幅 -0.47% 得分=-0.0360 -> [淘汰]
  南方原油LOF(501018.SH): 年化=-74.0884% R²=0.3949 近3日最大跌幅 0.06% 得分=-0.2926 -> [淘汰]
  30年国债ETF鹏扬(511090.SH): 年化=32.0540% R²=0.9559 近3日最大跌幅 0.16% 得分=0.3064
  恒生科技ETF华泰柏瑞(513130.SH): 年化=9.2841% R²=0.0494 近3日最大跌幅 2.01% 得分=0.0046
  人工智能ETF华富(515980.SH): 年化=-21.5486% R²=0.0554 近3日最大跌幅 2.78% 得分=-0.0119 -> [淘汰]
  >>> 短期动量最终选出: 黄金ETF华安(518880.SH)

========== [长期动量] 开始 (窗口=250天) ==========
  纳指ETF国泰(513100.SH): 年化=29.5242% R²=0.5798 近3日最大跌幅 1.50% 得分=0.1712
  日经ETF华夏(513520.SH): 年化=46.5603% R²=0.7821 近3日最大跌幅 2.00% 得分=0.3641
  德国ETF华安(513030.SH): 年化=-4.2882% R²=0.1281 近3日最大跌幅 0.70% 得分=-0.0055 -> [淘汰]
  黄金ETF华安(518880.SH): 年化=1.0039% R²=0.0088 近3日最大跌幅 1.06% 得分=0.0001
  有色ETF大成(159980.SZ): 年化=24.2942% R²=0.7061 近3日最大跌幅 1.34% 得分=0.1715
  豆粕ETF华夏(159985.SZ): 年化=10.4589% R²=0.4101 近3日最大跌幅 -0.47% 得分=0.0429
  南方原油LOF(501018.SH): 年化=102.2786% R²=0.5904 近3日最大跌幅 0.06% 得分=0.6039 -> [淘汰] 分数超出阈值0.6
  30年国债ETF鹏扬(511090.SH): 年化=0.3567% R²=-0.0169 近3日最大跌幅 0.16% 得分=-0.0001 -> [淘汰]
  恒生科技ETF华泰柏瑞(513130.SH): 年化=-31.8174% R²=0.8287 近3日最大跌幅 2.01% 得分=-0.2637 -> [淘汰]
  人工智能ETF华富(515980.SH): 年化=55.8532% R²=0.6999 近3日最大跌幅 2.78% 得分=0.3909
  >>> 长期动量最终选出: 人工智能ETF华富(515980.SH)

========== 选股汇总 ==========
  短期动量选出: 黄金ETF华安(518880.SH)
  长期动量选出: 人工智能ETF华富(515980.SH)
-----------
  只买短期
-----------
  总资产: 68,686.04, 动量总资产: 15,454.06
  [与目标差异太小，不减仓] 黄金ETF华安(518880.SH): 15,427.50 → 15,454.06
  [与目标差异太小，不加仓] 黄金ETF华安(518880.SH): 15,427.50 → 15,454.06 策略资金26.56
✅========== [动量策略] 调仓结束 ==========

002820.SZ 桂发祥 股价12.27 涨幅10.04%
002820.SZ 桂发祥涨停，继续持有
check_limit_up count  6
sleep 20s
******************当日(2026-08-18 14:12:20.011172) (周2) 持仓市值: 68294.30元*******************
✅黄金ETF华安(518880.SH) 占比 22.42% 涨幅:   1.63% (247.00) x 1700 = 15417.3元 None
✅中天服务(002188.SZ) 占比 7.96% 涨幅:  17.86% (829.00) x 1000 = 5470.0元 房地产服务
✅亚联发展(002316.SZ) 占比 7.84% 涨幅:  10.48% (511.00) x 1200 = 5388.0元 综合
✅华斯股份(002494.SZ) 占比 7.70% 涨幅:  11.48% (545.00) x 1100 = 5291.0元 服装家纺
✅海源复材(002529.SZ) 占比 8.40% 涨幅:  12.88% (659.00) x 800 = 5776.0元 专用设备
✅恒大高新(002591.SZ) 占比 8.38% 涨幅:  59.48% (2148.18) x 900 = 5760.0元 化学制品
✅富煌钢构(002743.SZ) 占比 9.10% 涨幅:  27.95% (1367.00) x 1400 = 6258.0元 专业工程
✅凤形股份(002760.SZ) 占比 5.19% 涨幅:   4.48% (153.00) x 200 = 3566.0元 通用设备
✅桂发祥(002820.SZ) 占比 10.71% 涨幅:  45.75% (2311.00) x 600 = 7362.0元 休闲食品
✅庄园牧场(002910.SZ) 占比 8.47% 涨幅:  18.01% (889.00) x 600 = 5826.0元 饮料乳品
✅宏达高科(002144.SZ) 占比 3.17% 涨幅:  -0.52% (-11.50) x 200 = 2180.0元 纺织制造
✅*******************总资产 68758.84 剩余可用金额 464.54元*******************
  [动量策略] 预留现金: 26.56 | 持仓市值: 15,417.30 | 总资产: 15,443.86
    持仓: 黄金ETF华安
  [小市值策略] 预留现金: 440.48 | 持仓市值: 52,877.00 | 总资产: 53,317.48
    持仓: 中天服务, 亚联发展, 华斯股份, 海源复材, 恒大高新, 富煌钢构, 凤形股份, 桂发祥, 庄园牧场, 宏达高科

check_remain_amount count  7
******************当日(2026-08-18 15:02:00.030345) (周2) 持仓市值: 68515.60元*******************
✅黄金ETF华安(518880.SH) 占比 22.37% 涨幅:   1.73% (262.30) x 1700 = 15432.6元 None
✅中天服务(002188.SZ) 占比 7.97% 涨幅:  18.51% (859.00) x 1000 = 5500.0元 房地产服务
✅亚联发展(002316.SZ) 占比 7.86% 涨幅:  11.22% (547.00) x 1200 = 5424.0元 综合
✅华斯股份(002494.SZ) 占比 7.70% 涨幅:  11.95% (567.00) x 1100 = 5313.0元 服装家纺
✅海源复材(002529.SZ) 占比 8.40% 涨幅:  13.19% (675.00) x 800 = 5792.0元 专用设备
✅恒大高新(002591.SZ) 占比 8.40% 涨幅:  60.47% (2184.18) x 900 = 5796.0元 化学制品
✅富煌钢构(002743.SZ) 占比 9.07% 涨幅:  27.95% (1367.00) x 1400 = 6258.0元 专业工程
✅凤形股份(002760.SZ) 占比 5.20% 涨幅:   5.19% (177.00) x 200 = 3590.0元 通用设备
✅桂发祥(002820.SZ) 占比 10.67% 涨幅:  45.75% (2311.00) x 600 = 7362.0元 休闲食品
✅庄园牧场(002910.SZ) 占比 8.50% 涨幅:  18.74% (925.00) x 600 = 5862.0元 饮料乳品
✅宏达高科(002144.SZ) 占比 3.17% 涨幅:  -0.25% (-5.50) x 200 = 2186.0元 纺织制造
✅*******************总资产 68980.14 剩余可用金额 464.54元*******************
  [动量策略] 预留现金: 26.56 | 持仓市值: 15,432.60 | 总资产: 15,459.16
    持仓: 黄金ETF华安
  [小市值策略] 预留现金: 440.48 | 持仓市值: 53,083.00 | 总资产: 53,523.48
    持仓: 中天服务, 亚联发展, 华斯股份, 海源复材, 恒大高新, 富煌钢构, 凤形股份, 桂发祥, 庄园牧场, 宏达高科

  策略资金总和为467.04，账面资金为464.54

资金差额为-2.50
  [动量策略] 上一交易日现金记录26.56
  [小市值策略] 上一交易日现金记录2,629.48
动量策略资金与上一交易日持平，更新小市值策略资金
  [动量策略] 预留现金: 26.56, 现金记录更新26.56
  [小市值策略] 预留现金: 437.98, 现金记录更新437.98
==============================
今日股票收益: 1163.50 元
收益率:       1.72 %
==============================


