init
建立交易连接，返回0表示连接成功 0
***** xtdata连接成功 *****
服务信息: {'tag': 'sp3', 'version': '1.0'}
服务地址: 127.0.0.1:58610
数据路径: C:\QMT\bin.x64/../userdata_mini/datadir
设置xtdata.enable_hello = False可隐藏此消息

⭕策略初始化完成：每月初调仓，持有市值最小的9只股票, 初始可用资金2911.58, 初始资产61917.58
start
sleep a day
今天是交易日吗 False
judge_date count  1
******************当日(2026-07-04 15:01:00.040963) (周6) 持仓市值: 59006.00元*******************
✅持仓: 宏达高科(002144.SZ), 占比 13.38%, 涨跌幅:   3.34% (268.00), 数量: 800, 市值: 8288.0元 纺织制造
✅持仓: 中天服务(002188.SZ), 占比 14.11%, 涨跌幅:   2.84% (241.00), 数量: 1700, 市值: 8738.0元 房地产服务
✅持仓: 亚联发展(002316.SZ), 占比 13.79%, 涨跌幅:   0.77% (65.12), 数量: 2000, 市值: 8540.0元 综合
✅持仓: 华斯股份(002494.SZ), 占比 13.75%, 涨跌幅:   4.31% (352.00), 数量: 1800, 市值: 8514.0元 服装家纺
✅持仓: 富煌钢构(002743.SZ), 占比 13.94%, 涨跌幅:   3.20% (268.00), 数量: 2100, 市值: 8631.0元 专业工程
✅持仓: 桂发祥(002820.SZ), 占比 14.39%, 涨跌幅:   3.85% (330.00), 数量: 1000, 市值: 8910.0元 休闲食品
✅持仓: 天元股份(003003.SZ), 占比 11.93%, 涨跌幅:   5.85% (408.00), 数量: 700, 市值: 7385.0元 包装印刷
✅*******************总资产 61924.58 | 61924.58 剩余可用金额 2911.58元*******************


==============================
今日股票收益: 7.00 元
收益率:       0.01 %
==============================


