init
建立交易连接，返回0表示连接成功 0
***** xtdata连接成功 *****
服务信息: {'tag': 'sp3', 'version': '1.0'}
服务地址: 127.0.0.1:58610
数据路径: C:\QMT\bin.x64/../userdata_mini/datadir
设置xtdata.enable_hello = False可隐藏此消息

⭕策略初始化完成：每月初调仓，持有市值最小的9只股票, 初始可用资金163.5, 初始资产64052.5
start
sleep a day
今天是交易日吗 False
judge_date count  1
******************当日(2026-06-19 15:01:00.010404) (周5) 持仓市值: 63889.00元*******************
✅持仓: 亚联发展(002316.SZ), 占比 25.42%, 涨跌幅: -1.41% (-233.00), 数量: 3700, 市值: 16280.0元 多元金融
✅持仓: 百洋股份(002696.SZ), 占比 24.96%, 涨跌幅: -4.31% (-721.00), 数量: 3000, 市值: 15990.0元 饲料
✅持仓: 富煌钢构(002743.SZ), 占比 24.32%, 涨跌幅: -3.69% (-597.00), 数量: 3700, 市值: 15577.0元 专业工程
✅持仓: 黄山胶囊(002817.SZ), 占比 25.05%, 涨跌幅: -1.30% (-212.00), 数量: 2600, 市值: 16042.0元 化学制药
✅*******************总资产 64052.50 | 64052.50 剩余可用金额 163.50元*******************


==============================
今日股票收益: 0.00 元
收益率:       0.00 %
==============================


close XtMiniQmt.exe success
sleep a day
open QMT success
reconnect
new g.xt_trader
start
建立交易连接，返回0表示连接成功 0
今天是交易日吗 False
judge_date count  1
******************当日(2026-06-20 15:01:00.013445) (周6) 持仓市值: 63889.00元*******************
✅持仓: 亚联发展(002316.SZ), 占比 25.42%, 涨跌幅: -1.41% (-233.00), 数量: 3700, 市值: 16280.0元 多元金融
✅持仓: 百洋股份(002696.SZ), 占比 24.96%, 涨跌幅: -4.31% (-721.00), 数量: 3000, 市值: 15990.0元 饲料
✅持仓: 富煌钢构(002743.SZ), 占比 24.32%, 涨跌幅: -3.69% (-597.00), 数量: 3700, 市值: 15577.0元 专业工程
✅持仓: 黄山胶囊(002817.SZ), 占比 25.05%, 涨跌幅: -1.30% (-212.00), 数量: 2600, 市值: 16042.0元 化学制药
✅*******************总资产 64052.50 | 64052.50 剩余可用金额 163.50元*******************


==============================
今日股票收益: 0.00 元
收益率:       0.00 %
==============================


sleep a day
今天是交易日吗 False
judge_date count  1
******************当日(2026-06-21 15:01:00.014826) (周7) 持仓市值: 63889.00元*******************
✅持仓: 亚联发展(002316.SZ), 占比 25.42%, 涨跌幅: -1.41% (-233.00), 数量: 3700, 市值: 16280.0元 多元金融
✅持仓: 百洋股份(002696.SZ), 占比 24.96%, 涨跌幅: -4.31% (-721.00), 数量: 3000, 市值: 15990.0元 饲料
✅持仓: 富煌钢构(002743.SZ), 占比 24.32%, 涨跌幅: -3.69% (-597.00), 数量: 3700, 市值: 15577.0元 专业工程
✅持仓: 黄山胶囊(002817.SZ), 占比 25.05%, 涨跌幅: -1.30% (-212.00), 数量: 2600, 市值: 16042.0元 化学制药
✅*******************总资产 64052.50 | 64052.50 剩余可用金额 163.50元*******************


==============================
今日股票收益: 0.00 元
收益率:       0.00 %
==============================


sleep a day
今天是交易日吗 True
judge_date count  1
中小综指成分股数量：961
['002001.SZ', '002003.SZ', '002004.SZ', '002005.SZ', '002006.SZ', '002007.SZ', '002008.SZ', '002009.SZ', '002010.SZ', '002011.SZ']
002076.SZ  可能停牌  -1
002231.SZ cannot get instrument detail !!!
涨停 002297.SZ 博云新材
涨停 002655.SZ 共达电声
涨停 002674.SZ 兴业科技
002762.SZ  可能停牌  -1
过滤ST/*ST股票后，剩余 894 只
prepare_stock_list count  2
大盘涨幅 0.76%
stop_loss count  3
check_limit_up count  4
sleep 20s
******************当日(2026-06-22 14:02:20.004113) (周1) 持仓市值: 63713.00元*******************
✅持仓: 亚联发展(002316.SZ), 占比 25.24%, 涨跌幅: -2.31% (-381.00), 数量: 3700, 市值: 16132.0元 多元金融
✅持仓: 百洋股份(002696.SZ), 占比 25.16%, 涨跌幅: -3.78% (-631.00), 数量: 3000, 市值: 16080.0元 饲料
✅持仓: 富煌钢构(002743.SZ), 占比 24.03%, 涨跌幅: -5.06% (-819.00), 数量: 3700, 市值: 15355.0元 专业工程
✅持仓: 黄山胶囊(002817.SZ), 占比 25.27%, 涨跌幅: -0.66% (-108.00), 数量: 2600, 市值: 16146.0元 化学制药
✅*******************总资产 63906.50 | 63906.50 剩余可用金额 163.50元*******************


check_remain_amount count  5
******************当日(2026-06-22 15:01:00.009115) (周1) 持仓市值: 64258.00元*******************
✅持仓: 亚联发展(002316.SZ), 占比 25.67%, 涨跌幅: 0.16% (26.00), 数量: 3700, 市值: 16539.0元 多元金融
✅持仓: 百洋股份(002696.SZ), 占比 25.01%, 涨跌幅: -3.60% (-601.00), 数量: 3000, 市值: 16110.0元 饲料
✅持仓: 富煌钢构(002743.SZ), 占比 23.72%, 涨跌幅: -5.52% (-893.00), 数量: 3700, 市值: 15281.0元 专业工程
✅持仓: 黄山胶囊(002817.SZ), 占比 25.35%, 涨跌幅: 0.46% (74.00), 数量: 2600, 市值: 16328.0元 化学制药
✅*******************总资产 64421.50 | 64421.50 剩余可用金额 163.50元*******************


==============================
今日股票收益: 369.00 元
收益率:       0.58 %
==============================


sleep a day
