init
建立交易连接，返回0表示连接成功 0
***** xtdata连接成功 *****
服务信息: {'tag': 'sp3', 'version': '1.0'}
服务地址: 127.0.0.1:58610
数据路径: C:\QMT\bin.x64/../userdata_mini/datadir
设置xtdata.enable_hello = False可隐藏此消息

策略初始化完成：每月初调仓，持有市值最小的9只股票, 初始可用资金669.6, 初始资产67104.6
start
sleep a day
今天是交易日吗 True
judge_date count  1
中小综指成分股数量：961
['002001.SZ', '002003.SZ', '002004.SZ', '002005.SZ', '002006.SZ', '002007.SZ', '002008.SZ', '002009.SZ', '002010.SZ', '002011.SZ']
002058.SZ  可能停牌  -1
002231.SZ cannot get instrument detail !!!
002529.SZ  可能停牌  -1
涨停 002915.SZ 中欣氟材
过滤ST/*ST股票后，剩余 893 只
prepare_stock_list count  2
大盘涨幅 -0.53%
stop_loss count  3
check_limit_up count  4
sleep 20s
******************当日(2026-06-15 14:02:20.003533) (周1) 持仓市值: 64784.00元*******************
✅持仓: 中天服务(002188.SZ), 占比 11.87%, 涨跌幅: -8.17% (-691.00), 数量: 1400, 市值: 7770.0元 房地产服务
✅持仓: 亚联发展(002316.SZ), 占比 6.12%, 涨跌幅: -5.63% (-239.00), 数量: 900, 市值: 4005.0元 多元金融
✅持仓: 华斯股份(002494.SZ), 占比 12.08%, 涨跌幅: -9.08% (-789.00), 数量: 1600, 市值: 7904.0元 服装家纺
✅持仓: 光正眼科(002524.SZ), 占比 12.26%, 涨跌幅: -9.64% (-856.00), 数量: 2300, 市值: 8027.0元 医疗服务
✅持仓: 百洋股份(002696.SZ), 占比 12.40%, 涨跌幅: -7.73% (-680.00), 数量: 1500, 市值: 8115.0元 饲料
✅持仓: 桂发祥(002820.SZ), 占比 12.62%, 涨跌幅: -9.52% (-869.00), 数量: 900, 市值: 8262.0元 休闲食品
✅持仓: 贝肯能源(002828.SZ), 占比 12.21%, 涨跌幅: -6.97% (-599.00), 数量: 900, 市值: 7992.0元 油服工程
✅持仓: 庄园牧场(002910.SZ), 占比 13.79%, 涨跌幅: 1.56% (139.00), 数量: 900, 市值: 9027.0元 饮料乳品
✅持仓: 开普检测(003008.SZ), 占比 5.63%, 涨跌幅: -2.52% (-95.00), 数量: 200, 市值: 3682.0元 专业服务
✅*******************总资产 65453.60 | 65453.60 剩余可用金额 669.60元*******************


check_remain_amount count  5
******************当日(2026-06-15 15:01:00.017936) (周1) 持仓市值: 64974.00元*******************
✅持仓: 中天服务(002188.SZ), 占比 11.79%, 涨跌幅: -8.50% (-719.00), 数量: 1400, 市值: 7742.0元 房地产服务
✅持仓: 亚联发展(002316.SZ), 占比 6.13%, 涨跌幅: -5.21% (-221.00), 数量: 900, 市值: 4023.0元 多元金融
✅持仓: 华斯股份(002494.SZ), 占比 12.02%, 涨跌幅: -9.26% (-805.00), 数量: 1600, 市值: 7888.0元 服装家纺
✅持仓: 光正眼科(002524.SZ), 占比 12.30%, 涨跌幅: -9.12% (-810.00), 数量: 2300, 市值: 8073.0元 医疗服务
✅持仓: 百洋股份(002696.SZ), 占比 12.34%, 涨跌幅: -7.90% (-695.00), 数量: 1500, 市值: 8100.0元 饲料
✅持仓: 桂发祥(002820.SZ), 占比 12.61%, 涨跌幅: -9.32% (-851.00), 数量: 900, 市值: 8280.0元 休闲食品
✅持仓: 贝肯能源(002828.SZ), 占比 12.19%, 涨跌幅: -6.87% (-590.00), 数量: 900, 市值: 8001.0元 油服工程
✅持仓: 庄园牧场(002910.SZ), 占比 13.97%, 涨跌幅: 3.18% (283.00), 数量: 900, 市值: 9171.0元 饮料乳品
✅持仓: 开普检测(003008.SZ), 占比 5.63%, 涨跌幅: -2.14% (-81.00), 数量: 200, 市值: 3696.0元 专业服务
✅*******************总资产 65643.60 | 65643.60 剩余可用金额 669.60元*******************


==============================
今日股票收益: -1461.00 元
收益率:       -2.18 %
==============================


close XtMiniQmt.exe success
open QMT success
reconnect
new g.xt_trader
start
建立交易连接，返回0表示连接成功 0
sleep a day
今天是交易日吗 True
judge_date count  1
中小综指成分股数量：961
['002001.SZ', '002003.SZ', '002004.SZ', '002005.SZ', '002006.SZ', '002007.SZ', '002008.SZ', '002009.SZ', '002010.SZ', '002011.SZ']
涨停 002047.SZ 宝鹰股份
002160.SZ  可能停牌  -1
002231.SZ cannot get instrument detail !!!
涨停 002449.SZ 国星光电
涨停 002585.SZ 双星新材
涨停 002735.SZ 王子新材
涨停 002741.SZ 光华科技
过滤ST/*ST股票后，剩余 890 只
prepare_stock_list count  2
✅========== 执行周度调仓，日期：2026-06-16 10:00:00.144419 ==========
******************当日(2026-06-16 10:00:00.144419) (周2) 持仓市值: 63993.00元*******************
✅持仓: 中天服务(002188.SZ), 占比 11.69%, 涨跌幅: -10.48% (-887.00), 数量: 1400, 市值: 7574.0元 房地产服务
✅持仓: 亚联发展(002316.SZ), 占比 6.04%, 涨跌幅: -7.75% (-329.00), 数量: 900, 市值: 3915.0元 多元金融
✅持仓: 华斯股份(002494.SZ), 占比 11.90%, 涨跌幅: -11.28% (-981.00), 数量: 1600, 市值: 7712.0元 服装家纺
✅持仓: 光正眼科(002524.SZ), 占比 12.18%, 涨跌幅: -11.19% (-994.00), 数量: 2300, 市值: 7889.0元 医疗服务
✅持仓: 百洋股份(002696.SZ), 占比 12.27%, 涨跌幅: -9.61% (-845.00), 数量: 1500, 市值: 7950.0元 饲料
✅持仓: 桂发祥(002820.SZ), 占比 12.52%, 涨跌幅: -11.19% (-1022.00), 数量: 900, 市值: 8109.0元 休闲食品
✅持仓: 贝肯能源(002828.SZ), 占比 11.93%, 涨跌幅: -10.01% (-860.00), 数量: 900, 市值: 7731.0元 油服工程
✅持仓: 庄园牧场(002910.SZ), 占比 14.63%, 涨跌幅: 6.63% (589.00), 数量: 900, 市值: 9477.0元 饮料乳品
✅持仓: 开普检测(003008.SZ), 占比 5.61%, 涨跌幅: -3.73% (-141.00), 数量: 200, 市值: 3636.0元 专业服务
✅*******************总资产 64790.60 | 64790.60 剩余可用金额 669.60元*******************


get_small_cap_stocks   2026-06-16 10:00:00.144419    head 9
    第 1名: 亚联发展(002316.SZ), 流通市值: 17.1 亿元 多元金融   <== 选中
    第 2名: 贝肯能源(002828.SZ), 流通市值: 17.26 亿元 油服工程   <== 选中
    第 3名: 光正眼科(002524.SZ), 流通市值: 17.68 亿元 医疗服务   <== 选中
    第 4名: 中天服务(002188.SZ), 流通市值: 17.7 亿元 房地产服务   <== 选中
    第 5名: 桂发祥(002820.SZ), 流通市值: 18.1 亿元 休闲食品   <== 选中
    第 6名: 华斯股份(002494.SZ), 流通市值: 18.19 亿元 服装家纺   <== 选中
    第 7名: 百洋股份(002696.SZ), 流通市值: 18.32 亿元 饲料   <== 选中
    第 8名: 黄山胶囊(002817.SZ), 流通市值: 18.6 亿元 化学制药   <== 选中
    第 9名: 皓宸医疗(002622.SZ), 流通市值: 18.73 亿元 医疗服务 
    第10名: 嘉麟杰(002486.SZ), 流通市值: 18.79 亿元 服装家纺 
    第11名: 富煌钢构(002743.SZ), 流通市值: 18.8 亿元 专业工程   <== 选中
    第12名: 开普检测(003008.SZ), 流通市值: 18.91 亿元 专业服务 
    第13名: 凤形股份(002760.SZ), 流通市值: 19.0 亿元 通用设备 
    第14名: 新天药业(002873.SZ), 流通市值: 19.06 亿元 中药 
    第15名: 宏达高科(002144.SZ), 流通市值: 19.13 亿元 纺织制造 
    第16名: 天元股份(003003.SZ), 流通市值: 19.24 亿元 包装印刷 
    第17名: 海象新材(003011.SZ), 流通市值: 19.47 亿元 家居用品 
    第18名: 林州重机(002535.SZ), 流通市值: 19.48 亿元 专用设备 
    第19名: 聚力文化(002247.SZ), 流通市值: 19.48 亿元 装修建材 
    第20名: 信隆健康(002105.SZ), 流通市值: 19.78 亿元 摩托车及其他 
✅当前持股 9只
中天服务
亚联发展
华斯股份
光正眼科
百洋股份
桂发祥
贝肯能源
庄园牧场
开普检测
✅需要买入股票 2只
✅需要卖出股票 2只
✅待买入  黄山胶囊
✅待买入  富煌钢构
✅待卖出: 庄园牧场
✅待卖出: 开普检测
✅今日(2026-06-16 10:00:00.144419)为卖出时间，执行卖出操作
✅------------------------------------------
✅>>>>>>>>>>>>
✅卖出:  庄园牧场
async_seq  12
✅>>>>>>>>>>>>
✅卖出:  开普检测
async_seq  14
rebalance_sell count  3
异步委托回调 投资备注: 清仓002910.SZ 
异步委托回调 投资备注: 清仓003008.SZ 
async_seq  18
002188.SZ 股价5.41 成本6.04
❌ 收益止损,卖出002188.SZ,跌幅 10.48%
async_seq  20
002494.SZ 股价4.82 成本5.43
❌ 收益止损,卖出002494.SZ,跌幅 11.28%
async_seq  22
002524.SZ 股价3.43 成本3.86
❌ 收益止损,卖出002524.SZ,跌幅 11.19%异步委托回调 投资备注: 清仓002188.SZ 

async_seq  24
002820.SZ 股价9.01 成本10.15
❌ 收益止损,卖出002820.SZ,跌幅 11.19%异步委托回调 投资备注: 清仓002494.SZ 

async_seq  26
002828.SZ 股价8.59 成本9.55
❌ 收益止损,卖出002828.SZ,跌幅 10.01%
异步委托回调 投资备注: 清仓002524.SZ 
大盘涨幅 1.91%异步委托回调 投资备注: 清仓002820.SZ 
sleep 30s

异步委托回调 投资备注: 清仓002828.SZ 
******************当日(2026-06-16 10:02:30.036468) (周2) 持仓市值: 11865.00元*******************
✅持仓: 亚联发展(002316.SZ), 占比 6.06%, 涨跌幅: -7.75% (-329.00), 数量: 900, 市值: 3915.0元 多元金融
✅持仓: 百洋股份(002696.SZ), 占比 12.31%, 涨跌幅: -9.61% (-845.00), 数量: 1500, 市值: 7950.0元 饲料
✅持仓: 中天服务(002188.SZ) 0股
✅持仓: 华斯股份(002494.SZ) 0股
✅持仓: 光正眼科(002524.SZ) 0股
✅持仓: 桂发祥(002820.SZ) 0股
✅持仓: 贝肯能源(002828.SZ) 0股
✅持仓: 庄园牧场(002910.SZ) 0股
✅持仓: 开普检测(003008.SZ) 0股
✅*******************总资产 64580.97 | 64580.97 剩余可用金额 52819.97元*******************


stop_loss count  4
✅========== 执行周度调仓，日期：2026-06-16 10:10:00.122502 ==========
✅今日(2026-06-16 10:10:00.122502)为买入时间，执行买入操作
✅+++++++++++++++++++++++++++++++++++++++++
✅需要买入股票 2只
黄山胶囊
富煌钢构
selected_stocks
['002316.SZ', '002696.SZ', '002817.SZ', '002743.SZ']
 期望持仓: 亚联发展(002316.SZ), 占比 25.00%
 期望持仓: 百洋股份(002696.SZ), 占比 25.00%
 期望持仓: 黄山胶囊(002817.SZ), 占比 25.00%
 期望持仓: 富煌钢构(002743.SZ), 占比 25.00%
预计买入黄山胶囊(002817.SZ)  2500 股 * 6.22,总计 15550.00
预计买入富煌钢构(002743.SZ)  3700 股 * 4.32,总计 15984.00
预计持仓 43399.0 剩余金额 21197.02
❌❌剩余资金过大 21197.02
亚联发展 持仓与期望相差较大，持仓6.06%,期望25.00%,金额相差12234.00
百洋股份 持仓与期望相差较大，持仓12.31%,期望25.00%,金额相差8199.00
重新分配之后资金为764.01
 预估持仓: 中天服务(002188.SZ), 占比 0.00% 单价 5.41
 预估持仓: 亚联发展(002316.SZ), 占比 6.06% 单价 4.35
 预估持仓: 华斯股份(002494.SZ), 占比 0.00% 单价 4.82
 预估持仓: 光正眼科(002524.SZ), 占比 0.00% 单价 3.43
 预估持仓: 百洋股份(002696.SZ), 占比 12.31% 单价 5.30
 预估持仓: 富煌钢构(002743.SZ), 占比 24.74% 单价 4.32
 预估持仓: 黄山胶囊(002817.SZ), 占比 24.07% 单价 6.22
 预估持仓: 桂发祥(002820.SZ), 占比 0.00% 单价 9.01
 预估持仓: 贝肯能源(002828.SZ), 占比 0.00% 单价 8.59
 预估持仓: 庄园牧场(002910.SZ), 占比 0.00% 单价 10.53
 预估持仓: 开普检测(003008.SZ), 占比 0.00% 单价 18.18
调整亚联发展买入数量，期望买入16149.00,当前3915.00,相差12234.00
单价4.35，新市值16095.00，差值54.00
单价4.35，新市值16530.00，差值-381.00
✅调整买入数量，追加28手,仓位占比调整为24.92%
调整百洋股份买入数量，期望买入16149.00,当前7950.00,相差8199.00
单价5.30，新市值15900.00，差值249.00
单价5.30，新市值16430.00，差值-281.00
✅调整买入数量，追加15手,仓位占比调整为24.61%
调整黄山胶囊买入数量，期望买入16149.00,当前15550.00,相差599.00
单价6.22，新市值15550.00，差值599.00
单价6.22，新市值16172.00，差值-23.00
单价6.22，新市值16794.00，差值-645.00
✅调整买入数量，追加1手,仓位占比调整为25.04%
调整富煌钢构买入数量，期望买入16149.00,当前15984.00,相差165.00
单价4.32，新市值15984.00，差值165.00
单价4.32，新市值16416.00，差值-267.00
====调整每股额度====
当前可用资金  52773.02 
持仓市值  11865.0 
总资产:  64596.02 
每股额度  13193.255
===可用资金 52773.02===
委托买入: 黄山胶囊, 002817.SZ 
目标价值:16172.00
预计最终持股2600股，每股6.22元，合计:16172.00
buy 002817.SZ passorder target value 16172.00 current 0.00 amount 2600.00
async_seq  37
异步委托回调 投资备注: Buy 002817.SZ Tgt 16172
===可用资金 36524.02===
委托买入: 富煌钢构, 002743.SZ 
目标价值:16149.00
预计最终持股3700股，每股4.32元，合计:15984.00
buy 002743.SZ passorder target value 16149.00 current 0.00 amount 3700.00
async_seq  41
异步委托回调 投资备注: Buy 002743.SZ Tgt 16149
===可用资金 20355.019999999997===
委托买入: 亚联发展, 002316.SZ 
目标价值:16095.00
预计最终持股3600股，每股4.35元，合计:15660.00
buy 002316.SZ passorder target value 16095.00 current 3915.00 amount 2800.00
async_seq  45
异步委托回调 投资备注: Buy 002316.SZ Tgt 16095
===可用资金 8091.019999999997===
委托买入: 百洋股份, 002696.SZ 
目标价值:15900.00
预计最终持股3000股，每股5.30元，合计:15900.00
buy 002696.SZ passorder target value 15900.00 current 7950.00 amount 1500.00
async_seq  50
异步委托回调 投资备注: Buy 002696.SZ Tgt 15900
sleep 30s
******************当日(2026-06-16 10:10:34.178070) (周2) 持仓市值: 48167.00元*******************
✅持仓: 亚联发展(002316.SZ), 占比 24.96%, 涨跌幅: -2.50% (-413.00), 数量: 3700, 市值: 16095.0元 多元金融
✅持仓: 百洋股份(002696.SZ), 占比 24.66%, 涨跌幅: -4.82% (-806.00), 数量: 3000, 市值: 15900.0元 饲料
✅持仓: 黄山胶囊(002817.SZ), 占比 25.08%, 涨跌幅: -0.47% (-77.00), 数量: 2600, 市值: 16172.0元 化学制药
✅持仓: 中天服务(002188.SZ) 0股
✅持仓: 华斯股份(002494.SZ) 0股
✅持仓: 光正眼科(002524.SZ) 0股
✅持仓: 桂发祥(002820.SZ) 0股
✅持仓: 贝肯能源(002828.SZ) 0股
✅持仓: 庄园牧场(002910.SZ) 0股
✅持仓: 开普检测(003008.SZ) 0股
✅*******************总资产 64474.02 | 64474.02 剩余可用金额 180.02元*******************


rebalance_buy count  5
check_limit_up count  6
止盈止损后，有余额可用158.02元。买入511880.SH
====调整每股额度====
当前可用资金  158.02 
持仓市值  65099.0 
总资产:  65257.02 
每股额度  158.02
===可用资金 158.02===
sleep 20s
******************当日(2026-06-16 14:02:21.008823) (周2) 持仓市值: 65196.00元*******************
✅持仓: 亚联发展(002316.SZ), 占比 25.02%, 涨跌幅: -0.97% (-159.50), 数量: 3700, 市值: 16354.0元 多元金融
✅持仓: 百洋股份(002696.SZ), 占比 24.79%, 涨跌幅: -3.06% (-511.50), 数量: 3000, 市值: 16200.0元 饲料
✅持仓: 黄山胶囊(002817.SZ), 占比 25.26%, 涨跌幅: 1.57% (255.50), 数量: 2600, 市值: 16510.0元 化学制药
✅持仓: 富煌钢构(002743.SZ), 占比 24.68%, 涨跌幅: -0.26% (-42.50), 数量: 3700, 市值: 16132.0元 专业工程
✅持仓: 中天服务(002188.SZ) 0股
✅持仓: 华斯股份(002494.SZ) 0股
✅持仓: 光正眼科(002524.SZ) 0股
✅持仓: 桂发祥(002820.SZ) 0股
✅持仓: 贝肯能源(002828.SZ) 0股
✅持仓: 庄园牧场(002910.SZ) 0股
✅持仓: 开普检测(003008.SZ) 0股
✅*******************总资产 65354.02 | 65354.02 剩余可用金额 158.02元*******************


check_remain_amount count  7
******************当日(2026-06-16 15:01:00.025565) (周2) 持仓市值: 66592.00元*******************
✅持仓: 亚联发展(002316.SZ), 占比 24.78%, 涨跌幅: 0.15% (25.50), 数量: 3700, 市值: 16539.0元 多元金融
✅持仓: 百洋股份(002696.SZ), 占比 26.07%, 涨跌幅: 4.12% (688.50), 数量: 3000, 市值: 17400.0元 饲料
✅持仓: 黄山胶囊(002817.SZ), 占比 24.70%, 涨跌幅: 1.41% (229.50), 数量: 2600, 市值: 16484.0元 化学制药
✅持仓: 富煌钢构(002743.SZ), 占比 24.22%, 涨跌幅: -0.03% (-5.50), 数量: 3700, 市值: 16169.0元 专业工程
✅持仓: 中天服务(002188.SZ) 0股
✅持仓: 华斯股份(002494.SZ) 0股
✅持仓: 光正眼科(002524.SZ) 0股
✅持仓: 桂发祥(002820.SZ) 0股
✅持仓: 贝肯能源(002828.SZ) 0股
✅持仓: 庄园牧场(002910.SZ) 0股
✅持仓: 开普检测(003008.SZ) 0股
✅*******************总资产 66750.02 | 66750.02 剩余可用金额 158.02元*******************


==============================
今日股票收益: 1106.42 元
收益率:       1.69 %
==============================


