init — 双策略合并版
QMT路径: C:\QMT\userdata_mini
建立交易连接，返回0表示连接成功 0
初始化申万二级行业映射...
***** xtdata连接成功 *****
服务信息: {'tag': 'sp3', 'version': '1.0'}
服务地址: 127.0.0.1:58610
数据路径: C:\QMT\bin.x64/../userdata_mini/datadir
设置xtdata.enable_hello = False可隐藏此消息

行业映射完成，共 958 只股票
双策略初始化完成: 动量0.1% + 小市值99.9%
  初始资产 67235.98, 可用资金 6770.38
******************当日(2026-08-21 18:11:23.378394) (周5) 持仓市值: 60465.60元*******************
✅黄金ETF华安(518880.SH) 占比 23.74% 涨幅:   5.20% (789.30) x 1700 = 15959.6元 None
✅宏达高科(002144.SZ) 占比 3.27% 涨幅:   0.41% (9.00) x 200 = 2200.0元 纺织制造
✅中天服务(002188.SZ) 占比 8.14% 涨幅:  17.86% (829.00) x 1000 = 5470.0元 房地产服务
✅亚联发展(002316.SZ) 占比 7.94% 涨幅:   9.49% (463.00) x 1200 = 5340.0元 综合
✅华斯股份(002494.SZ) 占比 7.90% 涨幅:  11.95% (567.00) x 1100 = 5313.0元 服装家纺
✅海源复材(002529.SZ) 占比 8.38% 涨幅:  10.06% (515.00) x 800 = 5632.0元 专用设备
✅恒大高新(002591.SZ) 占比 8.47% 涨幅:  57.73% (2085.18) x 900 = 5697.0元 化学制品
✅凤形股份(002760.SZ) 占比 5.21% 涨幅:   2.61% (89.00) x 200 = 3502.0元 通用设备
✅桂发祥(002820.SZ) 占比 8.39% 涨幅:  11.66% (589.00) x 600 = 5640.0元 休闲食品
✅庄园牧场(002910.SZ) 占比 8.50% 涨幅:  15.70% (775.00) x 600 = 5712.0元 饮料乳品
✅持仓: 富煌钢构(002743.SZ) 0股
✅*******************总资产 67235.98 剩余可用金额 6770.38元*******************
  [动量策略] 预留现金: 6.77 | 持仓市值: 15,959.60 | 总资产: 15,966.37
    持仓: 黄金ETF华安
  [小市值策略] 预留现金: 6,763.61 | 持仓市值: 44,506.00 | 总资产: 51,269.61
    持仓: 宏达高科, 中天服务, 亚联发展, 华斯股份, 海源复材, 恒大高新, 富煌钢构, 凤形股份, 桂发祥, 庄园牧场

  各策略的资金总和与账面资金吻合

==============================
今日股票收益: 0.00 元
收益率:       0.00 %
==============================


start
调度器已启动 — 动量(每天11:00) + 小市值(周二) 
sleep a day

收到信号 2，关闭调度器...
调度器已关闭
init — 双策略合并版
QMT路径: C:\QMT\userdata_mini
建立交易连接，返回0表示连接成功 0
初始化申万二级行业映射...
***** xtdata连接成功 *****
服务信息: {'tag': 'sp3', 'version': '1.0'}
服务地址: 127.0.0.1:58610
数据路径: C:\QMT\bin.x64/../userdata_mini/datadir
设置xtdata.enable_hello = False可隐藏此消息

行业映射完成，共 958 只股票
双策略初始化完成: 动量0.1% + 小市值99.9%
  初始资产 67236.48, 可用资金 6770.88
******************当日(2026-08-21 20:16:44.174048) (周5) 持仓市值: 60465.60元*******************
✅黄金ETF华安(518880.SH) 占比 23.74% 涨幅:   5.20% (789.30) x 1700 = 15959.6元 None
✅宏达高科(002144.SZ) 占比 3.27% 涨幅:   0.41% (9.00) x 200 = 2200.0元 纺织制造
✅中天服务(002188.SZ) 占比 8.14% 涨幅:  17.86% (829.00) x 1000 = 5470.0元 房地产服务
✅亚联发展(002316.SZ) 占比 7.94% 涨幅:   9.49% (463.00) x 1200 = 5340.0元 综合
✅华斯股份(002494.SZ) 占比 7.90% 涨幅:  11.95% (567.00) x 1100 = 5313.0元 服装家纺
✅海源复材(002529.SZ) 占比 8.38% 涨幅:  10.06% (515.00) x 800 = 5632.0元 专用设备
✅恒大高新(002591.SZ) 占比 8.47% 涨幅:  57.73% (2085.18) x 900 = 5697.0元 化学制品
✅凤形股份(002760.SZ) 占比 5.21% 涨幅:   2.61% (89.00) x 200 = 3502.0元 通用设备
✅桂发祥(002820.SZ) 占比 8.39% 涨幅:  11.66% (589.00) x 600 = 5640.0元 休闲食品
✅庄园牧场(002910.SZ) 占比 8.50% 涨幅:  15.70% (775.00) x 600 = 5712.0元 饮料乳品
✅持仓: 富煌钢构(002743.SZ) 0股
✅*******************总资产 67236.48 剩余可用金额 6770.88元*******************
  [动量策略] 预留现金: 6.77 | 持仓市值: 15,959.60 | 总资产: 15,966.37
    持仓: 黄金ETF华安
  [小市值策略] 预留现金: 6,764.11 | 持仓市值: 44,506.00 | 总资产: 51,270.11
    持仓: 宏达高科, 中天服务, 亚联发展, 华斯股份, 海源复材, 恒大高新, 富煌钢构, 凤形股份, 桂发祥, 庄园牧场

  各策略的资金总和与账面资金吻合

==============================
今日股票收益: 0.00 元
收益率:       0.00 %
==============================


start
调度器已启动 — 动量(每天11:00) + 小市值(周二) 
sleep a day
今天是交易日吗 False
judge_date count  1
sleep a day
今天是交易日吗 False
judge_date count  1
******************当日(2026-08-23 15:02:00.028150) (周7) 持仓市值: 60465.60元*******************
✅黄金ETF华安(518880.SH) 占比 23.74% 涨幅:   5.20% (789.30) x 1700 = 15959.6元 None
✅宏达高科(002144.SZ) 占比 3.27% 涨幅:   0.41% (9.00) x 200 = 2200.0元 纺织制造
✅中天服务(002188.SZ) 占比 8.14% 涨幅:  17.86% (829.00) x 1000 = 5470.0元 房地产服务
✅亚联发展(002316.SZ) 占比 7.94% 涨幅:   9.49% (463.00) x 1200 = 5340.0元 综合
✅华斯股份(002494.SZ) 占比 7.90% 涨幅:  11.95% (567.00) x 1100 = 5313.0元 服装家纺
✅海源复材(002529.SZ) 占比 8.38% 涨幅:  10.06% (515.00) x 800 = 5632.0元 专用设备
✅恒大高新(002591.SZ) 占比 8.47% 涨幅:  57.73% (2085.18) x 900 = 5697.0元 化学制品
✅凤形股份(002760.SZ) 占比 5.21% 涨幅:   2.61% (89.00) x 200 = 3502.0元 通用设备
✅桂发祥(002820.SZ) 占比 8.39% 涨幅:  11.66% (589.00) x 600 = 5640.0元 休闲食品
✅庄园牧场(002910.SZ) 占比 8.50% 涨幅:  15.70% (775.00) x 600 = 5712.0元 饮料乳品
✅*******************总资产 67236.48 剩余可用金额 6770.88元*******************
  [动量策略] 预留现金: 6.77 | 持仓市值: 15,959.60 | 总资产: 15,966.37
    持仓: 黄金ETF华安
  [小市值策略] 预留现金: 6,764.11 | 持仓市值: 44,506.00 | 总资产: 51,270.11
    持仓: 宏达高科, 中天服务, 亚联发展, 华斯股份, 海源复材, 恒大高新, 凤形股份, 桂发祥, 庄园牧场

  各策略的资金总和与账面资金吻合

==============================
今日股票收益: 0.00 元
收益率:       0.00 %
==============================


sleep a day
今天是交易日吗 True
judge_date count  1
中小综指成分股数量：958
['002001.SZ', '002003.SZ', '002004.SZ', '002005.SZ', '002006.SZ', '002007.SZ', '002008.SZ', '002009.SZ', '002010.SZ', '002011.SZ']
涨停 002015.SZ 协鑫能科
002084.SZ  可能停牌  -1
涨停 002412.SZ 汉森制药
002445.SZ  可能停牌  -1
涨停 002703.SZ 浙江世宝
002906.SZ  可能停牌  -1
涨停 002975.SZ 博杰股份
过滤ST/*ST股票后，剩余 897 只
prepare_stock_list count  2
大盘涨幅 1.00%
stop_loss count  3

✅========== [动量策略] 每日调仓 2026-08-24 ==========

========== [短期动量] 开始 (窗口=25天) ==========
  纳指ETF国泰(513100.SH): 年化=88.5907% R²=0.4310 近3日最大跌幅 0.77% 得分=0.3818
  日经ETF华夏(513520.SH): 年化=119.9693% R²=0.4298 近3日最大跌幅 0.66% 得分=0.5156
  德国ETF华安(513030.SH): 年化=178.3204% R²=0.7335 近3日最大跌幅 1.57% 得分=1.3079
  黄金ETF华安(518880.SH): 年化=268.5114% R²=0.8285 近3日最大跌幅 -1.67% 得分=2.2246 -> [淘汰] 分数超出阈值2
  有色ETF大成(159980.SZ): 年化=26.8103% R²=0.5052 近3日最大跌幅 0.14% 得分=0.1354
  豆粕ETF华夏(159985.SZ): 年化=9.1896% R²=-0.0172 近3日最大跌幅 2.22% 得分=0.0016
  南方原油LOF(501018.SH): 年化=-70.9383% R²=0.5153 近3日最大跌幅 1.65% 得分=-0.3656 -> [淘汰]
  30年国债ETF鹏扬(511090.SH): 年化=20.9906% R²=0.7960 近3日最大跌幅 0.34% 得分=0.1671
  恒生科技ETF华泰柏瑞(513130.SH): 年化=-19.9632% R²=0.0385 近3日最大跌幅 3.22% 得分=-0.0077 -> [淘汰]
  人工智能ETF华富(515980.SH): 年化=-37.2987% R²=0.0965 近3日最大跌幅 4.69% 得分=-0.0360 -> [淘汰]
  >>> 短期动量最终选出: 德国ETF华安(513030.SH)

========== [长期动量] 开始 (窗口=250天) ==========
  纳指ETF国泰(513100.SH): 年化=29.5651% R²=0.5824 近3日最大跌幅 0.77% 得分=0.1722
  日经ETF华夏(513520.SH): 年化=45.3109% R²=0.7753 近3日最大跌幅 0.66% 得分=0.3513
  德国ETF华安(513030.SH): 年化=-3.5532% R²=0.0950 近3日最大跌幅 1.57% 得分=-0.0034 -> [淘汰]
  黄金ETF华安(518880.SH): 年化=-0.1967% R²=-0.0024 近3日最大跌幅 -1.67% 得分=-0.0000 -> [淘汰]
  有色ETF大成(159980.SZ): 年化=23.3693% R²=0.6929 近3日最大跌幅 0.14% 得分=0.1619
  豆粕ETF华夏(159985.SZ): 年化=10.9287% R²=0.4296 近3日最大跌幅 2.22% 得分=0.0470
  南方原油LOF(501018.SH): 年化=99.9985% R²=0.5883 近3日最大跌幅 1.65% 得分=0.5883
  30年国债ETF鹏扬(511090.SH): 年化=0.9420% R²=-0.0227 近3日最大跌幅 0.34% 得分=0.0002
  恒生科技ETF华泰柏瑞(513130.SH): 年化=-31.8495% R²=0.8391 近3日最大跌幅 3.22% 得分=-0.2673 -> [淘汰]
  人工智能ETF华富(515980.SH): 年化=50.5501% R²=0.6738 近3日最大跌幅 4.69% 得分=0.3406
  >>> 长期动量最终选出: 南方原油LOF(501018.SH)

========== 选股汇总 ==========
  短期动量选出: 德国ETF华安(513030.SH)
  长期动量选出: 南方原油LOF(501018.SH)
-----------
  只买短期
-----------
  总资产: 66,612.58, 动量总资产: 16,243.47
  [调出] 黄金ETF华安(518880.SH) → 清仓
async_seq  16
卖出 518880.SH 手续费 5，印花税 0
成功清仓 518880.SH 后，策略0 增加资金16231.70, 现有资金为 16238.47
sleep 30s
异步委托回调 投资备注: 清仓518880.SH 
  动量总资产更新: 16,238.47
  [与目标差异太小，不减仓] 德国ETF华安(513030.SH): 0.00 → 16,238.47
  [加仓] 德国ETF华安(513030.SH): 0.00 → 16,238.47
buy 513030.SH passorder target value 16238.47 current 0.00 amount 8500 @1.91
成功买入 513030.SH 后，策略0 减少资金16158.50, 再扣除佣金5.0, 现有资金为 74.97
async_seq  19
✅========== [动量策略] 调仓结束 ==========

异步委托回调 投资备注: Buy 513030.SH Tgt 16238
check_limit_up count  4
sleep 20s
******************当日(2026-08-24 14:12:20.006595) (周1) 持仓市值: 59792.50元*******************
✅宏达高科(002144.SZ) 占比 3.22% 涨幅:  -2.05% (-45.00) x 200 = 2146.0元 纺织制造
✅中天服务(002188.SZ) 占比 8.04% 涨幅:  15.49% (719.00) x 1000 = 5360.0元 房地产服务
✅亚联发展(002316.SZ) 占比 7.87% 涨幅:   7.53% (367.00) x 1200 = 5244.0元 综合
✅华斯股份(002494.SZ) 占比 7.84% 涨幅:  10.09% (479.00) x 1100 = 5225.0元 服装家纺
✅海源复材(002529.SZ) 占比 8.32% 涨幅:   8.34% (427.00) x 800 = 5544.0元 专用设备
✅恒大高新(002591.SZ) 占比 8.36% 涨幅:  54.24% (1959.18) x 900 = 5571.0元 化学制品
✅凤形股份(002760.SZ) 占比 5.16% 涨幅:   0.67% (23.00) x 200 = 3436.0元 通用设备
✅桂发祥(002820.SZ) 占比 8.22% 涨幅:   8.45% (427.00) x 600 = 5478.0元 休闲食品
✅庄园牧场(002910.SZ) 占比 8.50% 涨幅:  14.73% (727.00) x 600 = 5664.0元 饮料乳品
✅德国ETF华安(513030.SH) 占比 24.20% 涨幅:  -0.24% (-39.00) x 8500 = 16124.5元 None
✅持仓: 黄金ETF华安(518880.SH) 0股
✅*******************总资产 66631.58 剩余可用金额 6839.08元*******************
  [动量策略] 预留现金: 74.97 | 持仓市值: 16,124.50 | 总资产: 16,199.47
    持仓: 德国ETF华安
  [小市值策略] 预留现金: 6,764.11 | 持仓市值: 43,668.00 | 总资产: 50,432.11
    持仓: 宏达高科, 中天服务, 亚联发展, 华斯股份, 海源复材, 恒大高新, 凤形股份, 桂发祥, 庄园牧场

check_remain_amount count  5
******************当日(2026-08-24 15:02:00.028613) (周1) 持仓市值: 60028.00元*******************
✅宏达高科(002144.SZ) 占比 3.22% 涨幅:  -1.87% (-41.00) x 200 = 2150.0元 纺织制造
✅中天服务(002188.SZ) 占比 8.08% 涨幅:  16.35% (759.00) x 1000 = 5400.0元 房地产服务
✅亚联发展(002316.SZ) 占比 7.95% 涨幅:   9.00% (439.00) x 1200 = 5316.0元 综合
✅华斯股份(002494.SZ) 占比 7.88% 涨幅:  11.02% (523.00) x 1100 = 5269.0元 服装家纺
✅海源复材(002529.SZ) 占比 8.28% 涨幅:   8.19% (419.00) x 800 = 5536.0元 专用设备
✅恒大高新(002591.SZ) 占比 8.37% 涨幅:  54.99% (1986.18) x 900 = 5598.0元 化学制品
✅凤形股份(002760.SZ) 占比 5.18% 涨幅:   1.55% (53.00) x 200 = 3466.0元 通用设备
✅桂发祥(002820.SZ) 占比 8.37% 涨幅:  10.83% (547.00) x 600 = 5598.0元 休闲食品
✅庄园牧场(002910.SZ) 占比 8.47% 涨幅:  14.73% (727.00) x 600 = 5664.0元 饮料乳品
✅德国ETF华安(513030.SH) 占比 23.97% 涨幅:  -0.82% (-132.50) x 8500 = 16031.0元 None
✅持仓: 黄金ETF华安(518880.SH) 0股
✅*******************总资产 66867.08 剩余可用金额 6839.08元*******************
  [动量策略] 预留现金: 74.97 | 持仓市值: 16,031.00 | 总资产: 16,105.97
    持仓: 德国ETF华安
  [小市值策略] 预留现金: 6,764.11 | 持仓市值: 43,997.00 | 总资产: 50,761.11
    持仓: 宏达高科, 中天服务, 亚联发展, 华斯股份, 海源复材, 恒大高新, 凤形股份, 桂发祥, 庄园牧场

  各策略的资金总和与账面资金吻合

==============================
今日股票收益: -369.40 元
收益率:       -0.55 %
==============================


sleep a day
今天是交易日吗 True
judge_date count  1
中小综指成分股数量：958
['002001.SZ', '002003.SZ', '002004.SZ', '002005.SZ', '002006.SZ', '002007.SZ', '002008.SZ', '002009.SZ', '002010.SZ', '002011.SZ']
涨停 002084.SZ 海鸥住工
涨停 002445.SZ 中南文化
涨停 002574.SZ 明牌珠宝
涨停 002627.SZ 三峡旅游
涨停 002880.SZ 卫光生物
过滤ST/*ST股票后，剩余 899 只
prepare_stock_list count  2
✅========== [小市值策略] 周度调仓(卖出) 2026-08-25 09:55:00.053314 ==========
******************当日(2026-08-25 09:55:00.053314) (周2) 持仓市值: 60556.00元*******************
✅德国ETF华安(513030.SH) 占比 23.81% 涨幅:  -0.71% (-115.50) x 8500 = 16048.0元 None
✅宏达高科(002144.SZ) 占比 3.29% 涨幅:   1.32% (29.00) x 200 = 2220.0元 纺织制造
✅中天服务(002188.SZ) 占比 8.10% 涨幅:  17.65% (819.00) x 1000 = 5460.0元 房地产服务
✅亚联发展(002316.SZ) 占比 7.94% 涨幅:   9.74% (475.00) x 1200 = 5352.0元 综合
✅华斯股份(002494.SZ) 占比 7.83% 涨幅:  11.25% (534.00) x 1100 = 5280.0元 服装家纺
✅海源复材(002529.SZ) 占比 8.24% 涨幅:   8.50% (435.00) x 800 = 5552.0元 专用设备
✅恒大高新(002591.SZ) 占比 8.36% 涨幅:  55.99% (2022.18) x 900 = 5634.0元 化学制品
✅凤形股份(002760.SZ) 占比 5.15% 涨幅:   1.73% (59.00) x 200 = 3472.0元 通用设备
✅桂发祥(002820.SZ) 占比 8.57% 涨幅:  14.39% (727.00) x 600 = 5778.0元 休闲食品
✅庄园牧场(002910.SZ) 占比 8.55% 涨幅:  16.67% (823.00) x 600 = 5760.0元 饮料乳品
✅*******************总资产 67395.08 剩余可用金额 6839.08元*******************
  [动量策略] 预留现金: 74.97 | 持仓市值: 16,048.00 | 总资产: 16,122.97
    持仓: 德国ETF华安
  [小市值策略] 预留现金: 6,764.11 | 持仓市值: 44,508.00 | 总资产: 51,272.11
    持仓: 宏达高科, 中天服务, 亚联发展, 华斯股份, 海源复材, 恒大高新, 凤形股份, 桂发祥, 庄园牧场

get_small_cap_stocks   2026-08-25 09:55:00.053314    head 9
    第 1名: 亚联发展(002316.SZ), 流通市值: 17.53 亿元 综合   <== 选中
    第 2名: 中天服务(002188.SZ), 流通市值: 17.86 亿元 房地产服务   <== 选中
    第 3名: 海源复材(002529.SZ), 流通市值: 18.04 亿元 专用设备   <== 选中
    第 4名: 华斯股份(002494.SZ), 流通市值: 18.11 亿元 服装家纺   <== 选中
    第 5名: 凤形股份(002760.SZ), 流通市值: 18.75 亿元 通用设备   <== 选中
    第 6名: 庄园牧场(002910.SZ), 流通市值: 18.77 亿元 饮料乳品   <== 选中
    第 7名: 恒大高新(002591.SZ), 流通市值: 18.79 亿元 化学制品   <== 选中
    第 8名: 桂发祥(002820.SZ), 流通市值: 19.34 亿元 休闲食品   <== 选中
    第 9名: 中晟高科(002778.SZ), 流通市值: 19.59 亿元 环境治理   <== 选中
    第10名: 宏达高科(002144.SZ), 流通市值: 19.62 亿元 纺织制造 
    第11名: 登云股份(002715.SZ), 流通市值: 19.64 亿元 汽车零部件 
    第12名: 天元股份(003003.SZ), 流通市值: 19.69 亿元 包装印刷 
    第13名: 黄山胶囊(002817.SZ), 流通市值: 19.74 亿元 化学制药 
    第14名: 国统股份(002205.SZ), 流通市值: 19.89 亿元 水泥 
    第15名: 富煌钢构(002743.SZ), 流通市值: 19.98 亿元 专业工程 
    第16名: 蓝丰生化(002513.SZ), 流通市值: 20.02 亿元 农化制品 
    第17名: 林州重机(002535.SZ), 流通市值: 20.12 亿元 专用设备 
    第18名: 开普检测(003008.SZ), 流通市值: 20.34 亿元 专业服务 
    第19名: 聚力文化(002247.SZ), 流通市值: 20.42 亿元 装修建材 
    第20名: 集泰股份(002909.SZ), 流通市值: 20.44 亿元 化学制品 
✅当前持股 9只
宏达高科
中天服务
亚联发展
华斯股份
海源复材
恒大高新
凤形股份
桂发祥
庄园牧场
✅需要买入股票 1只
✅需要卖出股票 1只
✅待买入  中晟高科
✅待卖出: 宏达高科
✅今日(2026-08-25 09:55:00.053314)为卖出时间，执行卖出操作
✅------------------------------------------
✅>>>>>>>>>>>>
✅卖出: 宏达高科
async_seq  31
卖出 002144.SZ 手续费 5，印花税 1.11
成功清仓 002144.SZ 后，策略1 增加资金2213.89, 现有资金为 8978.00
rebalance_sell count  3
异步委托回调 投资备注: 清仓002144.SZ 
大盘涨幅 -1.67%
stop_loss count  4
✅========== [小市值策略] 周度调仓(买入) 2026-08-25 10:30:00.049807 ==========
✅今日(2026-08-25 10:30:00.049807)为买入时间，执行买入操作
✅+++++++++++++++++++++++++++++++++++++++++
✅需买入 1只
中晟高科
selected_stocks
['002316.SZ', '002188.SZ', '002529.SZ', '002494.SZ', '002760.SZ', '002910.SZ', '002591.SZ', '002820.SZ', '002778.SZ']
  期望持仓: 亚联发展(002316.SZ), 11.11%
  期望持仓: 中天服务(002188.SZ), 11.11%
  期望持仓: 海源复材(002529.SZ), 11.11%
  期望持仓: 华斯股份(002494.SZ), 11.11%
  期望持仓: 凤形股份(002760.SZ), 11.11%
  期望持仓: 庄园牧场(002910.SZ), 11.11%
  期望持仓: 恒大高新(002591.SZ), 11.11%
  期望持仓: 桂发祥(002820.SZ), 11.11%
  期望持仓: 中晟高科(002778.SZ), 11.11%
预计买入中晟高科(002778.SZ)  300 股 * 15.67,总计 4701.00
预计持仓 47159.0 剩余金额 4277.00
 预估持仓: 宏达高科(002144.SZ), 占比 0.00% 单价 11.14
 预估持仓: 中天服务(002188.SZ), 占比 10.62% 单价 5.46
 预估持仓: 亚联发展(002316.SZ), 占比 10.38% 单价 4.45
 预估持仓: 华斯股份(002494.SZ), 占比 10.29% 单价 4.81
 预估持仓: 海源复材(002529.SZ), 占比 10.87% 单价 6.99
 预估持仓: 恒大高新(002591.SZ), 占比 10.97% 单价 6.27
 预估持仓: 凤形股份(002760.SZ), 占比 6.78% 单价 17.43
 预估持仓: 中晟高科(002778.SZ), 占比 9.14% 单价 15.67
 预估持仓: 桂发祥(002820.SZ), 占比 11.34% 单价 9.72
 预估持仓: 庄园牧场(002910.SZ), 占比 11.30% 单价 9.69
调整中晟高科买入数量，期望买入5715.11,当前4701.00,相差1014.11
单价15.67，新市值4701.00，差值1014.11
单价15.67，新市值6268.00，差值-552.89
单价15.67，新市值7835.00，差值-2119.89
✅调整买入数量，追加1手,仓位占比调整为12.19%
====调整每股额度====
当前可用资金  8977.99912 
持仓市值  42458.0 
总资产:  51435.99912 
每股额度  8977.99912

✅===可用资金 8977.99912===
委托买入: 中晟高科, 002778.SZ 
目标价值:6268.00
预计最终持股400股，每股15.67元，合计:6268.00
buy 002778.SZ passorder target value 6268.00 current 0.00 amount 400 @15.77
成功买入 002778.SZ 后，策略1 减少资金6272.00, 再扣除佣金5.0, 现有资金为 2701.00
async_seq  40
异步委托回调 投资备注: Buy 002778.SZ Tgt 6268.
sleep 30s
******************当日(2026-08-25 10:30:40.101170) (周2) 持仓市值: 64805.50元*******************
✅德国ETF华安(513030.SH) 占比 23.81% 涨幅:  -0.45% (-73.00) x 8500 = 16090.5元 None
✅中天服务(002188.SZ) 占比 8.06% 涨幅:  17.43% (809.00) x 1000 = 5450.0元 房地产服务
✅亚联发展(002316.SZ) 占比 7.92% 涨幅:   9.74% (475.00) x 1200 = 5352.0元 综合
✅华斯股份(002494.SZ) 占比 7.81% 涨幅:  11.25% (534.00) x 1100 = 5280.0元 服装家纺
✅海源复材(002529.SZ) 占比 8.27% 涨幅:   9.28% (475.00) x 800 = 5592.0元 专用设备
✅恒大高新(002591.SZ) 占比 8.32% 涨幅:  55.74% (2013.18) x 900 = 5625.0元 化学制品
✅凤形股份(002760.SZ) 占比 5.15% 涨幅:   2.02% (69.00) x 200 = 3482.0元 通用设备
✅桂发祥(002820.SZ) 占比 8.65% 涨幅:  15.70% (793.00) x 600 = 5844.0元 休闲食品
✅庄园牧场(002910.SZ) 占比 8.60% 涨幅:  17.76% (877.00) x 600 = 5814.0元 饮料乳品
✅中晟高科(002778.SZ) 占比 9.29% 涨幅:   0.13% (8.00) x 400 = 6276.0元 环境治理
✅持仓: 宏达高科(002144.SZ) 0股
✅*******************总资产 67590.47 剩余可用金额 9050.47元*******************
  [动量策略] 预留现金: 74.97 | 持仓市值: 16,090.50 | 总资产: 16,165.47
    持仓: 德国ETF华安
  [小市值策略] 预留现金: 2,701.00 | 持仓市值: 48,715.00 | 总资产: 51,416.00
    持仓: 中天服务, 亚联发展, 华斯股份, 海源复材, 恒大高新, 凤形股份, 桂发祥, 庄园牧场, 中晟高科

rebalance_buy count  5

✅========== [动量策略] 每日调仓 2026-08-25 ==========

========== [短期动量] 开始 (窗口=25天) ==========
  纳指ETF国泰(513100.SH): 年化=61.4875% R²=0.2995 近3日最大跌幅 1.32% 得分=0.1842
  日经ETF华夏(513520.SH): 年化=89.1341% R²=0.3303 近3日最大跌幅 0.84% 得分=0.2944
  德国ETF华安(513030.SH): 年化=138.7520% R²=0.6349 近3日最大跌幅 1.57% 得分=0.8809
  黄金ETF华安(518880.SH): 年化=293.5374% R²=0.8418 近3日最大跌幅 0.54% 得分=2.4711 -> [淘汰] 分数超出阈值2
  有色ETF大成(159980.SZ): 年化=23.7507% R²=0.4749 近3日最大跌幅 0.32% 得分=0.1128
  豆粕ETF华夏(159985.SZ): 年化=13.6073% R²=-0.0164 近3日最大跌幅 2.22% 得分=0.0022
  南方原油LOF(501018.SH): 年化=-67.8706% R²=0.4808 近3日最大跌幅 1.29% 得分=-0.3263 -> [淘汰]
  30年国债ETF鹏扬(511090.SH): 年化=18.8859% R²=0.7805 近3日最大跌幅 0.03% 得分=0.1474
  恒生科技ETF华泰柏瑞(513130.SH): 年化=-29.5501% R²=0.1234 近3日最大跌幅 3.05% 得分=-0.0365 -> [淘汰]
  人工智能ETF华富(515980.SH): 年化=-47.3009% R²=0.1539 近3日最大跌幅 4.30% 得分=-0.0728 -> [淘汰]
  >>> 短期动量最终选出: 德国ETF华安(513030.SH)

========== [长期动量] 开始 (窗口=250天) ==========
  纳指ETF国泰(513100.SH): 年化=29.4787% R²=0.5820 近3日最大跌幅 1.32% 得分=0.1716
  日经ETF华夏(513520.SH): 年化=44.9534% R²=0.7728 近3日最大跌幅 0.84% 得分=0.3474
  德国ETF华安(513030.SH): 年化=-3.4066% R²=0.0890 近3日最大跌幅 1.57% 得分=-0.0030 -> [淘汰]
  黄金ETF华安(518880.SH): 年化=-0.4183% R²=-0.0042 近3日最大跌幅 0.54% 得分=-0.0000 -> [淘汰]
  有色ETF大成(159980.SZ): 年化=23.1782% R²=0.6903 近3日最大跌幅 0.32% 得分=0.1600
  豆粕ETF华夏(159985.SZ): 年化=11.0031% R²=0.4338 近3日最大跌幅 2.22% 得分=0.0477
  南方原油LOF(501018.SH): 年化=99.2907% R²=0.5870 近3日最大跌幅 1.29% 得分=0.5829
  30年国债ETF鹏扬(511090.SH): 年化=1.0839% R²=-0.0198 近3日最大跌幅 0.03% 得分=0.0002
  恒生科技ETF华泰柏瑞(513130.SH): 年化=-31.9204% R²=0.8430 近3日最大跌幅 3.05% 得分=-0.2691 -> [淘汰]
  人工智能ETF华富(515980.SH): 年化=49.1848% R²=0.6641 近3日最大跌幅 4.30% 得分=0.3266
  >>> 长期动量最终选出: 南方原油LOF(501018.SH)

========== 选股汇总 ==========
  短期动量选出: 德国ETF华安(513030.SH)
  长期动量选出: 南方原油LOF(501018.SH)
-----------
  只买短期
-----------
  总资产: 67,513.97, 动量总资产: 16,165.47
  [与目标差异太小，不减仓] 德国ETF华安(513030.SH): 16,090.50 → 16,165.47
  [与目标差异太小，不加仓] 德国ETF华安(513030.SH): 16,090.50 → 16,165.47 策略资金74.97
✅========== [动量策略] 调仓结束 ==========

check_limit_up count  6
sleep 20s
******************当日(2026-08-25 14:12:20.011596) (周2) 持仓市值: 65602.50元*******************
✅德国ETF华安(513030.SH) 占比 23.61% 涨幅:  -0.14% (-22.00) x 8500 = 16141.5元 None
✅中天服务(002188.SZ) 占比 8.15% 涨幅:  20.02% (929.00) x 1000 = 5570.0元 房地产服务
✅亚联发展(002316.SZ) 占比 7.98% 涨幅:  11.95% (583.00) x 1200 = 5460.0元 综合
✅华斯股份(002494.SZ) 占比 7.85% 涨幅:  13.11% (622.00) x 1100 = 5368.0元 服装家纺
✅海源复材(002529.SZ) 占比 8.27% 涨幅:  10.53% (539.00) x 800 = 5656.0元 专用设备
✅恒大高新(002591.SZ) 占比 8.41% 涨幅:  59.23% (2139.18) x 900 = 5751.0元 化学制品
✅凤形股份(002760.SZ) 占比 5.19% 涨幅:   3.90% (133.00) x 200 = 3546.0元 通用设备
✅桂发祥(002820.SZ) 占比 8.56% 涨幅:  15.94% (805.00) x 600 = 5856.0元 休闲食品
✅庄园牧场(002910.SZ) 占比 8.66% 涨幅:  19.95% (985.00) x 600 = 5922.0元 饮料乳品
✅中晟高科(002778.SZ) 占比 9.26% 涨幅:   0.93% (58.50) x 400 = 6332.0元 环境治理
✅持仓: 宏达高科(002144.SZ) 0股
✅*******************总资产 68379.47 剩余可用金额 2776.97元*******************
  [动量策略] 预留现金: 74.97 | 持仓市值: 16,141.50 | 总资产: 16,216.47
    持仓: 德国ETF华安
  [小市值策略] 预留现金: 2,701.00 | 持仓市值: 49,461.00 | 总资产: 52,162.00
    持仓: 中天服务, 亚联发展, 华斯股份, 海源复材, 恒大高新, 凤形股份, 桂发祥, 庄园牧场, 中晟高科

check_remain_amount count  7
******************当日(2026-08-25 15:02:00.040317) (周2) 持仓市值: 65764.50元*******************
✅德国ETF华安(513030.SH) 占比 23.70% 涨幅:   0.49% (80.00) x 8500 = 16243.5元 None
✅中天服务(002188.SZ) 占比 8.16% 涨幅:  20.45% (949.00) x 1000 = 5590.0元 房地产服务
✅亚联发展(002316.SZ) 占比 8.04% 涨幅:  12.94% (631.00) x 1200 = 5508.0元 综合
✅华斯股份(002494.SZ) 占比 7.83% 涨幅:  13.11% (622.00) x 1100 = 5368.0元 服装家纺
✅海源复材(002529.SZ) 占比 8.26% 涨幅:  10.69% (547.00) x 800 = 5664.0元 专用设备
✅恒大高新(002591.SZ) 占比 8.39% 涨幅:  59.23% (2139.18) x 900 = 5751.0元 化学制品
✅凤形股份(002760.SZ) 占比 5.18% 涨幅:   4.01% (137.00) x 200 = 3550.0元 通用设备
✅桂发祥(002820.SZ) 占比 8.54% 涨幅:  15.94% (805.00) x 600 = 5856.0元 休闲食品
✅庄园牧场(002910.SZ) 占比 8.59% 涨幅:  19.22% (949.00) x 600 = 5886.0元 饮料乳品
✅中晟高科(002778.SZ) 占比 9.26% 涨幅:   1.19% (74.50) x 400 = 6348.0元 环境治理
✅持仓: 宏达高科(002144.SZ) 0股
✅*******************总资产 68541.47 剩余可用金额 2776.97元*******************
  [动量策略] 预留现金: 74.97 | 持仓市值: 16,243.50 | 总资产: 16,318.47
    持仓: 德国ETF华安
  [小市值策略] 预留现金: 2,701.00 | 持仓市值: 49,521.00 | 总资产: 52,222.00
    持仓: 中天服务, 亚联发展, 华斯股份, 海源复材, 恒大高新, 凤形股份, 桂发祥, 庄园牧场, 中晟高科

  策略资金总和为2775.97，账面资金为2776.97

资金差额为1.00
  [动量策略] 上一交易日现金记录6.77
  [小市值策略] 上一交易日现金记录6,764.11
资金差额较小，可能是手续费或者分红导致。现决定2个策略各分走一半差额资金
  [动量策略] 预留现金: 75.47, 现金记录更新75.47
  [小市值策略] 预留现金: 2,701.50, 现金记录更新2,701.50
==============================
今日股票收益: 1674.39 元
收益率:       2.50 %
==============================


