init — 双策略合并版
QMT路径: C:\QMT\userdata_mini
建立交易连接，返回0表示连接成功 0
初始化申万二级行业映射...
***** xtdata连接成功 *****
服务信息: {'tag': 'sp3', 'version': '1.0'}
服务地址: 127.0.0.1:58610
数据路径: C:\QMT\bin.x64/../userdata_mini/datadir
设置xtdata.enable_hello = False可隐藏此消息

行业映射完成，共 958 只股票
双策略初始化完成: 动量1.0% + 小市值99.0%
  初始资产 66193.84, 可用资金 465.04
******************当日(2026-08-19 15:26:08.247843) (周3) 持仓市值: 65728.80元*******************
✅黄金ETF华安(518880.SH) 占比 23.05% 涨幅:   0.56% (85.50) x 1700 = 15255.8元 None
✅宏达高科(002144.SZ) 占比 3.22% 涨幅:  -2.60% (-57.00) x 200 = 2134.0元 纺织制造
✅中天服务(002188.SZ) 占比 8.14% 涨幅:  16.14% (749.00) x 1000 = 5390.0元 房地产服务
✅亚联发展(002316.SZ) 占比 7.90% 涨幅:   7.28% (355.00) x 1200 = 5232.0元 综合
✅华斯股份(002494.SZ) 占比 7.83% 涨幅:   9.17% (435.00) x 1100 = 5181.0元 服装家纺
✅海源复材(002529.SZ) 占比 8.45% 涨幅:   9.28% (475.00) x 800 = 5592.0元 专用设备
✅恒大高新(002591.SZ) 占比 8.46% 涨幅:  54.99% (1986.18) x 900 = 5598.0元 化学制品
✅富煌钢构(002743.SZ) 占比 8.50% 涨幅:  15.07% (737.00) x 1400 = 5628.0元 专业工程
✅凤形股份(002760.SZ) 占比 5.25% 涨幅:   1.90% (65.00) x 200 = 3478.0元 通用设备
✅桂发祥(002820.SZ) 占比 10.01% 涨幅:  31.14% (1573.00) x 600 = 6624.0元 休闲食品
✅庄园牧场(002910.SZ) 占比 8.48% 涨幅:  13.75% (679.00) x 600 = 5616.0元 饮料乳品
✅*******************总资产 66193.84 剩余可用金额 465.04元*******************
  [动量策略] 预留现金: 4.65 | 持仓市值: 15,255.80 | 总资产: 15,260.45
    持仓: 黄金ETF华安
  [小市值策略] 预留现金: 460.39 | 持仓市值: 48,339.00 | 总资产: 48,799.39
    持仓: 中天服务, 亚联发展, 华斯股份, 海源复材, 恒大高新, 富煌钢构, 凤形股份, 桂发祥, 庄园牧场

  各策略的资金总和与账面资金吻合

==============================
今日股票收益: 0.00 元
收益率:       0.00 %
==============================


sell 002820.SZ passorder target value 0.00 current 6624.00 amount 600 @11.04
async_seq  6
init — 双策略合并版
QMT路径: C:\QMT\userdata_mini
建立交易连接，返回0表示连接成功 0
初始化申万二级行业映射...
***** xtdata连接成功 *****
服务信息: {'tag': 'sp3', 'version': '1.0'}
服务地址: 127.0.0.1:58610
数据路径: C:\QMT\bin.x64/../userdata_mini/datadir
设置xtdata.enable_hello = False可隐藏此消息

行业映射完成，共 958 只股票
双策略初始化完成: 动量1.0% + 小市值99.0%
  初始资产 66193.84, 可用资金 465.04
******************当日(2026-08-19 15:28:10.681801) (周3) 持仓市值: 65728.80元*******************
✅黄金ETF华安(518880.SH) 占比 23.05% 涨幅:   0.56% (85.50) x 1700 = 15255.8元 None
✅宏达高科(002144.SZ) 占比 3.22% 涨幅:  -2.60% (-57.00) x 200 = 2134.0元 纺织制造
✅中天服务(002188.SZ) 占比 8.14% 涨幅:  16.14% (749.00) x 1000 = 5390.0元 房地产服务
✅亚联发展(002316.SZ) 占比 7.90% 涨幅:   7.28% (355.00) x 1200 = 5232.0元 综合
✅华斯股份(002494.SZ) 占比 7.83% 涨幅:   9.17% (435.00) x 1100 = 5181.0元 服装家纺
✅海源复材(002529.SZ) 占比 8.45% 涨幅:   9.28% (475.00) x 800 = 5592.0元 专用设备
✅恒大高新(002591.SZ) 占比 8.46% 涨幅:  54.99% (1986.18) x 900 = 5598.0元 化学制品
✅富煌钢构(002743.SZ) 占比 8.50% 涨幅:  15.07% (737.00) x 1400 = 5628.0元 专业工程
✅凤形股份(002760.SZ) 占比 5.25% 涨幅:   1.90% (65.00) x 200 = 3478.0元 通用设备
✅桂发祥(002820.SZ) 占比 10.01% 涨幅:  31.14% (1573.00) x 600 = 6624.0元 休闲食品
✅庄园牧场(002910.SZ) 占比 8.48% 涨幅:  13.75% (679.00) x 600 = 5616.0元 饮料乳品
✅*******************总资产 66193.84 剩余可用金额 465.04元*******************
  [动量策略] 预留现金: 4.65 | 持仓市值: 15,255.80 | 总资产: 15,260.45
    持仓: 黄金ETF华安
  [小市值策略] 预留现金: 460.39 | 持仓市值: 48,339.00 | 总资产: 48,799.39
    持仓: 中天服务, 亚联发展, 华斯股份, 海源复材, 恒大高新, 富煌钢构, 凤形股份, 桂发祥, 庄园牧场

  各策略的资金总和与账面资金吻合

==============================
今日股票收益: 0.00 元
收益率:       0.00 %
==============================


sell 002820.SZ passorder target value 0.00 current 6624.00 amount 600 @11.04
async_seq  7
异步委托回调 投资备注: Sell 002820.SZ 0元 
委托报错回调 Sell 002820.SZ 0元  限价卖出 [SZ002820] [COUNTER] [120144][当前时间不允许此类证券交易][v_spliced_entrust_prop_t=,0,,en_entrust_pro
init — 双策略合并版
QMT路径: C:\QMT\userdata_mini
建立交易连接，返回0表示连接成功 0
初始化申万二级行业映射...
***** xtdata连接成功 *****
服务信息: {'tag': 'sp3', 'version': '1.0'}
服务地址: 127.0.0.1:58610
数据路径: C:\QMT\bin.x64/../userdata_mini/datadir
设置xtdata.enable_hello = False可隐藏此消息

行业映射完成，共 958 只股票
双策略初始化完成: 动量1.0% + 小市值99.0%
  初始资产 66193.84, 可用资金 465.04
******************当日(2026-08-19 15:29:21.671876) (周3) 持仓市值: 65728.80元*******************
✅黄金ETF华安(518880.SH) 占比 23.05% 涨幅:   0.56% (85.50) x 1700 = 15255.8元 None
✅宏达高科(002144.SZ) 占比 3.22% 涨幅:  -2.60% (-57.00) x 200 = 2134.0元 纺织制造
✅中天服务(002188.SZ) 占比 8.14% 涨幅:  16.14% (749.00) x 1000 = 5390.0元 房地产服务
✅亚联发展(002316.SZ) 占比 7.90% 涨幅:   7.28% (355.00) x 1200 = 5232.0元 综合
✅华斯股份(002494.SZ) 占比 7.83% 涨幅:   9.17% (435.00) x 1100 = 5181.0元 服装家纺
✅海源复材(002529.SZ) 占比 8.45% 涨幅:   9.28% (475.00) x 800 = 5592.0元 专用设备
✅恒大高新(002591.SZ) 占比 8.46% 涨幅:  54.99% (1986.18) x 900 = 5598.0元 化学制品
✅富煌钢构(002743.SZ) 占比 8.50% 涨幅:  15.07% (737.00) x 1400 = 5628.0元 专业工程
✅凤形股份(002760.SZ) 占比 5.25% 涨幅:   1.90% (65.00) x 200 = 3478.0元 通用设备
✅桂发祥(002820.SZ) 占比 10.01% 涨幅:  31.14% (1573.00) x 600 = 6624.0元 休闲食品
✅庄园牧场(002910.SZ) 占比 8.48% 涨幅:  13.75% (679.00) x 600 = 5616.0元 饮料乳品
✅*******************总资产 66193.84 剩余可用金额 465.04元*******************
  [动量策略] 预留现金: 4.65 | 持仓市值: 15,255.80 | 总资产: 15,260.45
    持仓: 黄金ETF华安
  [小市值策略] 预留现金: 460.39 | 持仓市值: 48,339.00 | 总资产: 48,799.39
    持仓: 中天服务, 亚联发展, 华斯股份, 海源复材, 恒大高新, 富煌钢构, 凤形股份, 桂发祥, 庄园牧场

  各策略的资金总和与账面资金吻合

==============================
今日股票收益: 0.00 元
收益率:       0.00 %
==============================


sell 002743.SZ passorder target value 0.00 current 5628.00 amount 1400 @4.02
async_seq  6
异步委托回调 投资备注: Sell 002743.SZ 0元 
委托报错回调 Sell 002743.SZ 0元  限价卖出 [SZ002743] [COUNTER] [120144][当前时间不允许此类证券交易][v_spliced_entrust_prop_t=,0,,en_entrust_pro
init — 双策略合并版
QMT路径: C:\QMT\userdata_mini
建立交易连接，返回0表示连接成功 0
初始化申万二级行业映射...
***** xtdata连接成功 *****
服务信息: {'tag': 'sp3', 'version': '1.0'}
服务地址: 127.0.0.1:58610
数据路径: C:\QMT\bin.x64/../userdata_mini/datadir
设置xtdata.enable_hello = False可隐藏此消息

行业映射完成，共 958 只股票
双策略初始化完成: 动量1.0% + 小市值99.0%
  初始资产 66193.84, 可用资金 465.04
******************当日(2026-08-19 15:34:16.798953) (周3) 持仓市值: 65728.80元*******************
✅黄金ETF华安(518880.SH) 占比 23.05% 涨幅:   0.56% (85.50) x 1700 = 15255.8元 None
✅宏达高科(002144.SZ) 占比 3.22% 涨幅:  -2.60% (-57.00) x 200 = 2134.0元 纺织制造
✅中天服务(002188.SZ) 占比 8.14% 涨幅:  16.14% (749.00) x 1000 = 5390.0元 房地产服务
✅亚联发展(002316.SZ) 占比 7.90% 涨幅:   7.28% (355.00) x 1200 = 5232.0元 综合
✅华斯股份(002494.SZ) 占比 7.83% 涨幅:   9.17% (435.00) x 1100 = 5181.0元 服装家纺
✅海源复材(002529.SZ) 占比 8.45% 涨幅:   9.28% (475.00) x 800 = 5592.0元 专用设备
✅恒大高新(002591.SZ) 占比 8.46% 涨幅:  54.99% (1986.18) x 900 = 5598.0元 化学制品
✅富煌钢构(002743.SZ) 占比 8.50% 涨幅:  15.07% (737.00) x 1400 = 5628.0元 专业工程
✅凤形股份(002760.SZ) 占比 5.25% 涨幅:   1.90% (65.00) x 200 = 3478.0元 通用设备
✅桂发祥(002820.SZ) 占比 10.01% 涨幅:  31.14% (1573.00) x 600 = 6624.0元 休闲食品
✅庄园牧场(002910.SZ) 占比 8.48% 涨幅:  13.75% (679.00) x 600 = 5616.0元 饮料乳品
✅*******************总资产 66193.84 剩余可用金额 465.04元*******************
  [动量策略] 预留现金: 4.65 | 持仓市值: 15,255.80 | 总资产: 15,260.45
    持仓: 黄金ETF华安
  [小市值策略] 预留现金: 460.39 | 持仓市值: 48,339.00 | 总资产: 48,799.39
    持仓: 中天服务, 亚联发展, 华斯股份, 海源复材, 恒大高新, 富煌钢构, 凤形股份, 桂发祥, 庄园牧场

  各策略的资金总和与账面资金吻合

==============================
今日股票收益: 0.00 元
收益率:       0.00 %
==============================


start
调度器已启动 — 动量(每天11:00) + 小市值(周二) 
sleep a day
今天是交易日吗 True
judge_date count  1
中小综指成分股数量：958
['002001.SZ', '002003.SZ', '002004.SZ', '002005.SZ', '002006.SZ', '002007.SZ', '002008.SZ', '002009.SZ', '002010.SZ', '002011.SZ']
涨停 002038.SZ 双鹭药业
跌停 002248.SZ 华东数控
涨停 002365.SZ 永安药业
涨停 002412.SZ 汉森制药
涨停 002900.SZ 哈三联
涨停 002940.SZ 昂利康
跌停 003032.SZ 传智教育
过滤ST/*ST股票后，剩余 897 只
prepare_stock_list count  2
大盘涨幅 -3.06%
stop_loss count  3

✅========== [动量策略] 每日调仓 2026-08-20 ==========

========== [短期动量] 开始 (窗口=25天) ==========
  纳指ETF国泰(513100.SH): 年化=124.3616% R²=0.5321 近3日最大跌幅 1.74% 得分=0.6618
  日经ETF华夏(513520.SH): 年化=155.6684% R²=0.4657 近3日最大跌幅 3.42% 得分=0.7250
  德国ETF华安(513030.SH): 年化=245.9553% R²=0.8424 近3日最大跌幅 3.31% 得分=2.0718 -> [淘汰] 分数超出阈值2
  黄金ETF华安(518880.SH): 年化=201.3919% R²=0.7968 近3日最大跌幅 1.15% 得分=1.6047
  有色ETF大成(159980.SZ): 年化=35.4092% R²=0.5989 近3日最大跌幅 1.21% 得分=0.2121
  豆粕ETF华夏(159985.SZ): 年化=4.0953% R²=-0.0082 近3日最大跌幅 0.05% 得分=0.0003
  南方原油LOF(501018.SH): 年化=-70.2313% R²=0.3854 近3日最大跌幅 1.59% 得分=-0.2706 -> [淘汰]
  30年国债ETF鹏扬(511090.SH): 年化=27.4323% R²=0.8987 近3日最大跌幅 0.27% 得分=0.2465
  恒生科技ETF华泰柏瑞(513130.SH): 年化=-4.1538% R²=-0.0108 近3日最大跌幅 1.52% 得分=-0.0004 -> [淘汰]
  人工智能ETF华富(515980.SH): 年化=-16.8716% R²=0.0289 近3日最大跌幅 7.65% 得分=-0.0049 -> [淘汰] 跌幅超出阈值 6%
  >>> 短期动量最终选出: 黄金ETF华安(518880.SH)

========== [长期动量] 开始 (窗口=250天) ==========
  纳指ETF国泰(513100.SH): 年化=29.5821% R²=0.5814 近3日最大跌幅 1.74% 得分=0.1720
  日经ETF华夏(513520.SH): 年化=45.8967% R²=0.7787 近3日最大跌幅 3.42% 得分=0.3574
  德国ETF华安(513030.SH): 年化=-3.9388% R²=0.1122 近3日最大跌幅 3.31% 得分=-0.0044 -> [淘汰]
  黄金ETF华安(518880.SH): 年化=0.2580% R²=0.0015 近3日最大跌幅 1.15% 得分=0.0000
  有色ETF大成(159980.SZ): 年化=23.8013% R²=0.6989 近3日最大跌幅 1.21% 得分=0.1663
  豆粕ETF华夏(159985.SZ): 年化=10.7755% R²=0.4216 近3日最大跌幅 0.05% 得分=0.0454
  南方原油LOF(501018.SH): 年化=101.2125% R²=0.5898 近3日最大跌幅 1.59% 得分=0.5970
  30年国债ETF鹏扬(511090.SH): 年化=0.6619% R²=-0.0234 近3日最大跌幅 0.27% 得分=0.0002
  恒生科技ETF华泰柏瑞(513130.SH): 年化=-31.7973% R²=0.8329 近3日最大跌幅 1.52% 得分=-0.2648 -> [淘汰]
  人工智能ETF华富(515980.SH): 年化=53.3546% R²=0.6886 近3日最大跌幅 7.65% 得分=0.3674 -> [淘汰] 跌幅超出阈值 6%
  >>> 长期动量最终选出: 南方原油LOF(501018.SH)

========== 选股汇总 ==========
  短期动量选出: 黄金ETF华安(518880.SH)
  长期动量选出: 南方原油LOF(501018.SH)
-----------
  只买短期
-----------
  总资产: 67,035.24, 动量总资产: 15,688.85
  [与目标差异太小，不减仓] 黄金ETF华安(518880.SH): 15,684.20 → 15,688.85
  [与目标差异太小，不加仓] 黄金ETF华安(518880.SH): 15,684.20 → 15,688.85 策略资金4.65
✅========== [动量策略] 调仓结束 ==========

check_limit_up count  4
sleep 20s
******************当日(2026-08-20 14:12:20.005055) (周4) 持仓市值: 66655.30元*******************
✅黄金ETF华安(518880.SH) 占比 23.37% 涨幅:   3.42% (519.00) x 1700 = 15689.3元 None
✅宏达高科(002144.SZ) 占比 3.24% 涨幅:  -0.78% (-17.00) x 200 = 2174.0元 纺织制造
✅中天服务(002188.SZ) 占比 8.19% 涨幅:  18.51% (859.00) x 1000 = 5500.0元 房地产服务
✅亚联发展(002316.SZ) 占比 7.88% 涨幅:   8.51% (415.00) x 1200 = 5292.0元 综合
✅华斯股份(002494.SZ) 占比 7.90% 涨幅:  11.72% (556.00) x 1100 = 5302.0元 服装家纺
✅海源复材(002529.SZ) 占比 8.41% 涨幅:  10.38% (531.00) x 800 = 5648.0元 专用设备
✅恒大高新(002591.SZ) 占比 8.47% 涨幅:  57.48% (2076.18) x 900 = 5688.0元 化学制品
✅富煌钢构(002743.SZ) 占比 9.22% 涨幅:  26.52% (1297.00) x 1400 = 6188.0元 专业工程
✅凤形股份(002760.SZ) 占比 5.20% 涨幅:   2.31% (79.00) x 200 = 3492.0元 通用设备
✅桂发祥(002820.SZ) 占比 8.89% 涨幅:  18.08% (913.00) x 600 = 5964.0元 休闲食品
✅庄园牧场(002910.SZ) 占比 8.52% 涨幅:  15.82% (781.00) x 600 = 5718.0元 饮料乳品
✅*******************总资产 67120.34 剩余可用金额 465.04元*******************
  [动量策略] 预留现金: 4.65 | 持仓市值: 15,689.30 | 总资产: 15,693.95
    持仓: 黄金ETF华安
  [小市值策略] 预留现金: 460.39 | 持仓市值: 48,792.00 | 总资产: 49,252.39
    持仓: 中天服务, 亚联发展, 华斯股份, 海源复材, 恒大高新, 富煌钢构, 凤形股份, 桂发祥, 庄园牧场

check_remain_amount count  5
******************当日(2026-08-20 15:02:00.042575) (周4) 持仓市值: 66749.80元*******************
✅黄金ETF华安(518880.SH) 占比 23.35% 涨幅:   3.48% (527.50) x 1700 = 15697.8元 None
✅宏达高科(002144.SZ) 占比 3.24% 涨幅:  -0.50% (-11.00) x 200 = 2180.0元 纺织制造
✅中天服务(002188.SZ) 占比 8.17% 涨幅:  18.29% (849.00) x 1000 = 5490.0元 房地产服务
✅亚联发展(002316.SZ) 占比 7.93% 涨幅:   9.25% (451.00) x 1200 = 5328.0元 综合
✅华斯股份(002494.SZ) 占比 7.94% 涨幅:  12.41% (589.00) x 1100 = 5335.0元 服装家纺
✅海源复材(002529.SZ) 占比 8.39% 涨幅:  10.22% (523.00) x 800 = 5640.0元 专用设备
✅恒大高新(002591.SZ) 占比 8.50% 涨幅:  58.23% (2103.18) x 900 = 5715.0元 化学制品
✅富煌钢构(002743.SZ) 占比 9.21% 涨幅:  26.52% (1297.00) x 1400 = 6188.0元 专业工程
✅凤形股份(002760.SZ) 占比 5.21% 涨幅:   2.55% (87.00) x 200 = 3500.0元 通用设备
✅桂发祥(002820.SZ) 占比 8.87% 涨幅:  18.08% (913.00) x 600 = 5964.0元 休闲食品
✅庄园牧场(002910.SZ) 占比 8.50% 涨幅:  15.70% (775.00) x 600 = 5712.0元 饮料乳品
✅*******************总资产 67214.84 剩余可用金额 465.04元*******************
  [动量策略] 预留现金: 4.65 | 持仓市值: 15,697.80 | 总资产: 15,702.45
    持仓: 黄金ETF华安
  [小市值策略] 预留现金: 460.39 | 持仓市值: 48,872.00 | 总资产: 49,332.39
    持仓: 中天服务, 亚联发展, 华斯股份, 海源复材, 恒大高新, 富煌钢构, 凤形股份, 桂发祥, 庄园牧场

  各策略的资金总和与账面资金吻合

==============================
今日股票收益: 1021.00 元
收益率:       1.54 %
==============================


