init
建立交易连接，返回0表示连接成功 0
策略初始化完成：每月初调仓，持有市值最小的9只股票, 初始资金684.9
***** xtdata连接成功 *****
服务信息: {'tag': 'sp3', 'version': '1.0'}
服务地址: 127.0.0.1:58610
数据路径: C:\QMT\bin.x64/../userdata_mini/datadir
设置xtdata.enable_hello = False可隐藏此消息

start
sleep a day
今天是交易日吗 True
judge_date count  1
中小综指成分股数量：961
['002001.SZ', '002003.SZ', '002004.SZ', '002005.SZ', '002006.SZ', '002007.SZ', '002008.SZ', '002009.SZ', '002010.SZ', '002011.SZ']
002231.SZ cannot get instrument detail !!!
涨停 002354.SZ 天娱数科
涨停 002613.SZ 北玻股份
跌停 002951.SZ 金时科技
跌停 002969.SZ 嘉美包装
过滤ST/*ST股票后，剩余 889 只
prepare_stock_list count  2
大盘涨幅 -0.74%
stop_loss count  3
init
建立交易连接，返回0表示连接成功 0
策略初始化完成：每月初调仓，持有市值最小的9只股票, 初始资金684.9
***** xtdata连接成功 *****
服务信息: {'tag': 'sp3', 'version': '1.0'}
服务地址: 127.0.0.1:58610
数据路径: C:\QMT\bin.x64/../userdata_mini/datadir
设置xtdata.enable_hello = False可隐藏此消息

{'002188.SZ': {'time': 1780897593000, 'timetag': '20260608 13:46:33', 'lastPrice': 5.52, 'open': 5.68, 'high': 6.05, 'low': 5.51, 'lastClose': 5.9, 'amount': 52915600, 'volume': 91338, 'pvolume': 9133776, 'stockStatus': 3, 'openInt': 13, 'settlementPrice': 0, 'lastSettlementPrice': 5.9, 'askPrice': [5.53, 5.54, 5.56, 5.57, 5.58], 'bidPrice': [5.52, 5.51, 5.5, 5.49, 5.48], 'askVol': [24, 231, 74, 58, 63], 'bidVol': [84, 178, 324, 20, 218]}}
init
建立交易连接，返回0表示连接成功 0
策略初始化完成：每月初调仓，持有市值最小的9只股票, 初始资金684.9
***** xtdata连接成功 *****
服务信息: {'tag': 'sp3', 'version': '1.0'}
服务地址: 127.0.0.1:58610
数据路径: C:\QMT\bin.x64/../userdata_mini/datadir
设置xtdata.enable_hello = False可隐藏此消息

{'002188.SZ': {'time': 1780897746000, 'timetag': '20260608 13:49:06', 'lastPrice': 5.54, 'open': 5.68, 'high': 6.05, 'low': 5.51, 'lastClose': 5.9, 'amount': 54480400, 'volume': 94168, 'pvolume': 9416776, 'stockStatus': 3, 'openInt': 13, 'settlementPrice': 0, 'lastSettlementPrice': 5.9, 'askPrice': [5.54, 5.55, 5.58, 5.59, 5.600000000000001], 'bidPrice': [5.52, 5.51, 5.5, 5.49, 5.48], 'askVol': [167, 96, 63, 12, 7], 'bidVol': [50, 275, 324, 20, 213]}}
5.54
init
建立交易连接，返回0表示连接成功 0
策略初始化完成：每月初调仓，持有市值最小的9只股票, 初始资金684.9
***** xtdata连接成功 *****
服务信息: {'tag': 'sp3', 'version': '1.0'}
服务地址: 127.0.0.1:58610
数据路径: C:\QMT\bin.x64/../userdata_mini/datadir
设置xtdata.enable_hello = False可隐藏此消息

{'002188.SZ': {'time': 1780898283000, 'timetag': '20260608 13:58:03', 'lastPrice': 5.58, 'open': 5.68, 'high': 6.05, 'low': 5.51, 'lastClose': 5.9, 'amount': 56056100, 'volume': 97004, 'pvolume': 9700376, 'stockStatus': 3, 'openInt': 13, 'settlementPrice': 0, 'lastSettlementPrice': 5.9, 'askPrice': [5.58, 5.59, 5.600000000000001, 5.61, 5.62], 'bidPrice': [5.56, 5.55, 5.54, 5.53, 5.52], 'askVol': [55, 18, 7, 36, 13], 'bidVol': [209, 303, 12, 120, 67]}}
5.58
check_limit_up count  4
sleep 20s
******************当日(2026-06-08 14:02:20.021533) (周1) 持仓市值: 65163.00元*******************
✅持仓: 中天服务(002188.SZ), 占比 11.80%, 涨跌幅: -8.17% (-691.00), 数量: 1400, 市值: 7770.0元 房地产服务
✅持仓: 华斯股份(002494.SZ), 占比 12.25%, 涨跌幅: -7.24% (-629.00), 数量: 1600, 市值: 8064.0元 服装家纺
✅持仓: 光正眼科(002524.SZ), 占比 12.57%, 涨跌幅: -6.79% (-603.00), 数量: 2300, 市值: 8280.0元 医疗服务
✅持仓: 百洋股份(002696.SZ), 占比 12.57%, 涨跌幅: -6.65% (-590.00), 数量: 1500, 市值: 8280.0元 饲料
✅持仓: 黄山胶囊(002817.SZ), 占比 11.86%, 涨跌幅: -6.25% (-521.00), 数量: 1200, 市值: 7812.0元 化学制药
✅持仓: 桂发祥(002820.SZ), 占比 12.71%, 涨跌幅: -8.33% (-761.00), 数量: 900, 市值: 8370.0元 休闲食品
✅持仓: 贝肯能源(002828.SZ), 占比 12.75%, 涨跌幅: -2.26% (-194.00), 数量: 900, 市值: 8397.0元 油服工程
✅持仓: 庄园牧场(002910.SZ), 占比 12.44%, 涨跌幅: -7.85% (-698.00), 数量: 900, 市值: 8190.0元 饮料乳品
✅*******************总资产 65847.90 | 65847.90 剩余可用金额 684.90元*******************


check_remain_amount count  5
init
建立交易连接，返回0表示连接成功 0
策略初始化完成：每月初调仓，持有市值最小的9只股票, 初始资金684.9
***** xtdata连接成功 *****
服务信息: {'tag': 'sp3', 'version': '1.0'}
服务地址: 127.0.0.1:58610
数据路径: C:\QMT\bin.x64/../userdata_mini/datadir
设置xtdata.enable_hello = False可隐藏此消息

init
建立交易连接，返回0表示连接成功 0
策略初始化完成：每月初调仓，持有市值最小的9只股票, 初始资金684.9
***** xtdata连接成功 *****
服务信息: {'tag': 'sp3', 'version': '1.0'}
服务地址: 127.0.0.1:58610
数据路径: C:\QMT\bin.x64/../userdata_mini/datadir
设置xtdata.enable_hello = False可隐藏此消息

卖一价  5.600000000000001
5.59
init
建立交易连接，返回0表示连接成功 0
策略初始化完成：每月初调仓，持有市值最小的9只股票, 初始资金684.9
***** xtdata连接成功 *****
服务信息: {'tag': 'sp3', 'version': '1.0'}
服务地址: 127.0.0.1:58610
数据路径: C:\QMT\bin.x64/../userdata_mini/datadir
设置xtdata.enable_hello = False可隐藏此消息

async_seq  None
buy_target_value failed 002524.SZ 光正眼科
init
建立交易连接，返回0表示连接成功 0
策略初始化完成：每月初调仓，持有市值最小的9只股票, 初始资金684.9
***** xtdata连接成功 *****
服务信息: {'tag': 'sp3', 'version': '1.0'}
服务地址: 127.0.0.1:58610
数据路径: C:\QMT\bin.x64/../userdata_mini/datadir
设置xtdata.enable_hello = False可隐藏此消息

buy 002817.SZ passorder share 100
******************当日(2026-06-08 15:01:00.005719) (周1) 持仓市值: 66739.00元*******************
✅持仓: 中天服务(002188.SZ), 占比 11.81%, 涨跌幅: -6.84% (-579.00), 数量: 1400, 市值: 7882.0元 房地产服务
✅持仓: 华斯股份(002494.SZ), 占比 12.27%, 涨跌幅: -5.76% (-501.00), 数量: 1600, 市值: 8192.0元 服装家纺
✅持仓: 光正眼科(002524.SZ), 占比 12.61%, 涨跌幅: -5.23% (-465.00), 数量: 2300, 市值: 8418.0元 医疗服务
✅持仓: 百洋股份(002696.SZ), 占比 12.54%, 涨跌幅: -5.64% (-500.00), 数量: 1500, 市值: 8370.0元 饲料
✅持仓: 黄山胶囊(002817.SZ), 占比 12.93%, 涨跌幅: -4.02% (-362.00), 数量: 1300, 市值: 8632.0元 化学制药
✅持仓: 桂发祥(002820.SZ), 占比 12.69%, 涨跌幅: -7.25% (-662.00), 数量: 900, 市值: 8469.0元 休闲食品
✅持仓: 贝肯能源(002828.SZ), 占比 12.74%, 涨跌幅: -1.00% (-86.00), 数量: 900, 市值: 8505.0元 油服工程
✅持仓: 庄园牧场(002910.SZ), 占比 12.39%, 涨跌幅: -6.94% (-617.00), 数量: 900, 市值: 8271.0元 饮料乳品
✅*******************总资产 66757.40 | 66757.40 剩余可用金额 18.40元*******************


==============================
今日股票收益: 0.00 元
收益率:       0.00 %
==============================



收到信号 2，正在关闭调度器...
调度器已安全关闭
init
建立交易连接，返回0表示连接成功 0
策略初始化完成：每月初调仓，持有市值最小的9只股票, 初始资金18.4
***** xtdata连接成功 *****
服务信息: {'tag': 'sp3', 'version': '1.0'}
服务地址: 127.0.0.1:58610
数据路径: C:\QMT\bin.x64/../userdata_mini/datadir
设置xtdata.enable_hello = False可隐藏此消息

start
sleep a day
******************当日(2026-06-08 15:10:00.011156) (周1) 持仓市值: 66739.00元*******************
✅持仓: 中天服务(002188.SZ), 占比 11.81%, 涨跌幅: -6.84% (-579.00), 数量: 1400, 市值: 7882.0元 房地产服务
✅持仓: 华斯股份(002494.SZ), 占比 12.27%, 涨跌幅: -5.76% (-501.00), 数量: 1600, 市值: 8192.0元 服装家纺
✅持仓: 光正眼科(002524.SZ), 占比 12.61%, 涨跌幅: -5.23% (-465.00), 数量: 2300, 市值: 8418.0元 医疗服务
✅持仓: 百洋股份(002696.SZ), 占比 12.54%, 涨跌幅: -5.64% (-500.00), 数量: 1500, 市值: 8370.0元 饲料
✅持仓: 黄山胶囊(002817.SZ), 占比 12.93%, 涨跌幅: -4.08% (-367.50), 数量: 1300, 市值: 8632.0元 化学制药
✅持仓: 桂发祥(002820.SZ), 占比 12.69%, 涨跌幅: -7.25% (-662.00), 数量: 900, 市值: 8469.0元 休闲食品
✅持仓: 贝肯能源(002828.SZ), 占比 12.74%, 涨跌幅: -1.00% (-86.00), 数量: 900, 市值: 8505.0元 油服工程
✅持仓: 庄园牧场(002910.SZ), 占比 12.39%, 涨跌幅: -6.94% (-617.00), 数量: 900, 市值: 8271.0元 饮料乳品
✅*******************总资产 66757.40 | 66757.40 剩余可用金额 18.40元*******************


==============================
今日股票收益: 0.00 元
收益率:       0.00 %
==============================


