init — 双策略合并版
QMT路径: C:\QMT\userdata_mini
建立交易连接，返回0表示连接成功 0
初始化申万二级行业映射...
***** xtdata连接成功 *****
服务信息: {'tag': 'sp3', 'version': '1.0'}
服务地址: 127.0.0.1:58610
数据路径: C:\QMT\bin.x64/../userdata_mini/datadir
设置xtdata.enable_hello = False可隐藏此消息

行业映射完成，共 958 只股票
双策略初始化完成: 动量65.0% + 小市值35.0%
  初始资产 60555.34, 可用资金 2179.54
******************当日(2026-08-07 21:08:57.586971) (周5) 持仓市值: 58375.80元*******************
✅南方原油LOF(501018.SH) 占比 10.59% 涨幅:  -1.74% (-113.90) x 3300 = 6415.2元 None
✅日经ETF华夏(513520.SH) 占比 9.05% 涨幅:   5.35% (278.20) x 2400 = 5481.6元 None
✅中天服务(002188.SZ) 占比 8.62% 涨幅:  12.48% (579.00) x 1000 = 5220.0元 房地产服务
✅亚联发展(002316.SZ) 占比 8.70% 涨幅:   8.02% (391.00) x 1200 = 5268.0元 综合
✅华斯股份(002494.SZ) 占比 8.41% 涨幅:   7.31% (347.00) x 1100 = 5093.0元 服装家纺
✅海源复材(002529.SZ) 占比 9.09% 涨幅:   7.56% (387.00) x 800 = 5504.0元 专用设备
✅恒大高新(002591.SZ) 占比 9.10% 涨幅:  52.50% (1896.18) x 900 = 5508.0元 化学制品
✅富煌钢构(002743.SZ) 占比 8.95% 涨幅:  10.77% (527.00) x 1400 = 5418.0元 专业工程
✅凤形股份(002760.SZ) 占比 5.74% 涨幅:   1.85% (63.00) x 200 = 3476.0元 通用设备
✅桂发祥(002820.SZ) 占比 9.03% 涨幅:   8.22% (415.00) x 600 = 5466.0元 休闲食品
✅庄园牧场(002910.SZ) 占比 9.13% 涨幅:  11.93% (589.00) x 600 = 5526.0元 饮料乳品
✅*******************总资产 60555.34 剩余可用金额 2179.54元*******************
  [动量策略] 预留现金: 1,416.70 | 持仓市值: 11,896.80 | 总资产: 13,313.50
    持仓: 南方原油LOF, 日经ETF华夏
  [小市值策略] 预留现金: 762.84 | 持仓市值: 46,479.00 | 总资产: 47,241.84
    持仓: 中天服务, 亚联发展, 华斯股份, 海源复材, 恒大高新, 富煌钢构, 凤形股份, 桂发祥, 庄园牧场

  各策略的资金总和与账面资金吻合

==============================
今日股票收益: 0.00 元
收益率:       0.00 %
==============================


start
调度器已启动 — 动量(每天11:00) + 小市值(周二) 
sleep a day
今天是交易日吗 False
judge_date count  1
******************当日(2026-08-08 15:02:00.028321) (周6) 持仓市值: 58375.80元*******************
✅南方原油LOF(501018.SH) 占比 0.00% 涨幅:  -1.74% (-113.90) x 3300 = 6415.2元 None
✅日经ETF华夏(513520.SH) 占比 0.00% 涨幅:   5.35% (278.20) x 2400 = 5481.6元 None
✅中天服务(002188.SZ) 占比 0.00% 涨幅:  12.48% (579.00) x 1000 = 5220.0元 房地产服务
✅亚联发展(002316.SZ) 占比 0.00% 涨幅:   8.02% (391.00) x 1200 = 5268.0元 综合
✅华斯股份(002494.SZ) 占比 0.00% 涨幅:   7.31% (347.00) x 1100 = 5093.0元 服装家纺
✅海源复材(002529.SZ) 占比 0.00% 涨幅:   7.56% (387.00) x 800 = 5504.0元 专用设备
✅恒大高新(002591.SZ) 占比 0.00% 涨幅:  52.50% (1896.18) x 900 = 5508.0元 化学制品
✅富煌钢构(002743.SZ) 占比 0.00% 涨幅:  10.77% (527.00) x 1400 = 5418.0元 专业工程
✅凤形股份(002760.SZ) 占比 0.00% 涨幅:   1.85% (63.00) x 200 = 3476.0元 通用设备
✅桂发祥(002820.SZ) 占比 0.00% 涨幅:   8.22% (415.00) x 600 = 5466.0元 休闲食品
✅庄园牧场(002910.SZ) 占比 0.00% 涨幅:  11.93% (589.00) x 600 = 5526.0元 饮料乳品
✅*******************总资产 100000058374.80 剩余可用金额 99999999999.00元*******************
  [动量策略] 预留现金: 1,416.70 | 持仓市值: 11,896.80 | 总资产: 13,313.50
    持仓: 南方原油LOF, 日经ETF华夏
  [小市值策略] 预留现金: 762.84 | 持仓市值: 46,479.00 | 总资产: 47,241.84
    持仓: 中天服务, 亚联发展, 华斯股份, 海源复材, 恒大高新, 富煌钢构, 凤形股份, 桂发祥, 庄园牧场

  策略资金总和为2179.54，账面资金为99999999999.00

资金差额为99999997819.46
  [动量策略] 上一交易日现金记录1,416.70
  [小市值策略] 上一交易日现金记录762.84
资金差额较大，可能代码有问题，请调试
==============================
今日股票收益: 99999997819.46 元
收益率:       165138198.91 %
==============================


sleep a day
今天是交易日吗 False
judge_date count  1
******************当日(2026-08-09 15:02:00.039715) (周7) 持仓市值: 58375.80元*******************
✅南方原油LOF(501018.SH) 占比 10.59% 涨幅:  -1.74% (-113.90) x 3300 = 6415.2元 None
✅日经ETF华夏(513520.SH) 占比 9.05% 涨幅:   5.35% (278.20) x 2400 = 5481.6元 None
✅中天服务(002188.SZ) 占比 8.62% 涨幅:  12.48% (579.00) x 1000 = 5220.0元 房地产服务
✅亚联发展(002316.SZ) 占比 8.70% 涨幅:   8.02% (391.00) x 1200 = 5268.0元 综合
✅华斯股份(002494.SZ) 占比 8.41% 涨幅:   7.31% (347.00) x 1100 = 5093.0元 服装家纺
✅海源复材(002529.SZ) 占比 9.09% 涨幅:   7.56% (387.00) x 800 = 5504.0元 专用设备
✅恒大高新(002591.SZ) 占比 9.10% 涨幅:  52.50% (1896.18) x 900 = 5508.0元 化学制品
✅富煌钢构(002743.SZ) 占比 8.95% 涨幅:  10.77% (527.00) x 1400 = 5418.0元 专业工程
✅凤形股份(002760.SZ) 占比 5.74% 涨幅:   1.85% (63.00) x 200 = 3476.0元 通用设备
✅桂发祥(002820.SZ) 占比 9.03% 涨幅:   8.22% (415.00) x 600 = 5466.0元 休闲食品
✅庄园牧场(002910.SZ) 占比 9.13% 涨幅:  11.93% (589.00) x 600 = 5526.0元 饮料乳品
✅*******************总资产 60555.34 剩余可用金额 2179.54元*******************
  [动量策略] 预留现金: 1,416.70 | 持仓市值: 11,896.80 | 总资产: 13,313.50
    持仓: 南方原油LOF, 日经ETF华夏
  [小市值策略] 预留现金: 762.84 | 持仓市值: 46,479.00 | 总资产: 47,241.84
    持仓: 中天服务, 亚联发展, 华斯股份, 海源复材, 恒大高新, 富煌钢构, 凤形股份, 桂发祥, 庄园牧场

  各策略的资金总和与账面资金吻合

==============================
今日股票收益: -99999997819.46 元
收益率:       -100.00 %
==============================



收到信号 2，关闭调度器...
调度器已关闭
