init
建立交易连接，返回0表示连接成功 0
策略初始化完成：每月初调仓，持有市值最小的9只股票, 初始资金972.17
***** xtdata连接成功 *****
服务信息: {'tag': 'sp3', 'version': '1.0'}
服务地址: 127.0.0.1:58610
数据路径: C:\QMT\bin.x64/../userdata_mini/datadir
设置xtdata.enable_hello = False可隐藏此消息

start
sleep a day
今天是交易日吗 False
judge_date count  1
******************当日(2026-05-16 15:01:00.011659)持仓市值: 75735.00元*******************
✅持仓: 中天服务(002188.SZ), 占比 11.54%, 涨跌幅: -6.04% (-569.00), 数量: 1300, 市值: 8853.0元 房地产服务
✅持仓: 亚联发展(002316.SZ), 占比 10.63%, 涨跌幅: -4.63% (-396.00), 数量: 1500, 市值: 8160.0元 多元金融
✅持仓: 华斯股份(002494.SZ), 占比 10.35%, 涨跌幅: -3.77% (-311.00), 数量: 1300, 市值: 7943.0元 服装家纺
✅持仓: 光正眼科(002524.SZ), 占比 11.00%, 涨跌幅: -6.01% (-540.00), 数量: 2000, 市值: 8440.0元 医疗服务
✅持仓: 百洋股份(002696.SZ), 占比 11.08%, 涨跌幅: -5.37% (-482.72), 数量: 1300, 市值: 8502.0元 饲料
✅持仓: 富煌钢构(002743.SZ), 占比 10.78%, 涨跌幅: -4.30% (-372.00), 数量: 1600, 市值: 8272.0元 专业工程
✅持仓: 桂发祥(002820.SZ), 占比 10.24%, 涨跌幅: -5.01% (-415.00), 数量: 700, 市值: 7861.0元 休闲食品
✅持仓: 贝肯能源(002828.SZ), 占比 11.64%, 涨跌幅: -1.35% (-122.00), 数量: 800, 市值: 8928.0元 油服工程
✅持仓: 庄园牧场(002910.SZ), 占比 11.44%, 涨跌幅: -4.91% (-452.85), 数量: 800, 市值: 8776.0元 饮料乳品
✅*******************总资产 76733.17  剩余可用金额 972.17元*******************


==============================
今日股票收益: 0.00 元
收益率:       0.00 %
==============================


sleep a day
