init
建立交易连接，返回0表示连接成功 0
***** xtdata连接成功 *****
服务信息: {'tag': 'sp3', 'version': '1.0'}
服务地址: 127.0.0.1:58610
数据路径: C:\QMT\bin.x64/../userdata_mini/datadir
设置xtdata.enable_hello = False可隐藏此消息

⭕策略初始化完成：每月初调仓，持有市值最小的9只股票, 初始可用资金2150.38, 初始资产59614.98
start
sleep a day
今天是交易日吗 False
judge_date count  1
******************当日(2026-06-28 15:01:00.046883) (周7) 持仓市值: 57464.60元*******************
✅持仓: 银华日利ETF(511880.SH), 占比 50.61%, 涨跌幅:  0.00% (1.20), 数量: 300, 市值: 30168.6元 None
✅持仓: 亚联发展(002316.SZ), 占比 10.90%, 涨跌幅: -3.88% (-261.88), 数量: 1600, 市值: 6496.0元 多元金融
✅持仓: 光正眼科(002524.SZ), 占比 11.31%, 涨跌幅: -8.98% (-665.00), 数量: 2000, 市值: 6740.0元 医疗服务
✅持仓: 黄山胶囊(002817.SZ), 占比 11.84%, 涨跌幅: -1.41% (-100.57), 数量: 1200, 市值: 7056.0元 化学制药
✅持仓: 开普检测(003008.SZ), 占比 11.75%, 涨跌幅: -5.77% (-429.00), 数量: 400, 市值: 7004.0元 专业服务
✅*******************总资产 59614.98 | 59614.98 剩余可用金额 2150.38元*******************


==============================
今日股票收益: 0.00 元
收益率:       0.00 %
==============================


sleep a day
今天是交易日吗 True
judge_date count  1
中小综指成分股数量：958
['002001.SZ', '002003.SZ', '002004.SZ', '002005.SZ', '002006.SZ', '002007.SZ', '002008.SZ', '002009.SZ', '002010.SZ', '002011.SZ']
涨停 002549.SZ 凯美特气
涨停 002859.SZ 洁美科技
涨停 002915.SZ 中欣氟材
过滤ST/*ST股票后，剩余 897 只
prepare_stock_list count  2
async_seq  11
002524.SZ 股价3.26 成本3.70
❌ 收益止损,卖出002524.SZ,跌幅 11.95%
大盘涨幅 -2.51%
sleep 30s
异步委托回调 投资备注: 清仓002524.SZ 
******************当日(2026-06-29 10:02:30.025492) (周1) 持仓市值: 50403.10元*******************
✅持仓: 银华日利ETF(511880.SH), 占比 51.08%, 涨跌幅: -0.00% (-0.30), 数量: 300, 市值: 30167.1元 None
✅持仓: 亚联发展(002316.SZ), 占比 10.78%, 涨跌幅: -5.77% (-389.88), 数量: 1600, 市值: 6368.0元 多元金融
✅持仓: 黄山胶囊(002817.SZ), 占比 11.76%, 涨跌幅: -2.91% (-208.57), 数量: 1200, 市值: 6948.0元 化学制药
✅持仓: 开普检测(003008.SZ), 占比 11.72%, 涨跌幅: -6.90% (-513.00), 数量: 400, 市值: 6920.0元 专业服务
✅持仓: 光正眼科(002524.SZ) 0股
✅*******************总资产 59057.48 | 59057.48 剩余可用金额 8650.38元*******************


stop_loss count  3
check_limit_up count  4
止盈止损后，有余额可用8641.63元。买入511880.SH
====调整每股额度====
当前可用资金  8641.63 
持仓市值  50678.50000000001 
总资产:  59320.130000000005 
每股额度  8641.63

✅===可用资金 8641.63===
sleep 20s
******************当日(2026-06-29 14:02:21.016862) (周1) 持仓市值: 50670.20元*******************
✅持仓: 银华日利ETF(511880.SH), 占比 50.86%, 涨跌幅: -0.00% (-1.20), 数量: 300, 市值: 30166.2元 None
✅持仓: 亚联发展(002316.SZ), 占比 10.87%, 涨跌幅: -4.59% (-309.88), 数量: 1600, 市值: 6448.0元 多元金融
✅持仓: 黄山胶囊(002817.SZ), 占比 12.02%, 涨跌幅: -0.40% (-28.57), 数量: 1200, 市值: 7128.0元 化学制药
✅持仓: 开普检测(003008.SZ), 占比 11.68%, 涨跌幅: -6.79% (-505.00), 数量: 400, 市值: 6928.0元 专业服务
✅持仓: 光正眼科(002524.SZ) 0股
✅*******************总资产 59311.83 | 59311.83 剩余可用金额 8641.63元*******************


check_remain_amount count  5
******************当日(2026-06-29 15:01:00.039745) (周1) 持仓市值: 50702.50元*******************
✅持仓: 银华日利ETF(511880.SH), 占比 50.83%, 涨跌幅: -0.00% (-0.90), 数量: 300, 市值: 30166.5元 None
✅持仓: 亚联发展(002316.SZ), 占比 10.87%, 涨跌幅: -4.59% (-309.88), 数量: 1600, 市值: 6448.0元 多元金融
✅持仓: 黄山胶囊(002817.SZ), 占比 12.07%, 涨跌幅:  0.10% (7.43), 数量: 1200, 市值: 7164.0元 化学制药
✅持仓: 开普检测(003008.SZ), 占比 11.67%, 涨跌幅: -6.85% (-509.00), 数量: 400, 市值: 6924.0元 专业服务
✅持仓: 光正眼科(002524.SZ) 0股
✅*******************总资产 59344.13 | 59344.13 剩余可用金额 8641.63元*******************


==============================
今日股票收益: -270.85 元
收益率:       -0.45 %
==============================


sleep a day
今天是交易日吗 True
judge_date count  1
中小综指成分股数量：958
['002001.SZ', '002003.SZ', '002004.SZ', '002005.SZ', '002006.SZ', '002007.SZ', '002008.SZ', '002009.SZ', '002010.SZ', '002011.SZ']
涨停 002638.SZ 勤上股份
跌停 002674.SZ 兴业科技
过滤ST/*ST股票后，剩余 898 只
prepare_stock_list count  2
✅========== 执行周度调仓，日期：2026-06-30 10:00:00.084165 ==========
******************当日(2026-06-30 10:00:00.084165) (周2) 持仓市值: 50638.20元*******************
✅持仓: 银华日利ETF(511880.SH), 占比 50.89%, 涨跌幅: -0.00% (-1.20), 数量: 300, 市值: 30166.2元 None
✅持仓: 亚联发展(002316.SZ), 占比 11.04%, 涨跌幅: -3.16% (-213.88), 数量: 1600, 市值: 6544.0元 多元金融
✅持仓: 黄山胶囊(002817.SZ), 占比 11.96%, 涨跌幅: -0.90% (-64.57), 数量: 1200, 市值: 7092.0元 化学制药
✅持仓: 开普检测(003008.SZ), 占比 11.53%, 涨跌幅: -8.03% (-597.00), 数量: 400, 市值: 6836.0元 专业服务
✅*******************总资产 59280.33 | 59280.33 剩余可用金额 8642.13元*******************


get_small_cap_stocks   2026-06-30 10:00:00.084165    head 9
    第 1名: 亚联发展(002316.SZ), 流通市值: 16.08 亿元 多元金融   <== 选中
    第 2名: 中天服务(002188.SZ), 流通市值: 16.32 亿元 房地产服务   <== 选中
    第 3名: 桂发祥(002820.SZ), 流通市值: 17.03 亿元 休闲食品   <== 选中
    第 4名: 华斯股份(002494.SZ), 流通市值: 17.09 亿元 服装家纺   <== 选中
    第 5名: 富煌钢构(002743.SZ), 流通市值: 17.15 亿元 专业工程   <== 选中
    第 6名: 百洋股份(002696.SZ), 流通市值: 17.36 亿元 饲料   <== 选中
    第 7名: 天元股份(003003.SZ), 流通市值: 17.55 亿元 包装印刷   <== 选中
    第 8名: 光正眼科(002524.SZ), 流通市值: 17.62 亿元 医疗服务   <== 选中
    第 9名: 宏达高科(002144.SZ), 流通市值: 17.66 亿元 纺织制造   <== 选中
    第10名: 黄山胶囊(002817.SZ), 流通市值: 17.68 亿元 化学制药 
    第11名: 凤形股份(002760.SZ), 流通市值: 17.71 亿元 通用设备 
    第12名: 皓宸医疗(002622.SZ), 流通市值: 17.72 亿元 医疗服务 
    第13名: 开普检测(003008.SZ), 流通市值: 17.77 亿元 专业服务 
    第14名: 嘉麟杰(002486.SZ), 流通市值: 17.89 亿元 服装家纺 
    第15名: 林州重机(002535.SZ), 流通市值: 17.96 亿元 专用设备 
    第16名: 海源复材(002529.SZ), 流通市值: 18.02 亿元 专用设备 
    第17名: 登云股份(002715.SZ), 流通市值: 18.08 亿元 汽车零部件 
    第18名: 新天药业(002873.SZ), 流通市值: 18.16 亿元 中药 
    第19名: 红墙股份(002809.SZ), 流通市值: 18.16 亿元 化学制品 
    第20名: 蓝丰生化(002513.SZ), 流通市值: 18.25 亿元 农化制品 
002524.SZ 光正眼科 前1日止损卖出，3日内不再买入
✅当前持股 4只
亚联发展
黄山胶囊
开普检测
银华日利ETF
✅需要买入股票 7只
✅需要卖出股票 3只
✅待买入  中天服务
✅待买入  桂发祥
✅待买入  华斯股份
✅待买入  富煌钢构
✅待买入  百洋股份
✅待买入  天元股份
✅待买入  宏达高科
✅待卖出: 银华日利ETF
✅待卖出: 黄山胶囊
✅待卖出: 开普检测
✅今日(2026-06-30 10:00:00.084165)为卖出时间，执行卖出操作
✅------------------------------------------
✅>>>>>>>>>>>>
✅卖出:  银华日利ETF
async_seq  28
✅>>>>>>>>>>>>
✅卖出:  黄山胶囊
async_seq  30
✅>>>>>>>>>>>>
✅卖出:  开普检测
async_seq  32
rebalance_sell count  3异步委托回调 投资备注: 清仓511880.SH 

异步委托回调 投资备注: 清仓002817.SZ 
异步委托回调 投资备注: 清仓003008.SZ 
大盘涨幅 -0.48%
stop_loss count  4
✅========== 执行周度调仓，日期：2026-06-30 10:10:00.043399 ==========
✅今日(2026-06-30 10:10:00.043399)为买入时间，执行买入操作
✅+++++++++++++++++++++++++++++++++++++++++
✅需要买入股票 7只
中天服务
桂发祥
华斯股份
富煌钢构
百洋股份
天元股份
宏达高科
selected_stocks
['002316.SZ', '002188.SZ', '002820.SZ', '002494.SZ', '002743.SZ', '002696.SZ', '003003.SZ', '002144.SZ']
 期望持仓: 亚联发展(002316.SZ), 占比 12.50%
 期望持仓: 中天服务(002188.SZ), 占比 12.50%
 期望持仓: 桂发祥(002820.SZ), 占比 12.50%
 期望持仓: 华斯股份(002494.SZ), 占比 12.50%
 期望持仓: 富煌钢构(002743.SZ), 占比 12.50%
 期望持仓: 百洋股份(002696.SZ), 占比 12.50%
 期望持仓: 天元股份(003003.SZ), 占比 12.50%
 期望持仓: 宏达高科(002144.SZ), 占比 12.50%
预计买入中天服务(002188.SZ)  1400 股 * 4.97,总计 6958.00
预计买入桂发祥(002820.SZ)  800 股 * 8.50,总计 6800.00
预计买入华斯股份(002494.SZ)  1600 股 * 4.49,总计 7184.00
预计买入富煌钢构(002743.SZ)  1800 股 * 3.95,总计 7110.00
预计买入百洋股份(002696.SZ)  1400 股 * 5.03,总计 7042.00
预计买入天元股份(003003.SZ)  700 股 * 9.95,总计 6965.00
预计买入宏达高科(002144.SZ)  700 股 * 9.96,总计 6972.00
预计持仓 55575.0 剩余金额 3691.36
 预估持仓: 宏达高科(002144.SZ), 占比 11.76% 单价 9.96
 预估持仓: 中天服务(002188.SZ), 占比 11.74% 单价 4.97
 预估持仓: 亚联发展(002316.SZ), 占比 11.04% 单价 4.09
 预估持仓: 华斯股份(002494.SZ), 占比 12.12% 单价 4.49
 预估持仓: 百洋股份(002696.SZ), 占比 11.88% 单价 5.03
 预估持仓: 富煌钢构(002743.SZ), 占比 12.00% 单价 3.95
 预估持仓: 黄山胶囊(002817.SZ), 占比 0.00% 单价 5.89
 预估持仓: 桂发祥(002820.SZ), 占比 11.47% 单价 8.50
 预估持仓: 天元股份(003003.SZ), 占比 11.75% 单价 9.95
 预估持仓: 开普检测(003008.SZ), 占比 0.00% 单价 17.10
 预估持仓: 银华日利ETF(511880.SH), 占比 0.00% 单价 100.55
调整中天服务买入数量，期望买入7408.30,当前6958.00,相差450.30
单价4.97，新市值6958.00，差值450.30
单价4.97，新市值7455.00，差值-46.70
单价4.97，新市值7952.00，差值-543.70
✅调整买入数量，追加1手,仓位占比调整为12.58%
调整桂发祥买入数量，期望买入7408.30,当前6800.00,相差608.29
单价8.50，新市值6800.00，差值608.30
调整华斯股份买入数量，期望买入7408.30,当前7184.00,相差224.30
单价4.49，新市值7184.00，差值224.30
单价4.49，新市值7633.00，差值-224.70
调整富煌钢构买入数量，期望买入7408.30,当前7110.00,相差298.30
单价3.95，新市值7110.00，差值298.30
单价3.95，新市值7505.00，差值-96.70
单价3.95，新市值7900.00，差值-491.70
✅调整买入数量，追加1手,仓位占比调整为12.66%
调整百洋股份买入数量，期望买入7408.30,当前7042.00,相差366.30
单价5.03，新市值7042.00，差值366.30
单价5.03，新市值7545.00，差值-136.70
单价5.03，新市值8048.00，差值-639.70
✅调整买入数量，追加1手,仓位占比调整为12.73%
调整天元股份买入数量，期望买入7408.30,当前6965.00,相差443.29
单价9.95，新市值6965.00，差值443.29
单价9.95，新市值7960.00，差值-551.71
调整宏达高科买入数量，期望买入7408.30,当前6972.00,相差436.29
单价9.96，新市值6972.00，差值436.29
单价9.96，新市值7968.00，差值-559.71
====调整每股额度====
当前可用资金  52722.36 
持仓市值  6543.999999999989 
总资产:  59266.36 
每股额度  7531.765714285714

✅===可用资金 52722.36===
委托买入: 中天服务, 002188.SZ 
目标价值:7455.00
预计最终持股1500股，每股4.97元，合计:7455.00
buy 002188.SZ passorder target value 7455.00 current 0.00 amount 1500.00
async_seq  42
异步委托回调 投资备注: Buy 002188.SZ Tgt 7455.

✅===可用资金 45267.36===
委托买入: 桂发祥, 002820.SZ 
目标价值:7408.30
预计最终持股800股，每股8.48元，合计:6784.00
buy 002820.SZ passorder target value 7408.30 current 0.00 amount 800.00
async_seq  46
异步委托回调 投资备注: Buy 002820.SZ Tgt 7408.

✅===可用资金 38483.36===
委托买入: 华斯股份, 002494.SZ 
目标价值:7408.30
预计最终持股1600股，每股4.49元，合计:7184.00
buy 002494.SZ passorder target value 7408.30 current 0.00 amount 1600.00
async_seq  50
异步委托回调 投资备注: Buy 002494.SZ Tgt 7408.

✅===可用资金 31283.36===
委托买入: 富煌钢构, 002743.SZ 
目标价值:7505.00
预计最终持股1900股，每股3.95元，合计:7505.00
buy 002743.SZ passorder target value 7505.00 current 0.00 amount 1900.00
async_seq  54
异步委托回调 投资备注: Buy 002743.SZ Tgt 7505.

✅===可用资金 23760.36===
委托买入: 百洋股份, 002696.SZ 
目标价值:7545.00
预计最终持股1400股，每股5.03元，合计:7042.00
buy 002696.SZ passorder target value 7545.00 current 0.00 amount 1400.00
async_seq  59
异步委托回调 投资备注: Buy 002696.SZ Tgt 7544.

✅===可用资金 16718.36===
委托买入: 天元股份, 003003.SZ 
目标价值:7408.30
预计最终持股700股，每股9.95元，合计:6965.00
buy 003003.SZ passorder target value 7408.30 current 0.00 amount 700.00
async_seq  63
异步委托回调 投资备注: Buy 003003.SZ Tgt 7408.

✅===可用资金 9746.36===
委托买入: 宏达高科, 002144.SZ 
目标价值:7408.30
预计最终持股700股，每股9.96元，合计:6972.00
buy 002144.SZ passorder target value 7408.30 current 0.00 amount 700.00
async_seq  67
异步委托回调 投资备注: Buy 002144.SZ Tgt 7408.
sleep 30s
******************当日(2026-06-30 10:10:37.129973) (周2) 持仓市值: 56420.00元*******************
✅持仓: 亚联发展(002316.SZ), 占比 11.06%, 涨跌幅: -3.16% (-213.88), 数量: 1600, 市值: 6544.0元 多元金融
✅持仓: 中天服务(002188.SZ), 占比 12.59%, 涨跌幅: 0.00% (0.00), 数量: 1500, 市值: 7455.0元 房地产服务
✅持仓: 桂发祥(002820.SZ), 占比 11.45%, 涨跌幅: -0.12% (-8.00), 数量: 800, 市值: 6776.0元 休闲食品
✅持仓: 华斯股份(002494.SZ), 占比 12.11%, 涨跌幅: -0.44% (-32.00), 数量: 1600, 市值: 7168.0元 服装家纺
✅持仓: 富煌钢构(002743.SZ), 占比 12.68%, 涨跌幅: -0.24% (-18.00), 数量: 1900, 市值: 7505.0元 专业工程
✅持仓: 百洋股份(002696.SZ), 占比 11.90%, 涨跌幅: 0.00% (0.00), 数量: 1400, 市值: 7042.0元 饲料
✅持仓: 天元股份(003003.SZ), 占比 11.77%, 涨跌幅: -0.10% (-7.00), 数量: 700, 市值: 6965.0元 包装印刷
✅持仓: 宏达高科(002144.SZ), 占比 11.77%, 涨跌幅: -0.10% (-7.00), 数量: 700, 市值: 6965.0元 纺织制造
✅持仓: 银华日利ETF(511880.SH) 0股
✅持仓: 黄山胶囊(002817.SZ) 0股
✅持仓: 开普检测(003008.SZ) 0股
✅*******************总资产 59194.36 | 59194.36 剩余可用金额 2774.36元*******************


rebalance_buy count  5
check_limit_up count  6
sleep 20s
******************当日(2026-06-30 14:02:20.004567) (周2) 持仓市值: 55430.00元*******************
✅持仓: 亚联发展(002316.SZ), 占比 11.06%, 涨跌幅: -4.82% (-325.88), 数量: 1600, 市值: 6432.0元 多元金融
✅持仓: 中天服务(002188.SZ), 占比 12.56%, 涨跌幅: -2.08% (-155.50), 数量: 1500, 市值: 7305.0元 房地产服务
✅持仓: 桂发祥(002820.SZ), 占比 11.44%, 涨跌幅: -1.97% (-133.50), 数量: 800, 市值: 6656.0元 休闲食品
✅持仓: 华斯股份(002494.SZ), 占比 12.13%, 涨跌幅: -2.07% (-149.50), 数量: 1600, 市值: 7056.0元 服装家纺
✅持仓: 富煌钢构(002743.SZ), 占比 12.54%, 涨跌幅: -3.09% (-232.50), 数量: 1900, 市值: 7296.0元 专业工程
✅持仓: 百洋股份(002696.SZ), 占比 11.89%, 涨跌幅: -1.87% (-131.50), 数量: 1400, 市值: 6916.0元 饲料
✅持仓: 天元股份(003003.SZ), 占比 11.85%, 涨跌幅: -1.18% (-82.50), 数量: 700, 市值: 6895.0元 包装印刷
✅持仓: 宏达高科(002144.SZ), 占比 11.82%, 涨跌幅: -1.48% (-103.50), 数量: 700, 市值: 6874.0元 纺织制造
✅持仓: 银华日利ETF(511880.SH) 0股
✅持仓: 黄山胶囊(002817.SZ) 0股
✅持仓: 开普检测(003008.SZ) 0股
✅*******************总资产 58165.86 | 58165.86 剩余可用金额 2735.86元*******************


check_remain_amount count  7
******************当日(2026-06-30 15:01:00.044320) (周2) 持仓市值: 55822.00元*******************
✅持仓: 亚联发展(002316.SZ), 占比 11.09%, 涨跌幅: -3.88% (-261.88), 数量: 1600, 市值: 6496.0元 多元金融
✅持仓: 中天服务(002188.SZ), 占比 12.55%, 涨跌幅: -1.48% (-110.50), 数量: 1500, 市值: 7350.0元 房地产服务
✅持仓: 桂发祥(002820.SZ), 占比 11.48%, 涨跌幅: -1.02% (-69.50), 数量: 800, 市值: 6720.0元 休闲食品
✅持仓: 华斯股份(002494.SZ), 占比 12.13%, 涨跌幅: -1.41% (-101.50), 数量: 1600, 市值: 7104.0元 服装家纺
✅持仓: 富煌钢构(002743.SZ), 占比 12.52%, 涨跌幅: -2.58% (-194.50), 数量: 1900, 市值: 7334.0元 专业工程
✅持仓: 百洋股份(002696.SZ), 占比 11.88%, 涨跌幅: -1.27% (-89.50), 数量: 1400, 市值: 6958.0元 饲料
✅持仓: 天元股份(003003.SZ), 占比 11.89%, 涨跌幅: -0.18% (-12.50), 数量: 700, 市值: 6965.0元 包装印刷
✅持仓: 宏达高科(002144.SZ), 占比 11.77%, 涨跌幅: -1.18% (-82.50), 数量: 700, 市值: 6895.0元 纺织制造
✅持仓: 银华日利ETF(511880.SH) 0股
✅持仓: 黄山胶囊(002817.SZ) 0股
✅持仓: 开普检测(003008.SZ) 0股
✅*******************总资产 58557.86 | 58557.86 剩余可用金额 2735.86元*******************


==============================
今日股票收益: -786.27 元
收益率:       -1.32 %
==============================


sleep a day
今天是交易日吗 True
judge_date count  1
中小综指成分股数量：958
['002001.SZ', '002003.SZ', '002004.SZ', '002005.SZ', '002006.SZ', '002007.SZ', '002008.SZ', '002009.SZ', '002010.SZ', '002011.SZ']
涨停 002042.SZ 华孚时尚
涨停 002273.SZ 水晶光电
涨停 002313.SZ 日海智能
涨停 002468.SZ 申通快递
涨停 002559.SZ 亚威股份
涨停 002635.SZ 安洁科技
涨停 002738.SZ 中矿资源
过滤ST/*ST股票后，剩余 893 只
prepare_stock_list count  2
大盘涨幅 2.13%
stop_loss count  3
check_limit_up count  4
sleep 20s
******************当日(2026-07-01 14:02:20.007783) (周3) 持仓市值: 57800.00元*******************
✅持仓: 宏达高科(002144.SZ), 占比 11.74%, 涨跌幅:  1.83% (128.00), 数量: 700, 市值: 7105.0元 纺织制造
✅持仓: 中天服务(002188.SZ), 占比 12.49%, 涨跌幅:  1.34% (100.00), 数量: 1500, 市值: 7560.0元 房地产服务
✅持仓: 亚联发展(002316.SZ), 占比 11.13%, 涨跌幅: -0.32% (-21.88), 数量: 1600, 市值: 6736.0元 多元金融
✅持仓: 华斯股份(002494.SZ), 占比 12.16%, 涨跌幅:  2.15% (155.00), 数量: 1600, 市值: 7360.0元 服装家纺
✅持仓: 百洋股份(002696.SZ), 占比 11.93%, 涨跌幅:  2.51% (177.00), 数量: 1400, 市值: 7224.0元 饲料
✅持仓: 富煌钢构(002743.SZ), 占比 12.68%, 涨跌幅:  1.97% (148.00), 数量: 1900, 市值: 7676.0元 专业工程
✅持仓: 桂发祥(002820.SZ), 占比 11.46%, 涨跌幅:  2.17% (147.00), 数量: 800, 市值: 6936.0元 休闲食品
✅持仓: 天元股份(003003.SZ), 占比 11.90%, 涨跌幅:  3.24% (226.00), 数量: 700, 市值: 7203.0元 包装印刷
✅*******************总资产 60540.36 | 60540.36 剩余可用金额 2740.36元*******************


check_remain_amount count  5
******************当日(2026-07-01 15:01:00.047134) (周3) 持仓市值: 57739.00元*******************
✅持仓: 宏达高科(002144.SZ), 占比 11.74%, 涨跌幅:  1.73% (121.00), 数量: 700, 市值: 7098.0元 纺织制造
✅持仓: 中天服务(002188.SZ), 占比 12.48%, 涨跌幅:  1.14% (85.00), 数量: 1500, 市值: 7545.0元 房地产服务
✅持仓: 亚联发展(002316.SZ), 占比 11.08%, 涨跌幅: -0.80% (-53.88), 数量: 1600, 市值: 6704.0元 多元金融
✅持仓: 华斯股份(002494.SZ), 占比 12.20%, 涨跌幅:  2.37% (171.00), 数量: 1600, 市值: 7376.0元 服装家纺
✅持仓: 百洋股份(002696.SZ), 占比 11.88%, 涨跌幅:  1.92% (135.00), 数量: 1400, 市值: 7182.0元 饲料
✅持仓: 富煌钢构(002743.SZ), 占比 12.72%, 涨跌幅:  2.22% (167.00), 数量: 1900, 市值: 7695.0元 专业工程
✅持仓: 桂发祥(002820.SZ), 占比 11.47%, 涨跌幅:  2.17% (147.00), 数量: 800, 市值: 6936.0元 休闲食品
✅持仓: 天元股份(003003.SZ), 占比 11.91%, 涨跌幅:  3.24% (226.00), 数量: 700, 市值: 7203.0元 包装印刷
✅*******************总资产 60479.36 | 60479.36 剩余可用金额 2740.36元*******************


==============================
今日股票收益: 1921.50 元
收益率:       3.28 %
==============================


sleep a day
今天是交易日吗 True
judge_date count  1
中小综指成分股数量：958
['002001.SZ', '002003.SZ', '002004.SZ', '002005.SZ', '002006.SZ', '002007.SZ', '002008.SZ', '002009.SZ', '002010.SZ', '002011.SZ']
涨停 002020.SZ 京新药业
涨停 002354.SZ 天娱数科
涨停 002458.SZ 益生股份
跌停 002522.SZ 浙江众成
跌停 002549.SZ 凯美特气
过滤ST/*ST股票后，剩余 895 只
prepare_stock_list count  2
大盘涨幅 0.19%
stop_loss count  3
check_limit_up count  4
sleep 20s
******************当日(2026-07-02 14:02:20.010528) (周4) 持仓市值: 58651.00元*******************
✅持仓: 宏达高科(002144.SZ), 占比 11.66%, 涨跌幅:  2.64% (184.00), 数量: 700, 市值: 7161.0元 纺织制造
✅持仓: 中天服务(002188.SZ), 占比 12.36%, 涨跌幅:  1.74% (130.00), 数量: 1500, 市值: 7590.0元 房地产服务
✅持仓: 亚联发展(002316.SZ), 占比 11.00%, 涨跌幅: -0.09% (-5.88), 数量: 1600, 市值: 6752.0元 多元金融
✅持仓: 华斯股份(002494.SZ), 占比 12.15%, 涨跌幅:  3.48% (251.00), 数量: 1600, 市值: 7456.0元 服装家纺
✅持仓: 百洋股份(002696.SZ), 占比 12.41%, 涨跌幅:  8.07% (569.00), 数量: 1400, 市值: 7616.0元 饲料
✅持仓: 富煌钢构(002743.SZ), 占比 12.57%, 涨跌幅:  2.47% (186.00), 数量: 1900, 市值: 7714.0元 专业工程
✅持仓: 桂发祥(002820.SZ), 占比 11.47%, 涨跌幅:  3.70% (251.00), 数量: 800, 市值: 7040.0元 休闲食品
✅持仓: 天元股份(003003.SZ), 占比 11.93%, 涨跌幅:  4.94% (345.00), 数量: 700, 市值: 7322.0元 包装印刷
✅*******************总资产 61391.36 | 61391.36 剩余可用金额 2740.36元*******************


check_remain_amount count  5
******************当日(2026-07-02 15:01:00.042790) (周4) 持仓市值: 58386.00元*******************
✅持仓: 宏达高科(002144.SZ), 占比 11.62%, 涨跌幅:  1.83% (128.00), 数量: 700, 市值: 7105.0元 纺织制造
✅持仓: 中天服务(002188.SZ), 占比 12.32%, 涨跌幅:  0.94% (70.00), 数量: 1500, 市值: 7530.0元 房地产服务
✅持仓: 亚联发展(002316.SZ), 占比 10.92%, 涨跌幅: -1.27% (-85.88), 数量: 1600, 市值: 6672.0元 多元金融
✅持仓: 华斯股份(002494.SZ), 占比 12.04%, 涨跌幅:  2.15% (155.00), 数量: 1600, 市值: 7360.0元 服装家纺
✅持仓: 百洋股份(002696.SZ), 占比 12.92%, 涨跌幅:  12.05% (849.00), 数量: 1400, 市值: 7896.0元 饲料
✅持仓: 富煌钢构(002743.SZ), 占比 12.43%, 涨跌幅:  0.96% (72.00), 数量: 1900, 市值: 7600.0元 专业工程
✅持仓: 桂发祥(002820.SZ), 占比 11.44%, 涨跌幅:  2.99% (203.00), 数量: 800, 市值: 6992.0元 休闲食品
✅持仓: 天元股份(003003.SZ), 占比 11.83%, 涨跌幅:  3.64% (254.00), 数量: 700, 市值: 7231.0元 包装印刷
✅*******************总资产 61126.36 | 61126.36 剩余可用金额 2740.36元*******************


==============================
今日股票收益: 647.00 元
收益率:       1.07 %
==============================


sleep a day
今天是交易日吗 True
judge_date count  1

************昨日(2026-07-02 09:31:00.016048)涨停 **************
['002696.SZ']

中小综指成分股数量：958
['002001.SZ', '002003.SZ', '002004.SZ', '002005.SZ', '002006.SZ', '002007.SZ', '002008.SZ', '002009.SZ', '002010.SZ', '002011.SZ']
跌停 002652.SZ 扬子新材
涨停 002979.SZ 雷赛智能
过滤ST/*ST股票后，剩余 898 只
prepare_stock_list count  2
大盘涨幅 -0.67%
stop_loss count  3
002696.SZ 百洋股份 股价5.41 涨幅-4.08%
002696.SZ 百洋股份涨停打开，卖出
async_seq  95
check_limit_up count  4
异步委托回调 投资备注: 清仓002696.SZ 
现有持仓:
  宏达高科 002144.SZ
  中天服务 002188.SZ
  亚联发展 002316.SZ
  华斯股份 002494.SZ
  富煌钢构 002743.SZ
  桂发祥 002820.SZ
  天元股份 003003.SZ
涨停卖出
  百洋股份 002696.SZ
get_small_cap_stocks   2026-07-02 14:02:00.012298    head 9
    第 1名: 亚联发展(002316.SZ), 流通市值: 16.79 亿元 多元金融   <== 选中
    第 2名: 中天服务(002188.SZ), 流通市值: 16.88 亿元 房地产服务   <== 选中
    第 3名: 华斯股份(002494.SZ), 流通市值: 17.92 亿元 服装家纺   <== 选中
    第 4名: 桂发祥(002820.SZ), 流通市值: 17.94 亿元 休闲食品   <== 选中
    第 5名: 富煌钢构(002743.SZ), 流通市值: 18.06 亿元 专业工程   <== 选中
    第 6名: 宏达高科(002144.SZ), 流通市值: 18.35 亿元 纺织制造   <== 选中
    第 7名: 凤形股份(002760.SZ), 流通市值: 18.55 亿元 通用设备   <== 选中
    第 8名: 皓宸医疗(002622.SZ), 流通市值: 18.56 亿元 医疗服务   <== 选中
    第 9名: 天元股份(003003.SZ), 流通市值: 18.64 亿元 包装印刷   <== 选中
    第10名: 黄山胶囊(002817.SZ), 流通市值: 18.66 亿元 化学制药 
    第11名: 海源复材(002529.SZ), 流通市值: 18.67 亿元 专用设备 
    第12名: 百洋股份(002696.SZ), 流通市值: 18.67 亿元 饲料 
    第13名: 蓝丰生化(002513.SZ), 流通市值: 18.7 亿元 农化制品 
    第14名: 嘉麟杰(002486.SZ), 流通市值: 18.71 亿元 服装家纺 
    第15名: 开普检测(003008.SZ), 流通市值: 18.72 亿元 专业服务 
    第16名: 光正眼科(002524.SZ), 流通市值: 18.76 亿元 医疗服务 
    第17名: 红墙股份(002809.SZ), 流通市值: 18.86 亿元 化学制品 
    第18名: 林州重机(002535.SZ), 流通市值: 19.0 亿元 专用设备 
    第19名: 信隆健康(002105.SZ), 流通市值: 19.01 亿元 摩托车及其他 
    第20名: 聚力文化(002247.SZ), 流通市值: 19.06 亿元 装修建材 
有余额可用10291.08元。买入[]
******************当日(2026-07-03 14:02:00.496850) (周5) 持仓市值: 51852.00元*******************
✅持仓: 宏达高科(002144.SZ), 占比 11.69%, 涨跌幅:  4.14% (289.00), 数量: 700, 市值: 7266.0元 纺织制造
✅持仓: 中天服务(002188.SZ), 占比 12.46%, 涨跌幅:  3.75% (280.00), 数量: 1500, 市值: 7740.0元 房地产服务
✅持仓: 亚联发展(002316.SZ), 占比 10.99%, 涨跌幅:  1.10% (74.12), 数量: 1600, 市值: 6832.0元 多元金融
✅持仓: 华斯股份(002494.SZ), 占比 12.23%, 涨跌幅:  5.48% (395.00), 数量: 1600, 市值: 7600.0元 服装家纺
✅持仓: 富煌钢构(002743.SZ), 占比 12.69%, 涨跌幅:  4.74% (357.00), 数量: 1900, 市值: 7885.0元 专业工程
✅持仓: 桂发祥(002820.SZ), 占比 11.50%, 涨跌幅:  5.23% (355.00), 数量: 800, 市值: 7144.0元 休闲食品
✅持仓: 天元股份(003003.SZ), 占比 11.88%, 涨跌幅:  5.85% (408.00), 数量: 700, 市值: 7385.0元 包装印刷
✅持仓: 百洋股份(002696.SZ) 0股
✅*******************总资产 62143.08 | 62143.08 剩余可用金额 10291.08元*******************


selected_stocks
['002144.SZ', '002188.SZ', '002316.SZ', '002494.SZ', '002743.SZ', '002820.SZ', '003003.SZ']
 期望持仓: 宏达高科(002144.SZ), 占比 14.29%
 期望持仓: 中天服务(002188.SZ), 占比 14.29%
 期望持仓: 亚联发展(002316.SZ), 占比 14.29%
 期望持仓: 华斯股份(002494.SZ), 占比 14.29%
 期望持仓: 富煌钢构(002743.SZ), 占比 14.29%
 期望持仓: 桂发祥(002820.SZ), 占比 14.29%
 期望持仓: 天元股份(003003.SZ), 占比 14.29%
预计持仓 51852.0 剩余金额 10291.08
⭕⭕剩余资金过大 10291.08
重新分配之后资金仍有剩余，追加买入
亚联发展 持仓与期望相差3.29% 2045.58，补仓
桂发祥 持仓与期望相差2.79% 1733.58，补仓
宏达高科 持仓与期望相差2.59% 1611.58，补仓
天元股份 持仓与期望相差2.40% 1492.58，补仓
华斯股份 持仓与期望相差2.06% 1277.58，补仓
中天服务 持仓与期望相差1.83% 1137.58，补仓
富煌钢构 持仓与期望相差1.60% 992.58，补仓
 预估持仓: 宏达高科(002144.SZ), 占比 11.69% 单价 10.38
 预估持仓: 中天服务(002188.SZ), 占比 12.46% 单价 5.16
 预估持仓: 亚联发展(002316.SZ), 占比 10.99% 单价 4.27
 预估持仓: 华斯股份(002494.SZ), 占比 12.23% 单价 4.75
 预估持仓: 百洋股份(002696.SZ), 占比 0.00% 单价 5.40
 预估持仓: 富煌钢构(002743.SZ), 占比 12.69% 单价 4.15
 预估持仓: 桂发祥(002820.SZ), 占比 11.50% 单价 8.93
 预估持仓: 天元股份(003003.SZ), 占比 11.88% 单价 10.55
调整宏达高科买入数量，期望买入8877.58,当前7266.00,相差1611.58
单价10.38，新市值8304.00，差值573.58
单价10.38，新市值9342.00，差值-464.42
单价10.38，新市值10380.00，差值-1502.42
✅调整买入数量，追加2手,仓位占比调整为15.03%
调整中天服务买入数量，期望买入8877.58,当前7740.00,相差1137.58
单价5.16，新市值8772.00，差值105.58
单价5.16，新市值9288.00，差值-410.42
✅调整买入数量，追加2手,仓位占比调整为14.12%
调整亚联发展买入数量，期望买入8877.58,当前6832.00,相差2045.58
单价4.27，新市值8540.00，差值337.58
单价4.27，新市值8967.00，差值-89.42
单价4.27，新市值9394.00，差值-516.42
✅调整买入数量，追加5手,仓位占比调整为14.43%
调整华斯股份买入数量，期望买入8877.58,当前7600.00,相差1277.58
单价4.75，新市值8550.00，差值327.58
单价4.75，新市值9025.00，差值-147.42
单价4.75，新市值9500.00，差值-622.42
✅调整买入数量，追加3手,仓位占比调整为14.52%
调整富煌钢构买入数量，期望买入8877.58,当前7885.00,相差992.58
单价4.15，新市值8715.00，差值162.58
单价4.15，新市值9130.00，差值-252.42
✅调整买入数量，追加2手,仓位占比调整为14.02%
调整桂发祥买入数量，期望买入8877.58,当前7144.00,相差1733.58
单价8.93，新市值8037.00，差值840.58
单价8.93，新市值8930.00，差值-52.42
单价8.93，新市值9823.00，差值-945.42
✅调整买入数量，追加2手,仓位占比调整为14.37%
调整天元股份买入数量，期望买入8877.58,当前7385.00,相差1492.58
单价10.55，新市值8440.00，差值437.58
单价10.55，新市值9495.00，差值-617.42
✅调整买入数量，追加1手,仓位占比调整为13.58%
====调整每股额度====
当前可用资金  10291.08 
持仓市值  51852.0 
总资产:  62143.08 
每股额度  1470.1542857142856

✅===可用资金 10291.08===
委托买入: 亚联发展, 002316.SZ 
目标价值:8967.00
预计最终持股2100股，每股4.27元，合计:8967.00
buy 002316.SZ passorder target value 8967.00 current 6832.00 amount 400.00
async_seq  110
异步委托回调 投资备注: Buy 002316.SZ Tgt 8967.

✅===可用资金 8579.08===
委托买入: 桂发祥, 002820.SZ 
目标价值:8930.00
预计最终持股1000股，每股8.92元，合计:8920.00
buy 002820.SZ passorder target value 8930.00 current 7136.00 amount 200.00
async_seq  114
异步委托回调 投资备注: Buy 002820.SZ Tgt 8930.

✅===可用资金 6793.08===
委托买入: 宏达高科, 002144.SZ 
目标价值:9342.00
预计最终持股800股，每股10.38元，合计:8304.00
buy 002144.SZ passorder target value 9342.00 current 7266.00 amount 100.00
async_seq  118
异步委托回调 投资备注: Buy 002144.SZ Tgt 9342.

✅===可用资金 5755.08===
委托买入: 天元股份, 003003.SZ 
目标价值:8440.00
预计最终持股800股，每股10.55元，合计:8440.00
003003.SZ 天元股份 现价10.55 期望持仓 8440.00元,
现有持仓 7385.00元，相差 1055.00元，需要买入股数 100.00不足100股，放弃交易
async_seq  None
buy_target_value failed 003003.SZ 天元股份

✅===可用资金 5755.08===
委托买入: 华斯股份, 002494.SZ 
目标价值:9025.00
预计最终持股1800股，每股4.76元，合计:8568.00
buy 002494.SZ passorder target value 9025.00 current 7616.00 amount 200.00
async_seq  125
异步委托回调 投资备注: Buy 002494.SZ Tgt 9025.

✅===可用资金 4803.08===
委托买入: 中天服务, 002188.SZ 
目标价值:8772.00
预计最终持股1700股，每股5.16元，合计:8772.00
buy 002188.SZ passorder target value 8772.00 current 7740.00 amount 200.00
async_seq  130
异步委托回调 投资备注: Buy 002188.SZ Tgt 8772.

✅===可用资金 3771.08===
委托买入: 富煌钢构, 002743.SZ 
目标价值:8715.00
预计最终持股2100股，每股4.15元，合计:8715.00
buy 002743.SZ passorder target value 8715.00 current 7885.00 amount 200.00
async_seq  134
异步委托回调 投资备注: Buy 002743.SZ Tgt 8715.
sleep 20s
******************当日(2026-07-03 14:02:27.596333) (周5) 持仓市值: 59210.00元*******************
✅持仓: 宏达高科(002144.SZ), 占比 13.36%, 涨跌幅:  3.61% (289.00), 数量: 800, 市值: 8304.0元 纺织制造
✅持仓: 中天服务(002188.SZ), 占比 14.11%, 涨跌幅:  3.30% (280.00), 数量: 1700, 市值: 8772.0元 房地产服务
✅持仓: 亚联发展(002316.SZ), 占比 13.77%, 涨跌幅:  1.06% (90.12), 数量: 2000, 市值: 8560.0元 多元金融
✅持仓: 华斯股份(002494.SZ), 占比 13.79%, 涨跌幅:  5.04% (411.00), 数量: 1800, 市值: 8568.0元 服装家纺
✅持仓: 富煌钢构(002743.SZ), 占比 13.99%, 涨跌幅:  4.02% (336.00), 数量: 2100, 市值: 8694.0元 专业工程
✅持仓: 桂发祥(002820.SZ), 占比 14.35%, 涨跌幅:  4.02% (345.00), 数量: 1000, 市值: 8920.0元 休闲食品
✅持仓: 天元股份(003003.SZ), 占比 11.89%, 涨跌幅:  5.95% (415.00), 数量: 700, 市值: 7392.0元 包装印刷
✅持仓: 百洋股份(002696.SZ) 0股
✅*******************总资产 62151.08 | 62151.08 剩余可用金额 2941.08元*******************


check_remain_amount count  5
******************当日(2026-07-03 15:01:00.040167) (周5) 持仓市值: 59006.00元*******************
✅持仓: 宏达高科(002144.SZ), 占比 13.39%, 涨跌幅:  3.41% (273.00), 数量: 800, 市值: 8288.0元 纺织制造
✅持仓: 中天服务(002188.SZ), 占比 14.11%, 涨跌幅:  2.90% (246.00), 数量: 1700, 市值: 8738.0元 房地产服务
✅持仓: 亚联发展(002316.SZ), 占比 13.79%, 涨跌幅:  0.83% (70.12), 数量: 2000, 市值: 8540.0元 多元金融
✅持仓: 华斯股份(002494.SZ), 占比 13.75%, 涨跌幅:  4.38% (357.00), 数量: 1800, 市值: 8514.0元 服装家纺
✅持仓: 富煌钢构(002743.SZ), 占比 13.94%, 涨跌幅:  3.27% (273.00), 数量: 2100, 市值: 8631.0元 专业工程
✅持仓: 桂发祥(002820.SZ), 占比 14.39%, 涨跌幅:  3.91% (335.00), 数量: 1000, 市值: 8910.0元 休闲食品
✅持仓: 天元股份(003003.SZ), 占比 11.93%, 涨跌幅:  5.85% (408.00), 数量: 700, 市值: 7385.0元 包装印刷
✅持仓: 百洋股份(002696.SZ) 0股
✅*******************总资产 61914.08 | 61914.08 剩余可用金额 2908.08元*******************


==============================
今日股票收益: 787.72 元
收益率:       1.29 %
==============================


close XtMiniQmt.exe success
open QMT success
reconnect
new g.xt_trader
start
建立交易连接，返回0表示连接成功 -1

收到信号 2，正在关闭调度器...
调度器已安全关闭
