init
建立交易连接，返回0表示连接成功 0
***** xtdata连接成功 *****
服务信息: {'tag': 'sp3', 'version': '1.0'}
服务地址: 127.0.0.1:58610
数据路径: C:\QMT\bin.x64/../userdata_mini/datadir
设置xtdata.enable_hello = False可隐藏此消息

⭕策略初始化完成：每月初调仓，持有市值最小的9只股票, 初始可用资金2911.58, 初始资产61924.58
start
sleep a day
今天是交易日吗 False
judge_date count  1
******************当日(2026-07-05 15:01:00.039023) (周7) 持仓市值: 59006.00元*******************
✅持仓: 宏达高科(002144.SZ), 占比 13.39%, 涨跌幅:   3.34% (268.00), 数量: 800, 市值: 8288.0元 纺织制造
✅持仓: 中天服务(002188.SZ), 占比 14.11%, 涨跌幅:   2.84% (241.00), 数量: 1700, 市值: 8738.0元 房地产服务
✅持仓: 亚联发展(002316.SZ), 占比 13.79%, 涨跌幅:   0.77% (65.12), 数量: 2000, 市值: 8540.0元 综合
✅持仓: 华斯股份(002494.SZ), 占比 13.75%, 涨跌幅:   4.31% (352.00), 数量: 1800, 市值: 8514.0元 服装家纺
✅持仓: 富煌钢构(002743.SZ), 占比 13.94%, 涨跌幅:   3.20% (268.00), 数量: 2100, 市值: 8631.0元 专业工程
✅持仓: 桂发祥(002820.SZ), 占比 14.39%, 涨跌幅:   3.85% (330.00), 数量: 1000, 市值: 8910.0元 休闲食品
✅持仓: 天元股份(003003.SZ), 占比 11.93%, 涨跌幅:   5.85% (408.00), 数量: 700, 市值: 7385.0元 包装印刷
✅持仓: 百洋股份(002696.SZ) 0股
✅*******************总资产 61917.58 | 61917.58 剩余可用金额 2911.58元*******************


==============================
今日股票收益: -7.00 元
收益率:       -0.01 %
==============================


sleep a day
今天是交易日吗 True
judge_date count  1
中小综指成分股数量：958
['002001.SZ', '002003.SZ', '002004.SZ', '002005.SZ', '002006.SZ', '002007.SZ', '002008.SZ', '002009.SZ', '002010.SZ', '002011.SZ']
涨停 002072.SZ 凯瑞德
涨停 002245.SZ 蔚蓝锂芯
涨停 002396.SZ 星网锐捷
涨停 002607.SZ 中公教育
002729.SZ  可能停牌  -1
涨停 002767.SZ 先锋电子
过滤ST/*ST股票后，剩余 894 只
prepare_stock_list count  2
大盘涨幅 1.36%
stop_loss count  3
check_limit_up count  4
sleep 20s
******************当日(2026-07-06 14:02:20.016156) (周1) 持仓市值: 58429.00元*******************
✅持仓: 宏达高科(002144.SZ), 占比 13.43%, 涨跌幅:   2.74% (220.00), 数量: 800, 市值: 8240.0元 纺织制造
✅持仓: 中天服务(002188.SZ), 占比 14.05%, 涨跌幅:   1.44% (122.00), 数量: 1700, 市值: 8619.0元 房地产服务
✅持仓: 亚联发展(002316.SZ), 占比 13.53%, 涨跌幅:  -2.06% (-174.88), 数量: 2000, 市值: 8300.0元 综合
✅持仓: 华斯股份(002494.SZ), 占比 13.85%, 涨跌幅:   4.09% (334.00), 数量: 1800, 市值: 8496.0元 服装家纺
✅持仓: 富煌钢构(002743.SZ), 占比 13.97%, 涨跌幅:   2.45% (205.00), 数量: 2100, 市值: 8568.0元 专业工程
✅持仓: 桂发祥(002820.SZ), 占比 14.46%, 涨跌幅:   3.38% (290.00), 数量: 1000, 市值: 8870.0元 休闲食品
✅持仓: 天元股份(003003.SZ), 占比 11.96%, 涨跌幅:   5.15% (359.00), 数量: 700, 市值: 7336.0元 包装印刷
✅*******************总资产 61340.58 | 61340.58 剩余可用金额 2911.58元*******************


check_remain_amount count  5
******************当日(2026-07-06 15:01:00.036008) (周1) 持仓市值: 58462.00元*******************
✅持仓: 宏达高科(002144.SZ), 占比 13.45%, 涨跌幅:   2.94% (236.00), 数量: 800, 市值: 8256.0元 纺织制造
✅持仓: 中天服务(002188.SZ), 占比 14.04%, 涨跌幅:   1.44% (122.00), 数量: 1700, 市值: 8619.0元 房地产服务
✅持仓: 亚联发展(002316.SZ), 占比 13.59%, 涨跌幅:  -1.59% (-134.88), 数量: 2000, 市值: 8340.0元 综合
✅持仓: 华斯股份(002494.SZ), 占比 13.84%, 涨跌幅:   4.09% (334.00), 数量: 1800, 市值: 8496.0元 服装家纺
✅持仓: 富煌钢构(002743.SZ), 占比 13.93%, 涨跌幅:   2.20% (184.00), 数量: 2100, 市值: 8547.0元 专业工程
✅持仓: 桂发祥(002820.SZ), 占比 14.52%, 涨跌幅:   3.85% (330.00), 数量: 1000, 市值: 8910.0元 休闲食品
✅持仓: 天元股份(003003.SZ), 占比 11.88%, 涨跌幅:   4.54% (317.00), 数量: 700, 市值: 7294.0元 包装印刷
✅*******************总资产 61373.58 | 61373.58 剩余可用金额 2911.58元*******************


==============================
今日股票收益: -544.00 元
收益率:       -0.88 %
==============================


sleep a day
今天是交易日吗 True
judge_date count  1
中小综指成分股数量：958
['002001.SZ', '002003.SZ', '002004.SZ', '002005.SZ', '002006.SZ', '002007.SZ', '002008.SZ', '002009.SZ', '002010.SZ', '002011.SZ']
涨停 002132.SZ 恒星科技
涨停 002497.SZ 雅化集团
涨停 002841.SZ 视源股份
过滤ST/*ST股票后，剩余 897 只
prepare_stock_list count  2
✅========== 执行周度调仓，日期：2026-07-07 10:00:00.098132 ==========
******************当日(2026-07-07 10:00:00.098132) (周2) 持仓市值: 57085.00元*******************
✅持仓: 宏达高科(002144.SZ), 占比 13.48%, 涨跌幅:   0.85% (68.00), 数量: 800, 市值: 8088.0元 纺织制造
✅持仓: 中天服务(002188.SZ), 占比 13.94%, 涨跌幅:  -1.57% (-133.00), 数量: 1700, 市值: 8364.0元 房地产服务
✅持仓: 亚联发展(002316.SZ), 占比 13.63%, 涨跌幅:  -3.48% (-294.88), 数量: 2000, 市值: 8180.0元 综合
✅持仓: 华斯股份(002494.SZ), 占比 13.74%, 涨跌幅:   1.00% (82.00), 数量: 1800, 市值: 8244.0元 服装家纺
✅持仓: 富煌钢构(002743.SZ), 占比 13.83%, 涨跌幅:  -0.81% (-68.00), 数量: 2100, 市值: 8295.0元 专业工程
✅持仓: 桂发祥(002820.SZ), 占比 14.48%, 涨跌幅:   1.28% (110.00), 数量: 1000, 市值: 8690.0元 休闲食品
✅持仓: 天元股份(003003.SZ), 占比 12.04%, 涨跌幅:   3.54% (247.00), 数量: 700, 市值: 7224.0元 包装印刷
✅*******************总资产 59996.58 | 59996.58 剩余可用金额 2911.58元*******************


get_small_cap_stocks   2026-07-07 10:00:00.098132    head 9
    第 1名: 亚联发展(002316.SZ), 流通市值: 16.08 亿元 综合   <== 选中
    第 2名: 中天服务(002188.SZ), 流通市值: 16.09 亿元 房地产服务   <== 选中
    第 3名: 富煌钢构(002743.SZ), 流通市值: 17.19 亿元 专业工程   <== 选中
    第 4名: 华斯股份(002494.SZ), 流通市值: 17.28 亿元 服装家纺   <== 选中
    第 5名: 桂发祥(002820.SZ), 流通市值: 17.46 亿元 休闲食品   <== 选中
    第 6名: 皓宸医疗(002622.SZ), 流通市值: 17.81 亿元 医疗服务   <== 选中
    第 7名: 宏达高科(002144.SZ), 流通市值: 17.87 亿元 纺织制造   <== 选中
    第 8名: 光正眼科(002524.SZ), 流通市值: 17.93 亿元 医疗服务 
    第 9名: 海源复材(002529.SZ), 流通市值: 17.94 亿元 专用设备   <== 选中
    第10名: 凤形股份(002760.SZ), 流通市值: 18.06 亿元 通用设备   <== 选中
    第11名: 蓝丰生化(002513.SZ), 流通市值: 18.1 亿元 农化制品 
    第12名: 林州重机(002535.SZ), 流通市值: 18.12 亿元 专用设备 
    第13名: 黄山胶囊(002817.SZ), 流通市值: 18.13 亿元 化学制药 
    第14名: 红墙股份(002809.SZ), 流通市值: 18.19 亿元 化学制品 
    第15名: 天元股份(003003.SZ), 流通市值: 18.24 亿元 包装印刷 
    第16名: 开普检测(003008.SZ), 流通市值: 18.34 亿元 专业服务 
    第17名: 百洋股份(002696.SZ), 流通市值: 18.46 亿元 饲料 
    第18名: 信隆健康(002105.SZ), 流通市值: 18.53 亿元 摩托车及其他 
    第19名: 嘉麟杰(002486.SZ), 流通市值: 18.55 亿元 服装家纺 
    第20名: 聚力文化(002247.SZ), 流通市值: 18.72 亿元 装修建材 
✅当前持股 7只
宏达高科
中天服务
亚联发展
华斯股份
富煌钢构
桂发祥
天元股份
✅需要买入股票 3只
✅需要卖出股票 1只
✅待买入  皓宸医疗
✅待买入  海源复材
✅待买入  凤形股份
✅待卖出: 天元股份
✅今日(2026-07-07 10:00:00.098132)为卖出时间，执行卖出操作
✅------------------------------------------
✅>>>>>>>>>>>>
✅卖出:  天元股份
async_seq  20
rebalance_sell count  3
异步委托回调 投资备注: 清仓003003.SZ 
大盘涨幅 -1.48%
stop_loss count  4
✅========== 执行周度调仓，日期：2026-07-07 10:30:00.057533 ==========
✅今日(2026-07-07 10:30:00.057533)为买入时间，执行买入操作
✅+++++++++++++++++++++++++++++++++++++++++
✅需要买入股票 3只
皓宸医疗
海源复材
凤形股份
selected_stocks
['002316.SZ', '002188.SZ', '002743.SZ', '002494.SZ', '002820.SZ', '002622.SZ', '002144.SZ', '002529.SZ', '002760.SZ']
 期望持仓: 亚联发展(002316.SZ), 占比 11.11%
 期望持仓: 中天服务(002188.SZ), 占比 11.11%
 期望持仓: 富煌钢构(002743.SZ), 占比 11.11%
 期望持仓: 华斯股份(002494.SZ), 占比 11.11%
 期望持仓: 桂发祥(002820.SZ), 占比 11.11%
 期望持仓: 皓宸医疗(002622.SZ), 占比 11.11%
 期望持仓: 宏达高科(002144.SZ), 占比 11.11%
 期望持仓: 海源复材(002529.SZ), 占比 11.11%
 期望持仓: 凤形股份(002760.SZ), 占比 11.11%
预计买入皓宸医疗(002622.SZ)  3100 股 * 2.11,总计 6541.00
预计买入海源复材(002529.SZ)  900 股 * 6.89,总计 6201.00
预计买入凤形股份(002760.SZ)  300 股 * 16.77,总计 5031.00
预计持仓 67156.0 剩余金额 -7645.53
⭕⭕剩余资金过大 -7645.53
未重新分配资金，调整买入仓位比重
期望持仓: 皓宸医疗(002622.SZ)，占比5.67%
期望持仓: 海源复材(002529.SZ)，占比5.67%
期望持仓: 凤形股份(002760.SZ)，占比5.67%
 预估持仓: 宏达高科(002144.SZ), 占比 13.47% 单价 10.02
 预估持仓: 中天服务(002188.SZ), 占比 13.97% 单价 4.89
 预估持仓: 亚联发展(002316.SZ), 占比 13.54% 单价 4.03
 预估持仓: 华斯股份(002494.SZ), 占比 13.73% 单价 4.54
 预估持仓: 海源复材(002529.SZ), 占比 10.42% 单价 6.89
 预估持仓: 皓宸医疗(002622.SZ), 占比 10.99% 单价 2.11
 预估持仓: 富煌钢构(002743.SZ), 占比 13.83% 单价 3.92
 预估持仓: 凤形股份(002760.SZ), 占比 8.45% 单价 16.77
 预估持仓: 桂发祥(002820.SZ), 占比 14.43% 单价 8.59
 预估持仓: 天元股份(003003.SZ), 占比 0.00% 单价 10.22
====调整每股额度====
当前可用资金  10119.47 
持仓市值  49383.0 
总资产:  59510.47 
每股额度  3373.1566666666663

✅===可用资金 10119.47===
委托买入: 皓宸医疗, 002622.SZ 
目标价值:3373.16
预计最终持股1500股，每股2.11元，合计:3165.00
buy 002622.SZ passorder target value 3373.16 current 0.00 amount 1500.00
async_seq  30
异步委托回调 投资备注: Buy 002622.SZ Tgt 3373.

✅===可用资金 10119.47===
委托买入: 海源复材, 002529.SZ 
目标价值:3373.16
预计最终持股400股，每股6.89元，合计:2756.00
buy 002529.SZ passorder target value 3373.16 current 0.00 amount 400.00
async_seq  34
异步委托回调 投资备注: Buy 002529.SZ Tgt 3373.

✅===可用资金 10119.47===
委托买入: 凤形股份, 002760.SZ 
目标价值:3373.16
预计最终持股200股，每股16.79元，合计:3358.00
buy 002760.SZ passorder target value 3373.16 current 0.00 amount 200.00
async_seq  38
异步委托回调 投资备注: Buy 002760.SZ Tgt 3373.
sleep 30s
******************当日(2026-07-07 10:30:33.119041) (周2) 持仓市值: 58776.00元*******************
✅持仓: 宏达高科(002144.SZ), 占比 13.54%, 涨跌幅:   0.35% (28.00), 数量: 800, 市值: 8048.0元 纺织制造
✅持仓: 中天服务(002188.SZ), 占比 13.99%, 涨跌幅:  -2.17% (-184.00), 数量: 1700, 市值: 8313.0元 房地产服务
✅持仓: 亚联发展(002316.SZ), 占比 13.56%, 涨跌幅:  -4.90% (-414.88), 数量: 2000, 市值: 8060.0元 综合
✅持仓: 华斯股份(002494.SZ), 占比 13.84%, 涨跌幅:   0.78% (64.00), 数量: 1800, 市值: 8226.0元 服装家纺
✅持仓: 富煌钢构(002743.SZ), 占比 13.89%, 涨跌幅:  -1.32% (-110.00), 数量: 2100, 市值: 8253.0元 专业工程
✅持仓: 桂发祥(002820.SZ), 占比 14.47%, 涨跌幅:   0.23% (20.00), 数量: 1000, 市值: 8600.0元 休闲食品
✅持仓: 皓宸医疗(002622.SZ), 占比 5.30%, 涨跌幅:  -0.47% (-15.00), 数量: 1500, 市值: 3150.0元 医疗服务
✅持仓: 海源复材(002529.SZ), 占比 4.66%, 涨跌幅:   0.44% (12.00), 数量: 400, 市值: 2768.0元 专用设备
✅持仓: 凤形股份(002760.SZ), 占比 5.65%, 涨跌幅:   0.12% (4.00), 数量: 200, 市值: 3358.0元 通用设备
✅持仓: 天元股份(003003.SZ) 0股
✅*******************总资产 59428.47 | 59428.47 剩余可用金额 10119.47元*******************


rebalance_buy count  5
check_limit_up count  6
sleep 20s
******************当日(2026-07-07 14:02:20.010611) (周2) 持仓市值: 58437.00元*******************
✅持仓: 宏达高科(002144.SZ), 占比 13.51%, 涨跌幅:  -0.15% (-12.00), 数量: 800, 市值: 8008.0元 纺织制造
✅持仓: 中天服务(002188.SZ), 占比 13.91%, 涨跌幅:  -2.97% (-252.00), 数量: 1700, 市值: 8245.0元 房地产服务
✅持仓: 亚联发展(002316.SZ), 占比 13.56%, 涨跌幅:  -5.13% (-434.88), 数量: 2000, 市值: 8040.0元 综合
✅持仓: 华斯股份(002494.SZ), 占比 13.75%, 涨跌幅:  -0.10% (-8.00), 数量: 1800, 市值: 8154.0元 服装家纺
✅持仓: 富煌钢构(002743.SZ), 占比 13.85%, 涨跌幅:  -1.82% (-152.00), 数量: 2100, 市值: 8211.0元 专业工程
✅持仓: 桂发祥(002820.SZ), 占比 14.47%, 涨跌幅:   0.00% (0.00), 数量: 1000, 市值: 8580.0元 休闲食品
✅持仓: 皓宸医疗(002622.SZ), 占比 5.29%, 涨跌幅:  -1.12% (-35.50), 数量: 1500, 市值: 3135.0元 医疗服务
✅持仓: 海源复材(002529.SZ), 占比 4.62%, 涨跌幅:  -0.78% (-21.50), 数量: 400, 市值: 2740.0元 专用设备
✅持仓: 凤形股份(002760.SZ), 占比 5.61%, 涨跌幅:  -1.06% (-35.50), 数量: 200, 市值: 3324.0元 通用设备
✅持仓: 天元股份(003003.SZ) 0股
✅*******************总资产 59281.97 | 59281.97 剩余可用金额 827.97元*******************


check_remain_amount count  7
******************当日(2026-07-07 15:01:00.031860) (周2) 持仓市值: 58483.00元*******************
✅持仓: 宏达高科(002144.SZ), 占比 13.52%, 涨跌幅:  -0.05% (-4.00), 数量: 800, 市值: 8016.0元 纺织制造
✅持仓: 中天服务(002188.SZ), 占比 13.87%, 涨跌幅:  -3.17% (-269.00), 数量: 1700, 市值: 8228.0元 房地产服务
✅持仓: 亚联发展(002316.SZ), 占比 13.62%, 涨跌幅:  -4.66% (-394.88), 数量: 2000, 市值: 8080.0元 综合
✅持仓: 华斯股份(002494.SZ), 占比 13.78%, 涨跌幅:   0.12% (10.00), 数量: 1800, 市值: 8172.0元 服装家纺
✅持仓: 富煌钢构(002743.SZ), 占比 13.91%, 涨跌幅:  -1.32% (-110.00), 数量: 2100, 市值: 8253.0元 专业工程
✅持仓: 桂发祥(002820.SZ), 占比 14.45%, 涨跌幅:  -0.12% (-10.00), 数量: 1000, 市值: 8570.0元 休闲食品
✅持仓: 皓宸医疗(002622.SZ), 占比 5.26%, 涨跌幅:  -1.59% (-50.50), 数量: 1500, 市值: 3120.0元 医疗服务
✅持仓: 海源复材(002529.SZ), 占比 4.61%, 涨跌幅:  -1.07% (-29.50), 数量: 400, 市值: 2732.0元 专用设备
✅持仓: 凤形股份(002760.SZ), 占比 5.58%, 涨跌幅:  -1.41% (-47.50), 数量: 200, 市值: 3312.0元 通用设备
✅持仓: 天元股份(003003.SZ) 0股
✅*******************总资产 59310.97 | 59310.97 剩余可用金额 827.97元*******************


==============================
今日股票收益: -2062.61 元
收益率:       -3.36 %
==============================


sleep a day
今天是交易日吗 True
judge_date count  1
中小综指成分股数量：958
['002001.SZ', '002003.SZ', '002004.SZ', '002005.SZ', '002006.SZ', '002007.SZ', '002008.SZ', '002009.SZ', '002010.SZ', '002011.SZ']
跌停 002747.SZ 埃斯顿
过滤ST/*ST股票后，剩余 899 只
prepare_stock_list count  2
大盘涨幅 -1.22%
stop_loss count  3
check_limit_up count  4
sleep 20s
******************当日(2026-07-08 14:02:20.017604) (周3) 持仓市值: 58078.00元*******************
✅持仓: 宏达高科(002144.SZ), 占比 13.43%, 涨跌幅:  -1.35% (-108.00), 数量: 800, 市值: 7912.0元 纺织制造
✅持仓: 中天服务(002188.SZ), 占比 13.94%, 涨跌幅:  -3.37% (-286.00), 数量: 1700, 市值: 8211.0元 房地产服务
✅持仓: 亚联发展(002316.SZ), 占比 13.58%, 涨跌幅:  -5.60% (-474.88), 数量: 2000, 市值: 8000.0元 综合
✅持仓: 华斯股份(002494.SZ), 占比 13.87%, 涨跌幅:   0.12% (10.00), 数量: 1800, 市值: 8172.0元 服装家纺
✅持仓: 海源复材(002529.SZ), 占比 4.57%, 涨跌幅:  -2.50% (-69.00), 数量: 400, 市值: 2692.0元 专用设备
✅持仓: 皓宸医疗(002622.SZ), 占比 5.30%, 涨跌幅:  -1.58% (-50.00), 数量: 1500, 市值: 3120.0元 医疗服务
✅持仓: 富煌钢构(002743.SZ), 占比 13.87%, 涨跌幅:  -2.32% (-194.00), 数量: 2100, 市值: 8169.0元 专业工程
✅持仓: 凤形股份(002760.SZ), 占比 5.54%, 涨跌幅:  -2.89% (-97.00), 数量: 200, 市值: 3262.0元 通用设备
✅持仓: 桂发祥(002820.SZ), 占比 14.50%, 涨跌幅:  -0.47% (-40.00), 数量: 1000, 市值: 8540.0元 休闲食品
✅*******************总资产 58907.97 | 58907.97 剩余可用金额 829.97元*******************


check_remain_amount count  5
******************当日(2026-07-08 15:01:00.038938) (周3) 持仓市值: 58079.00元*******************
✅持仓: 宏达高科(002144.SZ), 占比 13.38%, 涨跌幅:  -1.75% (-140.00), 数量: 800, 市值: 7880.0元 纺织制造
✅持仓: 中天服务(002188.SZ), 占比 13.88%, 涨跌幅:  -3.77% (-320.00), 数量: 1700, 市值: 8177.0元 房地产服务
✅持仓: 亚联发展(002316.SZ), 占比 13.58%, 涨跌幅:  -5.60% (-474.88), 数量: 2000, 市值: 8000.0元 综合
✅持仓: 华斯股份(002494.SZ), 占比 13.93%, 涨跌幅:   0.56% (46.00), 数量: 1800, 市值: 8208.0元 服装家纺
✅持仓: 海源复材(002529.SZ), 占比 4.56%, 涨跌幅:  -2.79% (-77.00), 数量: 400, 市值: 2684.0元 专用设备
✅持仓: 皓宸医疗(002622.SZ), 占比 5.32%, 涨跌幅:  -1.10% (-35.00), 数量: 1500, 市值: 3135.0元 医疗服务
✅持仓: 富煌钢构(002743.SZ), 占比 13.87%, 涨跌幅:  -2.32% (-194.00), 数量: 2100, 市值: 8169.0元 专业工程
✅持仓: 凤形股份(002760.SZ), 占比 5.56%, 涨跌幅:  -2.47% (-83.00), 数量: 200, 市值: 3276.0元 通用设备
✅持仓: 桂发祥(002820.SZ), 占比 14.51%, 涨跌幅:  -0.35% (-30.00), 数量: 1000, 市值: 8550.0元 休闲食品
✅*******************总资产 58908.97 | 58908.97 剩余可用金额 829.97元*******************


==============================
今日股票收益: -402.00 元
收益率:       -0.68 %
==============================


