init
建立交易连接，返回0表示连接成功 0
***** xtdata连接成功 *****
服务信息: {'tag': 'sp3', 'version': '1.0'}
服务地址: 127.0.0.1:58610
数据路径: C:\QMT\bin.x64/../userdata_mini/datadir
设置xtdata.enable_hello = False可隐藏此消息

⭕策略初始化完成：每月初调仓，持有市值最小的9只股票, 初始可用资金4578.69, 初始资产55309.69
start
sleep a day

收到信号 2，正在关闭调度器...
调度器已安全关闭
init
建立交易连接，返回0表示连接成功 0
***** xtdata连接成功 *****
服务信息: {'tag': 'sp3', 'version': '1.0'}
服务地址: 127.0.0.1:58610
数据路径: C:\QMT\bin.x64/../userdata_mini/datadir
设置xtdata.enable_hello = False可隐藏此消息

⭕策略初始化完成：每月初调仓，持有市值最小的9只股票, 初始可用资金4578.69, 初始资产55309.69
start
sleep a day
今天是交易日吗 True
judge_date count  1
中小综指成分股数量：958
['002001.SZ', '002003.SZ', '002004.SZ', '002005.SZ', '002006.SZ', '002007.SZ', '002008.SZ', '002009.SZ', '002010.SZ', '002011.SZ']
跌停 002141.SZ 贤丰控股
涨停 002167.SZ 东方锆业
跌停 002632.SZ 道明光学
跌停 002674.SZ 兴业科技
跌停 002677.SZ 浙江美大
跌停 002723.SZ 小崧股份
涨停 002879.SZ 长缆科技
跌停 003001.SZ 中岩大地
过滤ST/*ST股票后，剩余 894 只
prepare_stock_list count  2
✅========== 执行周度调仓，日期：2026-07-21 09:55:00.052375 ==========
******************当日(2026-07-21 09:55:00.052375) (周2) 持仓市值: 48467.00元*******************
✅中天服务(002188.SZ) 占比 13.65% 涨幅: -14.77% (-1255.00) x 1700 = 7242.0元 房地产服务
✅亚联发展(002316.SZ) 占比 13.54% 涨幅: -15.28% (-1294.88) x 2000 = 7180.0元 综合
✅华斯股份(002494.SZ) 占比 14.15% 涨幅:  -8.04% (-656.00) x 1800 = 7506.0元 服装家纺
✅海源复材(002529.SZ) 占比 11.86% 涨幅: -13.76% (-1004.00) x 1100 = 6292.0元 专用设备
✅富煌钢构(002743.SZ) 占比 13.06% 涨幅: -17.13% (-1433.00) x 2100 = 6930.0元 专业工程
✅桂发祥(002820.SZ) 占比 14.93% 涨幅:  -6.05% (-510.00) x 1000 = 7920.0元 休闲食品
✅庄园牧场(002910.SZ) 占比 10.17% 涨幅: -12.99% (-806.00) x 700 = 5397.0元 饮料乳品
✅*******************总资产 53045.69 剩余可用金额 4578.69元*******************


get_small_cap_stocks   2026-07-21 09:55:00.052375    head 9
    第 1名: 中天服务(002188.SZ), 流通市值: 13.93 亿元 房地产服务   <== 选中
    第 2名: 亚联发展(002316.SZ), 流通市值: 14.11 亿元 综合   <== 选中
    第 3名: 富煌钢构(002743.SZ), 流通市值: 14.36 亿元 专业工程   <== 选中
    第 4名: 海源复材(002529.SZ), 流通市值: 14.87 亿元 专用设备   <== 选中
    第 5名: 庄园牧场(002910.SZ), 流通市值: 15.08 亿元 饮料乳品   <== 选中
    第 6名: 恒大高新(002591.SZ), 流通市值: 15.55 亿元 化学制品   <== 选中
    第 7名: 凤形股份(002760.SZ), 流通市值: 15.62 亿元 通用设备   <== 选中
    第 8名: 华斯股份(002494.SZ), 流通市值: 15.73 亿元 服装家纺   <== 选中
    第 9名: 蓝丰生化(002513.SZ), 流通市值: 15.89 亿元 农化制品   <== 选中
    第10名: 桂发祥(002820.SZ), 流通市值: 15.91 亿元 休闲食品 
    第11名: 扬子新材(002652.SZ), 流通市值: 16.08 亿元 装修建材 
    第12名: 皓宸医疗(002622.SZ), 流通市值: 16.38 亿元 医疗服务 
    第13名: 红墙股份(002809.SZ), 流通市值: 16.46 亿元 化学制品 
    第14名: 百洋股份(002696.SZ), 流通市值: 16.49 亿元 饲料 
    第15名: 天元股份(003003.SZ), 流通市值: 16.56 亿元 包装印刷 
    第16名: 宏达高科(002144.SZ), 流通市值: 16.56 亿元 纺织制造 
    第17名: 天顺股份(002800.SZ), 流通市值: 16.63 亿元 物流 
    第18名: 登云股份(002715.SZ), 流通市值: 16.64 亿元 汽车零部件 
    第19名: 国统股份(002205.SZ), 流通市值: 16.67 亿元 水泥 
    第20名: 聚力文化(002247.SZ), 流通市值: 16.68 亿元 装修建材 
✅当前持股 7只
中天服务
亚联发展
华斯股份
海源复材
富煌钢构
桂发祥
庄园牧场
✅需要买入股票 3只
✅需要卖出股票 1只
✅待买入  恒大高新
✅待买入  凤形股份
✅待买入  蓝丰生化
✅待卖出: 桂发祥
✅今日(2026-07-21 09:55:00.052375)为卖出时间，执行卖出操作
✅------------------------------------------
✅>>>>>>>>>>>>
✅卖出:  桂发祥
async_seq  12
rebalance_sell count  3
异步委托回调 投资备注: 清仓002820.SZ 
async_seq  16
002188.SZ 股价4.11 成本5.00
❌ 收益止损,卖出002188.SZ,跌幅 17.77%
sell 002316.SZ passorder target value 0.00 current 6800.00 amount 2000.00
async_seq  18
002316.SZ 股价3.40 成本4.24
❌ 收益止损,卖出002316.SZ,跌幅 19.76%
async_seq  20
002494.SZ 股价4.02 成本4.53
❌ 收益止损,卖出002494.SZ,跌幅 11.35%
异步委托回调 投资备注: 清仓002188.SZ 
async_seq  22
002529.SZ 股价5.62 成本6.63
❌ 收益止损,卖出002529.SZ,跌幅 15.27%
async_seq  24异步委托回调 投资备注: Sell 002316.SZ 0元 
002743.SZ 股价3.19 成本3.98

❌ 收益止损,卖出002743.SZ,跌幅 19.90%
async_seq  26异步委托回调 投资备注: 清仓002494.SZ 
002910.SZ 股价7.69 成本8.86
委托报错回调 Sell 002316.SZ 0元  限价卖出 [SZ002316] [COUNTER] [120162][超过涨跌停范围][entrust_price=3.30000000,up_price=4.16000000,down_price=3.400
❌ 收益止损,卖出002910.SZ,跌幅 13.22%
异步委托回调 投资备注: 清仓002529.SZ 

异步委托回调 投资备注: 清仓002743.SZ 
大盘涨幅 -2.62%
sleep 30s
异步委托回调 投资备注: 清仓002910.SZ 
******************当日(2026-07-21 10:15:30.037654) (周2) 持仓市值: 6800.00元*******************
✅亚联发展(002316.SZ) 占比 13.09% 涨幅: -19.76% (-1674.88) x 2000 = 6800.0元 综合
✅持仓: 中天服务(002188.SZ) 0股
✅持仓: 华斯股份(002494.SZ) 0股
✅持仓: 海源复材(002529.SZ) 0股
✅持仓: 富煌钢构(002743.SZ) 0股
✅持仓: 桂发祥(002820.SZ) 0股
✅持仓: 庄园牧场(002910.SZ) 0股
✅*******************总资产 51939.23 剩余可用金额 12479.23元*******************


stop_loss count  4
✅========== 执行周度调仓，日期：2026-07-21 10:30:00.035072 ==========
✅今日(2026-07-21 10:30:00.035072)为买入时间，执行买入操作
✅+++++++++++++++++++++++++++++++++++++++++
✅需要买入股票 3只
恒大高新
凤形股份
蓝丰生化
❌❌ 股票数量异常，期望最终持仓4只，实际选中3只
selected_stocks
['002591.SZ', '002760.SZ', '002513.SZ']
 期望持仓: 恒大高新(002591.SZ), 占比 25.00%
 期望持仓: 凤形股份(002760.SZ), 占比 25.00%
 期望持仓: 蓝丰生化(002513.SZ), 占比 25.00%
预计买入恒大高新(002591.SZ)  2500 股 * 5.07,总计 12675.00
预计买入凤形股份(002760.SZ)  900 股 * 14.16,总计 12744.00
预计买入蓝丰生化(002513.SZ)  3100 股 * 4.11,总计 12741.00
预计持仓 45000.0 剩余金额 6770.48
⭕⭕剩余资金过大 6770.48
重新分配之后资金仍有剩余，追加买入
 预估持仓: 中天服务(002188.SZ), 占比 0.00% 单价 4.12
 预估持仓: 亚联发展(002316.SZ), 占比 13.21% 单价 3.42
 预估持仓: 华斯股份(002494.SZ), 占比 0.00% 单价 4.04
 预估持仓: 蓝丰生化(002513.SZ), 占比 24.61% 单价 4.11
 预估持仓: 海源复材(002529.SZ), 占比 0.00% 单价 5.66
 预估持仓: 恒大高新(002591.SZ), 占比 24.48% 单价 5.07
 预估持仓: 富煌钢构(002743.SZ), 占比 0.00% 单价 3.19
 预估持仓: 凤形股份(002760.SZ), 占比 24.62% 单价 14.16
 预估持仓: 桂发祥(002820.SZ), 占比 0.00% 单价 7.71
 预估持仓: 庄园牧场(002910.SZ), 占比 0.00% 单价 7.59
调整恒大高新买入数量，期望买入12942.62,当前12675.00,相差267.62
单价5.07，新市值12675.00，差值267.62
单价5.07，新市值13182.00，差值-239.38
单价5.07，新市值13689.00，差值-746.38
✅调整买入数量，追加1手,仓位占比调整为25.46%
调整凤形股份买入数量，期望买入12942.62,当前12744.00,相差198.62
单价14.16，新市值12744.00，差值198.62
单价14.16，新市值14160.00，差值-1217.38
调整蓝丰生化买入数量，期望买入12942.62,当前12741.00,相差201.62
单价4.11，新市值12741.00，差值201.62
单价4.11，新市值13152.00，差值-209.38
====调整每股额度====
当前可用资金  44930.48 
持仓市值  6840.0 
总资产:  51770.48 
每股额度  14976.826666666668

✅===可用资金 44930.48===
委托买入: 恒大高新, 002591.SZ 
目标价值:13182.00
预计最终持股2600股，每股5.07元，合计:13182.00
buy 002591.SZ passorder target value 13182.00 current 0.00 amount 2600.00
async_seq  36
异步委托回调 投资备注: Buy 002591.SZ Tgt 13182

✅===可用资金 31705.98===
委托买入: 凤形股份, 002760.SZ 
目标价值:12942.62
预计最终持股900股，每股14.15元，合计:12735.00
buy 002760.SZ passorder target value 12942.62 current 0.00 amount 900.00
async_seq  41
异步委托回调 投资备注: Buy 002760.SZ Tgt 12942

✅===可用资金 31705.98===
委托买入: 蓝丰生化, 002513.SZ 
目标价值:12942.62
预计最终持股3100股，每股4.11元，合计:12741.00
buy 002513.SZ passorder target value 12942.62 current 0.00 amount 3100.00
async_seq  46
异步委托回调 投资备注: Buy 002513.SZ Tgt 12942
sleep 30s
******************当日(2026-07-21 10:31:00.089829) (周2) 持仓市值: 45669.00元*******************
✅亚联发展(002316.SZ) 占比 13.27% 涨幅: -19.05% (-1614.88) x 2000 = 6860.0元 综合
✅恒大高新(002591.SZ) 占比 25.59% 涨幅:   0.11% (15.00) x 2600 = 13234.0元 化学制品
✅凤形股份(002760.SZ) 占比 24.82% 涨幅:   0.66% (84.00) x 900 = 12834.0元 通用设备
✅蓝丰生化(002513.SZ) 占比 24.64% 涨幅:  -0.26% (-33.00) x 3100 = 12741.0元 农化制品
✅持仓: 中天服务(002188.SZ) 0股
✅持仓: 华斯股份(002494.SZ) 0股
✅持仓: 海源复材(002529.SZ) 0股
✅持仓: 富煌钢构(002743.SZ) 0股
✅持仓: 桂发祥(002820.SZ) 0股
✅持仓: 庄园牧场(002910.SZ) 0股
✅*******************总资产 51707.98 剩余可用金额 31705.98元*******************


rebalance_buy count  5
check_limit_up count  6
止盈止损后，有余额可用6170.98元。买入511880.SH
====调整每股额度====
当前可用资金  6170.98 
持仓市值  48464.0 
总资产:  54634.98 
每股额度  6170.98

✅===可用资金 6170.98===
sleep 20s
******************当日(2026-07-21 14:12:30.021273) (周2) 持仓市值: 48425.00元*******************
✅亚联发展(002316.SZ) 占比 13.26% 涨幅: -14.57% (-1234.88) x 2000 = 7240.0元 综合
✅恒大高新(002591.SZ) 占比 25.72% 涨幅:   6.17% (815.50) x 2600 = 14040.0元 化学制品
✅凤形股份(002760.SZ) 占比 24.79% 涨幅:   6.12% (780.50) x 900 = 13536.0元 通用设备
✅蓝丰生化(002513.SZ) 占比 24.93% 涨幅:   6.49% (829.50) x 3100 = 13609.0元 农化制品
✅持仓: 中天服务(002188.SZ) 0股
✅持仓: 华斯股份(002494.SZ) 0股
✅持仓: 海源复材(002529.SZ) 0股
✅持仓: 富煌钢构(002743.SZ) 0股
✅持仓: 桂发祥(002820.SZ) 0股
✅持仓: 庄园牧场(002910.SZ) 0股
✅*******************总资产 54595.98 剩余可用金额 6170.98元*******************


check_remain_amount count  7
******************当日(2026-07-21 15:01:00.026952) (周2) 持仓市值: 48657.00元*******************
✅亚联发展(002316.SZ) 占比 13.24% 涨幅: -14.34% (-1214.88) x 2000 = 7260.0元 综合
✅恒大高新(002591.SZ) 占比 25.80% 涨幅:   6.95% (919.50) x 2600 = 14144.0元 化学制品
✅凤形股份(002760.SZ) 占比 24.89% 涨幅:   6.97% (888.50) x 900 = 13644.0元 通用设备
✅蓝丰生化(002513.SZ) 占比 24.82% 涨幅:   6.49% (829.50) x 3100 = 13609.0元 农化制品
✅持仓: 中天服务(002188.SZ) 0股
✅持仓: 华斯股份(002494.SZ) 0股
✅持仓: 海源复材(002529.SZ) 0股
✅持仓: 富煌钢构(002743.SZ) 0股
✅持仓: 桂发祥(002820.SZ) 0股
✅持仓: 庄园牧场(002910.SZ) 0股
✅*******************总资产 54827.98 剩余可用金额 6170.98元*******************


==============================
今日股票收益: -481.71 元
收益率:       -0.87 %
==============================


sleep a day
今天是交易日吗 True
judge_date count  1
中小综指成分股数量：958
['002001.SZ', '002003.SZ', '002004.SZ', '002005.SZ', '002006.SZ', '002007.SZ', '002008.SZ', '002009.SZ', '002010.SZ', '002011.SZ']
涨停 002197.SZ 证通电子
涨停 002575.SZ 群兴玩具
过滤ST/*ST股票后，剩余 900 只
prepare_stock_list count  2
async_seq  60
002316.SZ 股价3.66 成本4.24
❌ 收益止损,卖出002316.SZ,跌幅 13.63%
大盘涨幅 2.74%
sleep 30s
异步委托回调 投资备注: 清仓002316.SZ 
******************当日(2026-07-22 10:15:30.032785) (周3) 持仓市值: 40684.00元*******************
✅蓝丰生化(002513.SZ) 占比 24.78% 涨幅:   5.28% (675.00) x 3100 = 13454.0元 农化制品
✅恒大高新(002591.SZ) 占比 25.61% 涨幅:   5.19% (686.00) x 2600 = 13910.0元 化学制品
✅凤形股份(002760.SZ) 占比 24.53% 涨幅:   4.43% (565.00) x 900 = 13320.0元 通用设备
✅持仓: 亚联发展(002316.SZ) 0股
✅*******************总资产 54304.48 剩余可用金额 6145.48元*******************


stop_loss count  3
check_limit_up count  4
止盈止损后，有余额可用13436.33元。买入511880.SH
====调整每股额度====
当前可用资金  13436.33 
持仓市值  40544.0 
总资产:  54010.33 
每股额度  13436.33

✅===可用资金 13436.33===
买入ETF 511880.SH 银华日利ETF 目标市值13436.33, 100股 * 100.634元
buy 511880.SH passorder share 100
异步委托回调 投资备注: Buy 511880.SH 100股
sleep 20s
******************当日(2026-07-22 14:12:30.021085) (周3) 持仓市值: 50593.50元*******************
✅蓝丰生化(002513.SZ) 占比 24.71% 涨幅:   4.55% (582.00) x 3100 = 13361.0元 农化制品
✅恒大高新(002591.SZ) 占比 25.63% 涨幅:   4.79% (634.00) x 2600 = 13858.0元 化学制品
✅凤形股份(002760.SZ) 占比 24.62% 涨幅:   4.36% (556.00) x 900 = 13311.0元 通用设备
✅银华日利ETF(511880.SH) 占比 18.61% 涨幅:   0.00% (0.00) x 100 = 10063.5元 None
✅持仓: 亚联发展(002316.SZ) 0股
✅*******************总资产 54071.33 剩余可用金额 13436.33元*******************


check_remain_amount count  5
******************当日(2026-07-22 15:01:00.039045) (周3) 持仓市值: 50613.20元*******************
✅蓝丰生化(002513.SZ) 占比 24.85% 涨幅:   5.04% (644.00) x 3100 = 13423.0元 农化制品
✅恒大高新(002591.SZ) 占比 25.56% 涨幅:   4.40% (582.00) x 2600 = 13806.0元 化学制品
✅凤形股份(002760.SZ) 占比 24.66% 涨幅:   4.43% (565.00) x 900 = 13320.0元 通用设备
✅银华日利ETF(511880.SH) 占比 18.63% 涨幅:   0.01% (0.70) x 100 = 10064.2元 None
✅持仓: 亚联发展(002316.SZ) 0股
✅*******************总资产 54016.03 剩余可用金额 3372.83元*******************


==============================
今日股票收益: -811.95 元
收益率:       -1.48 %
==============================


sleep a day
今天是交易日吗 True
judge_date count  1
中小综指成分股数量：958
['002001.SZ', '002003.SZ', '002004.SZ', '002005.SZ', '002006.SZ', '002007.SZ', '002008.SZ', '002009.SZ', '002010.SZ', '002011.SZ']
涨停 002088.SZ 鲁阳节能
002199.SZ  可能停牌  -1
涨停 002353.SZ 杰瑞股份
过滤ST/*ST股票后，剩余 900 只
prepare_stock_list count  2
大盘涨幅 -0.34%
stop_loss count  3
check_limit_up count  4
sleep 20s
******************当日(2026-07-23 14:12:20.007465) (周4) 持仓市值: 52084.30元*******************
✅银华日利ETF(511880.SH) 占比 18.15% 涨幅:   0.01% (0.80) x 100 = 10064.3元 None
✅蓝丰生化(002513.SZ) 占比 25.15% 涨幅:   9.16% (1171.00) x 3100 = 13950.0元 农化制品
✅恒大高新(002591.SZ) 占比 25.79% 涨幅:   8.14% (1076.00) x 2600 = 14300.0元 化学制品
✅凤形股份(002760.SZ) 占比 24.83% 涨幅:   7.96% (1015.00) x 900 = 13770.0元 通用设备
✅*******************总资产 55457.63 剩余可用金额 3373.33元*******************


check_remain_amount count  5
******************当日(2026-07-23 15:01:00.026559) (周4) 持仓市值: 52533.30元*******************
✅银华日利ETF(511880.SH) 占比 18.00% 涨幅:   0.01% (0.80) x 100 = 10064.3元 None
✅蓝丰生化(002513.SZ) 占比 25.29% 涨幅:  10.62% (1357.00) x 3100 = 14136.0元 农化制品
✅恒大高新(002591.SZ) 占比 25.90% 涨幅:   9.51% (1258.00) x 2600 = 14482.0元 化学制品
✅凤形股份(002760.SZ) 占比 24.78% 涨幅:   8.59% (1096.00) x 900 = 13851.0元 通用设备
✅*******************总资产 55906.63 剩余可用金额 3373.33元*******************


==============================
今日股票收益: 1890.60 元
收益率:       3.50 %
==============================


sleep a day
今天是交易日吗 True
judge_date count  1
中小综指成分股数量：958
['002001.SZ', '002003.SZ', '002004.SZ', '002005.SZ', '002006.SZ', '002007.SZ', '002008.SZ', '002009.SZ', '002010.SZ', '002011.SZ']
涨停 002083.SZ 孚日股份
涨停 002412.SZ 汉森制药
涨停 002498.SZ 汉缆股份
涨停 002879.SZ 长缆科技
过滤ST/*ST股票后，剩余 899 只
prepare_stock_list count  2
大盘涨幅 0.82%
stop_loss count  3
check_limit_up count  4
sleep 20s
******************当日(2026-07-24 14:12:20.006158) (周5) 持仓市值: 51664.00元*******************
✅银华日利ETF(511880.SH) 占比 18.29% 涨幅:   0.02% (2.50) x 100 = 10066.0元 None
✅蓝丰生化(002513.SZ) 占比 24.90% 涨幅:   7.22% (923.00) x 3100 = 13702.0元 农化制品
✅恒大高新(002591.SZ) 占比 25.70% 涨幅:   6.96% (920.00) x 2600 = 14144.0元 化学制品
✅凤形股份(002760.SZ) 占比 24.99% 涨幅:   7.82% (997.00) x 900 = 13752.0元 通用设备
✅*******************总资产 55037.33 剩余可用金额 3373.33元*******************


check_remain_amount count  5
******************当日(2026-07-24 15:01:00.032442) (周5) 持仓市值: 51339.40元*******************
✅银华日利ETF(511880.SH) 占比 18.40% 涨幅:   0.02% (1.90) x 100 = 10065.4元 None
✅蓝丰生化(002513.SZ) 占比 24.99% 涨幅:   6.98% (892.00) x 3100 = 13671.0元 农化制品
✅恒大高新(002591.SZ) 占比 25.66% 涨幅:   6.17% (816.00) x 2600 = 14040.0元 化学制品
✅凤形股份(002760.SZ) 占比 24.79% 涨幅:   6.33% (808.00) x 900 = 13563.0元 通用设备
✅*******************总资产 54712.73 剩余可用金额 3373.33元*******************


==============================
今日股票收益: -1193.90 元
收益率:       -2.14 %
==============================


close XtMiniQmt.exe success
sleep a day
open QMT success
reconnect
new g.xt_trader
start
建立交易连接，返回0表示连接成功 -1

收到信号 2，正在关闭调度器...
调度器已安全关闭
