init — 双策略合并版
QMT路径: C:\QMT\userdata_mini
建立交易连接，返回0表示连接成功 0
初始化申万二级行业映射...
***** xtdata连接成功 *****
服务信息: {'tag': 'sp3', 'version': '1.0'}
服务地址: 127.0.0.1:58610
数据路径: C:\QMT\bin.x64/../userdata_mini/datadir
设置xtdata.enable_hello = False可隐藏此消息

行业映射完成，共 958 只股票
双策略初始化完成: 动量95.0% + 小市值5.0%
  初始资产 57843.12, 可用资金 255.32
******************当日(2026-07-31 18:25:53.317774) (周5) 持仓市值: 57587.80元*******************
✅恒生科技ETF华泰柏瑞(513130.SH) 占比 13.28% 涨幅:  -0.07% (-5.00) x 12800 = 7680.0元 None
✅日经ETF华夏(513520.SH) 占比 8.99% 涨幅:  -0.05% (-2.60) x 2400 = 5200.8元 None
✅中天服务(002188.SZ) 占比 8.51% 涨幅:   6.01% (279.00) x 1000 = 4920.0元 房地产服务
✅亚联发展(002316.SZ) 占比 8.67% 涨幅:   2.85% (139.00) x 1200 = 5016.0元 综合
✅华斯股份(002494.SZ) 占比 8.41% 涨幅:   2.44% (116.00) x 1100 = 4862.0元 服装家纺
✅海源复材(002529.SZ) 占比 9.00% 涨幅:   1.78% (91.00) x 800 = 5208.0元 专用设备
✅恒大高新(002591.SZ) 占比 8.98% 涨幅:  43.78% (1581.18) x 900 = 5193.0元 化学制品
✅富煌钢构(002743.SZ) 占比 8.81% 涨幅:   4.19% (205.00) x 1400 = 5096.0元 专业工程
✅桂发祥(002820.SZ) 占比 9.17% 涨幅:   5.01% (253.00) x 600 = 5304.0元 休闲食品
✅庄园牧场(002910.SZ) 占比 8.82% 涨幅:   3.30% (163.00) x 600 = 5100.0元 饮料乳品
✅天元股份(003003.SZ) 占比 6.93% 涨幅:   2.95% (115.00) x 400 = 4008.0元 包装印刷
✅*******************总资产 57843.12 剩余可用金额 255.32元*******************
  [动量策略] 预留现金: 242.55 | 持仓市值: 12,880.80 | 总资产: 13,123.35
    持仓: 恒生科技ETF华泰柏瑞, 日经ETF华夏
  [小市值策略] 预留现金: 12.77 | 持仓市值: 44,707.00 | 总资产: 44,719.77
    持仓: 中天服务, 亚联发展, 华斯股份, 海源复材, 恒大高新, 富煌钢构, 桂发祥, 庄园牧场, 天元股份

  各策略的资金总和与账面资金吻合

==============================
今日股票收益: 0.00 元
收益率:       0.00 %
==============================


start
调度器已启动 — 动量(每天11:00) + 小市值(周二) 
sleep a day
今天是交易日吗 False
judge_date count  1
******************当日(2026-08-01 15:02:00.035468) (周6) 持仓市值: 57587.80元*******************
✅恒生科技ETF华泰柏瑞(513130.SH) 占比 13.29% 涨幅:  -0.07% (-5.00) x 12800 = 7680.0元 None
✅日经ETF华夏(513520.SH) 占比 9.00% 涨幅:  -0.05% (-2.60) x 2400 = 5200.8元 None
✅中天服务(002188.SZ) 占比 8.51% 涨幅:   6.01% (279.00) x 1000 = 4920.0元 房地产服务
✅亚联发展(002316.SZ) 占比 8.68% 涨幅:   2.85% (139.00) x 1200 = 5016.0元 综合
✅华斯股份(002494.SZ) 占比 8.41% 涨幅:   2.44% (116.00) x 1100 = 4862.0元 服装家纺
✅海源复材(002529.SZ) 占比 9.01% 涨幅:   1.78% (91.00) x 800 = 5208.0元 专用设备
✅恒大高新(002591.SZ) 占比 8.99% 涨幅:  43.78% (1581.18) x 900 = 5193.0元 化学制品
✅富煌钢构(002743.SZ) 占比 8.82% 涨幅:   4.19% (205.00) x 1400 = 5096.0元 专业工程
✅桂发祥(002820.SZ) 占比 9.18% 涨幅:   5.01% (253.00) x 600 = 5304.0元 休闲食品
✅庄园牧场(002910.SZ) 占比 8.82% 涨幅:   3.30% (163.00) x 600 = 5100.0元 饮料乳品
✅天元股份(003003.SZ) 占比 6.93% 涨幅:   2.95% (115.00) x 400 = 4008.0元 包装印刷
✅*******************总资产 57796.32 剩余可用金额 255.32元*******************
  [动量策略] 预留现金: 242.55 | 持仓市值: 12,880.80 | 总资产: 13,123.35
    持仓: 恒生科技ETF华泰柏瑞, 日经ETF华夏
  [小市值策略] 预留现金: 12.77 | 持仓市值: 44,707.00 | 总资产: 44,719.77
    持仓: 中天服务, 亚联发展, 华斯股份, 海源复材, 恒大高新, 富煌钢构, 桂发祥, 庄园牧场, 天元股份

  各策略的资金总和与账面资金吻合

==============================
今日股票收益: -46.80 元
收益率:       -0.08 %
==============================


sleep a day
今天是交易日吗 False
judge_date count  1
******************当日(2026-08-02 15:02:00.031132) (周7) 持仓市值: 57587.80元*******************
✅恒生科技ETF华泰柏瑞(513130.SH) 占比 13.28% 涨幅:  -0.07% (-5.00) x 12800 = 7680.0元 None
✅日经ETF华夏(513520.SH) 占比 8.99% 涨幅:  -0.05% (-2.60) x 2400 = 5200.8元 None
✅中天服务(002188.SZ) 占比 8.51% 涨幅:   6.01% (279.00) x 1000 = 4920.0元 房地产服务
✅亚联发展(002316.SZ) 占比 8.67% 涨幅:   2.85% (139.00) x 1200 = 5016.0元 综合
✅华斯股份(002494.SZ) 占比 8.41% 涨幅:   2.44% (116.00) x 1100 = 4862.0元 服装家纺
✅海源复材(002529.SZ) 占比 9.00% 涨幅:   1.78% (91.00) x 800 = 5208.0元 专用设备
✅恒大高新(002591.SZ) 占比 8.98% 涨幅:  43.78% (1581.18) x 900 = 5193.0元 化学制品
✅富煌钢构(002743.SZ) 占比 8.81% 涨幅:   4.19% (205.00) x 1400 = 5096.0元 专业工程
✅桂发祥(002820.SZ) 占比 9.17% 涨幅:   5.01% (253.00) x 600 = 5304.0元 休闲食品
✅庄园牧场(002910.SZ) 占比 8.82% 涨幅:   3.30% (163.00) x 600 = 5100.0元 饮料乳品
✅天元股份(003003.SZ) 占比 6.93% 涨幅:   2.95% (115.00) x 400 = 4008.0元 包装印刷
✅*******************总资产 57843.12 剩余可用金额 255.32元*******************
  [动量策略] 预留现金: 242.55 | 持仓市值: 12,880.80 | 总资产: 13,123.35
    持仓: 恒生科技ETF华泰柏瑞, 日经ETF华夏
  [小市值策略] 预留现金: 12.77 | 持仓市值: 44,707.00 | 总资产: 44,719.77
    持仓: 中天服务, 亚联发展, 华斯股份, 海源复材, 恒大高新, 富煌钢构, 桂发祥, 庄园牧场, 天元股份

  各策略的资金总和与账面资金吻合

==============================
今日股票收益: 46.80 元
收益率:       0.08 %
==============================


sleep a day
今天是交易日吗 True
judge_date count  1
中小综指成分股数量：958
['002001.SZ', '002003.SZ', '002004.SZ', '002005.SZ', '002006.SZ', '002007.SZ', '002008.SZ', '002009.SZ', '002010.SZ', '002011.SZ']
涨停 002354.SZ 天娱数科
涨停 002421.SZ 达实智能
涨停 002827.SZ 高争民爆
002828.SZ  可能停牌  -1
涨停 003001.SZ 中岩大地
涨停 003032.SZ 传智教育
过滤ST/*ST股票后，剩余 897 只
prepare_stock_list count  2
大盘涨幅 0.23%
stop_loss count  3

✅========== [动量策略] 日度调仓 2026-08-03 ==========

========== [短期动量] 开始 (窗口=25天, 上限=6) ==========
  纳指ETF国泰(513100.SH): 年化=-37.9444% R²=0.5681 近3日最大跌幅 0.00% 得分=-0.2156 [淘汰]
  日经ETF华夏(513520.SH): 年化=-77.1029% R²=0.7832 近3日最大跌幅 0.00% 得分=-0.6038 [淘汰]
  德国ETF华安(513030.SH): 年化=19.2221% R²=0.0338 近3日最大跌幅 0.00% 得分=0.0065
  黄金ETF华安(518880.SH): 年化=-10.7902% R²=0.0871 近3日最大跌幅 0.21% 得分=-0.0094 [淘汰]
  有色ETF大成(159980.SZ): 年化=42.1126% R²=0.8181 近3日最大跌幅 0.09% 得分=0.3445
  豆粕ETF华夏(159985.SZ): 年化=-3.6325% R²=-0.0065 近3日最大跌幅 0.53% 得分=0.0002
  南方原油LOF(501018.SH): 年化=1037.6254% R²=0.5799 近3日最大跌幅 2.45% 得分=6.0176 [淘汰]
  30年国债ETF鹏扬(511090.SH): 年化=21.6473% R²=0.7274 近3日最大跌幅 0.00% 得分=0.1575
  恒生科技ETF华泰柏瑞(513130.SH): 年化=83.6506% R²=0.5489 近3日最大跌幅 0.00% 得分=0.4591
  >>> 短期动量最终选出: 恒生科技ETF华泰柏瑞(513130.SH)

========== [长期动量] 开始 (窗口=250天, 上限=0.5) ==========
  纳指ETF国泰(513100.SH): 年化=27.8099% R²=0.5681 近3日最大跌幅 0.00% 得分=0.1580
  日经ETF华夏(513520.SH): 年化=47.7139% R²=0.7900 近3日最大跌幅 -0.05% 得分=0.3769
  德国ETF华安(513030.SH): 年化=-6.8658% R²=0.3083 近3日最大跌幅 0.00% 得分=-0.0212 [淘汰]
  黄金ETF华安(518880.SH): 年化=5.6469% R²=0.0733 近3日最大跌幅 0.21% 得分=0.0041
  有色ETF大成(159980.SZ): 年化=25.9954% R²=0.7351 近3日最大跌幅 0.09% 得分=0.1911
  豆粕ETF华夏(159985.SZ): 年化=10.2785% R²=0.4011 近3日最大跌幅 0.53% 得分=0.0412
  南方原油LOF(501018.SH): 年化=107.7713% R²=0.6007 近3日最大跌幅 2.45% 得分=0.6474 [淘汰]
  30年国债ETF鹏扬(511090.SH): 年化=-2.5839% R²=0.2469 近3日最大跌幅 0.00% 得分=-0.0064 [淘汰]
  恒生科技ETF华泰柏瑞(513130.SH): 年化=-32.2526% R²=0.8206 近3日最大跌幅 0.00% 得分=-0.2646 [淘汰]
  >>> 长期动量最终选出: 日经ETF华夏(513520.SH)

========== 选股汇总 ==========
  短期: 恒生科技ETF华泰柏瑞(513130.SH)  长期: 日经ETF华夏(513520.SH)
  两者不同 → 各配50%
  总资产: 59,255.12, 动量总资产: 13,287.35
  [与目标差异太小，不减仓] 恒生科技ETF华泰柏瑞(513130.SH): 7,769.60 → 6,643.68
  [与目标差异太小，不减仓] 日经ETF华夏(513520.SH): 5,275.20 → 6,643.68
  [与目标差异太小，不加仓] 恒生科技ETF华泰柏瑞(513130.SH): 7,769.60 → 6,643.68 策略资金242.55
  [与目标差异太小，不加仓] 日经ETF华夏(513520.SH): 5,275.20 → 6,643.68 策略资金242.55
✅========== [动量策略] 调仓结束 ==========

check_limit_up count  4
sleep 20s
******************当日(2026-08-03 14:12:20.010928) (周1) 持仓市值: 59285.40元*******************
✅恒生科技ETF华泰柏瑞(513130.SH) 占比 12.98% 涨幅:   0.60% (46.20) x 12800 = 7731.2元 None
✅日经ETF华夏(513520.SH) 占比 8.88% 涨幅:   1.61% (83.80) x 2400 = 5287.2元 None
✅中天服务(002188.SZ) 占比 8.55% 涨幅:   9.67% (449.00) x 1000 = 5090.0元 房地产服务
✅亚联发展(002316.SZ) 占比 8.79% 涨幅:   7.28% (355.00) x 1200 = 5232.0元 综合
✅华斯股份(002494.SZ) 占比 8.41% 涨幅:   5.46% (259.00) x 1100 = 5005.0元 服装家纺
✅海源复材(002529.SZ) 占比 9.10% 涨幅:   5.84% (299.00) x 800 = 5416.0元 专用设备
✅恒大高新(002591.SZ) 占比 9.07% 涨幅:  49.51% (1788.18) x 900 = 5400.0元 化学制品
✅富煌钢构(002743.SZ) 占比 9.03% 涨幅:   9.92% (485.00) x 1400 = 5376.0元 专业工程
✅桂发祥(002820.SZ) 占比 9.04% 涨幅:   6.55% (331.00) x 600 = 5382.0元 休闲食品
✅庄园牧场(002910.SZ) 占比 8.78% 涨幅:   5.85% (289.00) x 600 = 5226.0元 饮料乳品
✅天元股份(003003.SZ) 占比 6.95% 涨幅:   6.34% (247.00) x 400 = 4140.0元 包装印刷
✅*******************总资产 59540.72 剩余可用金额 255.32元*******************
  [动量策略] 预留现金: 242.55 | 持仓市值: 13,018.40 | 总资产: 13,260.95
    持仓: 恒生科技ETF华泰柏瑞, 日经ETF华夏
  [小市值策略] 预留现金: 12.77 | 持仓市值: 46,267.00 | 总资产: 46,279.77
    持仓: 中天服务, 亚联发展, 华斯股份, 海源复材, 恒大高新, 富煌钢构, 桂发祥, 庄园牧场, 天元股份

check_remain_amount count  5
******************当日(2026-08-03 15:02:00.027814) (周1) 持仓市值: 59590.20元*******************
✅恒生科技ETF华泰柏瑞(513130.SH) 占比 12.97% 涨幅:   0.93% (71.80) x 12800 = 7756.8元 None
✅日经ETF华夏(513520.SH) 占比 8.85% 涨幅:   1.75% (91.00) x 2400 = 5294.4元 None
✅中天服务(002188.SZ) 占比 8.58% 涨幅:  10.54% (489.00) x 1000 = 5130.0元 房地产服务
✅亚联发展(002316.SZ) 占比 8.77% 涨幅:   7.53% (367.00) x 1200 = 5244.0元 综合
✅华斯股份(002494.SZ) 占比 8.46% 涨幅:   6.62% (314.00) x 1100 = 5060.0元 服装家纺
✅海源复材(002529.SZ) 占比 9.11% 涨幅:   6.47% (331.00) x 800 = 5448.0元 专用设备
✅恒大高新(002591.SZ) 占比 9.07% 涨幅:  50.26% (1815.18) x 900 = 5427.0元 化学制品
✅富煌钢构(002743.SZ) 占比 9.04% 涨幅:  10.49% (513.00) x 1400 = 5404.0元 专业工程
✅桂发祥(002820.SZ) 占比 9.06% 涨幅:   7.27% (367.00) x 600 = 5418.0元 休闲食品
✅庄园牧场(002910.SZ) 占比 8.75% 涨幅:   5.98% (295.00) x 600 = 5232.0元 饮料乳品
✅天元股份(003003.SZ) 占比 6.98% 涨幅:   7.27% (283.00) x 400 = 4176.0元 包装印刷
✅*******************总资产 59806.52 剩余可用金额 255.32元*******************
  [动量策略] 预留现金: 242.55 | 持仓市值: 13,051.20 | 总资产: 13,293.75
    持仓: 恒生科技ETF华泰柏瑞, 日经ETF华夏
  [小市值策略] 预留现金: 12.77 | 持仓市值: 46,539.00 | 总资产: 46,551.77
    持仓: 中天服务, 亚联发展, 华斯股份, 海源复材, 恒大高新, 富煌钢构, 桂发祥, 庄园牧场, 天元股份

  各策略的资金总和与账面资金吻合

==============================
今日股票收益: 1963.40 元
收益率:       3.39 %
==============================


