init — 双策略合并版
QMT路径: C:\QMT\userdata_mini
建立交易连接，返回0表示连接成功 0
初始化申万二级行业映射...
***** xtdata连接成功 *****
服务信息: {'tag': 'sp3', 'version': '1.0'}
服务地址: 127.0.0.1:58610
数据路径: C:\QMT\bin.x64/../userdata_mini/datadir
设置xtdata.enable_hello = False可隐藏此消息

行业映射完成，共 958 只股票
双策略初始化完成: 动量35.0% + 小市值65.0%
  初始资产 60555.34, 可用资金 2179.54
******************当日(2026-08-09 16:27:40.510488) (周7) 持仓市值: 58375.80元*******************
✅南方原油LOF(501018.SH) 占比 10.59% 涨幅:  -1.74% (-113.90) x 3300 = 6415.2元 None
✅日经ETF华夏(513520.SH) 占比 9.05% 涨幅:   5.35% (278.20) x 2400 = 5481.6元 None
✅中天服务(002188.SZ) 占比 8.62% 涨幅:  12.48% (579.00) x 1000 = 5220.0元 房地产服务
✅亚联发展(002316.SZ) 占比 8.70% 涨幅:   8.02% (391.00) x 1200 = 5268.0元 综合
✅华斯股份(002494.SZ) 占比 8.41% 涨幅:   7.31% (347.00) x 1100 = 5093.0元 服装家纺
✅海源复材(002529.SZ) 占比 9.09% 涨幅:   7.56% (387.00) x 800 = 5504.0元 专用设备
✅恒大高新(002591.SZ) 占比 9.10% 涨幅:  52.50% (1896.18) x 900 = 5508.0元 化学制品
✅富煌钢构(002743.SZ) 占比 8.95% 涨幅:  10.77% (527.00) x 1400 = 5418.0元 专业工程
✅凤形股份(002760.SZ) 占比 5.74% 涨幅:   1.85% (63.00) x 200 = 3476.0元 通用设备
✅桂发祥(002820.SZ) 占比 9.03% 涨幅:   8.22% (415.00) x 600 = 5466.0元 休闲食品
✅庄园牧场(002910.SZ) 占比 9.13% 涨幅:  11.93% (589.00) x 600 = 5526.0元 饮料乳品
✅*******************总资产 60555.34 剩余可用金额 2179.54元*******************
  [动量策略] 预留现金: 762.84 | 持仓市值: 11,896.80 | 总资产: 12,659.64
    持仓: 南方原油LOF, 日经ETF华夏
  [小市值策略] 预留现金: 1,416.70 | 持仓市值: 46,479.00 | 总资产: 47,895.70
    持仓: 中天服务, 亚联发展, 华斯股份, 海源复材, 恒大高新, 富煌钢构, 凤形股份, 桂发祥, 庄园牧场

  各策略的资金总和与账面资金吻合

==============================
今日股票收益: 0.00 元
收益率:       0.00 %
==============================


start
调度器已启动 — 动量(每天11:00) + 小市值(周二) 
sleep a day

收到信号 2，关闭调度器...
调度器已关闭
init — 双策略合并版
QMT路径: C:\QMT\国金证券QMT交易端\userdata_mini
建立交易连接，返回0表示连接成功 -1
init — 双策略合并版
QMT路径: C:\QMT\userdata_mini
建立交易连接，返回0表示连接成功 0
初始化申万二级行业映射...
***** xtdata连接成功 *****
服务信息: {'tag': 'sp3', 'version': '1.0'}
服务地址: 127.0.0.1:58610
数据路径: C:\QMT\bin.x64/../userdata_mini/datadir
设置xtdata.enable_hello = False可隐藏此消息

行业映射完成，共 958 只股票
双策略初始化完成: 动量35.0% + 小市值65.0%
  初始资产 60555.34, 可用资金 2179.54
******************当日(2026-08-09 18:56:39.399006) (周7) 持仓市值: 58375.80元*******************
✅南方原油LOF(501018.SH) 占比 10.59% 涨幅:  -1.74% (-113.90) x 3300 = 6415.2元 None
✅日经ETF华夏(513520.SH) 占比 9.05% 涨幅:   5.35% (278.20) x 2400 = 5481.6元 None
✅中天服务(002188.SZ) 占比 8.62% 涨幅:  12.48% (579.00) x 1000 = 5220.0元 房地产服务
✅亚联发展(002316.SZ) 占比 8.70% 涨幅:   8.02% (391.00) x 1200 = 5268.0元 综合
✅华斯股份(002494.SZ) 占比 8.41% 涨幅:   7.31% (347.00) x 1100 = 5093.0元 服装家纺
✅海源复材(002529.SZ) 占比 9.09% 涨幅:   7.56% (387.00) x 800 = 5504.0元 专用设备
✅恒大高新(002591.SZ) 占比 9.10% 涨幅:  52.50% (1896.18) x 900 = 5508.0元 化学制品
✅富煌钢构(002743.SZ) 占比 8.95% 涨幅:  10.77% (527.00) x 1400 = 5418.0元 专业工程
✅凤形股份(002760.SZ) 占比 5.74% 涨幅:   1.85% (63.00) x 200 = 3476.0元 通用设备
✅桂发祥(002820.SZ) 占比 9.03% 涨幅:   8.22% (415.00) x 600 = 5466.0元 休闲食品
✅庄园牧场(002910.SZ) 占比 9.13% 涨幅:  11.93% (589.00) x 600 = 5526.0元 饮料乳品
✅*******************总资产 60555.34 剩余可用金额 2179.54元*******************
  [动量策略] 预留现金: 762.84 | 持仓市值: 11,896.80 | 总资产: 12,659.64
    持仓: 南方原油LOF, 日经ETF华夏
  [小市值策略] 预留现金: 1,416.70 | 持仓市值: 46,479.00 | 总资产: 47,895.70
    持仓: 中天服务, 亚联发展, 华斯股份, 海源复材, 恒大高新, 富煌钢构, 凤形股份, 桂发祥, 庄园牧场

  各策略的资金总和与账面资金吻合

==============================
今日股票收益: 0.00 元
收益率:       0.00 %
==============================


start
调度器已启动 — 动量(每天11:00) + 小市值(周二) 
sleep a day
今天是交易日吗 True
judge_date count  1
中小综指成分股数量：958
['002001.SZ', '002003.SZ', '002004.SZ', '002005.SZ', '002006.SZ', '002007.SZ', '002008.SZ', '002009.SZ', '002010.SZ', '002011.SZ']
涨停 002437.SZ 誉衡药业
涨停 002552.SZ 宝鼎科技
涨停 002885.SZ 京泉华
过滤ST/*ST股票后，剩余 901 只
prepare_stock_list count  2
大盘涨幅 1.23%
stop_loss count  3

✅========== [动量策略] 日度调仓 2026-08-10 ==========

========== [短期动量] 开始 (窗口=25天) ==========
  纳指ETF国泰(513100.SH): 年化=56.8318% R²=0.0759 近3日最大跌幅 1.01% 得分=0.0431
  日经ETF华夏(513520.SH): 年化=-25.5100% R²=0.1046 近3日最大跌幅 1.30% 得分=-0.0267 -> [淘汰]
  德国ETF华安(513030.SH): 年化=115.7362% R²=0.3693 近3日最大跌幅 1.26% 得分=0.4274
  黄金ETF华安(518880.SH): 年化=46.2973% R²=0.1522 近3日最大跌幅 -0.37% 得分=0.0705
  有色ETF大成(159980.SZ): 年化=55.6356% R²=0.8436 近3日最大跌幅 0.83% 得分=0.4693
  豆粕ETF华夏(159985.SZ): 年化=-35.6386% R²=0.1820 近3日最大跌幅 -0.28% 得分=-0.0648 -> [淘汰]
  南方原油LOF(501018.SH): 年化=132.9916% R²=0.2008 近3日最大跌幅 3.45% 得分=0.2670
  30年国债ETF鹏扬(511090.SH): 年化=27.5242% R²=0.8693 近3日最大跌幅 0.10% 得分=0.2393
  恒生科技ETF华泰柏瑞(513130.SH): 年化=62.2740% R²=0.4561 近3日最大跌幅 2.28% 得分=0.2840
  人工智能ETF华富(515980.SH): 年化=-80.1836% R²=0.5439 近3日最大跌幅 3.25% 得分=-0.4361 -> [淘汰]
  >>> 短期动量最终选出: 有色ETF大成(159980.SZ)

========== [长期动量] 开始 (窗口=250天) ==========
  纳指ETF国泰(513100.SH): 年化=28.7771% R²=0.5696 近3日最大跌幅 1.01% 得分=0.1639
  日经ETF华夏(513520.SH): 年化=47.2207% R²=0.7828 近3日最大跌幅 1.30% 得分=0.3696
  德国ETF华安(513030.SH): 年化=-5.8917% R²=0.2291 近3日最大跌幅 1.26% 得分=-0.0135 -> [淘汰]
  黄金ETF华安(518880.SH): 年化=3.5244% R²=0.0377 近3日最大跌幅 -0.37% 得分=0.0013
  有色ETF大成(159980.SZ): 年化=25.4193% R²=0.7200 近3日最大跌幅 0.83% 得分=0.1830
  豆粕ETF华夏(159985.SZ): 年化=10.3418% R²=0.4011 近3日最大跌幅 -0.28% 得分=0.0415
  南方原油LOF(501018.SH): 年化=107.0258% R²=0.5979 近3日最大跌幅 3.45% 得分=0.6399 -> [淘汰] 分数超出阈值0.6
  30年国债ETF鹏扬(511090.SH): 年化=-0.5902% R²=0.0435 近3日最大跌幅 0.10% 得分=-0.0003 -> [淘汰]
  恒生科技ETF华泰柏瑞(513130.SH): 年化=-31.9197% R²=0.8154 近3日最大跌幅 2.28% 得分=-0.2603 -> [淘汰]
  人工智能ETF华富(515980.SH): 年化=61.8718% R²=0.7144 近3日最大跌幅 3.25% 得分=0.4420
  >>> 长期动量最终选出: 人工智能ETF华富(515980.SH)

========== 选股汇总 ==========
  短期动量选出: 有色ETF大成(159980.SZ)
  长期动量选出: 人工智能ETF华富(515980.SH)
  两者不同 → 各配50%
  总资产: 61,435.24, 动量总资产: 12,534.54
  [调出] 日经ETF华夏(513520.SH) → 清仓
async_seq  15
卖出 513520.SH 手续费 5，印花税 0
成功清仓 513520.SH 后，策略0 增加资金5572.60, 现有资金为 6335.44
sleep 30s
异步委托回调 投资备注: 清仓513520.SH 
  [调出] 南方原油LOF(501018.SH) → 清仓
async_seq  18
卖出 501018.SH 手续费 5，印花税 0
成功清仓 501018.SH 后，策略0 增加资金6182.50, 现有资金为 12517.94
sleep 30s
异步委托回调 投资备注: 清仓501018.SH 
  [与目标差异太小，不减仓] 有色ETF大成(159980.SZ): 0.00 → 6,267.27
  [与目标差异太小，不减仓] 人工智能ETF华富(515980.SH): 0.00 → 6,267.27
  [加仓] 有色ETF大成(159980.SZ): 0.00 → 6,267.27
buy 159980.SZ passorder target value 6267.27 current 0.00 amount 2900 @2.16
成功买入 159980.SZ 后，策略0 减少资金6226.30, 再扣除佣金5.0, 现有资金为 6286.64
async_seq  21
  [加仓] 人工智能ETF华富(515980.SH): 0.00 → 6,267.27
buy 515980.SH passorder target value 6267.27 current 0.00 amount 6000 @1.05
成功买入 515980.SH 后，策略0 减少资金6258.00, 再扣除佣金5.0, 现有资金为 23.64
async_seq  23
✅========== [动量策略] 调仓结束 ==========

异步委托回调 投资备注: Buy 159980.SZ Tgt 6267.
异步委托回调 投资备注: Buy 515980.SH Tgt 6267.
check_limit_up count  4
sleep 20s
******************当日(2026-08-10 14:12:20.005356) (周1) 持仓市值: 60496.80元*******************
✅中天服务(002188.SZ) 占比 8.77% 涨幅:  17.00% (789.00) x 1000 = 5430.0元 房地产服务
✅亚联发展(002316.SZ) 占比 8.78% 涨幅:  11.46% (559.00) x 1200 = 5436.0元 综合
✅华斯股份(002494.SZ) 占比 8.51% 涨幅:  11.02% (523.00) x 1100 = 5269.0元 服装家纺
✅海源复材(002529.SZ) 占比 9.11% 涨幅:  10.22% (523.00) x 800 = 5640.0元 专用设备
✅恒大高新(002591.SZ) 占比 9.17% 涨幅:  57.23% (2067.18) x 900 = 5679.0元 化学制品
✅富煌钢构(002743.SZ) 占比 9.13% 涨幅:  15.64% (765.00) x 1400 = 5656.0元 专业工程
✅凤形股份(002760.SZ) 占比 5.78% 涨幅:   4.83% (165.00) x 200 = 3578.0元 通用设备
✅桂发祥(002820.SZ) 占比 9.10% 涨幅:  11.54% (583.00) x 600 = 5634.0元 休闲食品
✅庄园牧场(002910.SZ) 占比 9.15% 涨幅:  14.73% (727.00) x 600 = 5664.0元 饮料乳品
✅有色ETF大成(159980.SZ) 占比 10.08% 涨幅:   0.15% (9.50) x 2900 = 6240.8元 None
✅人工智能ETF华富(515980.SH) 占比 10.12% 涨幅:   0.11% (7.00) x 6000 = 6270.0元 None
✅持仓: 南方原油LOF(501018.SH) 0股
✅持仓: 日经ETF华夏(513520.SH) 0股
✅*******************总资产 61933.84 剩余可用金额 1437.04元*******************
  [动量策略] 预留现金: 23.64 | 持仓市值: 12,510.80 | 总资产: 12,534.44
    持仓: 有色ETF大成, 人工智能ETF华富
  [小市值策略] 预留现金: 1,416.70 | 持仓市值: 47,986.00 | 总资产: 49,402.70
    持仓: 中天服务, 亚联发展, 华斯股份, 海源复材, 恒大高新, 富煌钢构, 凤形股份, 桂发祥, 庄园牧场

check_remain_amount count  5
******************当日(2026-08-10 15:02:00.030694) (周1) 持仓市值: 60616.40元*******************
✅中天服务(002188.SZ) 占比 8.72% 涨幅:  16.57% (769.00) x 1000 = 5410.0元 房地产服务
✅亚联发展(002316.SZ) 占比 8.76% 涨幅:  11.46% (559.00) x 1200 = 5436.0元 综合
✅华斯股份(002494.SZ) 占比 8.56% 涨幅:  11.95% (567.00) x 1100 = 5313.0元 服装家纺
✅海源复材(002529.SZ) 占比 9.08% 涨幅:  10.06% (515.00) x 800 = 5632.0元 专用设备
✅恒大高新(002591.SZ) 占比 9.15% 涨幅:  57.23% (2067.18) x 900 = 5679.0元 化学制品
✅富煌钢构(002743.SZ) 占比 9.14% 涨幅:  15.93% (779.00) x 1400 = 5670.0元 专业工程
✅凤形股份(002760.SZ) 占比 5.79% 涨幅:   5.19% (177.00) x 200 = 3590.0元 通用设备
✅桂发祥(002820.SZ) 占比 9.10% 涨幅:  11.78% (595.00) x 600 = 5646.0元 休闲食品
✅庄园牧场(002910.SZ) 占比 9.17% 涨幅:  15.21% (751.00) x 600 = 5688.0元 饮料乳品
✅有色ETF大成(159980.SZ) 占比 10.08% 涨幅:   0.34% (21.10) x 2900 = 6252.4元 None
✅人工智能ETF华富(515980.SH) 占比 10.15% 涨幅:   0.59% (37.00) x 6000 = 6300.0元 None
✅持仓: 南方原油LOF(501018.SH) 0股
✅持仓: 日经ETF华夏(513520.SH) 0股
✅*******************总资产 62053.44 剩余可用金额 1437.04元*******************
  [动量策略] 预留现金: 23.64 | 持仓市值: 12,552.40 | 总资产: 12,576.04
    持仓: 有色ETF大成, 人工智能ETF华富
  [小市值策略] 预留现金: 1,416.70 | 持仓市值: 48,064.00 | 总资产: 49,480.70
    持仓: 中天服务, 亚联发展, 华斯股份, 海源复材, 恒大高新, 富煌钢构, 凤形股份, 桂发祥, 庄园牧场

  策略资金总和为1440.34，账面资金为1437.04

资金差额为-3.30
  [动量策略] 上一交易日现金记录762.84
  [小市值策略] 上一交易日现金记录1,416.70
小市值策略资金与上一交易日持平，更新动量策略资金
  [动量策略] 预留现金: 20.34, 现金记录更新20.34
  [小市值策略] 预留现金: 1,416.70, 现金记录更新1,416.70
==============================
今日股票收益: 1498.10 元
收益率:       2.47 %
==============================


sleep a day
今天是交易日吗 True
judge_date count  1
中小综指成分股数量：958
['002001.SZ', '002003.SZ', '002004.SZ', '002005.SZ', '002006.SZ', '002007.SZ', '002008.SZ', '002009.SZ', '002010.SZ', '002011.SZ']
涨停 002248.SZ 华东数控
涨停 002329.SZ 皇氏集团
涨停 002552.SZ 宝鼎科技
过滤ST/*ST股票后，剩余 901 只
prepare_stock_list count  2
✅========== [小市值策略] 周度调仓(卖出) 2026-08-11 09:55:00.149443 ==========
******************当日(2026-08-11 09:55:00.149443) (周2) 持仓市值: 60163.00元*******************
✅人工智能ETF华富(515980.SH) 占比 10.16% 涨幅:  -0.08% (-5.00) x 6000 = 6258.0元 None
✅中天服务(002188.SZ) 占比 8.70% 涨幅:  15.49% (719.00) x 1000 = 5360.0元 房地产服务
✅亚联发展(002316.SZ) 占比 8.71% 涨幅:   9.99% (487.00) x 1200 = 5364.0元 综合
✅华斯股份(002494.SZ) 占比 8.52% 涨幅:  10.56% (501.00) x 1100 = 5247.0元 服装家纺
✅海源复材(002529.SZ) 占比 9.03% 涨幅:   8.66% (443.00) x 800 = 5560.0元 专用设备
✅恒大高新(002591.SZ) 占比 9.18% 涨幅:  56.49% (2040.18) x 900 = 5652.0元 化学制品
✅富煌钢构(002743.SZ) 占比 9.16% 涨幅:  15.35% (751.00) x 1400 = 5642.0元 专业工程
✅凤形股份(002760.SZ) 占比 5.76% 涨幅:   3.96% (135.00) x 200 = 3548.0元 通用设备
✅桂发祥(002820.SZ) 占比 9.12% 涨幅:  11.19% (565.00) x 600 = 5616.0元 休闲食品
✅庄园牧场(002910.SZ) 占比 9.18% 涨幅:  14.48% (715.00) x 600 = 5652.0元 饮料乳品
✅有色ETF大成(159980.SZ) 占比 10.17% 涨幅:   0.52% (32.70) x 2900 = 6264.0元 None
✅*******************总资产 61597.14 剩余可用金额 1437.04元*******************
  [动量策略] 预留现金: 20.34 | 持仓市值: 12,522.00 | 总资产: 12,542.34
    持仓: 人工智能ETF华富, 有色ETF大成
  [小市值策略] 预留现金: 1,416.70 | 持仓市值: 47,641.00 | 总资产: 49,057.70
    持仓: 中天服务, 亚联发展, 华斯股份, 海源复材, 恒大高新, 富煌钢构, 凤形股份, 桂发祥, 庄园牧场

get_small_cap_stocks   2026-08-11 09:55:00.149443    head 9
    第 1名: 中天服务(002188.SZ), 流通市值: 17.53 亿元 房地产服务   <== 选中
    第 2名: 富煌钢构(002743.SZ), 流通市值: 17.54 亿元 专业工程   <== 选中
    第 3名: 亚联发展(002316.SZ), 流通市值: 17.57 亿元 综合   <== 选中
    第 4名: 华斯股份(002494.SZ), 流通市值: 18.0 亿元 服装家纺   <== 选中
    第 5名: 海源复材(002529.SZ), 流通市值: 18.07 亿元 专用设备   <== 选中
    第 6名: 庄园牧场(002910.SZ), 流通市值: 18.42 亿元 饮料乳品   <== 选中
    第 7名: 桂发祥(002820.SZ), 流通市值: 18.8 亿元 休闲食品   <== 选中
    第 8名: 恒大高新(002591.SZ), 流通市值: 18.85 亿元 化学制品   <== 选中
    第 9名: 凤形股份(002760.SZ), 流通市值: 19.16 亿元 通用设备   <== 选中
    第10名: 天元股份(003003.SZ), 流通市值: 19.17 亿元 包装印刷 
    第11名: 登云股份(002715.SZ), 流通市值: 19.22 亿元 汽车零部件 
    第12名: 宏达高科(002144.SZ), 流通市值: 19.25 亿元 纺织制造 
    第13名: 蓝丰生化(002513.SZ), 流通市值: 19.49 亿元 农化制品 
    第14名: 黄山胶囊(002817.SZ), 流通市值: 19.53 亿元 化学制药 
    第15名: 中晟高科(002778.SZ), 流通市值: 19.6 亿元 环境治理 
    第16名: 开普检测(003008.SZ), 流通市值: 19.69 亿元 专业服务 
    第17名: 红墙股份(002809.SZ), 流通市值: 19.7 亿元 化学制品 
    第18名: 国统股份(002205.SZ), 流通市值: 19.79 亿元 水泥 
    第19名: 聚力文化(002247.SZ), 流通市值: 19.83 亿元 装修建材 
    第20名: 扬子新材(002652.SZ), 流通市值: 19.92 亿元 装修建材 
未选到符合条件的股票，本日不调仓
rebalance_sell count  3
大盘涨幅 0.24%
stop_loss count  4

✅========== [动量策略] 日度调仓 2026-08-11 ==========

========== [短期动量] 开始 (窗口=25天) ==========
  纳指ETF国泰(513100.SH): 年化=70.1731% R²=0.1352 近3日最大跌幅 1.11% 得分=0.0949
  日经ETF华夏(513520.SH): 年化=-0.4293% R²=0.0002 近3日最大跌幅 0.56% 得分=-0.0000 -> [淘汰]
  德国ETF华安(513030.SH): 年化=138.6475% R²=0.5036 近3日最大跌幅 0.99% 得分=0.6982
  黄金ETF华安(518880.SH): 年化=84.6280% R²=0.3078 近3日最大跌幅 -1.10% 得分=0.2605
  有色ETF大成(159980.SZ): 年化=59.8151% R²=0.8574 近3日最大跌幅 0.37% 得分=0.5129
  豆粕ETF华夏(159985.SZ): 年化=-37.6507% R²=0.2436 近3日最大跌幅 0.52% 得分=-0.0917 -> [淘汰]
  南方原油LOF(501018.SH): 年化=3.8865% R²=0.0043 近3日最大跌幅 9.26% 得分=0.0002 -> [淘汰] 跌幅超出阈值 6%
  30年国债ETF鹏扬(511090.SH): 年化=30.3501% R²=0.8872 近3日最大跌幅 0.06% 得分=0.2693
  恒生科技ETF华泰柏瑞(513130.SH): 年化=57.0424% R²=0.4326 近3日最大跌幅 0.00% 得分=0.2468
  人工智能ETF华富(515980.SH): 年化=-75.8450% R²=0.4803 近3日最大跌幅 2.51% 得分=-0.3643 -> [淘汰]
  >>> 短期动量最终选出: 德国ETF华安(513030.SH)

========== [长期动量] 开始 (窗口=250天) ==========
  纳指ETF国泰(513100.SH): 年化=28.8925% R²=0.5714 近3日最大跌幅 1.11% 得分=0.1651
  日经ETF华夏(513520.SH): 年化=47.0895% R²=0.7825 近3日最大跌幅 0.56% 得分=0.3685
  德国ETF华安(513030.SH): 年化=-5.6985% R²=0.2169 近3日最大跌幅 0.99% 得分=-0.0124 -> [淘汰]
  黄金ETF华安(518880.SH): 年化=3.1477% R²=0.0330 近3日最大跌幅 -1.10% 得分=0.0010
  有色ETF大成(159980.SZ): 年化=25.2762% R²=0.7184 近3日最大跌幅 0.37% 得分=0.1816
  豆粕ETF华夏(159985.SZ): 年化=10.3198% R²=0.4009 近3日最大跌幅 0.52% 得分=0.0414
  南方原油LOF(501018.SH): 年化=105.7165% R²=0.5943 近3日最大跌幅 9.26% 得分=0.6283 -> [淘汰] 分数超出阈值0.6 跌幅超出阈值 6%
  30年国债ETF鹏扬(511090.SH): 年化=-0.4307% R²=0.0295 近3日最大跌幅 0.06% 得分=-0.0001 -> [淘汰]
  恒生科技ETF华泰柏瑞(513130.SH): 年化=-31.8400% R²=0.8157 近3日最大跌幅 0.00% 得分=-0.2597 -> [淘汰]
  人工智能ETF华富(515980.SH): 年化=60.8729% R²=0.7116 近3日最大跌幅 2.51% 得分=0.4332
  >>> 长期动量最终选出: 人工智能ETF华富(515980.SH)

========== 选股汇总 ==========
  短期动量选出: 德国ETF华安(513030.SH)
  长期动量选出: 人工智能ETF华富(515980.SH)
  两者不同 → 各配50%
  总资产: 61,767.34, 动量总资产: 12,677.64
  [调出] 有色ETF大成(159980.SZ) → 清仓
async_seq  41
卖出 159980.SZ 手续费 5，印花税 0
成功清仓 159980.SZ 后，策略0 增加资金6250.30, 现有资金为 6270.64
sleep 30s
异步委托回调 投资备注: 清仓159980.SZ 
  [与目标差异太小，不减仓] 德国ETF华安(513030.SH): 0.00 → 6,338.82
  [与目标差异太小，不减仓] 人工智能ETF华富(515980.SH): 6,402.00 → 6,338.82
  [加仓] 德国ETF华安(513030.SH): 0.00 → 6,338.82
buy 513030.SH passorder target value 6338.82 current 0.00 amount 3200 @1.92
成功买入 513030.SH 后，策略0 减少资金6102.40, 再扣除佣金5.0, 现有资金为 163.24
async_seq  43
  [与目标差异太小，不加仓] 人工智能ETF华富(515980.SH): 6,402.00 → 6,338.82 策略资金163.24
✅========== [动量策略] 调仓结束 ==========

异步委托回调 投资备注: Buy 513030.SH Tgt 6338.
check_limit_up count  5
sleep 20s
******************当日(2026-08-11 14:12:20.013310) (周2) 持仓市值: 60647.20元*******************
✅人工智能ETF华富(515980.SH) 占比 10.21% 涨幅:   1.45% (91.00) x 6000 = 6354.0元 None
✅中天服务(002188.SZ) 占比 8.71% 涨幅:  16.79% (779.00) x 1000 = 5420.0元 房地产服务
✅亚联发展(002316.SZ) 占比 8.75% 涨幅:  11.71% (571.00) x 1200 = 5448.0元 综合
✅华斯股份(002494.SZ) 占比 8.54% 涨幅:  11.95% (567.00) x 1100 = 5313.0元 服装家纺
✅海源复材(002529.SZ) 占比 9.15% 涨幅:  11.32% (579.00) x 800 = 5696.0元 专用设备
✅恒大高新(002591.SZ) 占比 9.15% 涨幅:  57.73% (2085.18) x 900 = 5697.0元 化学制品
✅富煌钢构(002743.SZ) 占比 9.18% 涨幅:  16.79% (821.00) x 1400 = 5712.0元 专业工程
✅凤形股份(002760.SZ) 占比 5.73% 涨幅:   4.54% (155.00) x 200 = 3568.0元 通用设备
✅桂发祥(002820.SZ) 占比 9.08% 涨幅:  11.90% (601.00) x 600 = 5652.0元 休闲食品
✅庄园牧场(002910.SZ) 占比 9.22% 涨幅:  16.18% (799.00) x 600 = 5736.0元 饮料乳品
✅德国ETF华安(513030.SH) 占比 9.72% 涨幅:  -0.87% (-53.00) x 3200 = 6051.2元 None
✅持仓: 有色ETF大成(159980.SZ) 0股
✅*******************总资产 62230.34 剩余可用金额 1583.14元*******************
  [动量策略] 预留现金: 163.24 | 持仓市值: 12,405.20 | 总资产: 12,568.44
    持仓: 人工智能ETF华富, 德国ETF华安
  [小市值策略] 预留现金: 1,416.70 | 持仓市值: 48,242.00 | 总资产: 49,658.70
    持仓: 中天服务, 亚联发展, 华斯股份, 海源复材, 恒大高新, 富煌钢构, 凤形股份, 桂发祥, 庄园牧场

check_remain_amount count  6
******************当日(2026-08-11 15:02:00.038974) (周2) 持仓市值: 60330.00元*******************
✅人工智能ETF华富(515980.SH) 占比 10.17% 涨幅:   0.49% (31.00) x 6000 = 6294.0元 None
✅中天服务(002188.SZ) 占比 8.72% 涨幅:  16.35% (759.00) x 1000 = 5400.0元 房地产服务
✅亚联发展(002316.SZ) 占比 8.74% 涨幅:  10.97% (535.00) x 1200 = 5412.0元 综合
✅华斯股份(002494.SZ) 占比 8.55% 涨幅:  11.48% (545.00) x 1100 = 5291.0元 服装家纺
✅海源复材(002529.SZ) 占比 9.19% 涨幅:  11.16% (571.00) x 800 = 5688.0元 专用设备
✅恒大高新(002591.SZ) 占比 9.14% 涨幅:  56.74% (2049.18) x 900 = 5661.0元 化学制品
✅富煌钢构(002743.SZ) 占比 9.16% 涨幅:  15.93% (779.00) x 1400 = 5670.0元 专业工程
✅凤形股份(002760.SZ) 占比 5.72% 涨幅:   3.78% (129.00) x 200 = 3542.0元 通用设备
✅桂发祥(002820.SZ) 占比 9.12% 涨幅:  11.78% (595.00) x 600 = 5646.0元 休闲食品
✅庄园牧场(002910.SZ) 占比 9.20% 涨幅:  15.33% (757.00) x 600 = 5694.0元 饮料乳品
✅德国ETF华安(513030.SH) 占比 9.74% 涨幅:  -1.18% (-72.20) x 3200 = 6032.0元 None
✅持仓: 有色ETF大成(159980.SZ) 0股
✅*******************总资产 61913.14 剩余可用金额 1583.14元*******************
  [动量策略] 预留现金: 163.24 | 持仓市值: 12,326.00 | 总资产: 12,489.24
    持仓: 人工智能ETF华富, 德国ETF华安
  [小市值策略] 预留现金: 1,416.70 | 持仓市值: 48,004.00 | 总资产: 49,420.70
    持仓: 中天服务, 亚联发展, 华斯股份, 海源复材, 恒大高新, 富煌钢构, 凤形股份, 桂发祥, 庄园牧场

  策略资金总和为1579.94，账面资金为1583.14

资金差额为3.20
  [动量策略] 上一交易日现金记录20.34
  [小市值策略] 上一交易日现金记录1,416.70
小市值策略资金与上一交易日持平，更新动量策略资金
  [动量策略] 预留现金: 166.44, 现金记录更新166.44
  [小市值策略] 预留现金: 1,416.70, 现金记录更新1,416.70
==============================
今日股票收益: -140.30 元
收益率:       -0.23 %
==============================


sleep a day
今天是交易日吗 True
judge_date count  1
中小综指成分股数量：958
['002001.SZ', '002003.SZ', '002004.SZ', '002005.SZ', '002006.SZ', '002007.SZ', '002008.SZ', '002009.SZ', '002010.SZ', '002011.SZ']
涨停 002229.SZ 鸿博股份
涨停 002248.SZ 华东数控
涨停 002483.SZ 润邦股份
涨停 002682.SZ 龙洲股份
过滤ST/*ST股票后，剩余 900 只
prepare_stock_list count  2
大盘涨幅 -0.05%
stop_loss count  3

✅========== [动量策略] 日度调仓 2026-08-12 ==========

========== [短期动量] 开始 (窗口=25天) ==========
  纳指ETF国泰(513100.SH): 年化=76.4934% R²=0.1825 近3日最大跌幅 2.03% 得分=0.1396
  日经ETF华夏(513520.SH): 年化=24.1009% R²=-0.0240 近3日最大跌幅 0.90% 得分=-0.0058 -> [淘汰]
  德国ETF华安(513030.SH): 年化=159.7181% R²=0.6608 近3日最大跌幅 1.98% 得分=1.0554
  黄金ETF华安(518880.SH): 年化=112.0272% R²=0.4345 近3日最大跌幅 -0.04% 得分=0.4868
  有色ETF大成(159980.SZ): 年化=60.9457% R²=0.8647 近3日最大跌幅 0.37% 得分=0.5270
  豆粕ETF华夏(159985.SZ): 年化=-39.3932% R²=0.2942 近3日最大跌幅 0.66% 得分=-0.1159 -> [淘汰]
  南方原油LOF(501018.SH): 年化=-30.9695% R²=-0.0158 近3日最大跌幅 9.26% 得分=0.0049 -> [淘汰] 跌幅超出阈值 6%
  30年国债ETF鹏扬(511090.SH): 年化=30.0717% R²=0.8981 近3日最大跌幅 0.14% 得分=0.2701
  恒生科技ETF华泰柏瑞(513130.SH): 年化=37.4092% R²=0.2818 近3日最大跌幅 1.33% 得分=0.1054
  人工智能ETF华富(515980.SH): 年化=-73.0397% R²=0.4506 近3日最大跌幅 2.51% 得分=-0.3291 -> [淘汰]
  >>> 短期动量最终选出: 德国ETF华安(513030.SH)

========== [长期动量] 开始 (窗口=250天) ==========
  纳指ETF国泰(513100.SH): 年化=28.9507% R²=0.5726 近3日最大跌幅 2.03% 得分=0.1658
  日经ETF华夏(513520.SH): 年化=46.9159% R²=0.7820 近3日最大跌幅 0.90% 得分=0.3669
  德国ETF华安(513030.SH): 年化=-5.5176% R²=0.2057 近3日最大跌幅 1.98% 得分=-0.0113 -> [淘汰]
  黄金ETF华安(518880.SH): 年化=2.7019% R²=0.0276 近3日最大跌幅 -0.04% 得分=0.0007
  有色ETF大成(159980.SZ): 年化=25.1125% R²=0.7165 近3日最大跌幅 0.37% 得分=0.1799
  豆粕ETF华夏(159985.SZ): 年化=10.2886% R²=0.4006 近3日最大跌幅 0.66% 得分=0.0412
  南方原油LOF(501018.SH): 年化=105.0861% R²=0.5937 近3日最大跌幅 9.26% 得分=0.6239 -> [淘汰] 分数超出阈值0.6 跌幅超出阈值 6%
  30年国债ETF鹏扬(511090.SH): 年化=-0.2887% R²=0.0183 近3日最大跌幅 0.14% 得分=-0.0001 -> [淘汰]
  恒生科技ETF华泰柏瑞(513130.SH): 年化=-31.8427% R²=0.8185 近3日最大跌幅 1.16% 得分=-0.2606 -> [淘汰]
  人工智能ETF华富(515980.SH): 年化=59.6929% R²=0.7075 近3日最大跌幅 2.51% 得分=0.4223
  >>> 长期动量最终选出: 人工智能ETF华富(515980.SH)

========== 选股汇总 ==========
  短期动量选出: 德国ETF华安(513030.SH)
  长期动量选出: 人工智能ETF华富(515980.SH)
  两者不同 → 各配50%
  总资产: 62,085.34, 动量总资产: 12,633.64
  [与目标差异太小，不减仓] 德国ETF华安(513030.SH): 6,083.20 → 6,316.82
  [与目标差异太小，不减仓] 人工智能ETF华富(515980.SH): 6,384.00 → 6,316.82
  [与目标差异太小，不加仓] 德国ETF华安(513030.SH): 6,083.20 → 6,316.82 策略资金166.44
  [与目标差异太小，不加仓] 人工智能ETF华富(515980.SH): 6,384.00 → 6,316.82 策略资金166.44
✅========== [动量策略] 调仓结束 ==========

check_limit_up count  4
sleep 20s
******************当日(2026-08-12 14:12:20.015428) (周3) 持仓市值: 60904.60元*******************
✅德国ETF华安(513030.SH) 占比 9.82% 涨幅:   0.55% (33.40) x 3200 = 6137.6元 None
✅人工智能ETF华富(515980.SH) 占比 10.17% 涨幅:   1.45% (91.00) x 6000 = 6354.0元 None
✅中天服务(002188.SZ) 占比 8.80% 涨幅:  18.51% (859.00) x 1000 = 5500.0元 房地产服务
✅亚联发展(002316.SZ) 占比 8.66% 涨幅:  10.97% (535.00) x 1200 = 5412.0元 综合
✅华斯股份(002494.SZ) 占比 8.52% 涨幅:  12.18% (578.00) x 1100 = 5324.0元 服装家纺
✅海源复材(002529.SZ) 占比 9.13% 涨幅:  11.47% (587.00) x 800 = 5704.0元 专用设备
✅恒大高新(002591.SZ) 占比 9.15% 涨幅:  58.23% (2103.18) x 900 = 5715.0元 化学制品
✅富煌钢构(002743.SZ) 占比 9.19% 涨幅:  17.36% (849.00) x 1400 = 5740.0元 专业工程
✅凤形股份(002760.SZ) 占比 5.70% 涨幅:   4.42% (151.00) x 200 = 3564.0元 通用设备
✅桂发祥(002820.SZ) 占比 9.05% 涨幅:  12.02% (607.00) x 600 = 5658.0元 休闲食品
✅庄园牧场(002910.SZ) 占比 9.28% 涨幅:  17.40% (859.00) x 600 = 5796.0元 饮料乳品
✅*******************总资产 62487.74 剩余可用金额 1583.14元*******************
  [动量策略] 预留现金: 166.44 | 持仓市值: 12,491.60 | 总资产: 12,658.04
    持仓: 德国ETF华安, 人工智能ETF华富
  [小市值策略] 预留现金: 1,416.70 | 持仓市值: 48,413.00 | 总资产: 49,829.70
    持仓: 中天服务, 亚联发展, 华斯股份, 海源复材, 恒大高新, 富煌钢构, 凤形股份, 桂发祥, 庄园牧场

check_remain_amount count  5
******************当日(2026-08-12 15:02:00.036676) (周3) 持仓市值: 60995.00元*******************
✅德国ETF华安(513030.SH) 占比 9.82% 涨幅:   0.65% (39.80) x 3200 = 6144.0元 None
✅人工智能ETF华富(515980.SH) 占比 10.19% 涨幅:   1.84% (115.00) x 6000 = 6378.0元 None
✅中天服务(002188.SZ) 占比 8.77% 涨幅:  18.29% (849.00) x 1000 = 5490.0元 房地产服务
✅亚联发展(002316.SZ) 占比 8.67% 涨幅:  11.22% (547.00) x 1200 = 5424.0元 综合
✅华斯股份(002494.SZ) 占比 8.53% 涨幅:  12.41% (589.00) x 1100 = 5335.0元 服装家纺
✅海源复材(002529.SZ) 占比 9.10% 涨幅:  11.32% (579.00) x 800 = 5696.0元 专用设备
✅恒大高新(002591.SZ) 占比 9.18% 涨幅:  58.98% (2130.18) x 900 = 5742.0元 化学制品
✅富煌钢构(002743.SZ) 占比 9.15% 涨幅:  17.07% (835.00) x 1400 = 5726.0元 专业工程
✅凤形股份(002760.SZ) 占比 5.70% 涨幅:   4.42% (151.00) x 200 = 3564.0元 通用设备
✅桂发祥(002820.SZ) 占比 9.07% 涨幅:  12.37% (625.00) x 600 = 5676.0元 休闲食品
✅庄园牧场(002910.SZ) 占比 9.30% 涨幅:  17.89% (883.00) x 600 = 5820.0元 饮料乳品
✅*******************总资产 62578.14 剩余可用金额 1583.14元*******************
  [动量策略] 预留现金: 166.44 | 持仓市值: 12,522.00 | 总资产: 12,688.44
    持仓: 德国ETF华安, 人工智能ETF华富
  [小市值策略] 预留现金: 1,416.70 | 持仓市值: 48,473.00 | 总资产: 49,889.70
    持仓: 中天服务, 亚联发展, 华斯股份, 海源复材, 恒大高新, 富煌钢构, 凤形股份, 桂发祥, 庄园牧场

  各策略的资金总和与账面资金吻合

==============================
今日股票收益: 665.00 元
收益率:       1.07 %
==============================



收到信号 2，关闭调度器...
调度器已关闭
