init — 双策略合并版
QMT路径: C:\QMT\userdata_mini
建立交易连接，返回0表示连接成功 0
初始化申万二级行业映射...
***** xtdata连接成功 *****
服务信息: {'tag': 'sp3', 'version': '1.0'}
服务地址: 127.0.0.1:58610
数据路径: C:\QMT\bin.x64/../userdata_mini/datadir
设置xtdata.enable_hello = False可隐藏此消息

行业映射完成，共 958 只股票
双策略初始化完成: 动量65.0% + 小市值35.0%
  初始资产 60287.54, 可用资金 2178.54
******************当日(2026-08-04 15:50:46.924177) (周2) 持仓市值: 58109.00元*******************
✅日经ETF华夏(513520.SH) 占比 8.85% 涨幅:   2.58% (134.20) x 2400 = 5337.6元 None
✅中天服务(002188.SZ) 占比 8.72% 涨幅:  13.34% (619.00) x 1000 = 5260.0元 房地产服务
✅亚联发展(002316.SZ) 占比 8.84% 涨幅:   9.25% (451.00) x 1200 = 5328.0元 综合
✅华斯股份(002494.SZ) 占比 8.48% 涨幅:   7.77% (369.00) x 1100 = 5115.0元 服装家纺
✅海源复材(002529.SZ) 占比 9.18% 涨幅:   8.19% (419.00) x 800 = 5536.0元 专用设备
✅恒大高新(002591.SZ) 占比 9.06% 涨幅:  51.25% (1851.18) x 900 = 5463.0元 化学制品
✅富煌钢构(002743.SZ) 占比 8.99% 涨幅:  10.77% (527.00) x 1400 = 5418.0元 专业工程
✅桂发祥(002820.SZ) 占比 9.06% 涨幅:   8.10% (409.00) x 600 = 5460.0元 休闲食品
✅庄园牧场(002910.SZ) 占比 8.86% 涨幅:   8.16% (403.00) x 600 = 5340.0元 饮料乳品
✅凤形股份(002760.SZ) 占比 5.62% 涨幅:  -0.69% (-23.50) x 200 = 3390.0元 通用设备
✅南方原油LOF(501018.SH) 占比 10.72% 涨幅:  -1.04% (-67.70) x 3300 = 6461.4元 None
✅持仓: 恒生科技ETF华泰柏瑞(513130.SH) 0股
✅持仓: 天元股份(003003.SZ) 0股
✅*******************总资产 60287.54 剩余可用金额 2178.54元*******************
  [动量策略] 预留现金: 1,416.05 | 持仓市值: 11,799.00 | 总资产: 13,215.05
    持仓: 日经ETF华夏, 南方原油LOF
  [小市值策略] 预留现金: 762.49 | 持仓市值: 46,310.00 | 总资产: 47,072.49
    持仓: 中天服务, 亚联发展, 华斯股份, 海源复材, 恒大高新, 富煌钢构, 桂发祥, 庄园牧场, 凤形股份

  各策略的资金总和与账面资金吻合

==============================
今日股票收益: 0.00 元
收益率:       0.00 %
==============================


start
调度器已启动 — 动量(每天11:00) + 小市值(周二) 
sleep a day
今天是交易日吗 True
judge_date count  1
中小综指成分股数量：958
['002001.SZ', '002003.SZ', '002004.SZ', '002005.SZ', '002006.SZ', '002007.SZ', '002008.SZ', '002009.SZ', '002010.SZ', '002011.SZ']
002214.SZ  可能停牌  -1
涨停 002355.SZ 兴民智通
涨停 002425.SZ 凯撒文化
涨停 002428.SZ 云南锗业
涨停 002703.SZ 浙江世宝
涨停 002766.SZ 索菱股份
涨停 002963.SZ 豪尔赛
涨停 002975.SZ 博杰股份
过滤ST/*ST股票后，剩余 896 只
prepare_stock_list count  2
大盘涨幅 1.53%
stop_loss count  3

✅========== [动量策略] 日度调仓 2026-08-05 ==========

========== [短期动量] 开始 (窗口=25天, 上限=6) ==========
  纳指ETF国泰(513100.SH): 年化=9.0241% R²=-0.0118 近3日最大跌幅 0.00% 得分=-0.0011 [淘汰]
  日经ETF华夏(513520.SH): 年化=-55.0162% R²=0.3975 近3日最大跌幅 0.00% 得分=-0.2187 [淘汰]
  德国ETF华安(513030.SH): 年化=55.9513% R²=0.1628 近3日最大跌幅 0.00% 得分=0.0911
  黄金ETF华安(518880.SH): 年化=-6.3265% R²=0.0684 近3日最大跌幅 0.11% 得分=-0.0043 [淘汰]
  有色ETF大成(159980.SZ): 年化=50.9352% R²=0.8518 近3日最大跌幅 0.00% 得分=0.4339
  豆粕ETF华夏(159985.SZ): 年化=-27.9774% R²=0.0293 近3日最大跌幅 0.29% 得分=-0.0082 [淘汰]
  南方原油LOF(501018.SH): 年化=384.8673% R²=0.3835 近3日最大跌幅 2.66% 得分=1.4759
  30年国债ETF鹏扬(511090.SH): 年化=25.0798% R²=0.8250 近3日最大跌幅 0.00% 得分=0.2069
  恒生科技ETF华泰柏瑞(513130.SH): 年化=88.3774% R²=0.5631 近3日最大跌幅 0.00% 得分=0.4977
  人工智能ETF华富(515980.SH): 年化=-86.3513% R²=0.6620 近3日最大跌幅 0.00% 得分=-0.5717 [淘汰]
  >>> 短期动量最终选出: 南方原油LOF(501018.SH)

========== [长期动量] 开始 (窗口=250天, 上限=0.5) ==========
  纳指ETF国泰(513100.SH): 年化=28.3305% R²=0.5737 近3日最大跌幅 0.00% 得分=0.1625
  日经ETF华夏(513520.SH): 年化=47.5382% R²=0.7902 近3日最大跌幅 0.00% 得分=0.3756
  德国ETF华安(513030.SH): 年化=-6.4265% R²=0.2759 近3日最大跌幅 0.00% 得分=-0.0177 [淘汰]
  黄金ETF华安(518880.SH): 年化=4.3579% R²=0.0550 近3日最大跌幅 0.11% 得分=0.0024
  有色ETF大成(159980.SZ): 年化=25.7200% R²=0.7322 近3日最大跌幅 0.00% 得分=0.1883
  豆粕ETF华夏(159985.SZ): 年化=10.3129% R²=0.4067 近3日最大跌幅 0.29% 得分=0.0419
  南方原油LOF(501018.SH): 年化=107.0300% R²=0.6020 近3日最大跌幅 2.66% 得分=0.6443 [淘汰]
  30年国债ETF鹏扬(511090.SH): 年化=-2.2745% R²=0.2114 近3日最大跌幅 0.00% 得分=-0.0048 [淘汰]
  恒生科技ETF华泰柏瑞(513130.SH): 年化=-32.0251% R²=0.8189 近3日最大跌幅 0.00% 得分=-0.2623 [淘汰]
  人工智能ETF华富(515980.SH): 年化=4.1520% R²=-0.0091 近3日最大跌幅 0.00% 得分=-0.0004 [淘汰]
  >>> 长期动量最终选出: 日经ETF华夏(513520.SH)

========== 选股汇总 ==========
  短期: 南方原油LOF(501018.SH)  长期: 日经ETF华夏(513520.SH)
  两者不同 → 各配50%
  总资产: 60,447.34, 动量总资产: 13,213.85
  [与目标差异太小，不减仓] 南方原油LOF(501018.SH): 6,289.80 → 6,606.93
  [与目标差异太小，不减仓] 日经ETF华夏(513520.SH): 5,508.00 → 6,606.93
  [与目标差异太小，不加仓] 南方原油LOF(501018.SH): 6,289.80 → 6,606.93 策略资金1,416.05
  [与目标差异太小，不加仓] 日经ETF华夏(513520.SH): 5,508.00 → 6,606.93 策略资金1,416.05
✅========== [动量策略] 调仓结束 ==========

check_limit_up count  4
sleep 20s
******************当日(2026-08-05 14:12:20.009863) (周3) 持仓市值: 57707.40元*******************
✅南方原油LOF(501018.SH) 占比 10.55% 涨幅:  -3.26% (-212.90) x 3300 = 6316.2元 None
✅日经ETF华夏(513520.SH) 占比 9.23% 涨幅:   6.22% (323.80) x 2400 = 5527.2元 None
✅中天服务(002188.SZ) 占比 8.68% 涨幅:  12.04% (559.00) x 1000 = 5200.0元 房地产服务
✅亚联发展(002316.SZ) 占比 8.64% 涨幅:   6.05% (295.00) x 1200 = 5172.0元 综合
✅华斯股份(002494.SZ) 占比 8.38% 涨幅:   5.69% (270.00) x 1100 = 5016.0元 服装家纺
✅海源复材(002529.SZ) 占比 9.07% 涨幅:   6.16% (315.00) x 800 = 5432.0元 专用设备
✅恒大高新(002591.SZ) 占比 9.11% 涨幅:  51.00% (1842.18) x 900 = 5454.0元 化学制品
✅富煌钢构(002743.SZ) 占比 8.91% 涨幅:   9.06% (443.00) x 1400 = 5334.0元 专业工程
✅凤形股份(002760.SZ) 占比 5.75% 涨幅:   0.91% (31.00) x 200 = 3444.0元 通用设备
✅桂发祥(002820.SZ) 占比 9.11% 涨幅:   7.98% (403.00) x 600 = 5454.0元 休闲食品
✅庄园牧场(002910.SZ) 占比 8.95% 涨幅:   8.53% (421.00) x 600 = 5358.0元 饮料乳品
✅*******************总资产 59886.94 剩余可用金额 2179.54元*******************
  [动量策略] 预留现金: 1,416.05 | 持仓市值: 11,843.40 | 总资产: 13,259.45
    持仓: 南方原油LOF, 日经ETF华夏
  [小市值策略] 预留现金: 762.49 | 持仓市值: 45,864.00 | 总资产: 46,626.49
    持仓: 中天服务, 亚联发展, 华斯股份, 海源复材, 恒大高新, 富煌钢构, 凤形股份, 桂发祥, 庄园牧场

check_remain_amount count  5
******************当日(2026-08-05 15:02:00.036944) (周3) 持仓市值: 58104.80元*******************
✅南方原油LOF(501018.SH) 占比 10.54% 涨幅:  -2.65% (-173.30) x 3300 = 6355.8元 None
✅日经ETF华夏(513520.SH) 占比 9.20% 涨幅:   6.55% (340.60) x 2400 = 5544.0元 None
✅中天服务(002188.SZ) 占比 8.76% 涨幅:  13.77% (639.00) x 1000 = 5280.0元 房地产服务
✅亚联发展(002316.SZ) 占比 8.64% 涨幅:   6.79% (331.00) x 1200 = 5208.0元 综合
✅华斯股份(002494.SZ) 占比 8.38% 涨幅:   6.38% (303.00) x 1100 = 5049.0元 服装家纺
✅海源复材(002529.SZ) 占比 9.05% 涨幅:   6.62% (339.00) x 800 = 5456.0元 专用设备
✅恒大高新(002591.SZ) 占比 9.11% 涨幅:  52.00% (1878.18) x 900 = 5490.0元 化学制品
✅富煌钢构(002743.SZ) 占比 8.92% 涨幅:   9.92% (485.00) x 1400 = 5376.0元 专业工程
✅凤形股份(002760.SZ) 占比 5.73% 涨幅:   1.26% (43.00) x 200 = 3456.0元 通用设备
✅桂发祥(002820.SZ) 占比 9.11% 涨幅:   8.69% (439.00) x 600 = 5490.0元 休闲食品
✅庄园牧场(002910.SZ) 占比 8.96% 涨幅:   9.38% (463.00) x 600 = 5400.0元 饮料乳品
✅*******************总资产 60284.34 剩余可用金额 2179.54元*******************
  [动量策略] 预留现金: 1,416.05 | 持仓市值: 11,899.80 | 总资产: 13,315.85
    持仓: 南方原油LOF, 日经ETF华夏
  [小市值策略] 预留现金: 762.49 | 持仓市值: 46,205.00 | 总资产: 46,967.49
    持仓: 中天服务, 亚联发展, 华斯股份, 海源复材, 恒大高新, 富煌钢构, 凤形股份, 桂发祥, 庄园牧场

  策略资金总和为2178.54，账面资金为2179.54

资金差额为1.00
  [动量策略] 上一交易日现金记录1,416.05
  [小市值策略] 上一交易日现金记录762.49
动量策略资金与上一交易日持平，更新小市值策略资金
  [动量策略] 预留现金: 1,416.05, 现金记录更新1,416.05
  [小市值策略] 预留现金: 763.49, 现金记录更新763.49
==============================
今日股票收益: -3.20 元
收益率:       -0.01 %
==============================


sleep a day
今天是交易日吗 True
judge_date count  1
中小综指成分股数量：958
['002001.SZ', '002003.SZ', '002004.SZ', '002005.SZ', '002006.SZ', '002007.SZ', '002008.SZ', '002009.SZ', '002010.SZ', '002011.SZ']
涨停 002180.SZ 奔图科技
涨停 002214.SZ 大立科技
涨停 002355.SZ 兴民智通
涨停 002376.SZ 新北洋
涨停 002425.SZ 凯撒文化
涨停 002428.SZ 云南锗业
涨停 002721.SZ 金一文化
涨停 002963.SZ 豪尔赛
过滤ST/*ST股票后，剩余 896 只
prepare_stock_list count  2
大盘涨幅 2.70%
stop_loss count  3

✅========== [动量策略] 日度调仓 2026-08-06 ==========

========== [短期动量] 开始 (窗口=25天, 上限=6) ==========
  纳指ETF国泰(513100.SH): 年化=27.7347% R²=0.0046 近3日最大跌幅 0.93% 得分=0.0013
  日经ETF华夏(513520.SH): 年化=-43.9746% R²=0.2672 近3日最大跌幅 1.13% 得分=-0.1175 [淘汰]
  德国ETF华安(513030.SH): 年化=68.4961% R²=0.2090 近3日最大跌幅 1.42% 得分=0.1432
  黄金ETF华安(518880.SH): 年化=23.6989% R²=0.0254 近3日最大跌幅 0.00% 得分=0.0060
  有色ETF大成(159980.SZ): 年化=55.3805% R²=0.8498 近3日最大跌幅 0.00% 得分=0.4706
  豆粕ETF华夏(159985.SZ): 年化=-33.6161% R²=0.1037 近3日最大跌幅 0.38% 得分=-0.0349 [淘汰]
  南方原油LOF(501018.SH): 年化=296.9332% R²=0.3585 近3日最大跌幅 1.63% 得分=1.0646
  30年国债ETF鹏扬(511090.SH): 年化=24.2131% R²=0.8408 近3日最大跌幅 0.19% 得分=0.2036
  恒生科技ETF华泰柏瑞(513130.SH): 年化=73.1138% R²=0.5165 近3日最大跌幅 1.46% 得分=0.3776
  人工智能ETF华富(515980.SH): 年化=-81.5297% R²=0.5632 近3日最大跌幅 0.00% 得分=-0.4592 [淘汰]
  >>> 短期动量最终选出: 南方原油LOF(501018.SH)

========== [长期动量] 开始 (窗口=250天, 上限=0.5) ==========
  纳指ETF国泰(513100.SH): 年化=28.5026% R²=0.5756 近3日最大跌幅 0.93% 得分=0.1641
  日经ETF华夏(513520.SH): 年化=47.3609% R²=0.7895 近3日最大跌幅 1.13% 得分=0.3739
  德国ETF华安(513030.SH): 年化=-6.2389% R²=0.2627 近3日最大跌幅 1.42% 得分=-0.0164 [淘汰]
  黄金ETF华安(518880.SH): 年化=4.0157% R²=0.0503 近3日最大跌幅 0.00% 得分=0.0020
  有色ETF大成(159980.SZ): 年化=25.6042% R²=0.7311 近3日最大跌幅 0.00% 得分=0.1872
  豆粕ETF华夏(159985.SZ): 年化=10.3046% R²=0.4075 近3日最大跌幅 0.38% 得分=0.0420
  南方原油LOF(501018.SH): 年化=107.3416% R²=0.6051 近3日最大跌幅 1.63% 得分=0.6496 [淘汰]
  30年国债ETF鹏扬(511090.SH): 年化=-2.1463% R²=0.1970 近3日最大跌幅 0.19% 得分=-0.0042 [淘汰]
  恒生科技ETF华泰柏瑞(513130.SH): 年化=-31.9761% R²=0.8200 近3日最大跌幅 1.46% 得分=-0.2622 [淘汰]
  人工智能ETF华富(515980.SH): 年化=4.5995% R²=-0.0098 近3日最大跌幅 0.00% 得分=-0.0005 [淘汰]
  >>> 长期动量最终选出: 日经ETF华夏(513520.SH)

========== 选股汇总 ==========
  短期: 南方原油LOF(501018.SH)  长期: 日经ETF华夏(513520.SH)
  两者不同 → 各配50%
  总资产: 60,130.54, 动量总资产: 13,425.05
  [与目标差异太小，不减仓] 南方原油LOF(501018.SH): 6,527.40 → 6,712.53
  [与目标差异太小，不减仓] 日经ETF华夏(513520.SH): 5,481.60 → 6,712.53
  [与目标差异太小，不加仓] 南方原油LOF(501018.SH): 6,527.40 → 6,712.53 策略资金1,416.05
  [与目标差异太小，不加仓] 日经ETF华夏(513520.SH): 5,481.60 → 6,712.53 策略资金1,416.05
✅========== [动量策略] 调仓结束 ==========

check_limit_up count  4
sleep 20s
******************当日(2026-08-06 14:12:20.003229) (周4) 持仓市值: 58494.50元*******************
✅南方原油LOF(501018.SH) 占比 10.81% 涨幅:   0.43% (28.00) x 3300 = 6557.1元 None
✅日经ETF华夏(513520.SH) 占比 9.02% 涨幅:   5.21% (271.00) x 2400 = 5474.4元 None
✅中天服务(002188.SZ) 占比 8.69% 涨幅:  13.55% (629.00) x 1000 = 5270.0元 房地产服务
✅亚联发展(002316.SZ) 占比 8.78% 涨幅:   9.25% (451.00) x 1200 = 5328.0元 综合
✅华斯股份(002494.SZ) 占比 8.41% 涨幅:   7.54% (358.00) x 1100 = 5104.0元 服装家纺
✅海源复材(002529.SZ) 占比 9.03% 涨幅:   7.09% (363.00) x 800 = 5480.0元 专用设备
✅恒大高新(002591.SZ) 占比 9.09% 涨幅:  52.75% (1905.18) x 900 = 5517.0元 化学制品
✅富煌钢构(002743.SZ) 占比 8.95% 涨幅:  11.06% (541.00) x 1400 = 5432.0元 专业工程
✅凤形股份(002760.SZ) 占比 5.64% 涨幅:   0.32% (11.00) x 200 = 3424.0元 通用设备
✅桂发祥(002820.SZ) 占比 9.01% 涨幅:   8.22% (415.00) x 600 = 5466.0元 休闲食品
✅庄园牧场(002910.SZ) 占比 8.97% 涨幅:  10.23% (505.00) x 600 = 5442.0元 饮料乳品
✅*******************总资产 60674.04 剩余可用金额 2179.54元*******************
  [动量策略] 预留现金: 1,416.05 | 持仓市值: 12,031.50 | 总资产: 13,447.55
    持仓: 南方原油LOF, 日经ETF华夏
  [小市值策略] 预留现金: 763.49 | 持仓市值: 46,463.00 | 总资产: 47,226.49
    持仓: 中天服务, 亚联发展, 华斯股份, 海源复材, 恒大高新, 富煌钢构, 凤形股份, 桂发祥, 庄园牧场

check_remain_amount count  5
******************当日(2026-08-06 15:02:00.031494) (周4) 持仓市值: 58828.70元*******************
✅南方原油LOF(501018.SH) 占比 10.70% 涨幅:   0.02% (1.60) x 3300 = 6530.7元 None
✅日经ETF华夏(513520.SH) 占比 8.97% 涨幅:   5.16% (268.60) x 2400 = 5472.0元 None
✅中天服务(002188.SZ) 占比 8.67% 涨幅:  13.98% (649.00) x 1000 = 5290.0元 房地产服务
✅亚联发展(002316.SZ) 占比 8.87% 涨幅:  10.97% (535.00) x 1200 = 5412.0元 综合
✅华斯股份(002494.SZ) 占比 8.40% 涨幅:   8.01% (380.00) x 1100 = 5126.0元 服装家纺
✅海源复材(002529.SZ) 占比 9.05% 涨幅:   7.88% (403.00) x 800 = 5520.0元 专用设备
✅恒大高新(002591.SZ) 占比 9.15% 涨幅:  54.49% (1968.18) x 900 = 5580.0元 化学制品
✅富煌钢构(002743.SZ) 占比 8.93% 涨幅:  11.35% (555.00) x 1400 = 5446.0元 专业工程
✅凤形股份(002760.SZ) 占比 5.65% 涨幅:   1.03% (35.00) x 200 = 3448.0元 通用设备
✅桂发祥(002820.SZ) 占比 9.05% 涨幅:   9.29% (469.00) x 600 = 5520.0元 休闲食品
✅庄园牧场(002910.SZ) 占比 8.99% 涨幅:  11.08% (547.00) x 600 = 5484.0元 饮料乳品
✅*******************总资产 61008.24 剩余可用金额 2179.54元*******************
  [动量策略] 预留现金: 1,416.05 | 持仓市值: 12,002.70 | 总资产: 13,418.75
    持仓: 南方原油LOF, 日经ETF华夏
  [小市值策略] 预留现金: 763.49 | 持仓市值: 46,826.00 | 总资产: 47,589.49
    持仓: 中天服务, 亚联发展, 华斯股份, 海源复材, 恒大高新, 富煌钢构, 凤形股份, 桂发祥, 庄园牧场

  各策略的资金总和与账面资金吻合

==============================
今日股票收益: 723.90 元
收益率:       1.20 %
==============================


sleep a day
今天是交易日吗 True
judge_date count  1
中小综指成分股数量：958
['002001.SZ', '002003.SZ', '002004.SZ', '002005.SZ', '002006.SZ', '002007.SZ', '002008.SZ', '002009.SZ', '002010.SZ', '002011.SZ']
涨停 002552.SZ 宝鼎科技
涨停 002721.SZ 金一文化
涨停 002792.SZ 通宇通讯
涨停 002971.SZ 和远气体
过滤ST/*ST股票后，剩余 900 只
prepare_stock_list count  2
大盘涨幅 0.95%
stop_loss count  3

✅========== [动量策略] 日度调仓 2026-08-07 ==========

========== [短期动量] 开始 (窗口=25天, 上限=6) ==========
  纳指ETF国泰(513100.SH): 年化=45.1983% R²=0.0525 近3日最大跌幅 1.01% 得分=0.0237
  日经ETF华夏(513520.SH): 年化=-32.0352% R²=0.1665 近3日最大跌幅 1.30% 得分=-0.0533 [淘汰]
  德国ETF华安(513030.SH): 年化=88.3470% R²=0.3383 近3日最大跌幅 1.26% 得分=0.2989
  黄金ETF华安(518880.SH): 年化=35.2159% R²=0.1198 近3日最大跌幅 0.03% 得分=0.0422
  有色ETF大成(159980.SZ): 年化=57.2225% R²=0.8571 近3日最大跌幅 0.37% 得分=0.4905
  豆粕ETF华夏(159985.SZ): 年化=-36.9214% R²=0.2000 近3日最大跌幅 0.00% 得分=-0.0738 [淘汰]
  南方原油LOF(501018.SH): 年化=242.5692% R²=0.3389 近3日最大跌幅 0.00% 得分=0.8220
  30年国债ETF鹏扬(511090.SH): 年化=24.9054% R²=0.8588 近3日最大跌幅 0.10% 得分=0.2139
  恒生科技ETF华泰柏瑞(513130.SH): 年化=55.0934% R²=0.4201 近3日最大跌幅 2.28% 得分=0.2314
  人工智能ETF华富(515980.SH): 年化=-77.4975% R²=0.5012 近3日最大跌幅 0.37% 得分=-0.3884 [淘汰]
  >>> 短期动量最终选出: 南方原油LOF(501018.SH)

========== [长期动量] 开始 (窗口=250天, 上限=0.5) ==========
  纳指ETF国泰(513100.SH): 年化=28.6593% R²=0.5777 近3日最大跌幅 1.01% 得分=0.1656
  日经ETF华夏(513520.SH): 年化=47.0649% R²=0.7881 近3日最大跌幅 1.30% 得分=0.3709
  德国ETF华安(513030.SH): 年化=-6.0400% R²=0.2490 近3日最大跌幅 1.26% 得分=-0.0150 [淘汰]
  黄金ETF华安(518880.SH): 年化=3.4275% R²=0.0425 近3日最大跌幅 0.03% 得分=0.0015
  有色ETF大成(159980.SZ): 年化=25.4321% R²=0.7290 近3日最大跌幅 0.37% 得分=0.1854
  豆粕ETF华夏(159985.SZ): 年化=10.3159% R²=0.4088 近3日最大跌幅 0.00% 得分=0.0422
  南方原油LOF(501018.SH): 年化=107.6784% R²=0.6081 近3日最大跌幅 0.00% 得分=0.6548 [淘汰]
  30年国债ETF鹏扬(511090.SH): 年化=-1.9908% R²=0.1795 近3日最大跌幅 0.10% 得分=-0.0036 [淘汰]
  恒生科技ETF华泰柏瑞(513130.SH): 年化=-31.9559% R²=0.8217 近3日最大跌幅 2.28% 得分=-0.2626 [淘汰]
  人工智能ETF华富(515980.SH): 年化=4.9147% R²=-0.0103 近3日最大跌幅 0.37% 得分=-0.0005 [淘汰]
  >>> 长期动量最终选出: 日经ETF华夏(513520.SH)

========== 选股汇总 ==========
  短期: 南方原油LOF(501018.SH)  长期: 日经ETF华夏(513520.SH)
  两者不同 → 各配50%
  总资产: 59,984.64, 动量总资产: 13,582.85
  [与目标差异太小，不减仓] 南方原油LOF(501018.SH): 6,718.80 → 6,791.43
  [与目标差异太小，不减仓] 日经ETF华夏(513520.SH): 5,448.00 → 6,791.43
  [与目标差异太小，不加仓] 南方原油LOF(501018.SH): 6,718.80 → 6,791.43 策略资金1,416.05
  [与目标差异太小，不加仓] 日经ETF华夏(513520.SH): 5,448.00 → 6,791.43 策略资金1,416.05
✅========== [动量策略] 调仓结束 ==========

check_limit_up count  4
sleep 20s
******************当日(2026-08-07 14:12:20.004680) (周5) 持仓市值: 58311.10元*******************
✅南方原油LOF(501018.SH) 占比 10.83% 涨幅:   0.33% (21.40) x 3300 = 6550.5元 None
✅日经ETF华夏(513520.SH) 占比 9.06% 涨幅:   5.35% (278.20) x 2400 = 5481.6元 None
✅中天服务(002188.SZ) 占比 8.60% 涨幅:  12.04% (559.00) x 1000 = 5200.0元 房地产服务
✅亚联发展(002316.SZ) 占比 8.67% 涨幅:   7.53% (367.00) x 1200 = 5244.0元 综合
✅华斯股份(002494.SZ) 占比 8.38% 涨幅:   6.85% (325.00) x 1100 = 5071.0元 服装家纺
✅海源复材(002529.SZ) 占比 9.07% 涨幅:   7.25% (371.00) x 800 = 5488.0元 专用设备
✅恒大高新(002591.SZ) 占比 9.08% 涨幅:  52.00% (1878.18) x 900 = 5490.0元 化学制品
✅富煌钢构(002743.SZ) 占比 8.89% 涨幅:   9.92% (485.00) x 1400 = 5376.0元 专业工程
✅凤形股份(002760.SZ) 占比 5.74% 涨幅:   1.73% (59.00) x 200 = 3472.0元 通用设备
✅桂发祥(002820.SZ) 占比 9.01% 涨幅:   7.86% (397.00) x 600 = 5448.0元 休闲食品
✅庄园牧场(002910.SZ) 占比 9.08% 涨幅:  11.20% (553.00) x 600 = 5490.0元 饮料乳品
✅*******************总资产 60490.64 剩余可用金额 2179.54元*******************
  [动量策略] 预留现金: 1,416.05 | 持仓市值: 12,032.10 | 总资产: 13,448.15
    持仓: 南方原油LOF, 日经ETF华夏
  [小市值策略] 预留现金: 763.49 | 持仓市值: 46,279.00 | 总资产: 47,042.49
    持仓: 中天服务, 亚联发展, 华斯股份, 海源复材, 恒大高新, 富煌钢构, 凤形股份, 桂发祥, 庄园牧场

check_remain_amount count  5
******************当日(2026-08-07 15:02:00.028797) (周5) 持仓市值: 58375.80元*******************
✅南方原油LOF(501018.SH) 占比 10.60% 涨幅:  -1.74% (-113.90) x 3300 = 6415.2元 None
✅日经ETF华夏(513520.SH) 占比 9.05% 涨幅:   5.35% (278.20) x 2400 = 5481.6元 None
✅中天服务(002188.SZ) 占比 8.62% 涨幅:  12.48% (579.00) x 1000 = 5220.0元 房地产服务
✅亚联发展(002316.SZ) 占比 8.70% 涨幅:   8.02% (391.00) x 1200 = 5268.0元 综合
✅华斯股份(002494.SZ) 占比 8.41% 涨幅:   7.31% (347.00) x 1100 = 5093.0元 服装家纺
✅海源复材(002529.SZ) 占比 9.09% 涨幅:   7.56% (387.00) x 800 = 5504.0元 专用设备
✅恒大高新(002591.SZ) 占比 9.10% 涨幅:  52.50% (1896.18) x 900 = 5508.0元 化学制品
✅富煌钢构(002743.SZ) 占比 8.95% 涨幅:  10.77% (527.00) x 1400 = 5418.0元 专业工程
✅凤形股份(002760.SZ) 占比 5.74% 涨幅:   1.85% (63.00) x 200 = 3476.0元 通用设备
✅桂发祥(002820.SZ) 占比 9.03% 涨幅:   8.22% (415.00) x 600 = 5466.0元 休闲食品
✅庄园牧场(002910.SZ) 占比 9.13% 涨幅:  11.93% (589.00) x 600 = 5526.0元 饮料乳品
✅*******************总资产 60537.34 剩余可用金额 2179.54元*******************
  [动量策略] 预留现金: 1,416.05 | 持仓市值: 11,896.80 | 总资产: 13,312.85
    持仓: 南方原油LOF, 日经ETF华夏
  [小市值策略] 预留现金: 763.49 | 持仓市值: 46,479.00 | 总资产: 47,242.49
    持仓: 中天服务, 亚联发展, 华斯股份, 海源复材, 恒大高新, 富煌钢构, 凤形股份, 桂发祥, 庄园牧场

  各策略的资金总和与账面资金吻合

==============================
今日股票收益: -470.90 元
收益率:       -0.77 %
==============================


close XtMiniQmt.exe success
sleep a day
open QMT success
reconnect
QMT路径: C:\QMT\userdata_mini
new g.xt_trader
start
建立交易连接，返回0表示连接成功 -1

收到信号 2，关闭调度器...
调度器已关闭
