init
建立交易连接，返回0表示连接成功 0
策略初始化完成：每月初调仓，持有市值最小的9只股票, 初始资金2588.94
***** xtdata连接成功 *****
服务信息: {'tag': 'sp3', 'version': '1.0'}
服务地址: 127.0.0.1:58610
数据路径: C:\QMT\bin.x64/../userdata_mini/datadir
设置xtdata.enable_hello = False可隐藏此消息

******************当日(2026-05-29 15:55:45.865833) (周5) 持仓市值: 68082.60元*******************
✅持仓: 银华日利ETF(511880.SH), 占比 85.30%, 涨跌幅: -0.00% (-1.20), 数量: 600, 市值: 60282.6元 None
✅持仓: 亚联发展(002316.SZ), 占比 11.04%, 涨跌幅: -8.84% (-756.00), 数量: 1500, 市值: 7800.0元 多元金融
✅*******************总资产 70671.54  剩余可用金额 2588.94元*******************


==============================
今日股票收益: 0.00 元
收益率:       0.00 %
==============================


init
建立交易连接，返回0表示连接成功 0
策略初始化完成：每月初调仓，持有市值最小的9只股票, 初始资金2588.94
***** xtdata连接成功 *****
服务信息: {'tag': 'sp3', 'version': '1.0'}
服务地址: 127.0.0.1:58610
数据路径: C:\QMT\bin.x64/../userdata_mini/datadir
设置xtdata.enable_hello = False可隐藏此消息

start
sleep a day
