init
建立交易连接，返回0表示连接成功 0
***** xtdata连接成功 *****
服务信息: {'tag': 'sp3', 'version': '1.0'}
服务地址: 127.0.0.1:58610
数据路径: C:\QMT\bin.x64/../userdata_mini/datadir
设置xtdata.enable_hello = False可隐藏此消息

⭕策略初始化完成：每月初调仓，持有市值最小的9只股票, 初始可用资金979.97, 初始资产60597.97
start
sleep a day
今天是交易日吗 False
judge_date count  1
******************当日(2026-07-11 15:01:00.045584) (周6) 持仓市值: 59618.00元*******************
✅宏达高科(002144.SZ) 占比 14.22% 涨幅:   7.43% (596.00) x 800 = 8616.0元 纺织制造
✅中天服务(002188.SZ) 占比 13.63% 涨幅:  -2.77% (-235.00) x 1700 = 8262.0元 房地产服务
✅亚联发展(002316.SZ) 占比 13.56% 涨幅:  -3.01% (-254.88) x 2000 = 8220.0元 综合
✅华斯股份(002494.SZ) 占比 13.69% 涨幅:   1.67% (136.00) x 1800 = 8298.0元 服装家纺
✅海源复材(002529.SZ) 占比 4.47% 涨幅:  -1.92% (-53.00) x 400 = 2708.0元 专用设备
✅皓宸医疗(002622.SZ) 占比 5.35% 涨幅:   2.21% (70.00) x 1500 = 3240.0元 医疗服务
✅富煌钢构(002743.SZ) 占比 13.72% 涨幅:  -0.56% (-47.00) x 2100 = 8316.0元 专业工程
✅凤形股份(002760.SZ) 占比 5.46% 涨幅:  -1.52% (-51.00) x 200 = 3308.0元 通用设备
✅桂发祥(002820.SZ) 占比 14.27% 涨幅:   2.61% (220.00) x 1000 = 8650.0元 休闲食品
✅*******************总资产 60597.97 剩余可用金额 979.97元*******************


==============================
今日股票收益: 0.00 元
收益率:       0.00 %
==============================


sleep a day
今天是交易日吗 False
judge_date count  1
******************当日(2026-07-12 15:01:00.030624) (周7) 持仓市值: 59618.00元*******************
✅宏达高科(002144.SZ) 占比 14.22% 涨幅:   7.43% (596.00) x 800 = 8616.0元 纺织制造
✅中天服务(002188.SZ) 占比 13.63% 涨幅:  -2.77% (-235.00) x 1700 = 8262.0元 房地产服务
✅亚联发展(002316.SZ) 占比 13.56% 涨幅:  -3.01% (-254.88) x 2000 = 8220.0元 综合
✅华斯股份(002494.SZ) 占比 13.69% 涨幅:   1.67% (136.00) x 1800 = 8298.0元 服装家纺
✅海源复材(002529.SZ) 占比 4.47% 涨幅:  -1.92% (-53.00) x 400 = 2708.0元 专用设备
✅皓宸医疗(002622.SZ) 占比 5.35% 涨幅:   2.21% (70.00) x 1500 = 3240.0元 医疗服务
✅富煌钢构(002743.SZ) 占比 13.72% 涨幅:  -0.56% (-47.00) x 2100 = 8316.0元 专业工程
✅凤形股份(002760.SZ) 占比 5.46% 涨幅:  -1.52% (-51.00) x 200 = 3308.0元 通用设备
✅桂发祥(002820.SZ) 占比 14.27% 涨幅:   2.61% (220.00) x 1000 = 8650.0元 休闲食品
✅*******************总资产 60597.97 剩余可用金额 979.97元*******************


==============================
今日股票收益: 0.00 元
收益率:       0.00 %
==============================


sleep a day
今天是交易日吗 True
judge_date count  1

************昨日(2026-07-12 09:31:00.007766)涨停 **************
['002144.SZ']

中小综指成分股数量：958
['002001.SZ', '002003.SZ', '002004.SZ', '002005.SZ', '002006.SZ', '002007.SZ', '002008.SZ', '002009.SZ', '002010.SZ', '002011.SZ']
跌停 002407.SZ 多氟多
涨停 002430.SZ 杭氧股份
跌停 002747.SZ 埃斯顿
涨停 003020.SZ 立方制药
过滤ST/*ST股票后，剩余 896 只
prepare_stock_list count  2
大盘涨幅 -1.18%
stop_loss count  3
002144.SZ 宏达高科 股价10.03 涨幅-6.87%
002144.SZ 宏达高科涨停打开，卖出
async_seq  12
check_limit_up count  4
异步委托回调 投资备注: 清仓002144.SZ 
现有持仓:
  中天服务 002188.SZ
  亚联发展 002316.SZ
  华斯股份 002494.SZ
  海源复材 002529.SZ
  皓宸医疗 002622.SZ
  富煌钢构 002743.SZ
  凤形股份 002760.SZ
  桂发祥 002820.SZ
涨停卖出
  宏达高科 002144.SZ
get_small_cap_stocks   2026-07-12 14:02:00.010996    head 9
    第 1名: 亚联发展(002316.SZ), 流通市值: 15.33 亿元 综合   <== 选中
    第 2名: 中天服务(002188.SZ), 流通市值: 15.57 亿元 房地产服务   <== 选中
    第 3名: 富煌钢构(002743.SZ), 流通市值: 16.67 亿元 专业工程   <== 选中
    第 4名: 海源复材(002529.SZ), 流通市值: 16.85 亿元 专用设备   <== 选中
    第 5名: 华斯股份(002494.SZ), 流通市值: 16.9 亿元 服装家纺   <== 选中
    第 6名: 桂发祥(002820.SZ), 流通市值: 17.05 亿元 休闲食品   <== 选中
    第 7名: 凤形股份(002760.SZ), 流通市值: 17.15 亿元 通用设备   <== 选中
    第 8名: 蓝丰生化(002513.SZ), 流通市值: 17.24 亿元 农化制品   <== 选中
    第 9名: 皓宸医疗(002622.SZ), 流通市值: 17.56 亿元 医疗服务   <== 选中
    第10名: 天元股份(003003.SZ), 流通市值: 17.67 亿元 包装印刷 
    第11名: 宏达高科(002144.SZ), 流通市值: 17.69 亿元 纺织制造 
    第12名: 聚力文化(002247.SZ), 流通市值: 17.7 亿元 装修建材 
    第13名: 红墙股份(002809.SZ), 流通市值: 17.71 亿元 化学制品 
    第14名: 林州重机(002535.SZ), 流通市值: 17.8 亿元 专用设备 
    第15名: 开普检测(003008.SZ), 流通市值: 17.82 亿元 专业服务 
    第16名: 海象新材(003011.SZ), 流通市值: 17.86 亿元 家居用品 
    第17名: 百洋股份(002696.SZ), 流通市值: 17.98 亿元 饲料 
    第18名: 信隆健康(002105.SZ), 流通市值: 17.98 亿元 摩托车及其他 
    第19名: 黄山胶囊(002817.SZ), 流通市值: 18.01 亿元 化学制药 
    第20名: 集泰股份(002909.SZ), 流通市值: 18.02 亿元 化学制品 
已有持仓数量大于3，不再买入其他较小市值股票。
有余额可用8986.46元。买入[]
******************当日(2026-07-13 14:02:00.491347) (周1) 持仓市值: 49392.00元*******************
✅中天服务(002188.SZ) 占比 13.86% 涨幅:  -4.77% (-405.00) x 1700 = 8092.0元 房地产服务
✅亚联发展(002316.SZ) 占比 13.36% 涨幅:  -7.96% (-674.88) x 2000 = 7800.0元 综合
✅华斯股份(002494.SZ) 占比 13.81% 涨幅:  -1.20% (-98.00) x 1800 = 8064.0元 服装家纺
✅海源复材(002529.SZ) 占比 4.44% 涨幅:  -6.12% (-169.00) x 400 = 2592.0元 专用设备
✅皓宸医疗(002622.SZ) 占比 5.37% 涨幅:  -1.10% (-35.00) x 1500 = 3135.0元 医疗服务
✅富煌钢构(002743.SZ) 占比 13.78% 涨幅:  -3.83% (-320.00) x 2100 = 8043.0元 专业工程
✅凤形股份(002760.SZ) 占比 5.44% 涨幅:  -5.45% (-183.00) x 200 = 3176.0元 通用设备
✅桂发祥(002820.SZ) 占比 14.54% 涨幅:   0.71% (60.00) x 1000 = 8490.0元 休闲食品
✅持仓: 宏达高科(002144.SZ) 0股
✅*******************总资产 58378.46 剩余可用金额 8986.46元*******************


selected_stocks
['002188.SZ', '002316.SZ', '002494.SZ', '002529.SZ', '002622.SZ', '002743.SZ', '002760.SZ', '002820.SZ']
 期望持仓: 中天服务(002188.SZ), 占比 12.50%
 期望持仓: 亚联发展(002316.SZ), 占比 12.50%
 期望持仓: 华斯股份(002494.SZ), 占比 12.50%
 期望持仓: 海源复材(002529.SZ), 占比 12.50%
 期望持仓: 皓宸医疗(002622.SZ), 占比 12.50%
 期望持仓: 富煌钢构(002743.SZ), 占比 12.50%
 期望持仓: 凤形股份(002760.SZ), 占比 12.50%
 期望持仓: 桂发祥(002820.SZ), 占比 12.50%
预计持仓 49392.0 剩余金额 8986.46
⭕⭕剩余资金过大 8986.46
✅海源复材 持仓与期望相差较大，持仓4.44%,期望12.50%,金额相差4705.31
✅皓宸医疗 持仓与期望相差较大，持仓5.37%,期望12.50%,金额相差4162.31
✅凤形股份 持仓与期望相差较大，持仓5.44%,期望12.50%,金额相差4121.31
重新分配之后资金为-4002.46
 预估持仓: 宏达高科(002144.SZ), 占比 0.00% 单价 10.01
 预估持仓: 中天服务(002188.SZ), 占比 13.86% 单价 4.76
 预估持仓: 亚联发展(002316.SZ), 占比 13.36% 单价 3.90
 预估持仓: 华斯股份(002494.SZ), 占比 13.81% 单价 4.48
 预估持仓: 海源复材(002529.SZ), 占比 4.44% 单价 6.48
 预估持仓: 皓宸医疗(002622.SZ), 占比 5.37% 单价 2.09
 预估持仓: 富煌钢构(002743.SZ), 占比 13.78% 单价 3.83
 预估持仓: 凤形股份(002760.SZ), 占比 5.44% 单价 15.88
 预估持仓: 桂发祥(002820.SZ), 占比 14.54% 单价 8.49
调整海源复材买入数量，期望买入7297.31,当前2592.00,相差4705.31
单价6.48，新市值7128.00，差值169.31
单价6.48，新市值7776.00，差值-478.69
✅调整买入数量，追加7手,仓位占比调整为12.21%
调整皓宸医疗买入数量，期望买入7297.31,当前3135.00,相差4162.31
单价2.09，新市值7106.00，差值191.31
单价2.09，新市值7315.00，差值-17.69
单价2.09，新市值7524.00，差值-226.69
✅调整买入数量，追加20手,仓位占比调整为12.53%
调整凤形股份买入数量，期望买入7297.31,当前3176.00,相差4121.31
单价15.88，新市值6352.00，差值945.31
单价15.88，新市值7940.00，差值-642.69
单价15.88，新市值9528.00，差值-2230.69
✅调整买入数量，追加3手,仓位占比调整为13.60%
====调整每股额度====
当前可用资金  8986.46 
持仓市值  49392.0 
总资产:  58378.46 
每股额度  2995.486666666666

✅===可用资金 8986.46===
委托买入: 海源复材, 002529.SZ 
目标价值:7128.00
预计最终持股1100股，每股6.48元，合计:7128.00
buy 002529.SZ passorder target value 7128.00 current 2592.00 amount 700.00
async_seq  26
异步委托回调 投资备注: Buy 002529.SZ Tgt 7128.

✅===可用资金 8986.46===
委托买入: 皓宸医疗, 002622.SZ 
目标价值:7315.00
预计最终持股3500股，每股2.09元，合计:7315.00
buy 002622.SZ passorder target value 7315.00 current 3135.00 amount 2000.00
async_seq  30
异步委托回调 投资备注: Buy 002622.SZ Tgt 7315.

✅===可用资金 8986.46===
委托买入: 凤形股份, 002760.SZ 
目标价值:7940.00
预计最终持股500股，每股15.86元，合计:7930.00
buy 002760.SZ passorder target value 7940.00 current 3172.00 amount 300.00
async_seq  34
异步委托回调 投资备注: Buy 002760.SZ Tgt 7940.
委托报错回调 Buy 002760.SZ Tgt 7940. 限价买入 [SZ002760] [COUNTER] [260200][可用资金不足][fund_account=8885388757,money_type=0,v_occur_balance=4793.50,v_e
sleep 20s
******************当日(2026-07-13 14:02:23.542466) (周1) 持仓市值: 57909.00元*******************
✅中天服务(002188.SZ) 占比 13.80% 涨幅:  -5.37% (-456.00) x 1700 = 8041.0元 房地产服务
✅亚联发展(002316.SZ) 占比 13.35% 涨幅:  -8.20% (-694.88) x 2000 = 7780.0元 综合
✅华斯股份(002494.SZ) 占比 13.77% 涨幅:  -1.64% (-134.00) x 1800 = 8028.0元 服装家纺
✅海源复材(002529.SZ) 占比 12.19% 涨幅:  -2.54% (-185.00) x 1100 = 7106.0元 专用设备
✅皓宸医疗(002622.SZ) 占比 12.49% 涨幅:  -0.95% (-70.00) x 3500 = 7280.0元 医疗服务
✅富煌钢构(002743.SZ) 占比 13.76% 涨幅:  -4.08% (-341.00) x 2100 = 8022.0元 专业工程
✅凤形股份(002760.SZ) 占比 5.44% 涨幅:  -5.57% (-187.00) x 200 = 3172.0元 通用设备
✅桂发祥(002820.SZ) 占比 14.55% 涨幅:   0.59% (50.00) x 1000 = 8480.0元 休闲食品
✅持仓: 宏达高科(002144.SZ) 0股
✅*******************总资产 58287.46 剩余可用金额 8986.46元*******************


check_remain_amount count  5
******************当日(2026-07-13 15:01:00.031507) (周1) 持仓市值: 57581.00元*******************
✅中天服务(002188.SZ) 占比 13.72% 涨幅:  -6.57% (-558.00) x 1700 = 7939.0元 房地产服务
✅亚联发展(002316.SZ) 占比 13.31% 涨幅:  -9.14% (-774.88) x 2000 = 7700.0元 综合
✅华斯股份(002494.SZ) 占比 13.88% 涨幅:  -1.64% (-134.00) x 1800 = 8028.0元 服装家纺
✅海源复材(002529.SZ) 占比 12.21% 涨幅:  -3.14% (-229.00) x 1100 = 7062.0元 专用设备
✅皓宸医疗(002622.SZ) 占比 12.52% 涨幅:  -1.43% (-105.00) x 3500 = 7245.0元 医疗服务
✅富煌钢构(002743.SZ) 占比 13.76% 涨幅:  -4.83% (-404.00) x 2100 = 7959.0元 专业工程
✅凤形股份(002760.SZ) 占比 5.53% 涨幅:  -4.79% (-161.00) x 200 = 3198.0元 通用设备
✅桂发祥(002820.SZ) 占比 14.61% 涨幅:   0.24% (20.00) x 1000 = 8450.0元 休闲食品
✅持仓: 宏达高科(002144.SZ) 0股
✅*******************总资产 57846.46 剩余可用金额 265.46元*******************


==============================
今日股票收益: -2751.51 元
收益率:       -4.54 %
==============================


sleep a day
今天是交易日吗 True
judge_date count  1
中小综指成分股数量：958
['002001.SZ', '002003.SZ', '002004.SZ', '002005.SZ', '002006.SZ', '002007.SZ', '002008.SZ', '002009.SZ', '002010.SZ', '002011.SZ']
002005.SZ  可能停牌  -1
跌停 002137.SZ 实益达
跌停 002208.SZ 合肥城建
涨停 002243.SZ 力合科创
跌停 002342.SZ 巨力索具
涨停 002396.SZ 星网锐捷
跌停 002457.SZ 青龙管业
跌停 002829.SZ 星网宇达
过滤ST/*ST股票后，剩余 893 只
prepare_stock_list count  2
✅========== 执行周度调仓，日期：2026-07-14 10:00:00.046355 ==========
******************当日(2026-07-14 10:00:00.046355) (周2) 持仓市值: 57906.00元*******************
✅中天服务(002188.SZ) 占比 13.71% 涨幅:  -6.17% (-524.00) x 1700 = 7973.0元 房地产服务
✅亚联发展(002316.SZ) 占比 13.51% 涨幅:  -7.26% (-614.88) x 2000 = 7860.0元 综合
✅华斯股份(002494.SZ) 占比 13.83% 涨幅:  -1.42% (-116.00) x 1800 = 8046.0元 服装家纺
✅海源复材(002529.SZ) 占比 12.27% 涨幅:  -2.15% (-157.00) x 1100 = 7139.0元 专用设备
✅皓宸医疗(002622.SZ) 占比 12.57% 涨幅:  -0.54% (-40.00) x 3500 = 7315.0元 医疗服务
✅富煌钢构(002743.SZ) 占比 13.75% 涨幅:  -4.33% (-362.00) x 2100 = 8001.0元 专业工程
✅凤形股份(002760.SZ) 占比 5.45% 涨幅:  -5.57% (-187.00) x 200 = 3172.0元 通用设备
✅桂发祥(002820.SZ) 占比 14.44% 涨幅:  -0.36% (-30.00) x 1000 = 8400.0元 休闲食品
✅*******************总资产 58172.96 剩余可用金额 266.96元*******************


get_small_cap_stocks   2026-07-14 10:00:00.046355    head 9
    第 1名: 中天服务(002188.SZ), 流通市值: 15.34 亿元 房地产服务   <== 选中
    第 2名: 亚联发展(002316.SZ), 流通市值: 15.45 亿元 综合   <== 选中
    第 3名: 富煌钢构(002743.SZ), 流通市值: 16.58 亿元 专业工程   <== 选中
    第 4名: 华斯股份(002494.SZ), 流通市值: 16.87 亿元 服装家纺   <== 选中
    第 5名: 桂发祥(002820.SZ), 流通市值: 16.87 亿元 休闲食品   <== 选中
    第 6名: 海源复材(002529.SZ), 流通市值: 16.87 亿元 专用设备   <== 选中
    第 7名: 凤形股份(002760.SZ), 流通市值: 17.13 亿元 通用设备   <== 选中
    第 8名: 庄园牧场(002910.SZ), 流通市值: 17.48 亿元 饮料乳品   <== 选中
    第 9名: 蓝丰生化(002513.SZ), 流通市值: 17.54 亿元 农化制品   <== 选中
    第10名: 皓宸医疗(002622.SZ), 流通市值: 17.56 亿元 医疗服务 
    第11名: 红墙股份(002809.SZ), 流通市值: 17.61 亿元 化学制品 
    第12名: 天元股份(003003.SZ), 流通市值: 17.65 亿元 包装印刷 
    第13名: 开普检测(003008.SZ), 流通市值: 17.73 亿元 专业服务 
    第14名: 百洋股份(002696.SZ), 流通市值: 17.77 亿元 饲料 
    第15名: 宏达高科(002144.SZ), 流通市值: 17.8 亿元 纺织制造 
    第16名: 林州重机(002535.SZ), 流通市值: 17.88 亿元 专用设备 
    第17名: 聚力文化(002247.SZ), 流通市值: 17.95 亿元 装修建材 
    第18名: 集泰股份(002909.SZ), 流通市值: 18.1 亿元 化学制品 
    第19名: 国统股份(002205.SZ), 流通市值: 18.1 亿元 水泥 
    第20名: 恒大高新(002591.SZ), 流通市值: 18.1 亿元 化学制品 
✅当前持股 8只
中天服务
亚联发展
华斯股份
海源复材
皓宸医疗
富煌钢构
凤形股份
桂发祥
✅需要买入股票 2只
✅需要卖出股票 1只
✅待买入  庄园牧场
✅待买入  蓝丰生化
✅待卖出: 皓宸医疗
✅今日(2026-07-14 10:00:00.046355)为卖出时间，执行卖出操作
✅------------------------------------------
✅>>>>>>>>>>>>
✅卖出:  皓宸医疗
async_seq  47
rebalance_sell count  3
异步委托回调 投资备注: 清仓002622.SZ 
大盘涨幅 -3.16%
stop_loss count  4
✅========== 执行周度调仓，日期：2026-07-14 10:30:00.046883 ==========
✅今日(2026-07-14 10:30:00.046883)为买入时间，执行买入操作
✅+++++++++++++++++++++++++++++++++++++++++
✅需要买入股票 2只
庄园牧场
蓝丰生化
selected_stocks
['002188.SZ', '002316.SZ', '002743.SZ', '002494.SZ', '002820.SZ', '002529.SZ', '002760.SZ', '002910.SZ', '002513.SZ']
 期望持仓: 中天服务(002188.SZ), 占比 11.11%
 期望持仓: 亚联发展(002316.SZ), 占比 11.11%
 期望持仓: 富煌钢构(002743.SZ), 占比 11.11%
 期望持仓: 华斯股份(002494.SZ), 占比 11.11%
 期望持仓: 桂发祥(002820.SZ), 占比 11.11%
 期望持仓: 海源复材(002529.SZ), 占比 11.11%
 期望持仓: 凤形股份(002760.SZ), 占比 11.11%
 期望持仓: 庄园牧场(002910.SZ), 占比 11.11%
 期望持仓: 蓝丰生化(002513.SZ), 占比 11.11%
预计买入庄园牧场(002910.SZ)  700 股 * 8.85,总计 6195.00
预计买入蓝丰生化(002513.SZ)  1300 股 * 4.69,总计 6097.00
预计持仓 63067.0 剩余金额 -4754.18
⭕⭕剩余资金过大 -4754.18
✅凤形股份 持仓与期望相差较大，持仓5.46%,期望11.11%,金额相差3295.20
重新分配之后资金为-8049.38
 预估持仓: 中天服务(002188.SZ), 占比 13.82% 单价 4.74
 预估持仓: 亚联发展(002316.SZ), 占比 13.41% 单价 3.91
 预估持仓: 华斯股份(002494.SZ), 占比 13.80% 单价 4.47
 预估持仓: 蓝丰生化(002513.SZ), 占比 10.46% 单价 4.69
 预估持仓: 海源复材(002529.SZ), 占比 12.39% 单价 6.57
 预估持仓: 皓宸医疗(002622.SZ), 占比 0.00% 单价 2.11
 预估持仓: 富煌钢构(002743.SZ), 占比 13.68% 单价 3.80
 预估持仓: 凤形股份(002760.SZ), 占比 5.46% 单价 15.92
 预估持仓: 桂发祥(002820.SZ), 占比 14.51% 单价 8.46
 预估持仓: 庄园牧场(002910.SZ), 占比 10.62% 单价 8.85
调整凤形股份买入数量，期望买入6479.20,当前3184.00,相差3295.20
单价15.92，新市值6368.00，差值111.20
单价15.92，新市值7960.00，差值-1480.80
✅调整买入数量，追加2手,仓位占比调整为10.92%
调整庄园牧场买入数量，期望买入6479.20,当前6195.00,相差284.20
单价8.85，新市值6195.00，差值284.20
单价8.85，新市值7080.00，差值-600.80
调整蓝丰生化买入数量，期望买入6479.20,当前6097.00,相差382.20
单价4.69，新市值6097.00，差值382.20
单价4.69，新市值6566.00，差值-86.80
单价4.69，新市值7035.00，差值-555.80
✅调整买入数量，追加1手,仓位占比调整为11.26%
====调整每股额度====
当前可用资金  7537.82 
持仓市值  50775.0 
总资产:  58312.82 
每股额度  2512.6066666666666

✅===可用资金 7537.82===
委托买入: 庄园牧场, 002910.SZ 
目标价值:6479.20
预计最终持股700股，每股8.85元，合计:6195.00
buy 002910.SZ passorder target value 6479.20 current 0.00 amount 700.00
async_seq  56
异步委托回调 投资备注: Buy 002910.SZ Tgt 6479.

✅===可用资金 7537.82===
委托买入: 蓝丰生化, 002513.SZ 
目标价值:6566.00
预计最终持股1400股，每股4.69元，合计:6566.00
buy 002513.SZ passorder target value 6566.00 current 0.00 amount 1400.00
async_seq  60
异步委托回调 投资备注: Buy 002513.SZ Tgt 6566.
委托报错回调 Buy 002513.SZ Tgt 6566. 限价买入 [SZ002513] [COUNTER] [260200][可用资金不足][fund_account=8885388757,money_type=0,v_occur_balance=6711.50,v_e

✅===可用资金 7537.82===
委托买入: 凤形股份, 002760.SZ 
目标价值:6368.00
预计最终持股400股，每股15.92元，合计:6368.00
buy 002760.SZ passorder target value 6368.00 current 3184.00 amount 200.00
async_seq  64
异步委托回调 投资备注: Buy 002760.SZ Tgt 6368.
委托报错回调 Buy 002760.SZ Tgt 6368. 限价买入 [SZ002760] [COUNTER] [260200][可用资金不足][fund_account=8885388757,money_type=0,v_occur_balance=3209.50,v_e
sleep 30s
******************当日(2026-07-14 10:30:33.096346) (周2) 持仓市值: 57099.00元*******************
✅中天服务(002188.SZ) 占比 13.79% 涨幅:  -5.17% (-439.00) x 1700 = 8058.0元 房地产服务
✅亚联发展(002316.SZ) 占比 13.45% 涨幅:  -7.26% (-614.88) x 2000 = 7860.0元 综合
✅华斯股份(002494.SZ) 占比 13.77% 涨幅:  -1.42% (-116.00) x 1800 = 8046.0元 服装家纺
✅海源复材(002529.SZ) 占比 12.48% 涨幅:  -0.04% (-3.00) x 1100 = 7293.0元 专用设备
✅富煌钢构(002743.SZ) 占比 13.66% 涨幅:  -4.58% (-383.00) x 2100 = 7980.0元 专业工程
✅凤形股份(002760.SZ) 占比 5.46% 涨幅:  -5.03% (-169.00) x 200 = 3190.0元 通用设备
✅桂发祥(002820.SZ) 占比 14.50% 涨幅:   0.47% (40.00) x 1000 = 8470.0元 休闲食品
✅庄园牧场(002910.SZ) 占比 10.61% 涨幅:   0.06% (4.00) x 700 = 6202.0元 饮料乳品
✅持仓: 皓宸医疗(002622.SZ) 0股
✅*******************总资产 58433.32 剩余可用金额 1334.32元*******************


rebalance_buy count  5
check_limit_up count  6
sleep 20s
******************当日(2026-07-14 14:02:20.004323) (周2) 持仓市值: 57332.00元*******************
✅中天服务(002188.SZ) 占比 13.71% 涨幅:  -5.37% (-456.00) x 1700 = 8041.0元 房地产服务
✅亚联发展(002316.SZ) 占比 13.50% 涨幅:  -6.55% (-554.88) x 2000 = 7920.0元 综合
✅华斯股份(002494.SZ) 占比 13.78% 涨幅:  -0.98% (-80.00) x 1800 = 8082.0元 服装家纺
✅海源复材(002529.SZ) 占比 12.36% 涨幅:  -0.64% (-47.00) x 1100 = 7249.0元 专用设备
✅富煌钢构(002743.SZ) 占比 13.71% 涨幅:  -3.83% (-320.00) x 2100 = 8043.0元 专业工程
✅凤形股份(002760.SZ) 占比 5.48% 涨幅:  -4.38% (-147.00) x 200 = 3212.0元 通用设备
✅桂发祥(002820.SZ) 占比 14.52% 涨幅:   1.07% (90.00) x 1000 = 8520.0元 休闲食品
✅庄园牧场(002910.SZ) 占比 10.68% 涨幅:   0.99% (61.50) x 700 = 6265.0元 饮料乳品
✅持仓: 皓宸医疗(002622.SZ) 0股
✅*******************总资产 58666.32 剩余可用金额 1334.32元*******************


check_remain_amount count  7
******************当日(2026-07-14 15:01:00.032586) (周2) 持仓市值: 58272.00元*******************
✅中天服务(002188.SZ) 占比 13.75% 涨幅:  -3.57% (-303.00) x 1700 = 8194.0元 房地产服务
✅亚联发展(002316.SZ) 占比 13.56% 涨幅:  -4.66% (-394.88) x 2000 = 8080.0元 综合
✅华斯股份(002494.SZ) 占比 13.80% 涨幅:   0.78% (64.00) x 1800 = 8226.0元 服装家纺
✅海源复材(002529.SZ) 占比 12.33% 涨幅:   0.71% (52.00) x 1100 = 7348.0元 专用设备
✅富煌钢构(002743.SZ) 占比 13.70% 涨幅:  -2.32% (-194.00) x 2100 = 8169.0元 专业工程
✅凤形股份(002760.SZ) 占比 5.47% 涨幅:  -2.89% (-97.00) x 200 = 3262.0元 通用设备
✅桂发祥(002820.SZ) 占比 14.48% 涨幅:   2.37% (200.00) x 1000 = 8630.0元 休闲食品
✅庄园牧场(002910.SZ) 占比 10.68% 涨幅:   2.57% (159.50) x 700 = 6363.0元 饮料乳品
✅持仓: 皓宸医疗(002622.SZ) 0股
✅*******************总资产 59606.32 剩余可用金额 1334.32元*******************


==============================
今日股票收益: 1759.86 元
收益率:       3.04 %
==============================


sleep a day
今天是交易日吗 True
judge_date count  1
中小综指成分股数量：958
['002001.SZ', '002003.SZ', '002004.SZ', '002005.SZ', '002006.SZ', '002007.SZ', '002008.SZ', '002009.SZ', '002010.SZ', '002011.SZ']
涨停 002141.SZ 贤丰控股
涨停 002309.SZ 中利集团
涨停 002382.SZ 蓝帆医疗
涨停 002432.SZ 九安医疗
涨停 002739.SZ 儒意电影
涨停 002980.SZ 华盛昌
过滤ST/*ST股票后，剩余 894 只
prepare_stock_list count  2
大盘涨幅 2.37%
stop_loss count  3
check_limit_up count  4
sleep 20s
******************当日(2026-07-15 14:02:20.013114) (周3) 持仓市值: 57915.00元*******************
✅中天服务(002188.SZ) 占比 14.00% 涨幅:  -2.37% (-201.00) x 1700 = 8296.0元 房地产服务
✅亚联发展(002316.SZ) 占比 13.57% 涨幅:  -5.13% (-434.88) x 2000 = 8040.0元 综合
✅华斯股份(002494.SZ) 占比 13.79% 涨幅:   0.12% (10.00) x 1800 = 8172.0元 服装家纺
✅海源复材(002529.SZ) 占比 12.25% 涨幅:  -0.49% (-36.00) x 1100 = 7260.0元 专用设备
✅富煌钢构(002743.SZ) 占比 13.18% 涨幅:  -6.59% (-551.00) x 2100 = 7812.0元 专业工程
✅凤形股份(002760.SZ) 占比 5.49% 涨幅:  -3.13% (-105.00) x 200 = 3254.0元 通用设备
✅桂发祥(002820.SZ) 占比 14.67% 涨幅:   3.08% (260.00) x 1000 = 8690.0元 休闲食品
✅庄园牧场(002910.SZ) 占比 10.79% 涨幅:   3.03% (188.00) x 700 = 6391.0元 饮料乳品
✅*******************总资产 59250.32 剩余可用金额 1335.32元*******************


check_remain_amount count  5
******************当日(2026-07-15 15:01:00.034303) (周3) 持仓市值: 58243.00元*******************
✅中天服务(002188.SZ) 占比 14.01% 涨幅:  -1.77% (-150.00) x 1700 = 8347.0元 房地产服务
✅亚联发展(002316.SZ) 占比 13.56% 涨幅:  -4.66% (-394.88) x 2000 = 8080.0元 综合
✅华斯股份(002494.SZ) 占比 13.78% 涨幅:   0.56% (46.00) x 1800 = 8208.0元 服装家纺
✅海源复材(002529.SZ) 占比 12.24% 涨幅:  -0.04% (-3.00) x 1100 = 7293.0元 专用设备
✅富煌钢构(002743.SZ) 占比 13.18% 涨幅:  -6.09% (-509.00) x 2100 = 7854.0元 专业工程
✅凤形股份(002760.SZ) 占比 5.49% 涨幅:  -2.71% (-91.00) x 200 = 3268.0元 通用设备
✅桂发祥(002820.SZ) 占比 14.70% 涨幅:   3.91% (330.00) x 1000 = 8760.0元 休闲食品
✅庄园牧场(002910.SZ) 占比 10.80% 涨幅:   3.71% (230.00) x 700 = 6433.0元 饮料乳品
✅*******************总资产 59578.32 剩余可用金额 1335.32元*******************


==============================
今日股票收益: -28.00 元
收益率:       -0.05 %
==============================


sleep a day
今天是交易日吗 True
judge_date count  1
中小综指成分股数量：958
['002001.SZ', '002003.SZ', '002004.SZ', '002005.SZ', '002006.SZ', '002007.SZ', '002008.SZ', '002009.SZ', '002010.SZ', '002011.SZ']
跌停 002123.SZ 梦网科技
跌停 002185.SZ 华天科技
涨停 002632.SZ 道明光学
涨停 002739.SZ 儒意电影
跌停 002851.SZ 麦格米特
过滤ST/*ST股票后，剩余 895 只
prepare_stock_list count  2
大盘涨幅 -0.65%
stop_loss count  3
check_limit_up count  4
sleep 20s
******************当日(2026-07-16 14:02:20.018388) (周4) 持仓市值: 59522.00元*******************
✅中天服务(002188.SZ) 占比 13.97% 涨幅:   0.04% (3.00) x 1700 = 8500.0元 房地产服务
✅亚联发展(002316.SZ) 占比 13.54% 涨幅:  -2.77% (-234.88) x 2000 = 8240.0元 综合
✅华斯股份(002494.SZ) 占比 13.61% 涨幅:   1.45% (118.00) x 1800 = 8280.0元 服装家纺
✅海源复材(002529.SZ) 占比 12.07% 涨幅:   0.71% (52.00) x 1100 = 7348.0元 专用设备
✅富煌钢构(002743.SZ) 占比 13.22% 涨幅:  -3.83% (-320.00) x 2100 = 8043.0元 专业工程
✅凤形股份(002760.SZ) 占比 5.91% 涨幅:   7.00% (235.00) x 200 = 3594.0元 通用设备
✅桂发祥(002820.SZ) 占比 14.79% 涨幅:   6.76% (570.00) x 1000 = 9000.0元 休闲食品
✅庄园牧场(002910.SZ) 占比 10.71% 涨幅:   5.06% (314.00) x 700 = 6517.0元 饮料乳品
✅*******************总资产 60857.32 剩余可用金额 1335.32元*******************


check_remain_amount count  5
******************当日(2026-07-16 15:01:00.032670) (周4) 持仓市值: 59321.00元*******************
✅中天服务(002188.SZ) 占比 13.90% 涨幅:  -0.76% (-65.00) x 1700 = 8432.0元 房地产服务
✅亚联发展(002316.SZ) 占比 13.58% 涨幅:  -2.77% (-234.88) x 2000 = 8240.0元 综合
✅华斯股份(002494.SZ) 占比 13.68% 涨幅:   1.67% (136.00) x 1800 = 8298.0元 服装家纺
✅海源复材(002529.SZ) 占比 12.01% 涨幅:  -0.19% (-14.00) x 1100 = 7282.0元 专用设备
✅富煌钢构(002743.SZ) 占比 13.16% 涨幅:  -4.58% (-383.00) x 2100 = 7980.0元 专业工程
✅凤形股份(002760.SZ) 占比 5.93% 涨幅:   7.00% (235.00) x 200 = 3594.0元 通用设备
✅桂发祥(002820.SZ) 占比 14.87% 涨幅:   7.00% (590.00) x 1000 = 9020.0元 休闲食品
✅庄园牧场(002910.SZ) 占比 10.67% 涨幅:   4.38% (272.00) x 700 = 6475.0元 饮料乳品
✅*******************总资产 60656.32 剩余可用金额 1335.32元*******************


==============================
今日股票收益: 1078.00 元
收益率:       1.81 %
==============================


sleep a day
今天是交易日吗 True
judge_date count  1

************昨日(2026-07-16 09:31:00.013109)涨停 **************
['002760.SZ']

中小综指成分股数量：958
['002001.SZ', '002003.SZ', '002004.SZ', '002005.SZ', '002006.SZ', '002007.SZ', '002008.SZ', '002009.SZ', '002010.SZ', '002011.SZ']
涨停 002432.SZ 九安医疗
涨停 002632.SZ 道明光学
002677.SZ  可能停牌  -1
涨停 002766.SZ 索菱股份
涨停 003001.SZ 中岩大地
过滤ST/*ST股票后，剩余 895 只
prepare_stock_list count  2
大盘涨幅 0.27%
stop_loss count  3
002760.SZ 凤形股份 股价16.3 涨幅-9.29%
002760.SZ 凤形股份涨停打开，卖出
async_seq  94
check_limit_up count  4
异步委托回调 投资备注: 清仓002760.SZ 
现有持仓:
  中天服务 002188.SZ
  亚联发展 002316.SZ
  华斯股份 002494.SZ
  海源复材 002529.SZ
  富煌钢构 002743.SZ
  桂发祥 002820.SZ
  庄园牧场 002910.SZ
涨停卖出
  凤形股份 002760.SZ
get_small_cap_stocks   2026-07-16 14:02:00.008580    head 9
    第 1名: 中天服务(002188.SZ), 流通市值: 15.37 亿元 房地产服务   <== 选中
    第 2名: 亚联发展(002316.SZ), 流通市值: 15.45 亿元 综合   <== 选中
    第 3名: 富煌钢构(002743.SZ), 流通市值: 15.89 亿元 专业工程   <== 选中
    第 4名: 海源复材(002529.SZ), 流通市值: 16.74 亿元 专用设备   <== 选中
    第 5名: 华斯股份(002494.SZ), 流通市值: 16.9 亿元 服装家纺   <== 选中
    第 6名: 恒大高新(002591.SZ), 流通市值: 17.14 亿元 化学制品   <== 选中
    第 7名: 庄园牧场(002910.SZ), 流通市值: 17.32 亿元 饮料乳品   <== 选中
    第 8名: 桂发祥(002820.SZ), 流通市值: 17.42 亿元 休闲食品   <== 选中
    第 9名: 蓝丰生化(002513.SZ), 流通市值: 17.47 亿元 农化制品   <== 选中
    第10名: 凤形股份(002760.SZ), 流通市值: 17.54 亿元 通用设备 
    第11名: 天元股份(003003.SZ), 流通市值: 17.87 亿元 包装印刷 
    第12名: 红墙股份(002809.SZ), 流通市值: 17.95 亿元 化学制品 
    第13名: 林州重机(002535.SZ), 流通市值: 17.96 亿元 专用设备 
    第14名: 国统股份(002205.SZ), 流通市值: 17.97 亿元 水泥 
    第15名: 仁智股份(002629.SZ), 流通市值: 18.02 亿元 油服工程 
    第16名: 皓宸医疗(002622.SZ), 流通市值: 18.06 亿元 医疗服务 
    第17名: 聚力文化(002247.SZ), 流通市值: 18.12 亿元 装修建材 
    第18名: 开普检测(003008.SZ), 流通市值: 18.14 亿元 专业服务 
    第19名: 百洋股份(002696.SZ), 流通市值: 18.15 亿元 饲料 
    第20名: 集泰股份(002909.SZ), 流通市值: 18.17 亿元 化学制品 
已有持仓数量大于3，不再买入其他较小市值股票。
有余额可用4578.19元。买入[]
******************当日(2026-07-17 14:02:00.493068) (周5) 持仓市值: 53535.00元*******************
✅中天服务(002188.SZ) 占比 13.75% 涨幅:  -5.97% (-507.00) x 1700 = 7990.0元 房地产服务
✅亚联发展(002316.SZ) 占比 13.53% 涨幅:  -7.26% (-614.88) x 2000 = 7860.0元 综合
✅华斯股份(002494.SZ) 占比 13.88% 涨幅:  -1.20% (-98.00) x 1800 = 8064.0元 服装家纺
✅海源复材(002529.SZ) 占比 12.19% 涨幅:  -2.91% (-212.00) x 1100 = 7084.0元 专用设备
✅富煌钢构(002743.SZ) 占比 13.19% 涨幅:  -8.35% (-698.00) x 2100 = 7665.0元 专业工程
✅桂发祥(002820.SZ) 占比 14.92% 涨幅:   2.85% (240.00) x 1000 = 8670.0元 休闲食品
✅庄园牧场(002910.SZ) 占比 10.67% 涨幅:  -0.02% (-1.00) x 700 = 6202.0元 饮料乳品
✅持仓: 凤形股份(002760.SZ) 0股
✅*******************总资产 58113.19 剩余可用金额 4578.19元*******************


selected_stocks
['002188.SZ', '002316.SZ', '002494.SZ', '002529.SZ', '002743.SZ', '002820.SZ', '002910.SZ']
 期望持仓: 中天服务(002188.SZ), 占比 14.29%
 期望持仓: 亚联发展(002316.SZ), 占比 14.29%
 期望持仓: 华斯股份(002494.SZ), 占比 14.29%
 期望持仓: 海源复材(002529.SZ), 占比 14.29%
 期望持仓: 富煌钢构(002743.SZ), 占比 14.29%
 期望持仓: 桂发祥(002820.SZ), 占比 14.29%
 期望持仓: 庄园牧场(002910.SZ), 占比 14.29%
预计持仓 53535.0 剩余金额 4578.19
 预估持仓: 中天服务(002188.SZ), 占比 13.75% 单价 4.70
 预估持仓: 亚联发展(002316.SZ), 占比 13.53% 单价 3.93
 预估持仓: 华斯股份(002494.SZ), 占比 13.88% 单价 4.48
 预估持仓: 海源复材(002529.SZ), 占比 12.19% 单价 6.44
 预估持仓: 富煌钢构(002743.SZ), 占比 13.19% 单价 3.65
 预估持仓: 凤形股份(002760.SZ), 占比 0.00% 单价 16.24
 预估持仓: 桂发祥(002820.SZ), 占比 14.92% 单价 8.67
 预估持仓: 庄园牧场(002910.SZ), 占比 10.67% 单价 8.86
sleep 20s
******************当日(2026-07-17 14:02:20.530101) (周5) 持仓市值: 53706.00元*******************
✅中天服务(002188.SZ) 占比 13.77% 涨幅:  -5.57% (-473.00) x 1700 = 8024.0元 房地产服务
✅亚联发展(002316.SZ) 占比 13.52% 涨幅:  -7.02% (-594.88) x 2000 = 7880.0元 综合
✅华斯股份(002494.SZ) 占比 13.90% 涨幅:  -0.76% (-62.00) x 1800 = 8100.0元 服装家纺
✅海源复材(002529.SZ) 占比 12.21% 涨幅:  -2.45% (-179.00) x 1100 = 7117.0元 专用设备
✅富煌钢构(002743.SZ) 占比 13.19% 涨幅:  -8.10% (-677.00) x 2100 = 7686.0元 专业工程
✅桂发祥(002820.SZ) 占比 14.91% 涨幅:   3.08% (260.00) x 1000 = 8690.0元 休闲食品
✅庄园牧场(002910.SZ) 占比 10.65% 涨幅:   0.10% (6.00) x 700 = 6209.0元 饮料乳品
✅持仓: 凤形股份(002760.SZ) 0股
✅*******************总资产 58284.19 剩余可用金额 4578.19元*******************


check_remain_amount count  5
******************当日(2026-07-17 15:01:00.037814) (周5) 持仓市值: 53093.00元*******************
✅中天服务(002188.SZ) 占比 13.82% 涨幅:  -6.17% (-524.00) x 1700 = 7973.0元 房地产服务
✅亚联发展(002316.SZ) 占比 13.59% 涨幅:  -7.49% (-634.88) x 2000 = 7840.0元 综合
✅华斯股份(002494.SZ) 占比 13.86% 涨幅:  -2.08% (-170.00) x 1800 = 7992.0元 服装家纺
✅海源复材(002529.SZ) 占比 12.11% 涨幅:  -4.26% (-311.00) x 1100 = 6985.0元 专用设备
✅富煌钢构(002743.SZ) 占比 13.15% 涨幅:  -9.35% (-782.00) x 2100 = 7581.0元 专业工程
✅桂发祥(002820.SZ) 占比 14.89% 涨幅:   1.90% (160.00) x 1000 = 8590.0元 休闲食品
✅庄园牧场(002910.SZ) 占比 10.63% 涨幅:  -1.14% (-71.00) x 700 = 6132.0元 饮料乳品
✅持仓: 凤形股份(002760.SZ) 0股
✅*******************总资产 57671.19 剩余可用金额 4578.19元*******************


==============================
今日股票收益: -2985.13 元
收益率:       -4.92 %
==============================


close XtMiniQmt.exe success
open QMT success
reconnect
new g.xt_trader
start
建立交易连接，返回0表示连接成功 0
sleep a day
今天是交易日吗 False
judge_date count  1
******************当日(2026-07-18 15:01:00.034884) (周6) 持仓市值: 53093.00元*******************
✅中天服务(002188.SZ) 占比 13.82% 涨幅:  -6.17% (-524.00) x 1700 = 7973.0元 房地产服务
✅亚联发展(002316.SZ) 占比 13.59% 涨幅:  -7.49% (-634.88) x 2000 = 7840.0元 综合
✅华斯股份(002494.SZ) 占比 13.86% 涨幅:  -2.08% (-170.00) x 1800 = 7992.0元 服装家纺
✅海源复材(002529.SZ) 占比 12.11% 涨幅:  -4.26% (-311.00) x 1100 = 6985.0元 专用设备
✅富煌钢构(002743.SZ) 占比 13.15% 涨幅:  -9.35% (-782.00) x 2100 = 7581.0元 专业工程
✅桂发祥(002820.SZ) 占比 14.89% 涨幅:   1.90% (160.00) x 1000 = 8590.0元 休闲食品
✅庄园牧场(002910.SZ) 占比 10.63% 涨幅:  -1.14% (-71.00) x 700 = 6132.0元 饮料乳品
✅*******************总资产 57671.69 剩余可用金额 4578.69元*******************


==============================
今日股票收益: 0.50 元
收益率:       0.00 %
==============================


sleep a day
今天是交易日吗 False
judge_date count  1
******************当日(2026-07-19 15:01:00.044685) (周7) 持仓市值: 53093.00元*******************
✅中天服务(002188.SZ) 占比 13.82% 涨幅:  -6.17% (-524.00) x 1700 = 7973.0元 房地产服务
✅亚联发展(002316.SZ) 占比 13.59% 涨幅:  -7.49% (-634.88) x 2000 = 7840.0元 综合
✅华斯股份(002494.SZ) 占比 13.86% 涨幅:  -2.08% (-170.00) x 1800 = 7992.0元 服装家纺
✅海源复材(002529.SZ) 占比 12.11% 涨幅:  -4.26% (-311.00) x 1100 = 6985.0元 专用设备
✅富煌钢构(002743.SZ) 占比 13.15% 涨幅:  -9.35% (-782.00) x 2100 = 7581.0元 专业工程
✅桂发祥(002820.SZ) 占比 14.89% 涨幅:   1.90% (160.00) x 1000 = 8590.0元 休闲食品
✅庄园牧场(002910.SZ) 占比 10.63% 涨幅:  -1.14% (-71.00) x 700 = 6132.0元 饮料乳品
✅持仓: 凤形股份(002760.SZ) 0股
✅*******************总资产 57671.69 剩余可用金额 4578.69元*******************


==============================
今日股票收益: 0.00 元
收益率:       0.00 %
==============================


sleep a day
今天是交易日吗 True
judge_date count  1
中小综指成分股数量：958
['002001.SZ', '002003.SZ', '002004.SZ', '002005.SZ', '002006.SZ', '002007.SZ', '002008.SZ', '002009.SZ', '002010.SZ', '002011.SZ']
跌停 002141.SZ 贤丰控股
涨停 002432.SZ 九安医疗
涨停 002490.SZ 山东墨龙
跌停 002632.SZ 道明光学
002656.SZ  可能停牌  -1
002713.SZ  可能停牌  -1
涨停 002866.SZ 传艺科技
涨停 003001.SZ 中岩大地
过滤ST/*ST股票后，剩余 894 只
prepare_stock_list count  2
大盘涨幅 -3.97%
stop_loss count  3
check_limit_up count  4
sleep 20s
******************当日(2026-07-20 14:02:20.005295) (周1) 持仓市值: 50720.00元*******************
✅中天服务(002188.SZ) 占比 13.62% 涨幅: -11.37% (-966.00) x 1700 = 7531.0元 房地产服务
✅亚联发展(002316.SZ) 占比 13.64% 涨幅: -11.03% (-934.88) x 2000 = 7540.0元 综合
✅华斯股份(002494.SZ) 占比 13.83% 涨幅:  -6.27% (-512.00) x 1800 = 7650.0元 服装家纺
✅海源复材(002529.SZ) 占比 12.11% 涨幅:  -8.18% (-597.00) x 1100 = 6699.0元 专用设备
✅富煌钢构(002743.SZ) 占比 13.06% 涨幅: -13.62% (-1139.00) x 2100 = 7224.0元 专业工程
✅桂发祥(002820.SZ) 占比 14.97% 涨幅:  -1.78% (-150.00) x 1000 = 8280.0元 休闲食品
✅庄园牧场(002910.SZ) 占比 10.48% 涨幅:  -6.56% (-407.00) x 700 = 5796.0元 饮料乳品
✅*******************总资产 55298.69 剩余可用金额 4578.69元*******************


check_remain_amount count  5
******************当日(2026-07-20 15:01:00.033900) (周1) 持仓市值: 50731.00元*******************
✅中天服务(002188.SZ) 占比 13.59% 涨幅: -11.57% (-983.00) x 1700 = 7514.0元 房地产服务
✅亚联发展(002316.SZ) 占比 13.67% 涨幅: -10.80% (-914.88) x 2000 = 7560.0元 综合
✅华斯股份(002494.SZ) 占比 14.03% 涨幅:  -4.95% (-404.00) x 1800 = 7758.0元 服装家纺
✅海源复材(002529.SZ) 占比 12.05% 涨幅:  -8.63% (-630.00) x 1100 = 6666.0元 专用设备
✅富煌钢构(002743.SZ) 占比 13.06% 涨幅: -13.62% (-1139.00) x 2100 = 7224.0元 专业工程
✅桂发祥(002820.SZ) 占比 14.86% 涨幅:  -2.49% (-210.00) x 1000 = 8220.0元 休闲食品
✅庄园牧场(002910.SZ) 占比 10.47% 涨幅:  -6.67% (-414.00) x 700 = 5789.0元 饮料乳品
✅*******************总资产 55309.69 剩余可用金额 4578.69元*******************


==============================
今日股票收益: -2362.00 元
收益率:       -4.10 %
==============================



收到信号 2，正在关闭调度器...
调度器已安全关闭
