init — 双策略合并版
QMT路径: C:\QMT\userdata_mini
建立交易连接，返回0表示连接成功 0
初始化申万二级行业映射...
***** xtdata连接成功 *****
服务信息: {'tag': 'sp3', 'version': '1.0'}
服务地址: 127.0.0.1:58610
数据路径: C:\QMT\bin.x64/../userdata_mini/datadir
设置xtdata.enable_hello = False可隐藏此消息

行业映射完成，共 958 只股票
双策略初始化完成: 动量10.0% + 小市值90.0%
  初始资产 62600.94, 可用资金 1583.14
******************当日(2026-08-12 14:33:59.341674) (周3) 持仓市值: 61021.00元*******************
✅德国ETF华安(513030.SH) 占比 9.87% 涨幅:   1.18% (71.80) x 3200 = 6176.0元 None
✅人工智能ETF华富(515980.SH) 占比 10.19% 涨幅:   1.84% (115.00) x 6000 = 6378.0元 None
✅中天服务(002188.SZ) 占比 8.77% 涨幅:  18.29% (849.00) x 1000 = 5490.0元 房地产服务
✅亚联发展(002316.SZ) 占比 8.68% 涨幅:  11.46% (559.00) x 1200 = 5436.0元 综合
✅华斯股份(002494.SZ) 占比 8.50% 涨幅:  12.18% (578.00) x 1100 = 5324.0元 服装家纺
✅海源复材(002529.SZ) 占比 9.12% 涨幅:  11.63% (595.00) x 800 = 5712.0元 专用设备
✅恒大高新(002591.SZ) 占比 9.16% 涨幅:  58.73% (2121.18) x 900 = 5733.0元 化学制品
✅富煌钢构(002743.SZ) 占比 9.19% 涨幅:  17.64% (863.00) x 1400 = 5754.0元 专业工程
✅凤形股份(002760.SZ) 占比 5.69% 涨幅:   4.42% (151.00) x 200 = 3564.0元 通用设备
✅桂发祥(002820.SZ) 占比 9.04% 涨幅:  12.02% (607.00) x 600 = 5658.0元 休闲食品
✅庄园牧场(002910.SZ) 占比 9.26% 涨幅:  17.40% (859.00) x 600 = 5796.0元 饮料乳品
✅*******************总资产 62604.14 剩余可用金额 1583.14元*******************
  [动量策略] 预留现金: 158.31 | 持仓市值: 12,554.00 | 总资产: 12,712.31
    持仓: 德国ETF华安, 人工智能ETF华富
  [小市值策略] 预留现金: 1,424.83 | 持仓市值: 48,467.00 | 总资产: 49,891.83
    持仓: 中天服务, 亚联发展, 华斯股份, 海源复材, 恒大高新, 富煌钢构, 凤形股份, 桂发祥, 庄园牧场

init — 双策略合并版
QMT路径: C:\QMT\userdata_mini
建立交易连接，返回0表示连接成功 0
初始化申万二级行业映射...
***** xtdata连接成功 *****
服务信息: {'tag': 'sp3', 'version': '1.0'}
服务地址: 127.0.0.1:58610
数据路径: C:\QMT\bin.x64/../userdata_mini/datadir
设置xtdata.enable_hello = False可隐藏此消息

行业映射完成，共 958 只股票
双策略初始化完成: 动量50.0% + 小市值50.0%
  初始资产 62578.14, 可用资金 1583.14
******************当日(2026-08-12 16:04:10.858992) (周3) 持仓市值: 60995.00元*******************
✅德国ETF华安(513030.SH) 占比 9.82% 涨幅:   0.65% (39.80) x 3200 = 6144.0元 None
✅人工智能ETF华富(515980.SH) 占比 10.19% 涨幅:   1.84% (115.00) x 6000 = 6378.0元 None
✅中天服务(002188.SZ) 占比 8.77% 涨幅:  18.29% (849.00) x 1000 = 5490.0元 房地产服务
✅亚联发展(002316.SZ) 占比 8.67% 涨幅:  11.22% (547.00) x 1200 = 5424.0元 综合
✅华斯股份(002494.SZ) 占比 8.53% 涨幅:  12.41% (589.00) x 1100 = 5335.0元 服装家纺
✅海源复材(002529.SZ) 占比 9.10% 涨幅:  11.32% (579.00) x 800 = 5696.0元 专用设备
✅恒大高新(002591.SZ) 占比 9.18% 涨幅:  58.98% (2130.18) x 900 = 5742.0元 化学制品
✅富煌钢构(002743.SZ) 占比 9.15% 涨幅:  17.07% (835.00) x 1400 = 5726.0元 专业工程
✅凤形股份(002760.SZ) 占比 5.70% 涨幅:   4.42% (151.00) x 200 = 3564.0元 通用设备
✅桂发祥(002820.SZ) 占比 9.07% 涨幅:  12.37% (625.00) x 600 = 5676.0元 休闲食品
✅庄园牧场(002910.SZ) 占比 9.30% 涨幅:  17.89% (883.00) x 600 = 5820.0元 饮料乳品
✅*******************总资产 62578.14 剩余可用金额 1583.14元*******************
  [动量策略] 预留现金: 791.57 | 持仓市值: 12,522.00 | 总资产: 13,313.57
    持仓: 德国ETF华安, 人工智能ETF华富
  [小市值策略] 预留现金: 791.57 | 持仓市值: 48,473.00 | 总资产: 49,264.57
    持仓: 中天服务, 亚联发展, 华斯股份, 海源复材, 恒大高新, 富煌钢构, 凤形股份, 桂发祥, 庄园牧场

  各策略的资金总和与账面资金吻合

==============================
今日股票收益: 0.00 元
收益率:       0.00 %
==============================


start
调度器已启动 — 动量(每天11:00) + 小市值(周二) 
sleep a day
今天是交易日吗 True
judge_date count  1
中小综指成分股数量：958
['002001.SZ', '002003.SZ', '002004.SZ', '002005.SZ', '002006.SZ', '002007.SZ', '002008.SZ', '002009.SZ', '002010.SZ', '002011.SZ']
涨停 002172.SZ 澳洋健康
涨停 002174.SZ 游族网络
涨停 002322.SZ 理工能科
涨停 002329.SZ 皇氏集团
涨停 002474.SZ 榕基软件
涨停 002484.SZ 江海股份
涨停 002491.SZ 通鼎互联
涨停 002575.SZ 群兴玩具
涨停 002682.SZ 龙洲股份
过滤ST/*ST股票后，剩余 895 只
prepare_stock_list count  2
大盘涨幅 1.02%
stop_loss count  3
check_limit_up count  4
sleep 20s
******************当日(2026-08-13 14:12:20.009091) (周4) 持仓市值: 60753.40元*******************
✅德国ETF华安(513030.SH) 占比 9.44% 涨幅:   1.81% (110.20) x 3200 = 6214.4元 None
✅人工智能ETF华富(515980.SH) 占比 9.89% 涨幅:   3.94% (247.00) x 6000 = 6510.0元 None
✅中天服务(002188.SZ) 占比 8.23% 涨幅:  16.79% (779.00) x 1000 = 5420.0元 房地产服务
✅亚联发展(002316.SZ) 占比 8.18% 涨幅:  10.48% (511.00) x 1200 = 5388.0元 综合
✅华斯股份(002494.SZ) 占比 8.00% 涨幅:  11.02% (523.00) x 1100 = 5269.0元 服装家纺
✅海源复材(002529.SZ) 占比 8.61% 涨幅:  10.85% (555.00) x 800 = 5672.0元 专用设备
✅恒大高新(002591.SZ) 占比 8.69% 涨幅:  58.48% (2112.18) x 900 = 5724.0元 化学制品
✅富煌钢构(002743.SZ) 占比 8.59% 涨幅:  15.64% (765.00) x 1400 = 5656.0元 专业工程
✅凤形股份(002760.SZ) 占比 5.37% 涨幅:   3.60% (123.00) x 200 = 3536.0元 通用设备
✅桂发祥(002820.SZ) 占比 8.47% 涨幅:  10.35% (523.00) x 600 = 5574.0元 休闲食品
✅庄园牧场(002910.SZ) 占比 8.79% 涨幅:  17.28% (853.00) x 600 = 5790.0元 饮料乳品
✅*******************总资产 65842.54 剩余可用金额 5083.14元*******************
  [动量策略] 预留现金: 791.57 | 持仓市值: 12,724.40 | 总资产: 13,515.97
    持仓: 德国ETF华安, 人工智能ETF华富
  [小市值策略] 预留现金: 791.57 | 持仓市值: 48,029.00 | 总资产: 48,820.57
    持仓: 中天服务, 亚联发展, 华斯股份, 海源复材, 恒大高新, 富煌钢构, 凤形股份, 桂发祥, 庄园牧场

check_remain_amount count  5
******************当日(2026-08-13 15:02:00.037298) (周4) 持仓市值: 60102.20元*******************
✅德国ETF华安(513030.SH) 占比 9.58% 涨幅:   2.28% (139.00) x 3200 = 6243.2元 None
✅人工智能ETF华富(515980.SH) 占比 9.81% 涨幅:   2.12% (133.00) x 6000 = 6396.0元 None
✅中天服务(002188.SZ) 占比 8.21% 涨幅:  15.28% (709.00) x 1000 = 5350.0元 房地产服务
✅亚联发展(002316.SZ) 占比 8.17% 涨幅:   9.25% (451.00) x 1200 = 5328.0元 综合
✅华斯股份(002494.SZ) 占比 8.00% 涨幅:   9.86% (468.00) x 1100 = 5214.0元 服装家纺
✅海源复材(002529.SZ) 占比 8.62% 涨幅:   9.75% (499.00) x 800 = 5616.0元 专用设备
✅恒大高新(002591.SZ) 占比 8.63% 涨幅:  55.74% (2013.18) x 900 = 5625.0元 化学制品
✅富煌钢构(002743.SZ) 占比 8.59% 涨幅:  14.50% (709.00) x 1400 = 5600.0元 专业工程
✅凤形股份(002760.SZ) 占比 5.36% 涨幅:   2.31% (79.00) x 200 = 3492.0元 通用设备
✅桂发祥(002820.SZ) 占比 8.49% 涨幅:   9.52% (481.00) x 600 = 5532.0元 休闲食品
✅庄园牧场(002910.SZ) 占比 8.75% 涨幅:  15.58% (769.00) x 600 = 5706.0元 饮料乳品
✅*******************总资产 65185.34 剩余可用金额 5083.14元*******************
  [动量策略] 预留现金: 791.57 | 持仓市值: 12,639.20 | 总资产: 13,430.77
    持仓: 德国ETF华安, 人工智能ETF华富
  [小市值策略] 预留现金: 791.57 | 持仓市值: 47,463.00 | 总资产: 48,254.57
    持仓: 中天服务, 亚联发展, 华斯股份, 海源复材, 恒大高新, 富煌钢构, 凤形股份, 桂发祥, 庄园牧场

  策略资金总和为1583.14，账面资金为5083.14

资金差额为3500.00
  [动量策略] 上一交易日现金记录791.57
  [小市值策略] 上一交易日现金记录791.57
资金差额较大，可能代码有问题，请调试
==============================
今日股票收益: 2607.20 元
收益率:       4.17 %
==============================



收到信号 2，关闭调度器...
调度器已关闭
