init — 双策略合并版
QMT路径: C:\QMT\国金证券QMT交易端\userdata_mini
建立交易连接，返回0表示连接成功 -1
init — 双策略合并版
QMT路径: C:\QMT\国金证券QMT交易端\userdata_mini
建立交易连接，返回0表示连接成功 -1
init — 双策略合并版
QMT路径: C:\QMT\userdata_mini
建立交易连接，返回0表示连接成功 0
初始化申万二级行业映射...
***** xtdata连接成功 *****
服务信息: {'tag': 'sp3', 'version': '1.0'}
服务地址: 127.0.0.1:58610
数据路径: C:\QMT\bin.x64/../userdata_mini/datadir
设置xtdata.enable_hello = False可隐藏此消息

行业映射完成，共 958 只股票
双策略初始化完成: 动量25.0% + 小市值75.0%
  初始资产 54712.73, 可用资金 3373.33
start
调度器已启动 — 动量(每天11:00) + 小市值(周二) 
sleep a day

收到信号 2，关闭调度器...
调度器已关闭
init — 双策略合并版
QMT路径: C:\QMT\userdata_mini
建立交易连接，返回0表示连接成功 0
初始化申万二级行业映射...
***** xtdata连接成功 *****
服务信息: {'tag': 'sp3', 'version': '1.0'}
服务地址: 127.0.0.1:58610
数据路径: C:\QMT\bin.x64/../userdata_mini/datadir
设置xtdata.enable_hello = False可隐藏此消息

行业映射完成，共 958 只股票
双策略初始化完成: 动量25.0% + 小市值75.0%
  初始资产 54712.73, 可用资金 3373.33
******************当日(2026-07-26 23:51:02.193617) (周7) 持仓市值: 51339.40元*******************
✅银华日利ETF(511880.SH) 占比 18.40% 涨幅:   0.02% (1.90) x 100 = 10065.4元 None
✅蓝丰生化(002513.SZ) 占比 24.99% 涨幅:   6.98% (892.00) x 3100 = 13671.0元 农化制品
✅恒大高新(002591.SZ) 占比 25.66% 涨幅:   6.17% (816.00) x 2600 = 14040.0元 化学制品
✅凤形股份(002760.SZ) 占比 24.79% 涨幅:   6.33% (808.00) x 900 = 13563.0元 通用设备
✅*******************总资产 54712.73 剩余可用金额 3373.33元*******************
  [动量策略] 预留现金: 843.33 | 持仓市值: 10,065.40 | 总资产: 10,908.73
    持仓: 银华日利ETF
  [小市值策略] 预留现金: 2,530.00 | 持仓市值: 41,274.00 | 总资产: 43,804.00
    持仓: 蓝丰生化, 恒大高新, 凤形股份

start
调度器已启动 — 动量(每天11:00) + 小市值(周二) 
sleep a day
今天是交易日吗 True
judge_date count  1
中小综指成分股数量：958
['002001.SZ', '002003.SZ', '002004.SZ', '002005.SZ', '002006.SZ', '002007.SZ', '002008.SZ', '002009.SZ', '002010.SZ', '002011.SZ']
涨停 002083.SZ 孚日股份
涨停 002448.SZ 中原内配
跌停 002490.SZ 山东墨龙
涨停 002580.SZ 圣阳股份
跌停 002774.SZ 快意电梯
过滤ST/*ST股票后，剩余 898 只
prepare_stock_list count  2
大盘涨幅 -0.96%
stop_loss count  3

✅========== [动量策略] 日度调仓 2026-07-27 ==========

========== [短期动量] 开始 (窗口=25天, 上限=6) ==========
  纳指ETF国泰(513100.SH): 年化=-34.9544% R²=0.6292 得分=-0.2199 [淘汰]
  日经ETF华夏(513520.SH): 年化=-82.8856% R²=0.8849 得分=-0.7334 [淘汰]
  德国ETF华安(513030.SH): 年化=-8.0087% R²=0.0003 得分=-0.0000 [淘汰]
  黄金ETF华安(518880.SH): 年化=-0.9372% R²=0.0003 得分=-0.0000 [淘汰]
  有色ETF大成(159980.SZ): 年化=38.8935% R²=0.6240 得分=0.2427
  豆粕ETF华夏(159985.SZ): 年化=269.6974% R²=0.8391 得分=2.2632
  南方原油LOF(501018.SH): 年化=4449.2806% R²=0.7847 得分=0.0000 [淘汰]
  30年国债ETF鹏扬(511090.SH): 年化=8.0815% R²=0.2382 得分=0.0193
  恒生科技ETF华泰柏瑞(513130.SH): 年化=95.2614% R²=0.5356 得分=0.5102
  >>> 短期动量最终选出: 豆粕ETF华夏(159985.SZ)

========== [长期动量] 开始 (窗口=250天, 上限=0.5) ==========
  纳指ETF国泰(513100.SH): 年化=28.5200% R²=0.5766 得分=0.1644
  日经ETF华夏(513520.SH): 年化=50.6023% R²=0.8118 得分=0.4108
  德国ETF华安(513030.SH): 年化=-7.2315% R²=0.3271 得分=-0.0237 [淘汰]
  黄金ETF华安(518880.SH): 年化=9.4513% R²=0.1336 得分=0.0126
  有色ETF大成(159980.SZ): 年化=27.1904% R²=0.7516 得分=0.2044
  豆粕ETF华夏(159985.SZ): 年化=10.7334% R²=0.4085 得分=0.0438
  南方原油LOF(501018.SH): 年化=108.4775% R²=0.5932 得分=0.0000 [淘汰]
  30年国债ETF鹏扬(511090.SH): 年化=-3.3795% R²=0.3337 得分=-0.0113 [淘汰]
  恒生科技ETF华泰柏瑞(513130.SH): 年化=-32.3941% R²=0.8088 得分=-0.2620 [淘汰]
  >>> 长期动量最终选出: 日经ETF华夏(513520.SH)

========== 选股汇总 ==========
  短期: 豆粕ETF华夏(159985.SZ)  长期: 日经ETF华夏(513520.SH)
  两者不同 → 各配50%
  总资产: 55,967.63, 动量总资产: 10,907.63
  [调出] 银华日利ETF(511880.SH) → 清仓
async_seq  12
sleep 30s
异步委托回调 投资备注: 清仓511880.SH 
  [与目标差异太小，不减仓] 豆粕ETF华夏(159985.SZ): 0.00 → 5,453.82
  [与目标差异太小，不减仓] 日经ETF华夏(513520.SH): 0.00 → 5,453.82
  [加仓] 豆粕ETF华夏(159985.SZ): 0.00 → 5,453.82
buy 159985.SZ passorder target value 5453.82 current 0.00 amount 2400 @2.35
async_seq  15
  [加仓] 日经ETF华夏(513520.SH): 0.00 → 5,453.82
buy 513520.SH passorder target value 5453.82 current 0.00 amount 2400 @2.27
async_seq  17
✅========== [动量策略] 调仓结束 ==========

异步委托回调 投资备注: Buy 159985.SZ Tgt 5453.
异步委托回调 投资备注: Buy 513520.SH Tgt 5453.
check_limit_up count  4
sleep 20s
******************当日(2026-07-27 14:12:20.003895) (周1) 持仓市值: 53081.60元*******************
✅蓝丰生化(002513.SZ) 占比 25.01% 涨幅:   9.41% (1202.00) x 3100 = 13981.0元 农化制品
✅恒大高新(002591.SZ) 占比 25.77% 涨幅:   8.92% (1180.00) x 2600 = 14404.0元 化学制品
✅凤形股份(002760.SZ) 占比 25.10% 涨幅:  10.00% (1276.00) x 900 = 14031.0元 通用设备
✅豆粕ETF华夏(159985.SZ) 占比 9.73% 涨幅:   0.53% (28.60) x 2400 = 5440.8元 None
✅日经ETF华夏(513520.SH) 占比 9.35% 涨幅:   0.41% (21.40) x 2400 = 5224.8元 None
✅持仓: 银华日利ETF(511880.SH) 0股
✅*******************总资产 55903.63 剩余可用金额 2822.03元*******************
  [动量策略] 预留现金: -173.17 | 持仓市值: 10,665.60 | 总资产: 10,492.43
    持仓: 豆粕ETF华夏, 日经ETF华夏
  [小市值策略] 预留现金: 2,530.00 | 持仓市值: 42,416.00 | 总资产: 44,946.00
    持仓: 蓝丰生化, 恒大高新, 凤形股份

check_remain_amount count  5
******************当日(2026-07-27 15:02:00.027235) (周1) 持仓市值: 53289.60元*******************
✅蓝丰生化(002513.SZ) 占比 25.08% 涨幅:  10.13% (1295.00) x 3100 = 14074.0元 农化制品
✅恒大高新(002591.SZ) 占比 25.76% 涨幅:   9.32% (1232.00) x 2600 = 14456.0元 化学制品
✅凤形股份(002760.SZ) 占比 25.12% 涨幅:  10.50% (1339.00) x 900 = 14094.0元 通用设备
✅豆粕ETF华夏(159985.SZ) 占比 9.64% 涨幅:  -0.05% (-2.60) x 2400 = 5409.6元 None
✅日经ETF华夏(513520.SH) 占比 9.37% 涨幅:   1.01% (52.60) x 2400 = 5256.0元 None
✅持仓: 银华日利ETF(511880.SH) 0股
✅*******************总资产 56111.63 剩余可用金额 2822.03元*******************
  [动量策略] 预留现金: -173.17 | 持仓市值: 10,665.60 | 总资产: 10,492.43
    持仓: 豆粕ETF华夏, 日经ETF华夏
  [小市值策略] 预留现金: 2,530.00 | 持仓市值: 42,624.00 | 总资产: 45,154.00
    持仓: 蓝丰生化, 恒大高新, 凤形股份

==============================
今日股票收益: 1398.90 元
收益率:       2.56 %
==============================



收到信号 2，关闭调度器...
调度器已关闭
