init
建立交易连接，返回0表示连接成功 0
策略初始化完成：每月初调仓，持有市值最小的9只股票, 初始资金94.17
***** xtdata连接成功 *****
服务信息: {'tag': 'sp3', 'version': '1.0'}
服务地址: 127.0.0.1:58610
数据路径: C:\QMT\bin.x64/../userdata_mini/datadir
设置xtdata.enable_hello = False可隐藏此消息

******************当日(2026-05-23 15:55:57.638243) (周6)持仓市值: 74629.00元*******************
✅持仓: 中天服务(002188.SZ), 占比 11.50%, 涨跌幅: -8.80% (-829.00), 数量: 1300, 市值: 8593.0元 房地产服务
✅持仓: 亚联发展(002316.SZ), 占比 11.04%, 涨跌幅: -3.58% (-306.00), 数量: 1500, 市值: 8250.0元 多元金融
✅持仓: 嘉麟杰(002486.SZ), 占比 11.31%, 涨跌幅: -4.83% (-429.00), 数量: 3200, 市值: 8448.0元 服装家纺
✅持仓: 光正眼科(002524.SZ), 占比 11.03%, 涨跌幅: -8.24% (-740.00), 数量: 2000, 市值: 8240.0元 医疗服务
✅持仓: 百洋股份(002696.SZ), 占比 11.19%, 涨跌幅: -6.96% (-625.72), 数量: 1300, 市值: 8359.0元 饲料
✅持仓: 富煌钢构(002743.SZ), 占比 11.07%, 涨跌幅: -4.30% (-372.00), 数量: 1600, 市值: 8272.0元 专业工程
✅持仓: 桂发祥(002820.SZ), 占比 10.09%, 涨跌幅: -8.91% (-737.00), 数量: 700, 市值: 7539.0元 休闲食品
✅持仓: 贝肯能源(002828.SZ), 占比 11.30%, 涨跌幅: -6.74% (-610.00), 数量: 800, 市值: 8440.0元 油服工程
✅持仓: 庄园牧场(002910.SZ), 占比 11.36%, 涨跌幅: -8.03% (-740.85), 数量: 800, 市值: 8488.0元 饮料乳品
✅*******************总资产 74723.17  剩余可用金额 94.17元*******************


==============================
今日股票收益: 0.00 元
收益率:       0.00 %
==============================


init
建立交易连接，返回0表示连接成功 0
策略初始化完成：每月初调仓，持有市值最小的9只股票, 初始资金94.17
***** xtdata连接成功 *****
服务信息: {'tag': 'sp3', 'version': '1.0'}
服务地址: 127.0.0.1:58610
数据路径: C:\QMT\bin.x64/../userdata_mini/datadir
设置xtdata.enable_hello = False可隐藏此消息

start
sleep a day

收到信号 2，正在关闭调度器...
调度器已安全关闭
init
建立交易连接，返回0表示连接成功 0
策略初始化完成：每月初调仓，持有市值最小的9只股票, 初始资金94.17
***** xtdata连接成功 *****
服务信息: {'tag': 'sp3', 'version': '1.0'}
服务地址: 127.0.0.1:58610
数据路径: C:\QMT\bin.x64/../userdata_mini/datadir
设置xtdata.enable_hello = False可隐藏此消息

start
sleep a day
今天是交易日吗 False
judge_date count  1
******************当日(2026-05-24 15:01:00.007798) (周7) 持仓市值: 74629.00元*******************
✅持仓: 中天服务(002188.SZ), 占比 11.50%, 涨跌幅: -8.80% (-829.00), 数量: 1300, 市值: 8593.0元 房地产服务
✅持仓: 亚联发展(002316.SZ), 占比 11.04%, 涨跌幅: -3.58% (-306.00), 数量: 1500, 市值: 8250.0元 多元金融
✅持仓: 嘉麟杰(002486.SZ), 占比 11.31%, 涨跌幅: -4.83% (-429.00), 数量: 3200, 市值: 8448.0元 服装家纺
✅持仓: 光正眼科(002524.SZ), 占比 11.03%, 涨跌幅: -8.24% (-740.00), 数量: 2000, 市值: 8240.0元 医疗服务
✅持仓: 百洋股份(002696.SZ), 占比 11.19%, 涨跌幅: -6.96% (-625.72), 数量: 1300, 市值: 8359.0元 饲料
✅持仓: 富煌钢构(002743.SZ), 占比 11.07%, 涨跌幅: -4.30% (-372.00), 数量: 1600, 市值: 8272.0元 专业工程
✅持仓: 桂发祥(002820.SZ), 占比 10.09%, 涨跌幅: -8.91% (-737.00), 数量: 700, 市值: 7539.0元 休闲食品
✅持仓: 贝肯能源(002828.SZ), 占比 11.30%, 涨跌幅: -6.74% (-610.00), 数量: 800, 市值: 8440.0元 油服工程
✅持仓: 庄园牧场(002910.SZ), 占比 11.36%, 涨跌幅: -8.03% (-740.85), 数量: 800, 市值: 8488.0元 饮料乳品
✅*******************总资产 74723.17  剩余可用金额 94.17元*******************


==============================
今日股票收益: 0.00 元
收益率:       0.00 %
==============================


sleep a day
今天是交易日吗 True
judge_date count  1
中小综指成分股数量：961
['002001.SZ', '002003.SZ', '002004.SZ', '002005.SZ', '002006.SZ', '002007.SZ', '002008.SZ', '002009.SZ', '002010.SZ', '002011.SZ']
002231.SZ cannot get instrument detail !!!
涨停 002442.SZ 龙星科技
涨停 002526.SZ 山东矿机
涨停 002585.SZ 双星新材
002693.SZ  可能停牌  -1
过滤ST/*ST股票后，剩余 887 只
prepare_stock_list count  2
async_seq  9
002828.SZ 股价10.14 成本11.31
❌ 收益止损,卖出002828.SZ,跌幅 10.36%
大盘涨幅 1.24%
sleep 30s异步委托回调 投资备注: 清仓002828.SZ 

******************当日(2026-05-25 10:02:30.023739) (周1) 持仓市值: 66178.00元*******************
✅持仓: 中天服务(002188.SZ), 占比 11.69%, 涨跌幅: -8.38% (-790.00), 数量: 1300, 市值: 8632.0元 房地产服务
✅持仓: 亚联发展(002316.SZ), 占比 11.07%, 涨跌幅: -4.45% (-381.00), 数量: 1500, 市值: 8175.0元 多元金融
✅持仓: 嘉麟杰(002486.SZ), 占比 11.52%, 涨跌幅: -4.11% (-365.00), 数量: 3200, 市值: 8512.0元 服装家纺
✅持仓: 光正眼科(002524.SZ), 占比 11.13%, 涨跌幅: -8.46% (-760.00), 数量: 2000, 市值: 8220.0元 医疗服务
✅持仓: 百洋股份(002696.SZ), 占比 11.28%, 涨跌幅: -7.25% (-651.72), 数量: 1300, 市值: 8333.0元 饲料
✅持仓: 富煌钢构(002743.SZ), 占比 11.16%, 涨跌幅: -4.67% (-404.00), 数量: 1600, 市值: 8240.0元 专业工程
✅持仓: 桂发祥(002820.SZ), 占比 10.29%, 涨跌幅: -8.14% (-674.00), 数量: 700, 市值: 7602.0元 休闲食品
✅持仓: 庄园牧场(002910.SZ), 占比 11.46%, 涨跌幅: -8.29% (-764.85), 数量: 800, 市值: 8464.0元 饮料乳品
✅持仓: 贝肯能源(002828.SZ) 0股
✅*******************总资产 73864.17  剩余可用金额 8054.17元*******************


stop_loss count  3
check_limit_up count  4
止盈止损后，有余额可用8044.69元。买入511880.SH
====调整每股额度====
当前可用资金  8044.69 
持仓市值  64854.0 
总资产:  72898.69 
每股额度  8044.69
===可用资金 8044.69===
511880.SH 银华日利ETF 现价100.49 期望持仓 8044.69元,
现有持仓 0.00元，相差 8044.69元，需要买入股数 80.06不足100股，放弃交易
async_seq  None
buy_target_value failed 511880.SH 银华日利ETF
sleep 20s
******************当日(2026-05-25 14:02:21.020986) (周1) 持仓市值: 64853.00元*******************
✅持仓: 中天服务(002188.SZ), 占比 11.61%, 涨跌幅: -10.18% (-959.00), 数量: 1300, 市值: 8463.0元 房地产服务
✅持仓: 亚联发展(002316.SZ), 占比 11.11%, 涨跌幅: -5.33% (-456.00), 数量: 1500, 市值: 8100.0元 多元金融
✅持仓: 嘉麟杰(002486.SZ), 占比 11.41%, 涨跌幅: -6.27% (-557.00), 数量: 3200, 市值: 8320.0元 服装家纺
✅持仓: 光正眼科(002524.SZ), 占比 10.92%, 涨跌幅: -11.36% (-1020.00), 数量: 2000, 市值: 7960.0元 医疗服务
✅持仓: 百洋股份(002696.SZ), 占比 11.18%, 涨跌幅: -9.28% (-833.72), 数量: 1300, 市值: 8151.0元 饲料
✅持仓: 富煌钢构(002743.SZ), 占比 11.11%, 涨跌幅: -6.34% (-548.00), 数量: 1600, 市值: 8096.0元 专业工程
✅持仓: 桂发祥(002820.SZ), 占比 10.27%, 涨跌幅: -9.58% (-793.00), 数量: 700, 市值: 7483.0元 休闲食品
✅持仓: 庄园牧场(002910.SZ), 占比 11.36%, 涨跌幅: -10.28% (-948.85), 数量: 800, 市值: 8280.0元 饮料乳品
✅持仓: 贝肯能源(002828.SZ) 0股
✅*******************总资产 72897.69  剩余可用金额 8044.69元*******************


check_remain_amount count  5
******************当日(2026-05-25 15:01:00.006022) (周1) 持仓市值: 65274.00元*******************
✅持仓: 中天服务(002188.SZ), 占比 11.58%, 涨跌幅: -9.90% (-933.00), 数量: 1300, 市值: 8489.0元 房地产服务
✅持仓: 亚联发展(002316.SZ), 占比 11.07%, 涨跌幅: -5.15% (-441.00), 数量: 1500, 市值: 8115.0元 多元金融
✅持仓: 嘉麟杰(002486.SZ), 占比 11.52%, 涨跌幅: -4.83% (-429.00), 数量: 3200, 市值: 8448.0元 服装家纺
✅持仓: 光正眼科(002524.SZ), 占比 10.97%, 涨跌幅: -10.47% (-940.00), 数量: 2000, 市值: 8040.0元 医疗服务
✅持仓: 百洋股份(002696.SZ), 占比 11.21%, 涨跌幅: -8.56% (-768.72), 数量: 1300, 市值: 8216.0元 饲料
✅持仓: 富煌钢构(002743.SZ), 占比 11.11%, 涨跌幅: -5.78% (-500.00), 数量: 1600, 市值: 8144.0元 专业工程
✅持仓: 桂发祥(002820.SZ), 占比 10.18%, 涨跌幅: -9.84% (-814.00), 数量: 700, 市值: 7462.0元 休闲食品
✅持仓: 庄园牧场(002910.SZ), 占比 11.40%, 涨跌幅: -9.41% (-868.85), 数量: 800, 市值: 8360.0元 饮料乳品
✅持仓: 贝肯能源(002828.SZ) 0股
✅*******************总资产 73318.69  剩余可用金额 8044.69元*******************


==============================
今日股票收益: -1404.48 元
收益率:       -1.88 %
==============================


sleep a day
今天是交易日吗 True
judge_date count  1
中小综指成分股数量：961
['002001.SZ', '002003.SZ', '002004.SZ', '002005.SZ', '002006.SZ', '002007.SZ', '002008.SZ', '002009.SZ', '002010.SZ', '002011.SZ']
涨停 002185.SZ 华天科技
002231.SZ cannot get instrument detail !!!
跌停 002297.SZ 博云新材
涨停 002388.SZ 新亚制程
过滤ST/*ST股票后，剩余 888 只
prepare_stock_list count  2
✅========== 执行周度调仓，日期：2026-05-26 10:00:00.065051 ==========
******************当日(2026-05-26 10:00:00.065051) (周2) 持仓市值: 64828.00元*******************
✅持仓: 中天服务(002188.SZ), 占比 11.57%, 涨跌幅: -11.14% (-1050.00), 数量: 1300, 市值: 8372.0元 房地产服务
✅持仓: 亚联发展(002316.SZ), 占比 11.38%, 涨跌幅: -3.75% (-321.00), 数量: 1500, 市值: 8235.0元 多元金融
✅持仓: 嘉麟杰(002486.SZ), 占比 11.54%, 涨跌幅: -5.91% (-525.00), 数量: 3200, 市值: 8352.0元 服装家纺
✅持仓: 光正眼科(002524.SZ), 占比 11.08%, 涨跌幅: -10.69% (-960.00), 数量: 2000, 市值: 8020.0元 医疗服务
✅持仓: 百洋股份(002696.SZ), 占比 11.23%, 涨跌幅: -9.57% (-859.72), 数量: 1300, 市值: 8125.0元 饲料
✅持仓: 富煌钢构(002743.SZ), 占比 11.12%, 涨跌幅: -6.89% (-596.00), 数量: 1600, 市值: 8048.0元 专业工程
✅持仓: 桂发祥(002820.SZ), 占比 10.25%, 涨跌幅: -10.34% (-856.00), 数量: 700, 市值: 7420.0元 休闲食品
✅持仓: 庄园牧场(002910.SZ), 占比 11.41%, 涨跌幅: -10.54% (-972.85), 数量: 800, 市值: 8256.0元 饮料乳品
✅*******************总资产 72365.19  剩余可用金额 8045.19元*******************


get_small_cap_stocks   2026-05-26 10:00:00.065051    head 9
    第 1名: 贝肯能源(002828.SZ), 流通市值: 19.64 亿元 油服工程   <== 选中
    第 2名: 庄园牧场(002910.SZ), 流通市值: 20.18 亿元 饮料乳品   <== 选中
    第 3名: 光正眼科(002524.SZ), 流通市值: 20.66 亿元 医疗服务   <== 选中
    第 4名: 中天服务(002188.SZ), 流通市值: 21.07 亿元 房地产服务   <== 选中
    第 5名: 桂发祥(002820.SZ), 流通市值: 21.29 亿元 休闲食品   <== 选中
    第 6名: 嘉麟杰(002486.SZ), 流通市值: 21.51 亿元 服装家纺   <== 选中
    第 7名: 亚联发展(002316.SZ), 流通市值: 21.58 亿元 多元金融   <== 选中
    第 8名: 百洋股份(002696.SZ), 流通市值: 21.61 亿元 饲料   <== 选中
    第 9名: 华斯股份(002494.SZ), 流通市值: 21.62 亿元 服装家纺 
    第10名: 富煌钢构(002743.SZ), 流通市值: 21.89 亿元 专业工程   <== 选中
    第11名: 黄山胶囊(002817.SZ), 流通市值: 21.92 亿元 化学制药 
    第12名: 开普检测(003008.SZ), 流通市值: 22.13 亿元 专业服务 
    第13名: 皓宸医疗(002622.SZ), 流通市值: 22.26 亿元 医疗服务 
    第14名: 新天药业(002873.SZ), 流通市值: 22.26 亿元 中药 
    第15名: 海鸥住工(002084.SZ), 流通市值: 22.61 亿元 家居用品 
    第16名: 宏达高科(002144.SZ), 流通市值: 22.66 亿元 纺织制造 
    第17名: 登云股份(002715.SZ), 流通市值: 22.67 亿元 汽车零部件 
    第18名: 红墙股份(002809.SZ), 流通市值: 22.75 亿元 化学制品 
    第19名: 天元股份(003003.SZ), 流通市值: 22.81 亿元 包装印刷 
    第20名: 天禾股份(002999.SZ), 流通市值: 22.87 亿元 农化制品 
Job "rebalance_sell (trigger: cron[hour='10', minute='0'], next run at: 2026-05-27 10:00:00 CST)" raised an exception
Traceback (most recent call last):
  File "C:\Users\Administrator\AppData\Local\Programs\Python\Python311\Lib\site-packages\apscheduler\executors\base.py", line
 131, in run_job
    retval = job.func(*job.args, **job.kwargs)
             ^^^^^^^^^^^^^^^^^^^^^^^^^^^^^^^^^
  File "C:\Users\Administrator\Desktop\socket\QMT\code\miniqmt_small_cap_0_1.py", line 458, in rebalance_sell
    g.selected_stocks.remove(stock)
                     ^^^^^^^^^^^^^^
NameError: name 'get_security_info' is not defined
async_seq  27
002188.SZ 股价6.44 成本7.25
❌ 收益止损,卖出002188.SZ,跌幅 11.14%
async_seq  29
002524.SZ 股价4.01 成本4.49
❌ 收益止损,卖出002524.SZ,跌幅 10.69%
async_seq  31
002820.SZ 股价10.60 成本11.82
❌ 收益止损,卖出002820.SZ,跌幅 10.34%
异步委托回调 投资备注: 清仓002188.SZ 
async_seq  33
002910.SZ 股价10.32 成本11.54
❌ 收益止损,卖出002910.SZ,跌幅 10.54%
异步委托回调 投资备注: 清仓002524.SZ 
大盘涨幅 0.19%
sleep 30s
异步委托回调 投资备注: 清仓002820.SZ 
异步委托回调 投资备注: 清仓002910.SZ 
******************当日(2026-05-26 10:02:30.032051) (周2) 持仓市值: 32760.00元*******************
✅持仓: 亚联发展(002316.SZ), 占比 11.49%, 涨跌幅: -3.75% (-321.00), 数量: 1500, 市值: 8235.0元 多元金融
✅持仓: 嘉麟杰(002486.SZ), 占比 11.65%, 涨跌幅: -5.91% (-525.00), 数量: 3200, 市值: 8352.0元 服装家纺
✅持仓: 百洋股份(002696.SZ), 占比 11.33%, 涨跌幅: -9.57% (-859.72), 数量: 1300, 市值: 8125.0元 饲料
✅持仓: 富煌钢构(002743.SZ), 占比 11.22%, 涨跌幅: -6.89% (-596.00), 数量: 1600, 市值: 8048.0元 专业工程
✅持仓: 中天服务(002188.SZ) 0股
✅持仓: 光正眼科(002524.SZ) 0股
✅持仓: 桂发祥(002820.SZ) 0股
✅持仓: 庄园牧场(002910.SZ) 0股
✅*******************总资产 71697.19  剩余可用金额 39690.19元*******************


stop_loss count  4
check_limit_up count  5
止盈止损后，有余额可用39652.37元。买入511880.SH
====调整每股额度====
当前可用资金  39652.37 
持仓市值  32146.0 
总资产:  71798.37 
每股额度  39652.37
===可用资金 39652.37===
buy 511880.SH passorder target value 39652.37 current 0.00 amount 300.00
async_seq  40
异步委托回调 投资备注: Buy 511880.SH Tgt 39652
sleep 20s
******************当日(2026-05-26 14:02:21.012803) (周2) 持仓市值: 62255.30元*******************
✅持仓: 亚联发展(002316.SZ), 占比 11.41%, 涨跌幅: -4.28% (-366.00), 数量: 1500, 市值: 8190.0元 多元金融
✅持仓: 嘉麟杰(002486.SZ), 占比 11.41%, 涨跌幅: -7.72% (-685.00), 数量: 3200, 市值: 8192.0元 服装家纺
✅持仓: 百洋股份(002696.SZ), 占比 11.09%, 涨跌幅: -11.45% (-1028.72), 数量: 1300, 市值: 7956.0元 饲料
✅持仓: 富煌钢构(002743.SZ), 占比 10.84%, 涨跌幅: -10.04% (-868.00), 数量: 1600, 市值: 7776.0元 专业工程
✅持仓: 银华日利ETF(511880.SH), 占比 42.00%, 涨跌幅: -0.00% (-0.30), 数量: 300, 市值: 30141.3元 None
✅持仓: 中天服务(002188.SZ) 0股
✅持仓: 光正眼科(002524.SZ) 0股
✅持仓: 桂发祥(002820.SZ) 0股
✅持仓: 庄园牧场(002910.SZ) 0股
✅*******************总资产 71766.07  剩余可用金额 9510.77元*******************


check_remain_amount count  6
******************当日(2026-05-26 15:01:00.021602) (周2) 持仓市值: 62362.50元*******************
✅持仓: 亚联发展(002316.SZ), 占比 11.46%, 涨跌幅: -3.75% (-321.00), 数量: 1500, 市值: 8235.0元 多元金融
✅持仓: 嘉麟杰(002486.SZ), 占比 11.44%, 涨跌幅: -7.36% (-653.00), 数量: 3200, 市值: 8224.0元 服装家纺
✅持仓: 百洋股份(002696.SZ), 占比 11.09%, 涨跌幅: -11.30% (-1015.72), 数量: 1300, 市值: 7969.0元 饲料
✅持仓: 富煌钢构(002743.SZ), 占比 10.84%, 涨跌幅: -9.86% (-852.00), 数量: 1600, 市值: 7792.0元 专业工程
✅持仓: 银华日利ETF(511880.SH), 占比 41.94%, 涨跌幅: 0.00% (0.90), 数量: 300, 市值: 30142.5元 None
✅持仓: 中天服务(002188.SZ) 0股
✅持仓: 光正眼科(002524.SZ) 0股
✅持仓: 桂发祥(002820.SZ) 0股
✅持仓: 庄园牧场(002910.SZ) 0股
✅*******************总资产 71872.97  剩余可用金额 9510.77元*******************


==============================
今日股票收益: -1445.72 元
收益率:       -1.97 %
==============================



收到信号 2，正在关闭调度器...
调度器已安全关闭
