rebalance_buy count  5
init
建立交易连接，返回0表示连接成功 0
策略初始化完成：每月初调仓，持有市值最小的9只股票, 初始资金94.17
***** xtdata连接成功 *****
服务信息: {'tag': 'sp3', 'version': '1.0'}
服务地址: 127.0.0.1:58610
数据路径: C:\QMT\bin.x64/../userdata_mini/datadir
设置xtdata.enable_hello = False可隐藏此消息

start
sleep a day
今天是交易日吗 False
judge_date count  1
******************当日(2026-05-23 15:01:00.009408)持仓市值: 74629.00元*******************
✅持仓: 中天服务(002188.SZ), 占比 11.50%, 涨跌幅: -8.80% (-829.00), 数量: 1300, 市值: 8593.0元 房地产服务
✅持仓: 亚联发展(002316.SZ), 占比 11.04%, 涨跌幅: -3.58% (-306.00), 数量: 1500, 市值: 8250.0元 多元金融
✅持仓: 嘉麟杰(002486.SZ), 占比 11.31%, 涨跌幅: -4.83% (-429.00), 数量: 3200, 市值: 8448.0元 服装家纺
✅持仓: 光正眼科(002524.SZ), 占比 11.03%, 涨跌幅: -8.24% (-740.00), 数量: 2000, 市值: 8240.0元 医疗服务
✅持仓: 百洋股份(002696.SZ), 占比 11.19%, 涨跌幅: -6.96% (-625.72), 数量: 1300, 市值: 8359.0元 饲料
✅持仓: 富煌钢构(002743.SZ), 占比 11.07%, 涨跌幅: -4.30% (-372.00), 数量: 1600, 市值: 8272.0元 专业工程
✅持仓: 桂发祥(002820.SZ), 占比 10.09%, 涨跌幅: -8.91% (-737.00), 数量: 700, 市值: 7539.0元 休闲食品
✅持仓: 贝肯能源(002828.SZ), 占比 11.30%, 涨跌幅: -6.74% (-610.00), 数量: 800, 市值: 8440.0元 油服工程
✅持仓: 庄园牧场(002910.SZ), 占比 11.36%, 涨跌幅: -8.03% (-740.85), 数量: 800, 市值: 8488.0元 饮料乳品
✅*******************总资产 74723.17  剩余可用金额 94.17元*******************


==============================
今日股票收益: 0.00 元
收益率:       0.00 %
==============================



收到信号 2，正在关闭调度器...
调度器已安全关闭
