init — 双策略合并版
QMT路径: C:\QMT\userdata_mini
建立交易连接，返回0表示连接成功 0
初始化申万二级行业映射...
***** xtdata连接成功 *****
服务信息: {'tag': 'sp3', 'version': '1.0'}
服务地址: 127.0.0.1:58610
数据路径: C:\QMT\bin.x64/../userdata_mini/datadir
设置xtdata.enable_hello = False可隐藏此消息

行业映射完成，共 958 只股票
双策略初始化完成: 动量0.1% + 小市值99.9%
  初始资产 69186.97, 可用资金 2777.97
******************当日(2026-08-30 15:51:40.585875) (周7) 持仓市值: 66409.00元*******************
✅德国ETF华安(513030.SH) 占比 23.59% 涨幅:   0.97% (156.50) x 8500 = 16320.0元 None
✅中天服务(002188.SZ) 占比 8.12% 涨幅:  21.09% (979.00) x 1000 = 5620.0元 房地产服务
✅亚联发展(002316.SZ) 占比 7.89% 涨幅:  11.95% (583.00) x 1200 = 5460.0元 综合
✅华斯股份(002494.SZ) 占比 7.70% 涨幅:  12.18% (578.00) x 1100 = 5324.0元 服装家纺
✅海源复材(002529.SZ) 占比 8.13% 涨幅:   9.91% (507.00) x 800 = 5624.0元 专用设备
✅恒大高新(002591.SZ) 占比 8.44% 涨幅:  61.72% (2229.18) x 900 = 5841.0元 化学制品
✅凤形股份(002760.SZ) 占比 5.43% 涨幅:   9.99% (341.00) x 200 = 3754.0元 通用设备
✅中晟高科(002778.SZ) 占比 9.23% 涨幅:   1.83% (115.00) x 400 = 6388.0元 环境治理
✅桂发祥(002820.SZ) 占比 8.82% 涨幅:  20.81% (1051.00) x 600 = 6102.0元 休闲食品
✅庄园牧场(002910.SZ) 占比 8.64% 涨幅:  21.05% (1039.00) x 600 = 5976.0元 饮料乳品
✅*******************总资产 69186.97 剩余可用金额 2777.97元*******************
  [动量策略] 预留现金: 2.78 | 持仓市值: 16,320.00 | 总资产: 16,322.78
    持仓: 德国ETF华安
  [小市值策略] 预留现金: 2,775.19 | 持仓市值: 50,089.00 | 总资产: 52,864.19
    持仓: 中天服务, 亚联发展, 华斯股份, 海源复材, 恒大高新, 凤形股份, 中晟高科, 桂发祥, 庄园牧场

  各策略的资金总和与账面资金吻合

==============================
今日股票收益: 0.00 元
收益率:       0.00 %
==============================


start
调度器已启动 — 动量(每天11:00) + 小市值(周二) 
sleep a day
