init — 双策略合并版
1m
20260904-174955
行业映射完成，共 958 只股票
双策略初始化完成: 动量5.0% + 小市值95.0%[0m
  初始资产 69543.28, 可用资金 3471.78
******************当日(1970-01-01 08:00:00) (周4) 持仓市值: 66071.50元*******************
✅宏达高科(002144.SZ) 占比 8.03% 涨幅:  -1.85% (-105.00) x 500 = 5585.0元
✅中天服务(002188.SZ) 占比 8.02% 涨幅:  20.23% (939.00) x 1000 = 5580.0元
✅亚联发展(002316.SZ) 占比 7.66% 涨幅:   9.25% (450.96) x 1200 = 5328.0元
✅华斯股份(002494.SZ) 占比 7.59% 涨幅:  11.25% (534.05) x 1100 = 5280.0元
✅海源复材(002529.SZ) 占比 8.12% 涨幅:  10.38% (530.96) x 800 = 5648.0元
✅恒大高新(002591.SZ) 占比 8.39% 涨幅:  61.47% (2220.21) x 900 = 5832.0元
✅登云股份(002715.SZ) 占比 8.07% 涨幅:  -1.49% (-85.00) x 400 = 5612.0元
✅凤形股份(002760.SZ) 占比 7.69% 涨幅:  -3.50% (-194.01) x 300 = 5349.0元
✅天元股份(003003.SZ) 占比 8.07% 涨幅:  -1.15% (-65.50) x 500 = 5610.0元
✅豆粕ETF华夏(159985.SZ) 占比 23.36% 涨幅:   3.69% (578.21) x 6700 = 16247.5元
✅持仓: 桂发祥(002820.SZ) 0股
✅*******************总资产 69543.28  剩余可用金额 3471.78元*******************
  [动量策略] 预留现金: 173.59 | 持仓市值: 16,247.50 | 总资产: 16,421.09
    持仓: 豆粕ETF华夏
  [小市值策略] 预留现金: 3,298.19 | 持仓市值: 49,824.00 | 总资产: 53,122.19
    持仓: 宏达高科, 中天服务, 亚联发展, 华斯股份, 海源复材, 恒大高新, 登云股份, 凤形股份, 桂发祥, 天元股份

2026-09-04 15:00:00
✅*******************当日2026-09-04 15:00:00(周5)持仓市值: 66071.50元*******************
✅持仓: 宏达高科(002144.SZ), 占比 8.0%, 涨跌幅: -1.8% (-105.0), 数量: 500, 市值: 5585.0元
✅持仓: 中天服务(002188.SZ), 占比 8.0%, 涨跌幅: 20.2% (939.0), 数量: 1000, 市值: 5580.0元
✅持仓: 亚联发展(002316.SZ), 占比 7.7%, 涨跌幅: 9.2% (451.0), 数量: 1200, 市值: 5328.0元
✅持仓: 华斯股份(002494.SZ), 占比 7.6%, 涨跌幅: 11.3% (534.0), 数量: 1100, 市值: 5280.0元
✅持仓: 海源复材(002529.SZ), 占比 8.1%, 涨跌幅: 10.4% (531.0), 数量: 800, 市值: 5648.0元
✅持仓: 恒大高新(002591.SZ), 占比 8.4%, 涨跌幅: 61.5% (2220.2), 数量: 900, 市值: 5832.0元
✅持仓: 登云股份(002715.SZ), 占比 8.1%, 涨跌幅: -1.5% (-85.0), 数量: 400, 市值: 5612.0元
✅持仓: 凤形股份(002760.SZ), 占比 7.7%, 涨跌幅: -3.5% (-194.0), 数量: 300, 市值: 5349.0元
✅持仓: 天元股份(003003.SZ), 占比 8.1%, 涨跌幅: -1.2% (-65.5), 数量: 500, 市值: 5610.0元
✅持仓: 豆粕ETF华夏(159985.SZ), 占比 23.4%, 涨跌幅: 3.7% (578.2), 数量: 6700, 市值: 16247.5元
✅持仓: 桂发祥(002820.SZ) 0股
✅*******************总资产 69543.28  剩余可用金额 3471.78元*******************


  各策略的资金总和与账面资金吻合

==============================
今日股票收益: 0.00 元
收益率:       0.00 %
==============================


今天是交易日吗 True
judge_date count  1
20260907
中小综指成分股数量：958
['002001.SZ', '002003.SZ', '002004.SZ', '002005.SZ', '002006.SZ', '002007.SZ', '002008.SZ', '002009.SZ', '002010.SZ', '002011.SZ']
过滤ST/*ST股票后，剩余 904 只
去除科创版，北交所等，共有 904 只股票
涨停 002124.SZ 天邦食品
跌停 002674.SZ 兴业科技
涨停 002702.SZ 海欣食品
002743.SZ 可能停牌 富煌钢构
002870.SZ 可能停牌 香山股份
涨停 002881.SZ 美格智能
002998.SZ 可能停牌 优彩资源
过滤停牌，涨跌停股票后，剩余 897 只
prepare_stock_list count  2
2026-09-07 10:00:00
大盘涨幅 -1.41%
stop_loss count  3
2026-09-07 11:00:00

✅========== [动量策略] 每日调仓 2026-09-07 11:01:00 ==========

========== [短期动量] 开始 (窗口=25天) ==========
[2.127 2.192 2.267 2.244 2.266 2.261 2.215 2.226 2.226 2.264 2.274 2.239
 2.2   2.212 2.195 2.166 2.195 2.203 2.229 2.235 2.223 2.233 2.195 2.196
 2.222 2.23 ]
  纳指ETF国泰(513100.SH): 年化=-6.8854% R2=0.0192 近3日最大跌幅 -0.05% 得分=-0.0013 -> [淘汰]
[2.206 2.224 2.31  2.28  2.284 2.334 2.313 2.332 2.343 2.372 2.397 2.338
 2.258 2.283 2.268 2.249 2.273 2.28  2.285 2.28  2.274 2.27  2.209 2.225
 2.264 2.301]
  日经ETF华夏(513520.SH): 年化=-22.6211% R2=0.0962 近3日最大跌幅 -0.72% 得分=-0.0218 -> [淘汰]
[1.837 1.859 1.899 1.875 1.895 1.923 1.885 1.92  1.951 1.94  1.991 1.965
 1.9   1.916 1.886 1.886 1.911 1.911 1.918 1.92  1.915 1.894 1.861 1.861
 1.872 1.866]
  德国ETF华安(513030.SH): 年化=-18.4658% R2=0.0280 近3日最大跌幅 0.32% 得分=-0.0052 -> [淘汰]
[8.417 8.408 8.64  8.795 8.892 9.005 9.009 9.103 9.042 8.946 9.068 9.078
 8.974 9.234 9.388 9.564 9.533 9.517 9.446 9.475 9.135 9.118 8.902 9.105
 9.164 9.057]
  黄金ETF华安(518880.SH): 年化=55.0801% R2=0.2758 近3日最大跌幅 1.17% 得分=0.1519
[2.123 2.138 2.147 2.139 2.164 2.156 2.153 2.164 2.141 2.143 2.171 2.15
 2.124 2.13  2.148 2.154 2.151 2.159 2.15  2.163 2.166 2.176 2.15  2.166
 2.167 2.174]
  有色ETF大成(159980.SZ): 年化=14.0448% R2=0.3132 近3日最大跌幅 -0.05% 得分=0.0440
[2.094 2.105 2.097 2.119 2.125 2.133 2.124 2.116 2.126 2.139 2.149 2.205
 2.214 2.212 2.163 2.184 2.189 2.233 2.278 2.261 2.306 2.367 2.344 2.387
 2.425 2.397]
  豆粕ETF华夏(159985.SZ): 年化=374.8732% R2=0.8837 近3日最大跌幅 1.15% 得分=3.3126 -> [淘汰] 分数超出阈值3
[1.9   1.958 1.926 1.979 1.944 1.764 1.804 1.786 1.782 1.785 1.784 1.836
 1.881 1.85  1.858 1.834 1.824 1.757 1.764 1.775 1.838 1.836 1.914 1.876
 1.897 1.909]
  南方原油LOF(501018.SH): 年化=8.1886% R2=-0.0130 近3日最大跌幅 1.99% 得分=0.0011
[118.311 118.475 118.428 118.31  118.735 119.18  119.011 118.928 119.217
 119.299 119.111 119.503 119.223 118.814 118.825 119.184 119.234 119.015
 118.338 118.331 118.444 118.844 118.693 119.097 119.18  119.178]
  30年国债ETF鹏扬(511090.SH): 年化=0.9285% R2=0.0185 近3日最大跌幅 0.00% 得分=0.0002
[0.606 0.607 0.615 0.601 0.604 0.607 0.602 0.594 0.597 0.587 0.597 0.591
 0.582 0.587 0.59  0.572 0.571 0.577 0.575 0.572 0.574 0.568 0.56  0.556
 0.565 0.56 ]
  恒生科技ETF华泰柏瑞(513130.SH): 年化=-60.3882% R2=0.9195 近3日最大跌幅 0.88% 得分=-0.5553 -> [淘汰]
[0.985 1.05  1.07  1.066 1.077 1.05  1.049 1.063 1.066 1.08  1.115 1.098
 1.014 1.01  1.024 0.98  0.986 0.988 1.027 1.017 1.044 1.038 1.02  1.018
 0.999 1.014]
  人工智能ETF华富(515980.SH): 年化=-42.9624% R2=0.2312 近3日最大跌幅 1.87% 得分=-0.0993 -> [淘汰]
  >>> 短期动量最终选出: 黄金ETF华安(518880.SH)

========== [长期动量] 开始 (窗口=250天) ==========
[1.69  1.704 1.693 1.692 1.673 1.676 1.676 1.682 1.701 1.696 1.701 1.711
 1.708 1.714 1.727 1.736 1.729 1.744 1.751 1.771 1.8   1.785 1.779 1.78
 1.8   1.813 1.851 1.86  1.829 1.81  1.825 1.838 1.807 1.859 1.873 1.883
 1.883 1.902 1.956 1.961 2.    1.985 1.982 1.976 1.94  1.912 1.949 1.924
 1.951 1.959 1.974 1.975 1.923 1.909 1.844 1.836 1.907 1.848 1.856 1.897
 1.927 1.925 1.943 1.936 1.94  1.965 1.965 1.963 1.952 1.928 1.944 1.918
 1.921 1.902 1.873 1.899 1.878 1.916 1.945 1.935 1.933 1.93  1.929 1.916
 1.914 1.904 1.93  1.925 1.919 1.899 1.903 1.893 1.915 1.909 1.901 1.904
 1.887 1.876 1.875 1.901 1.891 1.882 1.894 1.905 1.891 1.881 1.833 1.872
 1.853 1.84  1.813 1.847 1.844 1.841 1.836 1.83  1.823 1.825 1.832 1.819
 1.802 1.786 1.762 1.8   1.801 1.756 1.788 1.792 1.784 1.767 1.774 1.768
 1.789 1.764 1.749 1.68  1.717 1.734 1.716 1.708 1.683 1.674 1.752 1.721
 1.731 1.732 1.833 1.805 1.809 1.798 1.825 1.864 1.907 1.892 1.89  1.892
 1.896 1.905 1.907 1.945 1.963 1.962 1.959 2.01  2.054 2.065 2.108 2.081
 2.093 2.105 2.1   2.066 2.047 2.058 2.103 2.146 2.231 2.185 2.223 2.214
 2.273 2.365 2.343 2.299 2.24  2.205 2.114 2.2   2.143 2.13  2.162 2.258
 2.28  2.279 2.266 2.25  2.174 2.187 2.208 2.158 2.178 2.204 2.209 2.158
 2.167 2.171 2.169 2.141 2.166 2.174 2.168 2.17  2.188 2.167 2.107 2.096
 2.13  2.13  2.131 2.104 2.118 2.068 2.074 2.041 2.112 2.127 2.192 2.267
 2.244 2.266 2.261 2.215 2.226 2.226 2.264 2.274 2.239 2.2   2.212 2.195
 2.166 2.195 2.203 2.229 2.235 2.223 2.233 2.195 2.196 2.222 2.23 ]
  纳指ETF国泰(513100.SH): 年化=29.7049% R2=0.5898 近3日最大跌幅 -0.05% 得分=0.1752
[1.591 1.601 1.611 1.601 1.587 1.588 1.57  1.608 1.61  1.629 1.625 1.636
 1.652 1.668 1.666 1.673 1.675 1.7   1.666 1.69  1.703 1.695 1.69  1.666
 1.675 1.68  1.769 1.734 1.723 1.717 1.77  1.821 1.781 1.898 1.899 1.931
 1.886 1.89  1.934 1.935 1.982 1.951 1.971 1.993 1.93  1.912 1.941 1.93
 1.967 1.956 1.96  1.948 1.901 1.878 1.804 1.804 1.84  1.792 1.812 1.805
 1.855 1.856 1.858 1.828 1.815 1.841 1.893 1.881 1.869 1.848 1.839 1.813
 1.829 1.812 1.781 1.802 1.789 1.821 1.838 1.827 1.823 1.821 1.823 1.804
 1.8   1.794 1.832 1.854 1.84  1.82  1.84  1.867 1.871 1.891 1.883 1.895
 1.881 1.856 1.857 1.887 1.876 1.87  1.887 1.913 1.9   1.885 1.845 1.918
 1.914 1.881 1.889 1.95  2.022 2.12  2.082 2.111 2.105 2.141 2.123 2.128
 2.117 1.998 1.915 1.973 1.983 1.932 1.961 1.975 1.95  1.919 1.929 1.894
 1.941 1.896 1.875 1.799 1.836 1.859 1.832 1.837 1.827 1.812 1.888 1.83
 1.827 1.832 1.963 1.927 1.946 1.947 1.99  1.986 2.045 2.024 2.018 2.03
 2.036 2.013 2.019 2.048 2.04  2.027 2.011 2.107 2.179 2.159 2.147 2.134
 2.15  2.124 2.085 2.056 2.049 2.034 2.072 2.132 2.209 2.199 2.197 2.173
 2.256 2.334 2.322 2.382 2.353 2.29  2.232 2.352 2.25  2.254 2.292 2.449
 2.456 2.459 2.528 2.606 2.447 2.468 2.593 2.522 2.487 2.517 2.479 2.387
 2.443 2.47  2.41  2.343 2.345 2.343 2.275 2.3   2.35  2.28  2.163 2.157
 2.232 2.207 2.22  2.16  2.19  2.098 2.096 2.075 2.167 2.206 2.224 2.31
 2.28  2.284 2.334 2.313 2.332 2.343 2.372 2.397 2.338 2.258 2.283 2.268
 2.249 2.273 2.28  2.285 2.28  2.274 2.27  2.209 2.225 2.264 2.302]
  日经ETF华夏(513520.SH): 年化=42.3819% R2=0.7556 近3日最大跌幅 -0.72% 得分=0.3202
[1.866 1.869 1.866 1.854 1.863 1.866 1.833 1.843 1.855 1.85  1.853 1.852
 1.842 1.846 1.846 1.851 1.836 1.831 1.848 1.832 1.839 1.835 1.832 1.821
 1.838 1.836 1.886 1.877 1.865 1.851 1.868 1.863 1.846 1.863 1.885 1.902
 1.884 1.893 1.905 1.896 1.892 1.879 1.867 1.866 1.858 1.849 1.866 1.84
 1.858 1.863 1.883 1.898 1.868 1.857 1.821 1.819 1.84  1.803 1.823 1.826
 1.857 1.845 1.846 1.842 1.831 1.841 1.848 1.851 1.849 1.842 1.85  1.844
 1.872 1.865 1.853 1.852 1.835 1.854 1.873 1.873 1.88  1.875 1.876 1.87
 1.863 1.872 1.89  1.905 1.905 1.915 1.924 1.947 1.986 1.968 1.952 1.942
 1.898 1.883 1.887 1.904 1.908 1.899 1.924 1.934 1.92  1.885 1.855 1.896
 1.894 1.875 1.862 1.899 1.919 1.918 1.943 1.959 1.98  1.97  1.995 2.036
 1.958 1.903 1.826 1.865 1.859 1.787 1.824 1.824 1.806 1.797 1.794 1.764
 1.795 1.742 1.724 1.627 1.689 1.724 1.701 1.697 1.669 1.667 1.729 1.692
 1.703 1.709 1.792 1.772 1.783 1.762 1.781 1.79  1.812 1.801 1.817 1.828
 1.836 1.797 1.794 1.795 1.796 1.795 1.789 1.842 1.87  1.837 1.821 1.803
 1.806 1.795 1.776 1.728 1.767 1.768 1.782 1.798 1.828 1.842 1.83  1.815
 1.828 1.833 1.823 1.811 1.79  1.795 1.747 1.765 1.751 1.733 1.755 1.808
 1.787 1.788 1.784 1.782 1.756 1.756 1.748 1.753 1.747 1.749 1.762 1.759
 1.828 1.832 1.854 1.802 1.787 1.796 1.78  1.766 1.773 1.774 1.749 1.75
 1.763 1.762 1.771 1.743 1.79  1.784 1.789 1.788 1.82  1.837 1.859 1.899
 1.875 1.895 1.923 1.885 1.92  1.951 1.94  1.991 1.965 1.9   1.916 1.886
 1.886 1.911 1.911 1.918 1.92  1.915 1.894 1.861 1.861 1.872 1.867]
  德国ETF华安(513030.SH): 年化=-1.8726% R2=0.0354 近3日最大跌幅 0.27% 得分=-0.0007 -> [淘汰]
[ 7.449  7.45   7.468  7.486  7.647  7.67   7.768  7.75   7.775  7.847
  7.966  7.947  7.923  7.954  7.931  8.032  7.964  7.862  7.898  8.048
  8.143  8.19   8.146  8.16   8.259  8.339  8.729  8.602  8.859  8.976
  9.187  9.244  9.568  9.268  9.49   9.101  8.994  8.95   8.914  8.597
  8.692  8.704  8.794  8.797  8.737  8.706  8.755  8.793  8.936  9.062
  9.029  9.175  9.096  8.882  8.777  8.954  8.903  8.828  8.857  9.01
  9.011  9.01   9.067  9.161  9.112  9.096  9.064  9.136  9.11   9.046
  9.095  9.11   9.227  9.351  9.24   9.31   9.318  9.313  9.511  9.639
  9.642  9.566  9.65   9.563  9.363  9.301  9.495  9.577  9.518  9.511
  9.592  9.777  9.793  9.922  9.867  9.857 10.006 10.082 10.377 10.341
 10.617 10.924 10.934 11.28  11.904 11.009  9.908 10.422 10.867 10.523
 10.357 10.719 10.669 10.758 10.72  10.575 10.95  10.959 10.913 10.933
 11.417 11.259 10.98  10.964 10.873 10.868 10.956 10.974 10.938 10.802
 10.664 10.637 10.606 10.126  9.896  8.941  9.299  9.641  9.45   9.494
  9.656  9.699 10.024  9.738  9.828  9.837 10.113  9.908  9.972  9.924
 10.011 10.064 10.097 10.029 10.036 10.01  10.004  9.9    9.826  9.897
  9.732  9.637  9.678  9.791  9.909  9.88   9.774  9.806  9.804  9.795
  9.554  9.513  9.515  9.367  9.45   9.461  9.512  9.454  9.345  9.132
  9.397  9.344  9.41   9.281  9.29   9.252  8.953  9.005  8.736  8.506
  8.659  8.928  8.949  8.957  8.908  8.716  8.537  8.515  8.287  8.39
  8.449  8.378  8.271  8.475  8.672  8.631  8.597  8.589  8.544  8.541
  8.419  8.373  8.369  8.363  8.311  8.318  8.468  8.56   8.56   8.385
  8.502  8.4    8.392  8.36   8.433  8.417  8.408  8.64   8.795  8.892
  9.005  9.009  9.103  9.042  8.946  9.068  9.078  8.974  9.234  9.388
  9.564  9.533  9.517  9.446  9.475  9.135  9.118  8.902  9.105  9.164
  9.057]
  黄金ETF华安(518880.SH): 年化=-3.4314% R2=-0.0174 近3日最大跌幅 1.17% 得分=-0.0006 -> [淘汰]
[1.704 1.706 1.703 1.715 1.715 1.715 1.716 1.71  1.716 1.711 1.71  1.714
 1.719 1.74  1.737 1.735 1.731 1.713 1.715 1.72  1.713 1.714 1.746 1.744
 1.74  1.747 1.808 1.795 1.784 1.768 1.785 1.778 1.767 1.779 1.781 1.783
 1.796 1.818 1.831 1.804 1.833 1.818 1.807 1.819 1.799 1.793 1.803 1.798
 1.811 1.812 1.821 1.835 1.815 1.807 1.788 1.801 1.797 1.786 1.796 1.804
 1.805 1.812 1.822 1.849 1.851 1.858 1.88  1.912 1.919 1.877 1.892 1.892
 1.932 1.906 1.878 1.896 1.899 1.918 1.934 1.932 1.975 1.964 1.994 1.996
 1.993 1.996 2.055 2.13  2.126 2.073 2.086 2.143 2.119 2.176 2.179 2.112
 2.103 2.11  2.133 2.11  2.144 2.142 2.167 2.183 2.268 2.145 1.989 2.116
 2.134 2.055 2.039 2.088 2.083 2.107 2.108 2.052 2.099 2.141 2.125 2.165
 2.163 2.096 2.108 2.094 2.093 2.081 2.1   2.1   2.1   2.075 2.062 2.058
 2.038 1.958 1.956 1.915 1.955 1.984 1.976 1.999 2.013 2.007 2.03  2.003
 2.01  2.013 2.051 2.03  2.042 2.056 2.086 2.103 2.119 2.116 2.11  2.101
 2.116 2.111 2.108 2.124 2.104 2.101 2.085 2.147 2.139 2.152 2.149 2.171
 2.211 2.179 2.131 2.132 2.135 2.145 2.131 2.151 2.163 2.162 2.15  2.134
 2.149 2.149 2.195 2.181 2.145 2.141 2.107 2.12  2.103 2.091 2.115 2.153
 2.128 2.13  2.117 2.128 2.087 2.077 2.028 2.036 2.063 2.056 2.03  2.032
 2.059 2.062 2.063 2.069 2.072 2.08  2.066 2.093 2.082 2.091 2.065 2.075
 2.101 2.107 2.117 2.101 2.108 2.094 2.106 2.101 2.121 2.123 2.138 2.147
 2.139 2.164 2.156 2.153 2.164 2.141 2.143 2.171 2.15  2.124 2.13  2.148
 2.154 2.151 2.159 2.15  2.163 2.166 2.176 2.15  2.166 2.167 2.174]
  有色ETF大成(159980.SZ): 年化=21.3644% R2=0.6673 近3日最大跌幅 -0.05% 得分=0.1426
[1.986 1.986 1.987 1.992 2.005 1.992 2.015 1.983 1.994 2.005 2.015 2.003
 2.005 2.009 1.988 1.988 1.983 1.98  1.991 1.985 1.942 1.952 1.961 1.948
 1.938 1.938 1.943 1.939 1.951 1.938 1.938 1.942 1.92  1.928 1.935 1.935
 1.96  1.955 1.97  1.969 1.962 1.951 1.958 1.964 1.952 1.984 1.976 1.974
 1.976 1.972 1.975 1.98  1.998 1.968 2.016 1.984 1.982 1.977 2.006 2.011
 2.002 2.026 2.024 1.973 1.969 1.969 1.964 1.956 1.951 1.942 1.949 1.942
 1.955 1.951 1.96  1.946 1.942 1.948 1.946 1.95  1.956 1.957 1.974 1.976
 1.964 1.949 1.956 1.961 1.984 1.972 1.984 1.974 1.976 1.969 1.968 1.959
 1.961 1.958 1.956 1.972 1.966 1.975 1.97  1.985 2.009 1.982 1.974 1.971
 1.975 1.98  1.982 1.985 1.975 1.987 1.989 2.    2.001 2.02  2.017 2.017
 2.034 2.051 2.102 2.061 2.126 2.232 2.179 2.244 2.232 2.321 2.262 2.25
 2.251 2.244 2.205 2.23  2.242 2.159 2.161 2.122 2.135 2.07  2.041 2.079
 2.058 2.055 2.041 2.075 2.082 2.128 2.111 2.097 2.111 2.094 2.091 2.127
 2.169 2.156 2.125 2.152 2.159 2.165 2.162 2.159 2.132 2.143 2.164 2.155
 2.161 2.144 2.089 2.092 2.122 2.103 2.086 2.084 2.056 2.06  2.068 2.084
 2.077 2.073 2.046 2.054 2.029 2.009 1.991 1.98  2.005 2.02  2.017 2.017
 2.015 2.028 2.004 1.989 1.994 2.    1.997 2.007 2.008 1.985 1.997 2.066
 2.065 2.125 2.151 2.18  2.157 2.144 2.206 2.203 2.231 2.148 2.123 2.18
 2.197 2.213 2.243 2.29  2.254 2.121 2.13  2.088 2.087 2.094 2.105 2.097
 2.119 2.125 2.133 2.124 2.116 2.126 2.139 2.149 2.205 2.214 2.212 2.163
 2.184 2.189 2.233 2.278 2.261 2.306 2.367 2.344 2.387 2.425 2.397]
  豆粕ETF华夏(159985.SZ): 年化=14.2494% R2=0.5028 近3日最大跌幅 1.15% 得分=0.0716
[1.204 1.204 1.208 1.194 1.197 1.202 1.203 1.216 1.221 1.19  1.191 1.192
 1.19  1.196 1.198 1.187 1.196 1.199 1.213 1.201 1.198 1.193 1.186 1.202
 1.217 1.224 1.228 1.204 1.221 1.21  1.204 1.194 1.191 1.19  1.168 1.143
 1.138 1.143 1.157 1.165 1.162 1.152 1.144 1.14  1.143 1.16  1.152 1.151
 1.142 1.147 1.15  1.139 1.156 1.132 1.136 1.135 1.134 1.148 1.134 1.122
 1.123 1.125 1.121 1.122 1.128 1.136 1.133 1.123 1.132 1.134 1.143 1.121
 1.123 1.118 1.118 1.116 1.101 1.097 1.097 1.095 1.099 1.103 1.113 1.113
 1.113 1.105 1.111 1.106 1.104 1.111 1.103 1.104 1.119 1.126 1.148 1.19
 1.181 1.156 1.153 1.159 1.165 1.178 1.179 1.277 1.283 1.411 1.552 1.397
 1.257 1.242 1.218 1.268 1.314 1.395 1.348 1.359 1.317 1.449 1.444 1.43
 1.439 1.583 1.741 1.7   1.633 1.579 1.737 1.652 1.666 1.731 1.791 1.93
 2.07  2.012 2.213 2.325 2.558 2.302 2.421 2.371 2.435 2.319 2.087 2.273
 2.393 2.584 2.326 2.392 2.24  2.366 2.266 2.216 2.227 2.187 2.135 2.005
 1.885 2.008 2.076 2.041 2.114 2.166 2.185 2.072 1.958 1.996 2.02  2.018
 1.988 1.993 2.047 2.145 2.078 2.065 2.05  2.03  1.944 1.951 1.929 1.956
 1.909 1.965 1.982 2.023 1.976 1.949 2.144 1.982 2.004 2.072 2.028 1.885
 1.862 1.791 1.783 1.786 1.685 1.61  1.484 1.512 1.532 1.527 1.517 1.471
 1.505 1.523 1.59  1.733 1.742 1.753 1.877 2.03  1.911 1.834 1.86  2.046
 2.018 2.114 2.158 2.112 1.901 1.841 1.902 2.041 1.991 1.9   1.958 1.926
 1.979 1.944 1.764 1.804 1.786 1.782 1.785 1.784 1.836 1.881 1.85  1.858
 1.834 1.824 1.757 1.764 1.775 1.838 1.836 1.914 1.876 1.897 1.909]
  南方原油LOF(501018.SH): 年化=92.4560% R2=0.5703 近3日最大跌幅 1.99% 得分=0.5273
[119.662 119.891 118.876 118.856 119.117 118.895 119.426 119.936 118.706
 118.388 118.252 117.254 116.961 117.345 117.725 117.559 117.996 117.697
 117.013 117.182 116.69  116.129 116.287 116.263 115.719 115.885 116.266
 115.599 116.236 116.577 116.302 116.776 117.706 117.323 117.377 117.6
 117.185 117.036 117.295 118.018 117.675 117.941 118.37  118.457 118.607
 118.649 118.145 118.17  118.171 118.295 118.397 118.124 118.284 118.444
 118.4   117.996 117.831 117.472 117.695 117.242 116.449 116.543 116.642
 116.641 115.981 115.682 114.156 114.296 113.855 114.638 114.726 115.552
 115.149 113.941 113.862 114.449 114.985 114.984 114.703 115.514 115.402
 115.224 115.341 114.355 114.429 113.898 113.811 113.418 112.807 113.247
 113.062 113.242 113.628 113.587 113.469 113.51  113.419 113.76  114.707
 114.689 114.864 115.158 114.793 114.924 114.972 114.654 114.976 114.902
 114.781 115.234 115.722 115.699 115.659 115.715 115.733 115.749 115.844
 115.444 114.992 114.972 115.511 115.571 115.646 115.552 115.648 114.323
 114.362 114.041 114.046 113.949 113.212 113.462 113.744 113.81  113.362
 113.444 114.141 114.103 114.362 114.078 114.359 114.375 114.149 114.055
 113.976 114.355 114.711 114.794 114.902 115.504 115.756 115.731 115.359
 115.996 116.052 116.325 116.937 116.599 115.998 115.359 115.868 116.024
 115.811 115.088 115.153 115.162 115.423 115.757 115.792 115.555 115.472
 115.623 116.082 115.999 115.905 116.066 116.343 116.407 116.588 116.614
 116.809 117.087 117.234 116.978 117.039 116.867 116.588 116.315 116.043
 115.685 116.109 116.375 116.68  116.825 116.827 116.893 116.551 116.532
 116.828 116.876 117.2   116.817 116.275 116.54  116.258 116.456 116.397
 116.706 116.746 116.721 116.539 116.344 116.48  116.292 116.487 116.445
 116.499 117.046 117.301 117.38  117.906 117.697 117.547 117.825 118.226
 118.311 118.475 118.428 118.31  118.735 119.18  119.011 118.928 119.217
 119.299 119.111 119.503 119.223 118.814 118.825 119.184 119.234 119.015
 118.338 118.331 118.444 118.844 118.693 119.097 119.18  119.178]
  30年国债ETF鹏扬(511090.SH): 年化=2.0192% R2=0.0407 近3日最大跌幅 0.00% 得分=0.0008
[0.773 0.762 0.755 0.76  0.77  0.763 0.754 0.742 0.758 0.767 0.771 0.784
 0.788 0.795 0.801 0.811 0.843 0.829 0.832 0.833 0.818 0.838 0.848 0.835
 0.841 0.858 0.86  0.833 0.812 0.79  0.807 0.796 0.77  0.788 0.805 0.789
 0.795 0.803 0.819 0.809 0.817 0.797 0.787 0.789 0.777 0.769 0.785 0.775
 0.784 0.783 0.788 0.795 0.772 0.761 0.746 0.742 0.733 0.719 0.732 0.737
 0.743 0.737 0.739 0.743 0.739 0.728 0.737 0.746 0.747 0.733 0.733 0.727
 0.74  0.724 0.708 0.715 0.706 0.719 0.722 0.718 0.718 0.719 0.724 0.719
 0.727 0.718 0.745 0.759 0.745 0.738 0.74  0.756 0.757 0.764 0.754 0.751
 0.744 0.735 0.74  0.742 0.747 0.738 0.743 0.757 0.749 0.737 0.707 0.706
 0.696 0.692 0.686 0.698 0.698 0.703 0.692 0.688 0.672 0.67  0.652 0.654
 0.635 0.622 0.612 0.612 0.63  0.626 0.639 0.64  0.637 0.633 0.652 0.648
 0.649 0.636 0.618 0.596 0.609 0.62  0.608 0.61  0.598 0.591 0.605 0.59
 0.588 0.591 0.62  0.61  0.612 0.607 0.61  0.618 0.638 0.632 0.638 0.634
 0.625 0.614 0.617 0.621 0.61  0.616 0.615 0.624 0.642 0.642 0.641 0.635
 0.636 0.637 0.619 0.608 0.61  0.611 0.598 0.608 0.606 0.62  0.61  0.608
 0.611 0.618 0.64  0.629 0.619 0.61  0.592 0.599 0.59  0.58  0.586 0.592
 0.581 0.581 0.572 0.572 0.55  0.561 0.55  0.534 0.552 0.558 0.558 0.557
 0.563 0.566 0.565 0.591 0.592 0.597 0.584 0.587 0.594 0.604 0.577 0.593
 0.601 0.583 0.585 0.575 0.587 0.587 0.605 0.598 0.6   0.606 0.607 0.615
 0.601 0.604 0.607 0.602 0.594 0.597 0.587 0.597 0.591 0.582 0.587 0.59
 0.572 0.571 0.577 0.575 0.572 0.574 0.568 0.56  0.556 0.565 0.56 ]
  恒生科技ETF华泰柏瑞(513130.SH): 年化=-32.1407% R2=0.8616 近3日最大跌幅 0.88% 得分=-0.2769 -> [淘汰]
[0.7735 0.795  0.8575 0.8485 0.873  0.8365 0.835  0.759  0.804  0.784
 0.772  0.794  0.855  0.85   0.8465 0.8625 0.8605 0.866  0.857  0.8875
 0.8885 0.902  0.9265 0.8925 0.904  0.91   0.919  0.874  0.865  0.82
 0.837  0.837  0.811  0.825  0.86   0.862  0.853  0.9    0.919  0.915
 0.92   0.897  0.861  0.86   0.848  0.841  0.874  0.857  0.843  0.825
 0.826  0.832  0.807  0.812  0.817  0.816  0.816  0.781  0.781  0.796
 0.823  0.823  0.826  0.846  0.838  0.83   0.84   0.839  0.863  0.872
 0.866  0.848  0.854  0.842  0.824  0.849  0.835  0.836  0.852  0.852
 0.857  0.858  0.856  0.862  0.873  0.867  0.9    0.906  0.909  0.911
 0.941  1.005  0.97   1.     0.992  0.988  0.966  0.944  0.955  0.98
 0.977  0.976  0.99   0.984  0.977  0.982  0.954  0.964  0.924  0.902
 0.889  0.924  0.934  0.921  0.939  0.935  0.923  0.921  0.943  0.95
 0.935  0.897  0.882  0.901  0.908  0.913  0.929  0.914  0.899  0.88
 0.89   0.865  0.897  0.886  0.878  0.842  0.856  0.877  0.854  0.852
 0.847  0.83   0.862  0.83   0.838  0.846  0.914  0.904  0.926  0.931
 0.95   0.944  0.975  0.994  1.003  0.991  1.021  1.012  0.994  1.
 0.976  0.986  1.018  1.059  1.088  1.076  1.105  1.117  1.159  1.133
 1.112  1.123  1.14   1.143  1.103  1.13   1.174  1.174  1.147  1.172
 1.131  1.11   1.143  1.178  1.167  1.127  1.09   1.129  1.106  1.072
 1.071  1.134  1.132  1.163  1.23   1.247  1.203  1.235  1.279  1.22
 1.233  1.306  1.285  1.182  1.191  1.179  1.168  1.185  1.255  1.222
 1.18   1.206  1.17   1.136  1.034  1.063  1.153  1.142  1.114  1.089
 1.11   1.023  1.02   0.948  1.008  0.985  1.05   1.07   1.066  1.077
 1.05   1.049  1.063  1.066  1.08   1.115  1.098  1.014  1.01   1.024
 0.98   0.986  0.988  1.027  1.017  1.044  1.038  1.02   1.018  0.999
 1.014 ]
  人工智能ETF华富(515980.SH): 年化=41.0828% R2=0.5966 近3日最大跌幅 1.87% 得分=0.2451
  >>> 长期动量最终选出: 南方原油LOF(501018.SH)

========== 选股汇总 ==========
  短期动量选出: 黄金ETF华安(518880.SH)
  长期动量选出: 南方原油LOF(501018.SH)
-----------
  只买短期
-----------
  总资产： 69,872.98, 动量总资产: 173.59
  [调出] 豆粕ETF华夏(159985.SZ) → 清仓
159985.SZ 没有持仓，无法卖出
卖出 159985.SZ 手续费 5，印花税 0
成功清仓 159985.SZ 后，策略0 增加资金-5.00, 现有资金为 168.59
sleep 30s
  动量总资产更新: 168.59
  [与目标差异太小，不减仓] 黄金ETF华安(518880.SH): 0.00 → 168.59
  [与目标差异太小，不加仓] 黄金ETF华安(518880.SH): 0.00 → 168.59 策略资金168.59
✅========== [动量策略] 调仓结束 ==========

******************当日(2026-09-07 11:01:00) (周1) 持仓市值: 65742.80元*******************
✅黄金ETF华安(518880.SH) 占比 22.03% 涨幅:  -0.01% (-1.70) x 1700 = 15391.8元
✅宏达高科(002144.SZ) 占比 8.06% 涨幅:  -1.05% (-60.00) x 500 = 5630.0元
✅中天服务(002188.SZ) 占比 8.10% 涨幅:  21.96% (1019.00) x 1000 = 5660.0元
✅亚联发展(002316.SZ) 占比 7.75% 涨幅:  10.97% (534.96) x 1200 = 5412.0元
✅华斯股份(002494.SZ) 占比 7.67% 涨幅:  12.88% (611.05) x 1100 = 5357.0元
✅海源复材(002529.SZ) 占比 8.13% 涨幅:  11.00% (562.96) x 800 = 5680.0元
✅恒大高新(002591.SZ) 占比 8.40% 涨幅:  62.47% (2256.21) x 900 = 5868.0元
✅登云股份(002715.SZ) 占比 8.08% 涨幅:  -0.86% (-49.00) x 400 = 5648.0元
✅凤形股份(002760.SZ) 占比 7.76% 涨幅:  -2.20% (-122.01) x 300 = 5421.0元
✅天元股份(003003.SZ) 占比 8.12% 涨幅:  -0.00% (-0.00) x 500 = 5675.0元
✅持仓: 豆粕ETF华夏(159985.SZ) 0股
✅*******************总资产 69875.28  剩余可用金额 4139.18元*******************
  [动量策略] 预留现金: 168.59 | 持仓市值: 0.00 | 总资产: 168.59
    持仓: (空)
  [小市值策略] 预留现金: 3,298.19 | 持仓市值: 50,351.00 | 总资产: 53,649.19
    持仓: 宏达高科, 中天服务, 亚联发展, 华斯股份, 海源复材, 恒大高新, 登云股份, 凤形股份, 天元股份

deal_callback
实际卖出 159985 6700股 * 2.40元
备注 
现有资金: 168.58900000000003 3298.1910000000003
deal_callback
实际买入 518880 1700股，每股9.055元，合计:15393.50, 手续费4.62
备注 
现有资金: 168.58900000000003 3298.1910000000003
重定向至D:\stock\test_stock\socket\QMT\code\logfiles\20260904.log
重定向至D:\stock\test_stock\socket\QMT\code\logfiles\20260904.log
2026-09-07 14:00:00
check_limit_up count  4
sleep 20s
******************当日(2026-09-07 14:11:00) (周1) 持仓市值: 65451.90元*******************
✅黄金ETF华安(518880.SH) 占比 22.03% 涨幅:  -0.45% (-69.53) x 1700 = 15328.9元
✅宏达高科(002144.SZ) 占比 8.06% 涨幅:  -1.41% (-80.00) x 500 = 5610.0元
✅中天服务(002188.SZ) 占比 8.15% 涨幅:  22.17% (1029.00) x 1000 = 5670.0元
✅亚联发展(002316.SZ) 占比 7.74% 涨幅:  10.48% (510.96) x 1200 = 5388.0元
✅华斯股份(002494.SZ) 占比 7.70% 涨幅:  12.88% (611.05) x 1100 = 5357.0元
✅海源复材(002529.SZ) 占比 8.09% 涨幅:  10.06% (514.96) x 800 = 5632.0元
✅恒大高新(002591.SZ) 占比 8.39% 涨幅:  61.72% (2229.21) x 900 = 5841.0元
✅登云股份(002715.SZ) 占比 8.06% 涨幅:  -1.56% (-89.00) x 400 = 5608.0元
✅凤形股份(002760.SZ) 占比 7.76% 涨幅:  -2.58% (-143.01) x 300 = 5400.0元
✅天元股份(003003.SZ) 占比 8.08% 涨幅:  -0.97% (-55.00) x 500 = 5620.0元
✅持仓: 豆粕ETF华夏(159985.SZ) 0股
✅*******************总资产 69583.38  剩余可用金额 4129.18元*******************
  [动量策略] 预留现金: 168.59 | 持仓市值: 0.00 | 总资产: 168.59
    持仓: (空)
  [小市值策略] 预留现金: 3,298.19 | 持仓市值: 50,126.00 | 总资产: 53,424.19
    持仓: 宏达高科, 中天服务, 亚联发展, 华斯股份, 海源复材, 恒大高新, 登云股份, 凤形股份, 天元股份

check_remain_amount count  5
2026-09-07 15:00:00
✅*******************当日2026-09-07 15:00:00(周1)持仓市值: 65469.80元*******************
✅持仓: 黄金ETF华安(518880.SH), 占比 21.0%, 涨跌幅: -0.4% (-57.6), 数量: 1700, 市值: 15340.8元
✅持仓: 宏达高科(002144.SZ), 占比 7.6%, 涨跌幅: -1.7% (-95.0), 数量: 500, 市值: 5595.0元
✅持仓: 中天服务(002188.SZ), 占比 7.7%, 涨跌幅: 21.7% (1009.0), 数量: 1000, 市值: 5650.0元
✅持仓: 亚联发展(002316.SZ), 占比 7.4%, 涨跌幅: 11.0% (535.0), 数量: 1200, 市值: 5412.0元
✅持仓: 华斯股份(002494.SZ), 占比 7.3%, 涨跌幅: 12.6% (600.0), 数量: 1100, 市值: 5346.0元
✅持仓: 海源复材(002529.SZ), 占比 7.7%, 涨跌幅: 9.4% (483.0), 数量: 800, 市值: 5600.0元
✅持仓: 恒大高新(002591.SZ), 占比 8.0%, 涨跌幅: 62.0% (2238.2), 数量: 900, 市值: 5850.0元
✅持仓: 登云股份(002715.SZ), 占比 7.7%, 涨跌幅: -1.3% (-73.0), 数量: 400, 市值: 5624.0元
✅持仓: 凤形股份(002760.SZ), 占比 7.4%, 涨跌幅: -2.6% (-146.0), 数量: 300, 市值: 5397.0元
✅持仓: 天元股份(003003.SZ), 占比 7.7%, 涨跌幅: -0.4% (-20.0), 数量: 500, 市值: 5655.0元
✅持仓: 豆粕ETF华夏(159985.SZ) 0股
✅*******************总资产 73198.98  剩余可用金额 7729.18元*******************


  策略资金总和为3466.78，账面资金为7729.18

资金差额为4262.40
  [动量策略] 上一交易日现金记录173.59
  [小市值策略] 上一交易日现金记录3,298.19
资金差额较大，可能代码有问题，请调试
==============================
今日股票收益: 3655.70 元
收益率:       5.26 %
==============================


当前工作目录: D:\国金证券QMT交易端\bin.x64
sys.version_info(major=3, minor=6, micro=8, releaselevel='final', serial=0)
3.6.8 (default, Dec 19 2022, 22:05:09) [MSC v.1900 64 bit (AMD64)]
===============================
logfiles路径: D:\stock\test_stock\socket\QMT\code\logfiles
