init — 双策略合并版
QMT路径: C:\QMT\userdata_mini
建立交易连接，返回0表示连接成功 0
初始化申万二级行业映射...
***** xtdata连接成功 *****
服务信息: {'tag': 'sp3', 'version': '1.0'}
服务地址: 127.0.0.1:58610
数据路径: C:\QMT\bin.x64/../userdata_mini/datadir
设置xtdata.enable_hello = False可隐藏此消息

行业映射完成，共 958 只股票
双策略初始化完成: 动量95.0% + 小市值5.0%
  初始资产 57120.72, 可用资金 255.32
******************当日(2026-07-29 16:38:38.213428) (周3) 持仓市值: 56865.40元*******************
✅日经ETF华夏(513520.SH) 占比 8.81% 涨幅:  -3.32% (-173.00) x 2400 = 5030.4元 None
✅中天服务(002188.SZ) 占比 8.30% 涨幅:   2.13% (99.00) x 1000 = 4740.0元 房地产服务
✅亚联发展(002316.SZ) 占比 8.59% 涨幅:   0.64% (31.00) x 1200 = 4908.0元 综合
✅华斯股份(002494.SZ) 占比 8.42% 涨幅:   1.29% (61.00) x 1100 = 4807.0元 服装家纺
✅海源复材(002529.SZ) 占比 8.99% 涨幅:   0.37% (19.00) x 800 = 5136.0元 专用设备
✅恒大高新(002591.SZ) 占比 9.04% 涨幅:  43.03% (1554.18) x 900 = 5166.0元 化学制品
✅富煌钢构(002743.SZ) 占比 8.85% 涨幅:   3.33% (163.00) x 1400 = 5054.0元 专业工程
✅桂发祥(002820.SZ) 占比 9.14% 涨幅:   3.35% (169.00) x 600 = 5220.0元 休闲食品
✅庄园牧场(002910.SZ) 占比 8.95% 涨幅:   3.54% (175.00) x 600 = 5112.0元 饮料乳品
✅天元股份(003003.SZ) 占比 6.91% 涨幅:   1.41% (55.00) x 400 = 3948.0元 包装印刷
✅恒生科技ETF华泰柏瑞(513130.SH) 占比 13.56% 涨幅:   0.77% (59.00) x 12800 = 7744.0元 None
✅持仓: 豆粕ETF华夏(159985.SZ) 0股
✅*******************总资产 57120.72 剩余可用金额 255.32元*******************
  [动量策略] 预留现金: 242.55 | 持仓市值: 12,774.40 | 总资产: 13,016.95
    持仓: 日经ETF华夏, 恒生科技ETF华泰柏瑞
  [小市值策略] 预留现金: 12.77 | 持仓市值: 44,091.00 | 总资产: 44,103.77
    持仓: 中天服务, 亚联发展, 华斯股份, 海源复材, 恒大高新, 富煌钢构, 桂发祥, 庄园牧场, 天元股份

  策略资金总和为255.32，账面资金为255.32

资金差额为0.00
  [动量策略] 上一交易日现金记录242.55
  [小市值策略] 上一交易日现金记录12.77
动量策略资金与上一交易日持平，更新小市值策略资金
  [动量策略] 预留现金: 242.55, 现金记录更新242.55
  [小市值策略] 预留现金: 12.77, 现金记录更新12.77
==============================
今日股票收益: 0.00 元
收益率:       0.00 %
==============================


start
调度器已启动 — 动量(每天11:00) + 小市值(周二) 
sleep a day

收到信号 2，关闭调度器...
调度器已关闭
init — 双策略合并版
QMT路径: C:\QMT\userdata_mini
建立交易连接，返回0表示连接成功 0
初始化申万二级行业映射...
***** xtdata连接成功 *****
服务信息: {'tag': 'sp3', 'version': '1.0'}
服务地址: 127.0.0.1:58610
数据路径: C:\QMT\bin.x64/../userdata_mini/datadir
设置xtdata.enable_hello = False可隐藏此消息

行业映射完成，共 958 只股票
双策略初始化完成: 动量95.0% + 小市值5.0%
  初始资产 57120.72, 可用资金 255.32
******************当日(2026-07-29 16:40:49.581626) (周3) 持仓市值: 56865.40元*******************
✅日经ETF华夏(513520.SH) 占比 8.81% 涨幅:  -3.32% (-173.00) x 2400 = 5030.4元 None
✅中天服务(002188.SZ) 占比 8.30% 涨幅:   2.13% (99.00) x 1000 = 4740.0元 房地产服务
✅亚联发展(002316.SZ) 占比 8.59% 涨幅:   0.64% (31.00) x 1200 = 4908.0元 综合
✅华斯股份(002494.SZ) 占比 8.42% 涨幅:   1.29% (61.00) x 1100 = 4807.0元 服装家纺
✅海源复材(002529.SZ) 占比 8.99% 涨幅:   0.37% (19.00) x 800 = 5136.0元 专用设备
✅恒大高新(002591.SZ) 占比 9.04% 涨幅:  43.03% (1554.18) x 900 = 5166.0元 化学制品
✅富煌钢构(002743.SZ) 占比 8.85% 涨幅:   3.33% (163.00) x 1400 = 5054.0元 专业工程
✅桂发祥(002820.SZ) 占比 9.14% 涨幅:   3.35% (169.00) x 600 = 5220.0元 休闲食品
✅庄园牧场(002910.SZ) 占比 8.95% 涨幅:   3.54% (175.00) x 600 = 5112.0元 饮料乳品
✅天元股份(003003.SZ) 占比 6.91% 涨幅:   1.41% (55.00) x 400 = 3948.0元 包装印刷
✅恒生科技ETF华泰柏瑞(513130.SH) 占比 13.56% 涨幅:   0.77% (59.00) x 12800 = 7744.0元 None
✅持仓: 豆粕ETF华夏(159985.SZ) 0股
✅*******************总资产 57120.72 剩余可用金额 255.32元*******************
  [动量策略] 预留现金: 242.55 | 持仓市值: 12,774.40 | 总资产: 13,016.95
    持仓: 日经ETF华夏, 恒生科技ETF华泰柏瑞
  [小市值策略] 预留现金: 12.77 | 持仓市值: 44,091.00 | 总资产: 44,103.77
    持仓: 中天服务, 亚联发展, 华斯股份, 海源复材, 恒大高新, 富煌钢构, 桂发祥, 庄园牧场, 天元股份

  各策略的资金总和与账面资金吻合

==============================
今日股票收益: 0.00 元
收益率:       0.00 %
==============================


start
调度器已启动 — 动量(每天11:00) + 小市值(周二) 
sleep a day

收到信号 2，关闭调度器...
调度器已关闭
init — 双策略合并版
QMT路径: C:\QMT\userdata_mini
建立交易连接，返回0表示连接成功 0
初始化申万二级行业映射...
***** xtdata连接成功 *****
服务信息: {'tag': 'sp3', 'version': '1.0'}
服务地址: 127.0.0.1:58610
数据路径: C:\QMT\bin.x64/../userdata_mini/datadir
设置xtdata.enable_hello = False可隐藏此消息

行业映射完成，共 958 只股票
双策略初始化完成: 动量95.0% + 小市值5.0%
  初始资产 57120.72, 可用资金 255.32
******************当日(2026-07-29 16:46:14.030512) (周3) 持仓市值: 56865.40元*******************
✅日经ETF华夏(513520.SH) 占比 8.81% 涨幅:  -3.32% (-173.00) x 2400 = 5030.4元 None
✅中天服务(002188.SZ) 占比 8.30% 涨幅:   2.13% (99.00) x 1000 = 4740.0元 房地产服务
✅亚联发展(002316.SZ) 占比 8.59% 涨幅:   0.64% (31.00) x 1200 = 4908.0元 综合
✅华斯股份(002494.SZ) 占比 8.42% 涨幅:   1.29% (61.00) x 1100 = 4807.0元 服装家纺
✅海源复材(002529.SZ) 占比 8.99% 涨幅:   0.37% (19.00) x 800 = 5136.0元 专用设备
✅恒大高新(002591.SZ) 占比 9.04% 涨幅:  43.03% (1554.18) x 900 = 5166.0元 化学制品
✅富煌钢构(002743.SZ) 占比 8.85% 涨幅:   3.33% (163.00) x 1400 = 5054.0元 专业工程
✅桂发祥(002820.SZ) 占比 9.14% 涨幅:   3.35% (169.00) x 600 = 5220.0元 休闲食品
✅庄园牧场(002910.SZ) 占比 8.95% 涨幅:   3.54% (175.00) x 600 = 5112.0元 饮料乳品
✅天元股份(003003.SZ) 占比 6.91% 涨幅:   1.41% (55.00) x 400 = 3948.0元 包装印刷
✅恒生科技ETF华泰柏瑞(513130.SH) 占比 13.56% 涨幅:   0.77% (59.00) x 12800 = 7744.0元 None
✅持仓: 豆粕ETF华夏(159985.SZ) 0股
✅*******************总资产 57120.72 剩余可用金额 255.32元*******************
  [动量策略] 预留现金: 242.55 | 持仓市值: 12,774.40 | 总资产: 13,016.95
    持仓: 日经ETF华夏, 恒生科技ETF华泰柏瑞
  [小市值策略] 预留现金: 12.77 | 持仓市值: 44,091.00 | 总资产: 44,103.77
    持仓: 中天服务, 亚联发展, 华斯股份, 海源复材, 恒大高新, 富煌钢构, 桂发祥, 庄园牧场, 天元股份

  各策略的资金总和与账面资金吻合

==============================
今日股票收益: 0.00 元
收益率:       0.00 %
==============================


start
调度器已启动 — 动量(每天11:00) + 小市值(周二) 
sleep a day

收到信号 2，关闭调度器...
调度器已关闭
init — 双策略合并版
QMT路径: C:\QMT\userdata_mini
建立交易连接，返回0表示连接成功 0
初始化申万二级行业映射...
***** xtdata连接成功 *****
服务信息: {'tag': 'sp3', 'version': '1.0'}
服务地址: 127.0.0.1:58610
数据路径: C:\QMT\bin.x64/../userdata_mini/datadir
设置xtdata.enable_hello = False可隐藏此消息

行业映射完成，共 958 只股票
双策略初始化完成: 动量95.0% + 小市值5.0%
  初始资产 57120.72, 可用资金 255.32
******************当日(2026-07-29 17:11:52.074373) (周3) 持仓市值: 56865.40元*******************
✅日经ETF华夏(513520.SH) 占比 8.81% 涨幅:  -3.32% (-173.00) x 2400 = 5030.4元 None
✅中天服务(002188.SZ) 占比 8.30% 涨幅:   2.13% (99.00) x 1000 = 4740.0元 房地产服务
✅亚联发展(002316.SZ) 占比 8.59% 涨幅:   0.64% (31.00) x 1200 = 4908.0元 综合
✅华斯股份(002494.SZ) 占比 8.42% 涨幅:   1.29% (61.00) x 1100 = 4807.0元 服装家纺
✅海源复材(002529.SZ) 占比 8.99% 涨幅:   0.37% (19.00) x 800 = 5136.0元 专用设备
✅恒大高新(002591.SZ) 占比 9.04% 涨幅:  43.03% (1554.18) x 900 = 5166.0元 化学制品
✅富煌钢构(002743.SZ) 占比 8.85% 涨幅:   3.33% (163.00) x 1400 = 5054.0元 专业工程
✅桂发祥(002820.SZ) 占比 9.14% 涨幅:   3.35% (169.00) x 600 = 5220.0元 休闲食品
✅庄园牧场(002910.SZ) 占比 8.95% 涨幅:   3.54% (175.00) x 600 = 5112.0元 饮料乳品
✅天元股份(003003.SZ) 占比 6.91% 涨幅:   1.41% (55.00) x 400 = 3948.0元 包装印刷
✅恒生科技ETF华泰柏瑞(513130.SH) 占比 13.56% 涨幅:   0.77% (59.00) x 12800 = 7744.0元 None
✅持仓: 豆粕ETF华夏(159985.SZ) 0股
✅*******************总资产 57120.72 剩余可用金额 255.32元*******************
  [动量策略] 预留现金: 242.55 | 持仓市值: 12,774.40 | 总资产: 13,016.95
    持仓: 日经ETF华夏, 恒生科技ETF华泰柏瑞
  [小市值策略] 预留现金: 12.77 | 持仓市值: 44,091.00 | 总资产: 44,103.77
    持仓: 中天服务, 亚联发展, 华斯股份, 海源复材, 恒大高新, 富煌钢构, 桂发祥, 庄园牧场, 天元股份

  各策略的资金总和与账面资金吻合

==============================
今日股票收益: 0.00 元
收益率:       0.00 %
==============================


start
调度器已启动 — 动量(每天11:00) + 小市值(周二) 
sleep a day
