init
建立交易连接，返回0表示连接成功 0
策略初始化完成：每月初调仓，持有市值最小的9只股票, 初始资金684.9
***** xtdata连接成功 *****
服务信息: {'tag': 'sp3', 'version': '1.0'}
服务地址: 127.0.0.1:58610
数据路径: C:\QMT\bin.x64/../userdata_mini/datadir
设置xtdata.enable_hello = False可隐藏此消息

start
sleep a day
reconnect
建立交易连接，返回0表示连接成功 -1

收到信号 2，正在关闭调度器...
调度器已安全关闭
init
建立交易连接，返回0表示连接成功 0
策略初始化完成：每月初调仓，持有市值最小的9只股票, 初始资金684.9
***** xtdata连接成功 *****
服务信息: {'tag': 'sp3', 'version': '1.0'}
服务地址: 127.0.0.1:58610
数据路径: C:\QMT\bin.x64/../userdata_mini/datadir
设置xtdata.enable_hello = False可隐藏此消息

start
sleep a day
今天是交易日吗 True
judge_date count  1
中小综指成分股数量：961
['002001.SZ', '002003.SZ', '002004.SZ', '002005.SZ', '002006.SZ', '002007.SZ', '002008.SZ', '002009.SZ', '002010.SZ', '002011.SZ']
002231.SZ cannot get instrument detail !!!
涨停 002354.SZ 天娱数科
涨停 002585.SZ 双星新材
002969.SZ  可能停牌  -1
过滤ST/*ST股票后，剩余 890 只
prepare_stock_list count  2
大盘涨幅 0.74%
stop_loss count  3
check_limit_up count  4
sleep 20s
******************当日(2026-06-05 14:02:20.013944) (周5) 持仓市值: 68176.00元*******************
✅持仓: 中天服务(002188.SZ), 占比 12.04%, 涨跌幅: -2.04% (-173.00), 数量: 1400, 市值: 8288.0元 房地产服务
✅持仓: 华斯股份(002494.SZ), 占比 12.31%, 涨跌幅: -2.45% (-213.00), 数量: 1600, 市值: 8480.0元 服装家纺
✅持仓: 光正眼科(002524.SZ), 占比 12.73%, 涨跌幅: -1.35% (-120.00), 数量: 2300, 市值: 8763.0元 医疗服务
✅持仓: 百洋股份(002696.SZ), 占比 12.79%, 涨跌幅: -0.73% (-65.00), 数量: 1500, 市值: 8805.0元 饲料
✅持仓: 黄山胶囊(002817.SZ), 占比 11.82%, 涨跌幅: -2.36% (-197.00), 数量: 1200, 市值: 8136.0元 化学制药
✅持仓: 桂发祥(002820.SZ), 占比 12.64%, 涨跌幅: -4.69% (-428.00), 数量: 900, 市值: 8703.0元 休闲食品
✅持仓: 贝肯能源(002828.SZ), 占比 12.13%, 涨跌幅: -2.78% (-239.00), 数量: 900, 市值: 8352.0元 油服工程
✅持仓: 庄园牧场(002910.SZ), 占比 12.56%, 涨跌幅: -2.69% (-239.00), 数量: 900, 市值: 8649.0元 饮料乳品
✅*******************总资产 68860.90  剩余可用金额 684.90元*******************


check_remain_amount count  5
******************当日(2026-06-05 15:01:00.009029) (周5) 持仓市值: 67842.00元*******************
✅持仓: 中天服务(002188.SZ), 占比 12.05%, 涨跌幅: -2.38% (-201.00), 数量: 1400, 市值: 8260.0元 房地产服务
✅持仓: 华斯股份(002494.SZ), 占比 12.26%, 涨跌幅: -3.37% (-293.00), 数量: 1600, 市值: 8400.0元 服装家纺
✅持仓: 光正眼科(002524.SZ), 占比 12.72%, 涨跌幅: -1.87% (-166.00), 数量: 2300, 市值: 8717.0元 医疗服务
✅持仓: 百洋股份(002696.SZ), 占比 12.70%, 涨跌幅: -1.92% (-170.00), 数量: 1500, 市值: 8700.0元 饲料
✅持仓: 黄山胶囊(002817.SZ), 占比 11.80%, 涨跌幅: -2.94% (-245.00), 数量: 1200, 市值: 8088.0元 化学制药
✅持仓: 桂发祥(002820.SZ), 占比 12.71%, 涨跌幅: -4.59% (-419.00), 数量: 900, 市值: 8712.0元 休闲食品
✅持仓: 贝肯能源(002828.SZ), 占比 12.23%, 涨跌幅: -2.47% (-212.00), 数量: 900, 市值: 8379.0元 油服工程
✅持仓: 庄园牧场(002910.SZ), 占比 12.53%, 涨跌幅: -3.40% (-302.00), 数量: 900, 市值: 8586.0元 饮料乳品
✅*******************总资产 68526.90  剩余可用金额 684.90元*******************


==============================
今日股票收益: 0.00 元
收益率:       0.00 %
==============================


reconnect
建立交易连接，返回0表示连接成功 0
******************当日(2026-06-05 15:22:00.002268) (周5) 持仓市值: 67842.00元*******************
✅持仓: 中天服务(002188.SZ), 占比 12.05%, 涨跌幅: -2.38% (-201.00), 数量: 1400, 市值: 8260.0元 房地产服务
✅持仓: 华斯股份(002494.SZ), 占比 12.26%, 涨跌幅: -3.37% (-293.00), 数量: 1600, 市值: 8400.0元 服装家纺
✅持仓: 光正眼科(002524.SZ), 占比 12.72%, 涨跌幅: -1.87% (-166.00), 数量: 2300, 市值: 8717.0元 医疗服务
✅持仓: 百洋股份(002696.SZ), 占比 12.70%, 涨跌幅: -1.92% (-170.00), 数量: 1500, 市值: 8700.0元 饲料
✅持仓: 黄山胶囊(002817.SZ), 占比 11.80%, 涨跌幅: -2.94% (-245.00), 数量: 1200, 市值: 8088.0元 化学制药
✅持仓: 桂发祥(002820.SZ), 占比 12.71%, 涨跌幅: -4.59% (-419.00), 数量: 900, 市值: 8712.0元 休闲食品
✅持仓: 贝肯能源(002828.SZ), 占比 12.23%, 涨跌幅: -2.47% (-212.00), 数量: 900, 市值: 8379.0元 油服工程
✅持仓: 庄园牧场(002910.SZ), 占比 12.53%, 涨跌幅: -3.40% (-302.00), 数量: 900, 市值: 8586.0元 饮料乳品
✅*******************总资产 68526.90  剩余可用金额 684.90元*******************


==============================
今日股票收益: 0.00 元
收益率:       0.00 %
==============================


sleep a day

收到信号 2，正在关闭调度器...
调度器已安全关闭
