init — 双策略合并版
QMT路径: C:\QMT\userdata_mini
建立交易连接，返回0表示连接成功 0
初始化申万二级行业映射...
***** xtdata连接成功 *****
服务信息: {'tag': 'sp3', 'version': '1.0'}
服务地址: 127.0.0.1:58610
数据路径: C:\QMT\bin.x64/../userdata_mini/datadir
设置xtdata.enable_hello = False可隐藏此消息

行业映射完成，共 958 只股票
双策略初始化完成: 动量90.0% + 小市值10.0%
  初始资产 56111.63, 可用资金 2822.03
******************当日(2026-07-27 16:48:34.048400) (周1) 持仓市值: 53289.60元*******************
✅蓝丰生化(002513.SZ) 占比 25.08% 涨幅:  10.13% (1295.00) x 3100 = 14074.0元 农化制品
✅恒大高新(002591.SZ) 占比 25.76% 涨幅:   9.32% (1232.00) x 2600 = 14456.0元 化学制品
✅凤形股份(002760.SZ) 占比 25.12% 涨幅:  10.50% (1339.00) x 900 = 14094.0元 通用设备
✅豆粕ETF华夏(159985.SZ) 占比 9.64% 涨幅:  -0.05% (-2.60) x 2400 = 5409.6元 None
✅日经ETF华夏(513520.SH) 占比 9.37% 涨幅:   1.01% (52.60) x 2400 = 5256.0元 None
✅持仓: 银华日利ETF(511880.SH) 0股
✅*******************总资产 56111.63 剩余可用金额 2822.03元*******************
  [动量策略] 预留现金: 2,539.83 | 持仓市值: 10,665.60 | 总资产: 13,205.43
    持仓: 豆粕ETF华夏, 日经ETF华夏
  [小市值策略] 预留现金: 282.20 | 持仓市值: 42,624.00 | 总资产: 42,906.20
    持仓: 蓝丰生化, 恒大高新, 凤形股份

start
调度器已启动 — 动量(每天11:00) + 小市值(周二) 
sleep a day
今天是交易日吗 True
judge_date count  1
中小综指成分股数量：958
['002001.SZ', '002003.SZ', '002004.SZ', '002005.SZ', '002006.SZ', '002007.SZ', '002008.SZ', '002009.SZ', '002010.SZ', '002011.SZ']
涨停 002173.SZ 创新医疗
涨停 002309.SZ 中利集团
涨停 002338.SZ 奥普光电
涨停 002580.SZ 圣阳股份
涨停 002889.SZ 东方嘉盛
过滤ST/*ST股票后，剩余 898 只
prepare_stock_list count  2
✅========== [小市值策略] 周度调仓(卖出) 2026-07-28 09:55:00.082267 ==========
******************当日(2026-07-28 09:55:00.082267) (周2) 持仓市值: 53747.60元*******************
✅日经ETF华夏(513520.SH) 占比 8.96% 涨幅:  -2.63% (-137.00) x 2400 = 5066.4元 None
✅蓝丰生化(002513.SZ) 占比 25.26% 涨幅:  11.83% (1512.00) x 3100 = 14291.0元 农化制品
✅恒大高新(002591.SZ) 占比 26.06% 涨幅:  11.48% (1518.00) x 2600 = 14742.0元 化学制品
✅凤形股份(002760.SZ) 占比 25.28% 涨幅:  12.12% (1546.00) x 900 = 14301.0元 通用设备
✅豆粕ETF华夏(159985.SZ) 占比 9.45% 涨幅:  -1.20% (-65.00) x 2400 = 5347.2元 None
✅*******************总资产 56569.63 剩余可用金额 2822.03元*******************
  [动量策略] 预留现金: 2,539.83 | 持仓市值: 10,413.60 | 总资产: 12,953.43
    持仓: 日经ETF华夏, 豆粕ETF华夏
  [小市值策略] 预留现金: 282.20 | 持仓市值: 43,334.00 | 总资产: 43,616.20
    持仓: 蓝丰生化, 恒大高新, 凤形股份

get_small_cap_stocks   2026-07-28 09:55:00.082267    head 9
    第 1名: 中天服务(002188.SZ), 流通市值: 15.11 亿元 房地产服务   <== 选中
    第 2名: 富煌钢构(002743.SZ), 流通市值: 15.32 亿元 专业工程   <== 选中
    第 3名: 亚联发展(002316.SZ), 流通市值: 15.72 亿元 综合   <== 选中
    第 4名: 庄园牧场(002910.SZ), 流通市值: 16.13 亿元 饮料乳品   <== 选中
    第 5名: 华斯股份(002494.SZ), 流通市值: 16.34 亿元 服装家纺   <== 选中
    第 6名: 桂发祥(002820.SZ), 流通市值: 16.71 亿元 休闲食品   <== 选中
    第 7名: 海源复材(002529.SZ), 流通市值: 16.85 亿元 专用设备   <== 选中
    第 8名: 恒大高新(002591.SZ), 流通市值: 17.02 亿元 化学制品   <== 选中
    第 9名: 天元股份(003003.SZ), 流通市值: 17.11 亿元 包装印刷   <== 选中
    第10名: 凤形股份(002760.SZ), 流通市值: 17.16 亿元 通用设备 
    第11名: 宏达高科(002144.SZ), 流通市值: 17.16 亿元 纺织制造 
    第12名: 蓝丰生化(002513.SZ), 流通市值: 17.31 亿元 农化制品 
    第13名: 登云股份(002715.SZ), 流通市值: 17.59 亿元 汽车零部件 
    第14名: 百洋股份(002696.SZ), 流通市值: 17.6 亿元 饲料 
    第15名: 开普检测(003008.SZ), 流通市值: 17.64 亿元 专业服务 
    第16名: 聚力文化(002247.SZ), 流通市值: 17.7 亿元 装修建材 
    第17名: 海象新材(003011.SZ), 流通市值: 17.7 亿元 家居用品 
    第18名: 黄山胶囊(002817.SZ), 流通市值: 17.71 亿元 化学制药 
    第19名: 红墙股份(002809.SZ), 流通市值: 17.71 亿元 化学制品 
    第20名: 国统股份(002205.SZ), 流通市值: 17.82 亿元 水泥 
✅当前持股 3只
蓝丰生化
恒大高新
凤形股份
✅需要买入股票 8只
✅需要卖出股票 2只
✅待买入  中天服务
✅待买入  富煌钢构
✅待买入  亚联发展
✅待买入  庄园牧场
✅待买入  华斯股份
✅待买入  桂发祥
✅待买入  海源复材
✅待买入  天元股份
✅待卖出: 蓝丰生化
✅待卖出: 凤形股份
✅今日(2026-07-28 09:55:00.082267)为卖出时间，执行卖出操作
✅------------------------------------------
✅>>>>>>>>>>>>
✅卖出: 蓝丰生化
async_seq  13
成功清仓 002513.SZ 后，策略1 增加资金14291.00, 现有资金为 14573.20
✅>>>>>>>>>>>>
✅卖出: 凤形股份
async_seq  15
成功清仓 002760.SZ 后，策略1 增加资金14301.00, 现有资金为 28874.20
rebalance_sell count  3
异步委托回调 投资备注: 清仓002513.SZ 
异步委托回调 投资备注: 清仓002760.SZ 
大盘涨幅 3.10%
stop_loss count  4
✅========== [小市值策略] 周度调仓(买入) 2026-07-28 10:30:00.054925 ==========
✅今日(2026-07-28 10:30:00.054925)为买入时间，执行买入操作
✅+++++++++++++++++++++++++++++++++++++++++
✅需买入 8只
中天服务
富煌钢构
亚联发展
庄园牧场
华斯股份
桂发祥
海源复材
天元股份
selected_stocks
['002188.SZ', '002743.SZ', '002316.SZ', '002910.SZ', '002494.SZ', '002820.SZ', '002529.SZ', '002591.SZ', '003003.SZ']
  期望持仓: 中天服务(002188.SZ), 11.11%
  期望持仓: 富煌钢构(002743.SZ), 11.11%
  期望持仓: 亚联发展(002316.SZ), 11.11%
  期望持仓: 庄园牧场(002910.SZ), 11.11%
  期望持仓: 华斯股份(002494.SZ), 11.11%
  期望持仓: 桂发祥(002820.SZ), 11.11%
  期望持仓: 海源复材(002529.SZ), 11.11%
  期望持仓: 恒大高新(002591.SZ), 11.11%
  期望持仓: 天元股份(003003.SZ), 11.11%
预计买入中天服务(002188.SZ)  1000 股 * 4.62,总计 4620.00
预计买入富煌钢构(002743.SZ)  1300 股 * 3.48,总计 4524.00
预计买入亚联发展(002316.SZ)  1100 股 * 4.04,总计 4444.00
预计买入庄园牧场(002910.SZ)  500 股 * 8.22,总计 4110.00
预计买入华斯股份(002494.SZ)  1100 股 * 4.29,总计 4719.00
预计买入桂发祥(002820.SZ)  500 股 * 8.40,总计 4200.00
预计买入海源复材(002529.SZ)  700 股 * 6.38,总计 4466.00
预计买入天元股份(003003.SZ)  400 股 * 9.70,总计 3880.00
预计持仓 49705.0 剩余金额 -6088.80
⭕⭕剩余资金过大 -6088.80
✅恒大高新 持仓与期望相差较大，持仓33.80%, 期望11.11%, 金额差额-9895.76
sell 002591.SZ passorder target value 4846.24 current 14742.00 amount 1700 @5.57
async_seq  21
成功卖出 002591.SZ 后，策略1 增加资金14742.00 - 4846.24, 现有资金为 38769.96
调整恒大高新市值，卖出9895.76元
sleep 30s
异步委托回调 投资备注: Sell 002591.SZ 4846.244
卖出部分股票后，多出现金 9895.76
重新分配之后资金3806.96
 预估持仓: 中天服务(002188.SZ), 占比 10.59% 单价 4.62
 预估持仓: 亚联发展(002316.SZ), 占比 10.19% 单价 4.04
 预估持仓: 华斯股份(002494.SZ), 占比 10.82% 单价 4.29
 预估持仓: 蓝丰生化(002513.SZ), 占比 0.00% 单价 4.61
 预估持仓: 海源复材(002529.SZ), 占比 10.24% 单价 6.38
 预估持仓: 恒大高新(002591.SZ), 占比 33.80% 单价 5.67
 预估持仓: 富煌钢构(002743.SZ), 占比 10.37% 单价 3.48
 预估持仓: 凤形股份(002760.SZ), 占比 0.00% 单价 15.77
 预估持仓: 桂发祥(002820.SZ), 占比 9.63% 单价 8.40
 预估持仓: 庄园牧场(002910.SZ), 占比 9.42% 单价 8.22
 预估持仓: 天元股份(003003.SZ), 占比 8.90% 单价 9.70
调整中天服务买入数量，期望买入4846.24,当前4620.00,相差226.24
单价4.62，新市值4620.00，差值226.24
单价4.62，新市值5082.00，差值-235.76
调整富煌钢构买入数量，期望买入4846.24,当前4524.00,相差322.24
单价3.48，新市值4524.00，差值322.24
单价3.48，新市值4872.00，差值-25.76
单价3.48，新市值5220.00，差值-373.76
✅调整买入数量，追加1手,仓位占比调整为11.17%
调整亚联发展买入数量，期望买入4846.24,当前4444.00,相差402.24
单价4.05，新市值4444.00，差值402.24
单价4.05，新市值4849.00，差值-2.76
单价4.05，新市值5254.00，差值-407.76
✅调整买入数量，追加1手,仓位占比调整为11.12%
调整庄园牧场买入数量，期望买入4846.24,当前4110.00,相差736.24
单价8.19，新市值4110.00，差值736.24
单价8.19，新市值4929.00，差值-82.76
单价8.19，新市值5748.00，差值-901.76
✅调整买入数量，追加1手,仓位占比调整为11.30%
调整华斯股份买入数量，期望买入4846.24,当前4719.00,相差127.24
单价4.29，新市值4719.00，差值127.24
单价4.29，新市值5148.00，差值-301.76
调整桂发祥买入数量，期望买入4846.24,当前4200.00,相差646.24
单价8.40，新市值4200.00，差值646.24
单价8.40，新市值5040.00，差值-193.76
单价8.40，新市值5880.00，差值-1033.76
✅调整买入数量，追加1手,仓位占比调整为11.56%
调整海源复材买入数量，期望买入4846.24,当前4466.00,相差380.24
单价6.39，新市值4466.00，差值380.24
单价6.39，新市值5105.00，差值-258.76
单价6.39，新市值5744.00，差值-897.76
✅调整买入数量，追加1手,仓位占比调整为11.70%
调整天元股份买入数量，期望买入4846.24,当前3880.00,相差966.24
单价9.69，新市值3880.00，差值966.24
单价9.69，新市值4849.00，差值-2.76
单价9.69，新市值5818.00，差值-971.76
✅调整买入数量，追加1手,仓位占比调整为11.12%
====调整每股额度====
当前可用资金  38769.95822222222 
持仓市值  5085.0 
总资产:  43854.95822222222 
每股额度  4846.244777777778

✅===可用资金 38769.95822222222===
委托买入: 中天服务, 002188.SZ 
目标价值:4872.77
预计最终持股1000股，每股4.62元，合计:4620.00
buy 002188.SZ passorder target value 4872.77 current 0.00 amount 1000 @4.72
成功买入 002188.SZ 后，策略1 减少资金4720.00, 现有资金为 34049.96
async_seq  27
异步委托回调 投资备注: Buy 002188.SZ Tgt 4872.

✅===可用资金 34049.95822222222===
委托买入: 富煌钢构, 002743.SZ 
目标价值:4898.67
预计最终持股1400股，每股3.48元，合计:4872.00
buy 002743.SZ passorder target value 4898.67 current 0.00 amount 1400 @3.58
成功买入 002743.SZ 后，策略1 减少资金5012.00, 现有资金为 29037.96
async_seq  30
异步委托回调 投资备注: Buy 002743.SZ Tgt 4898.

✅===可用资金 29037.958222222223===
委托买入: 亚联发展, 002316.SZ 
目标价值:4875.54
预计最终持股1200股，每股4.06元，合计:4872.00
buy 002316.SZ passorder target value 4875.54 current 0.00 amount 1200 @4.16
成功买入 002316.SZ 后，策略1 减少资金4992.00, 现有资金为 24045.96
async_seq  34
异步委托回调 投资备注: Buy 002316.SZ Tgt 4875.

✅===可用资金 24045.958222222223===
委托买入: 庄园牧场, 002910.SZ 
目标价值:4955.98
预计最终持股600股，每股8.22元，合计:4932.00
buy 002910.SZ passorder target value 4955.98 current 0.00 amount 600 @8.32
成功买入 002910.SZ 后，策略1 减少资金4992.00, 现有资金为 19053.96
async_seq  38
异步委托回调 投资备注: Buy 002910.SZ Tgt 4955.

✅===可用资金 19053.958222222223===
委托买入: 华斯股份, 002494.SZ 
目标价值:4872.77
预计最终持股1100股，每股4.30元，合计:4730.00
buy 002494.SZ passorder target value 4872.77 current 0.00 amount 1100 @4.40
成功买入 002494.SZ 后，策略1 减少资金4840.00, 现有资金为 14213.96
async_seq  42
异步委托回调 投资备注: Buy 002494.SZ Tgt 4872.

✅===可用资金 14213.958222222223===
委托买入: 桂发祥, 002820.SZ 
目标价值:5067.59
预计最终持股600股，每股8.41元，合计:5046.00
buy 002820.SZ passorder target value 5067.59 current 0.00 amount 600 @8.51
成功买入 002820.SZ 后，策略1 减少资金5106.00, 现有资金为 9107.96
async_seq  46
异步委托回调 投资备注: Buy 002820.SZ Tgt 5067.

✅===可用资金 9107.958222222223===
委托买入: 海源复材, 002529.SZ 
目标价值:5132.94
预计最终持股800股，每股6.38元，合计:5104.00
buy 002529.SZ passorder target value 5132.94 current 0.00 amount 800 @6.48
成功买入 002529.SZ 后，策略1 减少资金5184.00, 现有资金为 3923.96
async_seq  50
异步委托回调 投资备注: Buy 002529.SZ Tgt 5132.

✅===可用资金 3923.9582222222234===
委托买入: 天元股份, 003003.SZ 
目标价值:3923.96
预计最终持股400股，每股9.72元，合计:3888.00
buy 003003.SZ passorder target value 3923.96 current 0.00 amount 400 @9.82
成功买入 003003.SZ 后，策略1 减少资金3928.00, 现有资金为 -4.04
async_seq  53
异步委托回调 投资备注: Buy 003003.SZ Tgt 3923.
sleep 30s
******************当日(2026-07-28 10:32:20.152506) (周2) 持仓市值: 53481.40元*******************
✅日经ETF华夏(513520.SH) 占比 8.95% 涨幅:  -3.00% (-156.20) x 2400 = 5047.2元 None
✅恒大高新(002591.SZ) 占比 9.05% 涨幅:  41.67% (1501.00) x 900 = 5103.0元 化学制品
✅豆粕ETF华夏(159985.SZ) 占比 9.41% 涨幅:  -1.87% (-101.00) x 2400 = 5311.2元 None
✅中天服务(002188.SZ) 占比 8.21% 涨幅:  -0.13% (-6.00) x 1000 = 4630.0元 房地产服务
✅富煌钢构(002743.SZ) 占比 8.66% 涨幅:   0.00% (0.00) x 1400 = 4886.0元 专业工程
✅亚联发展(002316.SZ) 占比 8.59% 涨幅:  -0.49% (-24.00) x 1200 = 4848.0元 综合
✅庄园牧场(002910.SZ) 占比 8.72% 涨幅:  -0.24% (-12.00) x 600 = 4920.0元 饮料乳品
✅华斯股份(002494.SZ) 占比 8.38% 涨幅:  -0.23% (-11.00) x 1100 = 4730.0元 服装家纺
✅桂发祥(002820.SZ) 占比 8.92% 涨幅:  -0.24% (-12.00) x 600 = 5034.0元 休闲食品
✅海源复材(002529.SZ) 占比 9.03% 涨幅:  -0.31% (-16.00) x 800 = 5096.0元 专用设备
✅天元股份(003003.SZ) 占比 6.87% 涨幅:  -0.31% (-12.00) x 400 = 3876.0元 包装印刷
✅持仓: 蓝丰生化(002513.SZ) 0股
✅持仓: 凤形股份(002760.SZ) 0股
✅*******************总资产 56417.03 剩余可用金额 21634.43元*******************
  [动量策略] 预留现金: 2,539.83 | 持仓市值: 10,358.40 | 总资产: 12,898.23
    持仓: 日经ETF华夏, 豆粕ETF华夏
  [小市值策略] 预留现金: -4.04 | 持仓市值: 43,123.00 | 总资产: 43,118.96
    持仓: 恒大高新, 中天服务, 富煌钢构, 亚联发展, 庄园牧场, 华斯股份, 桂发祥, 海源复材, 天元股份

rebalance_buy count  5

✅========== [动量策略] 日度调仓 2026-07-28 ==========

========== [短期动量] 开始 (窗口=25天, 上限=6) ==========
  纳指ETF国泰(513100.SH): 年化=-42.2783% R²=0.6861 得分=-0.2901 [淘汰]
  日经ETF华夏(513520.SH): 年化=-85.2319% R²=0.9120 得分=-0.7773 [淘汰]
  德国ETF华安(513030.SH): 年化=-5.0956% R²=-0.0003 得分=0.0000
  黄金ETF华安(518880.SH): 年化=-5.6604% R²=0.0092 得分=-0.0005 [淘汰]
  有色ETF大成(159980.SZ): 年化=38.4651% R²=0.6980 得分=0.2685
  豆粕ETF华夏(159985.SZ): 年化=197.2927% R²=0.7325 得分=1.4452
  南方原油LOF(501018.SH): 年化=2374.6883% R²=0.6746 得分=0.0000 [淘汰]
  30年国债ETF鹏扬(511090.SH): 年化=11.0474% R²=0.3313 得分=0.0366
  恒生科技ETF华泰柏瑞(513130.SH): 年化=77.9468% R²=0.4661 得分=0.3633
  >>> 短期动量最终选出: 豆粕ETF华夏(159985.SZ)

========== [长期动量] 开始 (窗口=250天, 上限=0.5) ==========
  纳指ETF国泰(513100.SH): 年化=28.2520% R²=0.5729 得分=0.1619
  日经ETF华夏(513520.SH): 年化=49.8346% R²=0.8052 得分=0.4012
  德国ETF华安(513030.SH): 年化=-7.2044% R²=0.3272 得分=-0.0236 [淘汰]
  黄金ETF华安(518880.SH): 年化=8.6184% R²=0.1197 得分=0.0103
  有色ETF大成(159980.SZ): 年化=26.8884% R²=0.7471 得分=0.2009
  豆粕ETF华夏(159985.SZ): 年化=10.7322% R²=0.4108 得分=0.0441
  南方原油LOF(501018.SH): 年化=107.2124% R²=0.5906 得分=0.0000 [淘汰]
  30年国债ETF鹏扬(511090.SH): 年化=-3.2155% R²=0.3162 得分=-0.0102 [淘汰]
  恒生科技ETF华泰柏瑞(513130.SH): 年化=-32.4695% R²=0.8137 得分=-0.2642 [淘汰]
  >>> 长期动量最终选出: 日经ETF华夏(513520.SH)

========== 选股汇总 ==========
  短期: 豆粕ETF华夏(159985.SZ)  长期: 日经ETF华夏(513520.SH)
  两者不同 → 各配50%
  总资产: 56,087.43, 动量总资产: 12,835.83
  [与目标差异太小，不减仓] 豆粕ETF华夏(159985.SZ): 5,251.20 → 6,417.91
  [与目标差异太小，不减仓] 日经ETF华夏(513520.SH): 5,044.80 → 6,417.91
  [与目标差异太大，不加仓] 豆粕ETF华夏(159985.SZ): 5,251.20 → 6,417.91 策略资金2,539.83
  [与目标差异太大，不加仓] 日经ETF华夏(513520.SH): 5,044.80 → 6,417.91 策略资金2,539.83
✅========== [动量策略] 调仓结束 ==========

check_limit_up count  6
sleep 20s
******************当日(2026-07-28 14:12:20.017828) (周2) 持仓市值: 52976.60元*******************
✅日经ETF华夏(513520.SH) 占比 9.01% 涨幅:  -3.32% (-173.00) x 2400 = 5030.4元 None
✅恒大高新(002591.SZ) 占比 9.10% 涨幅:  40.52% (1463.69) x 900 = 5076.0元 化学制品
✅豆粕ETF华夏(159985.SZ) 占比 9.24% 涨幅:  -4.75% (-257.00) x 2400 = 5155.2元 None
✅中天服务(002188.SZ) 占比 8.24% 涨幅:  -0.89% (-41.50) x 1000 = 4600.0元 房地产服务
✅富煌钢构(002743.SZ) 占比 8.68% 涨幅:  -0.97% (-47.50) x 1400 = 4844.0元 专业工程
✅亚联发展(002316.SZ) 占比 8.54% 涨幅:  -2.33% (-113.50) x 1200 = 4764.0元 综合
✅庄园牧场(002910.SZ) 占比 8.73% 涨幅:  -1.33% (-65.50) x 600 = 4872.0元 饮料乳品
✅华斯股份(002494.SZ) 占比 8.42% 涨幅:  -1.04% (-49.50) x 1100 = 4697.0元 服装家纺
✅桂发祥(002820.SZ) 占比 9.02% 涨幅:  -0.35% (-17.50) x 600 = 5034.0元 休闲食品
✅海源复材(002529.SZ) 占比 9.06% 涨幅:  -1.20% (-61.50) x 800 = 5056.0元 专用设备
✅天元股份(003003.SZ) 占比 6.90% 涨幅:  -1.17% (-45.50) x 400 = 3848.0元 包装印刷
✅持仓: 蓝丰生化(002513.SZ) 0股
✅持仓: 凤形股份(002760.SZ) 0股
✅*******************总资产 55802.03 剩余可用金额 2825.43元*******************
  [动量策略] 预留现金: 2,539.83 | 持仓市值: 10,185.60 | 总资产: 12,725.43
    持仓: 日经ETF华夏, 豆粕ETF华夏
  [小市值策略] 预留现金: -4.04 | 持仓市值: 42,791.00 | 总资产: 42,786.96
    持仓: 恒大高新, 中天服务, 富煌钢构, 亚联发展, 庄园牧场, 华斯股份, 桂发祥, 海源复材, 天元股份

check_remain_amount count  7
******************当日(2026-07-28 15:02:00.047472) (周2) 持仓市值: 52914.60元*******************
✅日经ETF华夏(513520.SH) 占比 9.03% 涨幅:  -3.23% (-168.20) x 2400 = 5035.2元 None
✅恒大高新(002591.SZ) 占比 9.11% 涨幅:  40.52% (1463.69) x 900 = 5076.0元 化学制品
✅豆粕ETF华夏(159985.SZ) 占比 9.13% 涨幅:  -5.95% (-321.80) x 2400 = 5090.4元 None
✅中天服务(002188.SZ) 占比 8.22% 涨幅:  -1.33% (-61.50) x 1000 = 4580.0元 房地产服务
✅富煌钢构(002743.SZ) 占比 8.69% 涨幅:  -0.97% (-47.50) x 1400 = 4844.0元 专业工程
✅亚联发展(002316.SZ) 占比 8.57% 涨幅:  -2.08% (-101.50) x 1200 = 4776.0元 综合
✅庄园牧场(002910.SZ) 占比 8.77% 涨幅:  -0.96% (-47.50) x 600 = 4890.0元 饮料乳品
✅华斯股份(002494.SZ) 占比 8.43% 涨幅:  -1.04% (-49.50) x 1100 = 4697.0元 服装家纺
✅桂发祥(002820.SZ) 占比 9.05% 涨幅:  -0.11% (-5.50) x 600 = 5046.0元 休闲食品
✅海源复材(002529.SZ) 占比 9.00% 涨幅:  -1.98% (-101.50) x 800 = 5016.0元 专用设备
✅天元股份(003003.SZ) 占比 6.93% 涨幅:  -0.76% (-29.50) x 400 = 3864.0元 包装印刷
✅持仓: 蓝丰生化(002513.SZ) 0股
✅持仓: 凤形股份(002760.SZ) 0股
✅*******************总资产 55740.03 剩余可用金额 2825.43元*******************
  [动量策略] 预留现金: 2,539.83 | 持仓市值: 10,125.60 | 总资产: 12,665.43
    持仓: 日经ETF华夏, 豆粕ETF华夏
  [小市值策略] 预留现金: -4.04 | 持仓市值: 42,789.00 | 总资产: 42,784.96
    持仓: 恒大高新, 中天服务, 富煌钢构, 亚联发展, 庄园牧场, 华斯股份, 桂发祥, 海源复材, 天元股份

  策略资金总和为2535.7852222222236，账面资金为2825.43

==============================
今日股票收益: -371.60 元
收益率:       -0.66 %
==============================


sleep a day
今天是交易日吗 True
judge_date count  1
中小综指成分股数量：958
['002001.SZ', '002003.SZ', '002004.SZ', '002005.SZ', '002006.SZ', '002007.SZ', '002008.SZ', '002009.SZ', '002010.SZ', '002011.SZ']
涨停 002212.SZ 天融信
涨停 002827.SZ 高争民爆
涨停 003032.SZ 传智教育
过滤ST/*ST股票后，剩余 900 只
prepare_stock_list count  2
大盘涨幅 -1.09%
stop_loss count  3

✅========== [动量策略] 日度调仓 2026-07-29 ==========

========== [短期动量] 开始 (窗口=25天, 上限=6) ==========
  纳指ETF国泰(513100.SH): 年化=-46.3866% R²=0.7195 得分=-0.3338 [淘汰]
  日经ETF华夏(513520.SH): 年化=-87.2049% R²=0.9276 得分=-0.8089 [淘汰]
  德国ETF华安(513030.SH): 年化=-4.1437% R²=0.0018 得分=-0.0001 [淘汰]
  黄金ETF华安(518880.SH): 年化=-7.4830% R²=0.0150 得分=-0.0011 [淘汰]
  有色ETF大成(159980.SZ): 年化=40.4925% R²=0.7784 得分=0.3152
  豆粕ETF华夏(159985.SZ): 年化=107.8989% R²=0.4511 得分=0.0000 [淘汰]
  南方原油LOF(501018.SH): 年化=2209.5941% R²=0.6911 得分=15.2714 [淘汰]
  30年国债ETF鹏扬(511090.SH): 年化=12.6034% R²=0.4006 得分=0.0505
  恒生科技ETF华泰柏瑞(513130.SH): 年化=108.2460% R²=0.5857 得分=0.6340
  >>> 短期动量最终选出: 恒生科技ETF华泰柏瑞(513130.SH)

========== [长期动量] 开始 (窗口=250天, 上限=0.5) ==========
  纳指ETF国泰(513100.SH): 年化=28.0224% R²=0.5698 得分=0.1597
  日经ETF华夏(513520.SH): 年化=48.9839% R²=0.7969 得分=0.3903
  德国ETF华安(513030.SH): 年化=-7.1850% R²=0.3272 得分=-0.0235 [淘汰]
  黄金ETF华安(518880.SH): 年化=7.8320% R²=0.1070 得分=0.0084
  有色ETF大成(159980.SZ): 年化=26.6210% R²=0.7435 得分=0.1979
  豆粕ETF华夏(159985.SZ): 年化=10.5338% R²=0.4066 得分=0.0000 [淘汰]
  南方原油LOF(501018.SH): 年化=107.4097% R²=0.5934 得分=0.6374 [淘汰]
  30年国债ETF鹏扬(511090.SH): 年化=-3.0646% R²=0.3005 得分=-0.0092 [淘汰]
  恒生科技ETF华泰柏瑞(513130.SH): 年化=-32.3519% R²=0.8147 得分=-0.2636 [淘汰]
  >>> 长期动量最终选出: 日经ETF华夏(513520.SH)

========== 选股汇总 ==========
  短期: 恒生科技ETF华泰柏瑞(513130.SH)  长期: 日经ETF华夏(513520.SH)
  两者不同 → 各配50%
  总资产: 56,569.12, 动量总资产: 12,615.03
  [调出] 豆粕ETF华夏(159985.SZ) → 清仓
async_seq  73
成功清仓 159985.SZ 后，策略0 增加资金5116.80, 现有资金为 7656.63
sleep 30s
异步委托回调 投资备注: 清仓159985.SZ 
  [与目标差异太小，不减仓] 恒生科技ETF华泰柏瑞(513130.SH): 0.00 → 6,307.51
  [与目标差异太小，不减仓] 日经ETF华夏(513520.SH): 4,958.40 → 6,307.51
  [加仓] 恒生科技ETF华泰柏瑞(513130.SH): 0.00 → 6,307.51
buy 513130.SH passorder target value 6307.51 current 0.00 amount 10400 @0.70
成功买入 513130.SH 后，策略0 减少资金7321.60, 现有资金为 335.03
async_seq  75
  [与目标差异太大，不加仓] 日经ETF华夏(513520.SH): 4,958.40 → 6,307.51 策略资金335.03
✅========== [动量策略] 调仓结束 ==========

异步委托回调 投资备注: Buy 513130.SH Tgt 6307.
委托报错回调 Buy 513130.SH Tgt 6307. 限价买入 [SH513130] [COUNTER] [120162][超过涨跌停范围][entrust_price=0.70400000,up_price=0.64600000,down_price=0.528
check_limit_up count  4
sleep 20s
******************当日(2026-07-29 14:12:20.004927) (周3) 持仓市值: 56327.60元*******************
✅日经ETF华夏(513520.SH) 占比 8.76% 涨幅:  -4.75% (-247.40) x 2400 = 4956.0元 None
✅中天服务(002188.SZ) 占比 8.26% 涨幅:   0.62% (29.00) x 1000 = 4670.0元 房地产服务
✅亚联发展(002316.SZ) 占比 8.53% 涨幅:  -1.09% (-53.00) x 1200 = 4824.0元 综合
✅华斯股份(002494.SZ) 占比 8.32% 涨幅:  -0.80% (-38.00) x 1100 = 4708.0元 服装家纺
✅海源复材(002529.SZ) 占比 9.05% 涨幅:   0.06% (3.00) x 800 = 5120.0元 专用设备
✅恒大高新(002591.SZ) 占比 9.07% 涨幅:  42.03% (1518.18) x 900 = 5130.0元 化学制品
✅富煌钢构(002743.SZ) 占比 8.83% 涨幅:   2.19% (107.00) x 1400 = 4998.0元 专业工程
✅桂发祥(002820.SZ) 占比 9.21% 涨幅:   3.11% (157.00) x 600 = 5208.0元 休闲食品
✅庄园牧场(002910.SZ) 占比 9.02% 涨幅:   3.30% (163.00) x 600 = 5100.0元 饮料乳品
✅天元股份(003003.SZ) 占比 6.91% 涨幅:   0.39% (15.00) x 400 = 3908.0元 包装印刷
✅恒生科技ETF华泰柏瑞(513130.SH) 占比 13.62% 涨幅:   0.33% (25.60) x 12800 = 7705.6元 None
✅持仓: 豆粕ETF华夏(159985.SZ) 0股
✅*******************总资产 56570.92 剩余可用金额 255.32元*******************
  [动量策略] 预留现金: 335.03 | 持仓市值: 12,661.60 | 总资产: 12,996.63
    持仓: 日经ETF华夏, 恒生科技ETF华泰柏瑞
  [小市值策略] 预留现金: -4.04 | 持仓市值: 43,666.00 | 总资产: 43,661.96
    持仓: 中天服务, 亚联发展, 华斯股份, 海源复材, 恒大高新, 富煌钢构, 桂发祥, 庄园牧场, 天元股份

check_remain_amount count  5
******************当日(2026-07-29 15:02:00.036885) (周3) 持仓市值: 56865.40元*******************
✅日经ETF华夏(513520.SH) 占比 8.81% 涨幅:  -3.32% (-173.00) x 2400 = 5030.4元 None
✅中天服务(002188.SZ) 占比 8.30% 涨幅:   2.13% (99.00) x 1000 = 4740.0元 房地产服务
✅亚联发展(002316.SZ) 占比 8.59% 涨幅:   0.64% (31.00) x 1200 = 4908.0元 综合
✅华斯股份(002494.SZ) 占比 8.42% 涨幅:   1.29% (61.00) x 1100 = 4807.0元 服装家纺
✅海源复材(002529.SZ) 占比 8.99% 涨幅:   0.37% (19.00) x 800 = 5136.0元 专用设备
✅恒大高新(002591.SZ) 占比 9.04% 涨幅:  43.03% (1554.18) x 900 = 5166.0元 化学制品
✅富煌钢构(002743.SZ) 占比 8.85% 涨幅:   3.33% (163.00) x 1400 = 5054.0元 专业工程
✅桂发祥(002820.SZ) 占比 9.14% 涨幅:   3.35% (169.00) x 600 = 5220.0元 休闲食品
✅庄园牧场(002910.SZ) 占比 8.95% 涨幅:   3.54% (175.00) x 600 = 5112.0元 饮料乳品
✅天元股份(003003.SZ) 占比 6.91% 涨幅:   1.41% (55.00) x 400 = 3948.0元 包装印刷
✅恒生科技ETF华泰柏瑞(513130.SH) 占比 13.56% 涨幅:   0.77% (59.00) x 12800 = 7744.0元 None
✅持仓: 豆粕ETF华夏(159985.SZ) 0股
✅*******************总资产 57120.72 剩余可用金额 255.32元*******************
  [动量策略] 预留现金: 335.03 | 持仓市值: 12,774.40 | 总资产: 13,109.43
    持仓: 日经ETF华夏, 恒生科技ETF华泰柏瑞
  [小市值策略] 预留现金: -4.04 | 持仓市值: 44,091.00 | 总资产: 44,086.96
    持仓: 中天服务, 亚联发展, 华斯股份, 海源复材, 恒大高新, 富煌钢构, 桂发祥, 庄园牧场, 天元股份

  策略资金总和为330.98522222222437，账面资金为255.32

==============================
今日股票收益: 1380.69 元
收益率:       2.48 %
==============================



收到信号 2，关闭调度器...
调度器已关闭
