策略启动
策略初始化完成：每月初调仓，持有市值最小的9只股票, 初始资金100000.0
GGG========== 执行周度调仓，日期：2025-02-05 ==========
20250204 中小综指共有 991只股票
过滤ST/*ST股票后，剩余 933 只
去除科创版，北交所等，共有 933 只股票
涨停 002067.XSHE 景兴纸业
跌停 002112.XSHE 三变科技
涨停 002123.XSHE 梦网科技
跌停 002130.XSHE 沃尔核材
涨停 002137.XSHE 实益达
涨停 002261.XSHE 拓维信息
涨停 002313.XSHE 日海智能
涨停 002354.XSHE 天娱数科
跌停 002364.XSHE 中恒电气
涨停 002394.XSHE 联发股份
跌停 002398.XSHE 垒知集团
涨停 002421.XSHE 达实智能
跌停 002463.XSHE 沪电股份
跌停 002484.XSHE 江海股份
跌停 002519.XSHE 银河电子
涨停 002599.XSHE 盛通股份
跌停 002691.XSHE 冀凯股份
跌停 002730.XSHE 电光科技
涨停 002816.XSHE *ST和科
涨停 002819.XSHE 东方中科
跌停 002837.XSHE 英维克
涨停 002843.XSHE 泰嘉股份
跌停 002851.XSHE 麦格米特
涨停 002881.XSHE 美格智能
跌停 002917.XSHE 金奥博
涨停 003005.XSHE 竞业达
跌停 003032.XSHE *ST传智
过滤停牌，涨跌停股票后，剩余 895 只
跌停 002582.XSHE 好想你
get_small_cap_stocks   2025-02-04 15:00:00    head 9
    第 1名: *ST高斯(002848.XSHE), 流通市值: 9.41 亿元  <== 选中
    第 2名: *ST建艺(002789.XSHE), 流通市值: 10.6 亿元  <== 选中
    第 3名: ST瑞和(002620.XSHE), 流通市值: 11.29 亿元  <== 选中
    第 4名: 美芝股份(002856.XSHE), 流通市值: 11.91 亿元  <== 选中
    第 5名: 麦趣尔(002719.XSHE), 流通市值: 12.54 亿元  <== 选中
    第 6名: *ST威尔(002058.XSHE), 流通市值: 12.7 亿元  <== 选中
    第 7名: 准油股份(002207.XSHE), 流通市值: 13.29 亿元  <== 选中
    第 8名: 中天服务(002188.XSHE), 流通市值: 14.16 亿元  <== 选中
    第 9名: 庄园牧场(002910.XSHE), 流通市值: 14.24 亿元  <== 选中
    第10名: ST宏达(002211.XSHE), 流通市值: 14.31 亿元
GGG当前持股 0只
GGG需要买入股票 9只
GGG需要卖出股票 0只
GGG待买入  *ST高斯
GGG待买入  *ST建艺
GGG待买入  ST瑞和
GGG待买入  美芝股份
GGG待买入  麦趣尔
GGG待买入  *ST威尔
GGG待买入  准油股份
GGG待买入  中天服务
GGG待买入  庄园牧场
GGG今日(2025-02-05 10:00:00)为卖出时间，执行卖出操作
GGG------------------------------------------
大盘降幅-1.06%
GGG今日(2025-02-05 10:10:00)为买入时间，执行买入操作
GGG+++++++++++++++++++++++++++++++++++++++++
GGG需要买入股票 9只
*ST高斯
*ST建艺
ST瑞和
美芝股份
麦趣尔
*ST威尔
准油股份
中天服务
庄园牧场
 期望持仓: *ST高斯(002848.XSHE), 占比 11.11%
 期望持仓: *ST建艺(002789.XSHE), 占比 11.11%
 期望持仓: ST瑞和(002620.XSHE), 占比 11.11%
 期望持仓: 美芝股份(002856.XSHE), 占比 11.11%
 期望持仓: 麦趣尔(002719.XSHE), 占比 11.11%
 期望持仓: *ST威尔(002058.XSHE), 占比 11.11%
 期望持仓: 准油股份(002207.XSHE), 占比 11.11%
 期望持仓: 中天服务(002188.XSHE), 占比 11.11%
 期望持仓: 庄园牧场(002910.XSHE), 占比 11.11%
预计买入*ST高斯(002848.XSHE)  1800 股 * 5.95,总计 10710.00
预计买入*ST建艺(002789.XSHE)  1600 股 * 6.93,总计 11088.00
预计买入ST瑞和(002620.XSHE)  3500 股 * 3.09,总计 10815.00
预计买入美芝股份(002856.XSHE)  1200 股 * 8.95,总计 10740.00
预计买入麦趣尔(002719.XSHE)  1500 股 * 7.37,总计 11055.00
预计买入*ST威尔(002058.XSHE)  1200 股 * 9.24,总计 11088.00
预计买入准油股份(002207.XSHE)  2100 股 * 5.17,总计 10857.00
预计买入中天服务(002188.XSHE)  2500 股 * 4.44,总计 11100.00
预计买入庄园牧场(002910.XSHE)  1400 股 * 7.42,总计 10388.00
预计持仓 97841.0 剩余金额 2159.00
 预估持仓: *ST高斯(002848.XSHE), 占比 10.71% 单价 5.95
 预估持仓: *ST建艺(002789.XSHE), 占比 11.09% 单价 6.93
 预估持仓: ST瑞和(002620.XSHE), 占比 10.81% 单价 3.09
 预估持仓: 美芝股份(002856.XSHE), 占比 10.74% 单价 8.95
 预估持仓: 麦趣尔(002719.XSHE), 占比 11.05% 单价 7.37
 预估持仓: *ST威尔(002058.XSHE), 占比 11.09% 单价 9.24
 预估持仓: 准油股份(002207.XSHE), 占比 10.86% 单价 5.17
 预估持仓: 中天服务(002188.XSHE), 占比 11.10% 单价 4.44
 预估持仓: 庄园牧场(002910.XSHE), 占比 10.39% 单价 7.42
调整*ST高斯买入数量，期望买入11111.11,当前10710.0,相差401.11
单价5.95，新市值10710.00，差值401.11
单价5.95，新市值11305.00，差值-193.89
单价5.95，新市值11900.00，差值-788.89
调整买入数量，追加1手,仓位占比调整为11.30%
调整*ST建艺买入数量，期望买入11111.11,当前11088.0,相差23.11
单价6.93，新市值11088.00，差值23.11
单价6.93，新市值11781.00，差值-669.89
调整ST瑞和买入数量，期望买入11111.11,当前10815.0,相差296.11
单价3.09，新市值10815.00，差值296.11
单价3.09，新市值11124.00，差值-12.89
单价3.09，新市值11433.00，差值-321.89
调整买入数量，追加1手,仓位占比调整为11.12%
调整美芝股份买入数量，期望买入11111.11,当前10740.0,相差371.11
单价8.95，新市值10740.00，差值371.11
单价8.95，新市值11635.00，差值-523.89
调整麦趣尔买入数量，期望买入11111.11,当前11055.0,相差56.11
单价7.37，新市值11055.00，差值56.11
单价7.37，新市值11792.00，差值-680.89
调整*ST威尔买入数量，期望买入11111.11,当前11088.0,相差23.11
单价9.24，新市值11088.00，差值23.11
单价9.24，新市值12012.00，差值-900.89
调整准油股份买入数量，期望买入11111.11,当前10857.0,相差254.11
单价5.17，新市值10857.00，差值254.11
单价5.17，新市值11374.00，差值-262.89
调整中天服务买入数量，期望买入11111.11,当前11100.000000000002,相差11.11
单价4.44，新市值11100.00，差值11.11
单价4.44，新市值11544.00，差值-432.89
调整庄园牧场买入数量，期望买入11111.11,当前10388.0,相差723.11
单价7.42，新市值10388.00，差值723.11
单价7.42，新市值11130.00，差值-18.89
单价7.42，新市值11872.00，差值-760.89
调整买入数量，追加1手,仓位占比调整为11.13%
====调整每股额度====
当前可用资金  100000.0 
持仓市值  0.0 
总资产:  100000.0 
每股额度  11111.111111111111
委托买入: *ST高斯, 002848.XSHE 
目标价值:11305.00
预计买入1900股，每股5.95元，合计:11305.00
委托买入: *ST建艺, 002789.XSHE 
目标价值:11111.11
预计买入1600股，每股6.93元，合计:11088.00
委托买入: ST瑞和, 002620.XSHE 
目标价值:11124.00
预计买入3600股，每股3.09元，合计:11124.00
委托买入: 美芝股份, 002856.XSHE 
目标价值:11111.11
预计买入1200股，每股8.95元，合计:10740.00
委托买入: 麦趣尔, 002719.XSHE 
目标价值:11111.11
预计买入1500股，每股7.37元，合计:11055.00
委托买入: *ST威尔, 002058.XSHE 
目标价值:11111.11
预计买入1200股，每股9.24元，合计:11088.00
委托买入: 准油股份, 002207.XSHE 
目标价值:11111.11
预计买入2100股，每股5.17元，合计:10857.00
委托买入: 中天服务, 002188.XSHE 
目标价值:11111.11
预计买入2500股，每股4.44元，合计:11100.00
委托买入: 庄园牧场, 002910.XSHE 
目标价值:11130.00
预计买入1500股，每股7.42元，合计:11130.00
******************当日(2025-02-05 10:10:00)持仓市值: 99487.00元*******************
GGG持仓: *ST威尔(002058.XSHE), 占比 11.09%, 涨跌幅: 0.00% (0.00), 数量: 1200, 市值: 11088.00元
GGG持仓: 中天服务(002188.XSHE), 占比 11.11%, 涨跌幅: 0.00% (0.00), 数量: 2500, 市值: 11100.00元
GGG持仓: 准油股份(002207.XSHE), 占比 10.86%, 涨跌幅: 0.00% (0.00), 数量: 2100, 市值: 10857.00元
GGG持仓: ST瑞和(002620.XSHE), 占比 11.13%, 涨跌幅: 0.00% (0.00), 数量: 3600, 市值: 11124.00元
GGG持仓: 麦趣尔(002719.XSHE), 占比 11.06%, 涨跌幅: 0.00% (0.00), 数量: 1500, 市值: 11055.00元
GGG持仓: *ST建艺(002789.XSHE), 占比 11.09%, 涨跌幅: 0.00% (0.00), 数量: 1600, 市值: 11088.00元
GGG持仓: *ST高斯(002848.XSHE), 占比 11.31%, 涨跌幅: 0.00% (0.00), 数量: 1900, 市值: 11305.00元
GGG持仓: 美芝股份(002856.XSHE), 占比 10.74%, 涨跌幅: 0.00% (0.00), 数量: 1200, 市值: 10740.00元
GGG持仓: 庄园牧场(002910.XSHE), 占比 11.14%, 涨跌幅: 0.00% (0.00), 数量: 1500, 市值: 11130.00元
GGG*******************总资产 99954.49  剩余可用金额 467.49元*******************
GGG*******************当日2025-02-05 15:00:00(周3)持仓市值: 99685.00元*******************
GGG持仓: *ST威尔(002058.XSHE), 占比 10.88%, 涨跌幅: 0.00% (0.00), 数量: 1200, 市值: 10896.00元
GGG持仓: 中天服务(002188.XSHE), 占比 11.08%, 涨跌幅: 0.00% (0.00), 数量: 2500, 市值: 11100.00元
GGG持仓: 准油股份(002207.XSHE), 占比 10.88%, 涨跌幅: 0.00% (0.00), 数量: 2100, 市值: 10899.00元
GGG持仓: ST瑞和(002620.XSHE), 占比 11.21%, 涨跌幅: 0.00% (0.00), 数量: 3600, 市值: 11232.00元
GGG持仓: 麦趣尔(002719.XSHE), 占比 10.96%, 涨跌幅: 0.00% (0.00), 数量: 1500, 市值: 10980.00元
GGG持仓: *ST建艺(002789.XSHE), 占比 11.23%, 涨跌幅: 0.00% (0.00), 数量: 1600, 市值: 11248.00元
GGG持仓: *ST高斯(002848.XSHE), 占比 11.44%, 涨跌幅: 0.00% (0.00), 数量: 1900, 市值: 11457.00元
GGG持仓: 美芝股份(002856.XSHE), 占比 10.83%, 涨跌幅: 0.00% (0.00), 数量: 1200, 市值: 10848.00元
GGG持仓: 庄园牧场(002910.XSHE), 占比 11.01%, 涨跌幅: 0.00% (0.00), 数量: 1500, 市值: 11025.00元
GGG*******************总资产 100152.49  剩余可用金额 467.49元*******************
GGG========== 执行周度调仓，日期：2025-02-06 ==========
******************当日(2025-02-06 10:00:00)持仓市值: 98187.00元*******************
GGG持仓: *ST威尔(002058.XSHE), 占比 10.89%, 涨跌幅: 0.00% (0.00), 数量: 1200, 市值: 10740.00元
GGG持仓: 中天服务(002188.XSHE), 占比 11.15%, 涨跌幅: 0.00% (0.00), 数量: 2500, 市值: 11000.00元
GGG持仓: 准油股份(002207.XSHE), 占比 10.92%, 涨跌幅: 0.00% (0.00), 数量: 2100, 市值: 10773.00元
GGG持仓: ST瑞和(002620.XSHE), 占比 11.09%, 涨跌幅: 0.00% (0.00), 数量: 3600, 市值: 10944.00元
GGG持仓: 麦趣尔(002719.XSHE), 占比 10.98%, 涨跌幅: 0.00% (0.00), 数量: 1500, 市值: 10830.00元
GGG持仓: *ST建艺(002789.XSHE), 占比 11.21%, 涨跌幅: 0.00% (0.00), 数量: 1600, 市值: 11056.00元
GGG持仓: *ST高斯(002848.XSHE), 占比 11.50%, 涨跌幅: 0.00% (0.00), 数量: 1900, 市值: 11343.00元
GGG持仓: 美芝股份(002856.XSHE), 占比 10.80%, 涨跌幅: 0.00% (0.00), 数量: 1200, 市值: 10656.00元
GGG持仓: 庄园牧场(002910.XSHE), 占比 10.99%, 涨跌幅: 0.00% (0.00), 数量: 1500, 市值: 10845.00元
GGG*******************总资产 98654.49  剩余可用金额 467.49元*******************
20250205 中小综指共有 991只股票
过滤ST/*ST股票后，剩余 933 只
去除科创版，北交所等，共有 933 只股票
涨停 002009.XSHE 天奇股份
涨停 002122.XSHE ST汇洲
涨停 002520.XSHE 日发精机
涨停 002577.XSHE 雷柏科技
涨停 002600.XSHE 领益智造
涨停 002664.XSHE 信质集团
涨停 002691.XSHE 冀凯股份
涨停 002815.XSHE 崇达技术
涨停 002881.XSHE 美格智能
涨停 002905.XSHE 金逸影视
涨停 003015.XSHE 日久光电
过滤停牌，涨跌停股票后，剩余 912 只
market
get_small_cap_stocks   2025-02-05 15:00:00    head 9
    第 1名: *ST高斯(002848.XSHE), 流通市值: 10.08 亿元  <== 选中
    第 2名: *ST建艺(002789.XSHE), 流通市值: 11.22 亿元  <== 选中
    第 3名: ST瑞和(002620.XSHE), 流通市值: 11.78 亿元  <== 选中
    第 4名: 美芝股份(002856.XSHE), 流通市值: 12.23 亿元  <== 选中
    第 5名: 麦趣尔(002719.XSHE), 流通市值: 12.75 亿元  <== 选中
    第 6名: *ST威尔(002058.XSHE), 流通市值: 13.03 亿元  <== 选中
    第 7名: *ST和科(002816.XSHE), 流通市值: 13.56 亿元  <== 选中
    第 8名: 准油股份(002207.XSHE), 流通市值: 13.6 亿元  <== 选中
    第 9名: 庄园牧场(002910.XSHE), 流通市值: 14.37 亿元  <== 选中
    第10名: 中天服务(002188.XSHE), 流通市值: 14.52 亿元
GGG当前持股 9只
GGG*ST威尔
GGG中天服务
GGG准油股份
GGGST瑞和
GGG麦趣尔
GGG*ST建艺
GGG*ST高斯
GGG美芝股份
GGG庄园牧场
GGG需要买入股票 1只
GGG需要卖出股票 1只
GGG待买入  *ST和科
GGG待卖出: 中天服务
GGG今日(2025-02-06 10:00:00)为卖出时间，执行卖出操作
GGG------------------------------------------
GGG>>>>>>>>>>>>
GGG卖出:  中天服务
大盘降幅-0.33%
GGG今日(2025-02-06 10:10:00)为买入时间，执行买入操作
GGG+++++++++++++++++++++++++++++++++++++++++
GGG需要买入股票 1只
*ST和科
 期望持仓: *ST高斯(002848.XSHE), 占比 11.11%
 期望持仓: *ST建艺(002789.XSHE), 占比 11.11%
 期望持仓: ST瑞和(002620.XSHE), 占比 11.11%
 期望持仓: 美芝股份(002856.XSHE), 占比 11.11%
 期望持仓: 麦趣尔(002719.XSHE), 占比 11.11%
 期望持仓: *ST威尔(002058.XSHE), 占比 11.11%
 期望持仓: *ST和科(002816.XSHE), 占比 11.11%
 期望持仓: 准油股份(002207.XSHE), 占比 11.11%
 期望持仓: 庄园牧场(002910.XSHE), 占比 11.11%
预计买入*ST和科(002816.XSHE)  800 股 * 13.48,总计 10784.00
预计持仓 98737.0 剩余金额 677.31
 预估持仓: *ST威尔(002058.XSHE), 占比 10.85% 单价 8.99
 预估持仓: 准油股份(002207.XSHE), 占比 10.88% 单价 5.15
 预估持仓: ST瑞和(002620.XSHE), 占比 11.15% 单价 3.08
 预估持仓: 麦趣尔(002719.XSHE), 占比 11.01% 单价 7.3
 预估持仓: *ST建艺(002789.XSHE), 占比 11.30% 单价 7.02
 预估持仓: *ST高斯(002848.XSHE), 占比 11.39% 单价 5.96
 预估持仓: 美芝股份(002856.XSHE), 占比 10.84% 单价 8.98
 预估持仓: 庄园牧场(002910.XSHE), 占比 11.04% 单价 7.32
 预估持仓: *ST和科(002816.XSHE), 占比 10.85% 单价 13.48
调整*ST和科买入数量，期望买入11046.03,当前10784.0,相差262.03
单价13.48，新市值10784.00，差值262.03
单价13.48，新市值12132.00，差值-1085.97
====调整每股额度====
当前可用资金  11461.312000000007 
持仓市值  87953.0 
总资产:  99414.312 
每股额度  11461.312000000007
委托买入: *ST和科, 002816.XSHE 
目标价值:11046.03
预计买入800股，每股13.48元，合计:10784.00
******************当日(2025-02-06 10:10:00)持仓市值: 98737.00元*******************
GGG持仓: *ST威尔(002058.XSHE), 占比 10.85%, 涨跌幅: 0.00% (0.00), 数量: 1200, 市值: 10788.00元
GGG持仓: 准油股份(002207.XSHE), 占比 10.88%, 涨跌幅: 0.00% (0.00), 数量: 2100, 市值: 10815.00元
GGG持仓: ST瑞和(002620.XSHE), 占比 11.15%, 涨跌幅: 0.00% (0.00), 数量: 3600, 市值: 11088.00元
GGG持仓: 麦趣尔(002719.XSHE), 占比 11.02%, 涨跌幅: 0.00% (0.00), 数量: 1500, 市值: 10950.00元
GGG持仓: *ST建艺(002789.XSHE), 占比 11.30%, 涨跌幅: 0.00% (0.00), 数量: 1600, 市值: 11232.00元
GGG持仓: *ST和科(002816.XSHE), 占比 10.85%, 涨跌幅: 0.00% (0.00), 数量: 800, 市值: 10784.00元
GGG持仓: *ST高斯(002848.XSHE), 占比 11.39%, 涨跌幅: 0.00% (0.00), 数量: 1900, 市值: 11324.00元
GGG持仓: 美芝股份(002856.XSHE), 占比 10.84%, 涨跌幅: 0.00% (0.00), 数量: 1200, 市值: 10776.00元
GGG持仓: 庄园牧场(002910.XSHE), 占比 11.05%, 涨跌幅: 0.00% (0.00), 数量: 1500, 市值: 10980.00元
GGG*******************总资产 99409.29  剩余可用金额 672.29元*******************
GGG*******************当日2025-02-06 15:00:00(周4)持仓市值: 101745.00元*******************
GGG持仓: *ST威尔(002058.XSHE), 占比 10.85%, 涨跌幅: 0.00% (0.00), 数量: 1200, 市值: 11112.00元
GGG持仓: 准油股份(002207.XSHE), 占比 10.70%, 涨跌幅: 0.00% (0.00), 数量: 2100, 市值: 10962.00元
GGG持仓: ST瑞和(002620.XSHE), 占比 11.14%, 涨跌幅: 0.00% (0.00), 数量: 3600, 市值: 11412.00元
GGG持仓: 麦趣尔(002719.XSHE), 占比 11.03%, 涨跌幅: 0.00% (0.00), 数量: 1500, 市值: 11295.00元
GGG持仓: *ST建艺(002789.XSHE), 占比 11.42%, 涨跌幅: 0.00% (0.00), 数量: 1600, 市值: 11696.00元
GGG持仓: *ST和科(002816.XSHE), 占比 10.90%, 涨跌幅: 0.00% (0.00), 数量: 800, 市值: 11160.00元
GGG持仓: *ST高斯(002848.XSHE), 占比 11.48%, 涨跌幅: 0.00% (0.00), 数量: 1900, 市值: 11761.00元
GGG持仓: 美芝股份(002856.XSHE), 占比 10.67%, 涨跌幅: 0.00% (0.00), 数量: 1200, 市值: 10932.00元
GGG持仓: 庄园牧场(002910.XSHE), 占比 11.15%, 涨跌幅: 0.00% (0.00), 数量: 1500, 市值: 11415.00元
GGG*******************总资产 102417.29  剩余可用金额 672.29元*******************
GGG========== 执行周度调仓，日期：2025-02-07 ==========
******************当日(2025-02-07 10:00:00)持仓市值: 103432.00元*******************
GGG持仓: *ST威尔(002058.XSHE), 占比 11.00%, 涨跌幅: 0.00% (0.00), 数量: 1200, 市值: 11448.00元
GGG持仓: 准油股份(002207.XSHE), 占比 10.59%, 涨跌幅: 0.00% (0.00), 数量: 2100, 市值: 11025.00元
GGG持仓: ST瑞和(002620.XSHE), 占比 11.13%, 涨跌幅: 0.00% (0.00), 数量: 3600, 市值: 11592.00元
GGG持仓: 麦趣尔(002719.XSHE), 占比 10.95%, 涨跌幅: 0.00% (0.00), 数量: 1500, 市值: 11400.00元
GGG持仓: *ST建艺(002789.XSHE), 占比 11.47%, 涨跌幅: 0.00% (0.00), 数量: 1600, 市值: 11936.00元
GGG持仓: *ST和科(002816.XSHE), 占比 10.65%, 涨跌幅: 0.00% (0.00), 数量: 800, 市值: 11088.00元
GGG持仓: *ST高斯(002848.XSHE), 占比 11.64%, 涨跌幅: 0.00% (0.00), 数量: 1900, 市值: 12122.00元
GGG持仓: 美芝股份(002856.XSHE), 占比 10.64%, 涨跌幅: 0.00% (0.00), 数量: 1200, 市值: 11076.00元
GGG持仓: 庄园牧场(002910.XSHE), 占比 11.28%, 涨跌幅: 0.00% (0.00), 数量: 1500, 市值: 11745.00元
GGG*******************总资产 104104.29  剩余可用金额 672.29元*******************
20250206 中小综指共有 991只股票
过滤ST/*ST股票后，剩余 933 只
去除科创版，北交所等，共有 933 只股票
涨停 002036.XSHE 联创电子
涨停 002123.XSHE 梦网科技
涨停 002163.XSHE 海南发展
涨停 002213.XSHE 大为股份
涨停 002306.XSHE *ST云网
涨停 002448.XSHE 中原内配
涨停 002520.XSHE 日发精机
涨停 002577.XSHE 雷柏科技
涨停 002596.XSHE 海南瑞泽
涨停 002674.XSHE 兴业科技
涨停 002849.XSHE 威星智能
涨停 002861.XSHE 瀛通通讯
涨停 002865.XSHE 钧达股份
涨停 002881.XSHE 美格智能
过滤停牌，涨跌停股票后，剩余 909 只
market
get_small_cap_stocks   2025-02-06 15:00:00    head 9
    第 1名: *ST高斯(002848.XSHE), 流通市值: 10.35 亿元  <== 选中
    第 2名: *ST建艺(002789.XSHE), 流通市值: 11.67 亿元  <== 选中
    第 3名: ST瑞和(002620.XSHE), 流通市值: 11.97 亿元  <== 选中
    第 4名: 美芝股份(002856.XSHE), 流通市值: 12.33 亿元  <== 选中
    第 5名: 麦趣尔(002719.XSHE), 流通市值: 13.11 亿元  <== 选中
    第 6名: *ST威尔(002058.XSHE), 流通市值: 13.28 亿元  <== 选中
    第 7名: 准油股份(002207.XSHE), 流通市值: 13.68 亿元  <== 选中
    第 8名: *ST和科(002816.XSHE), 流通市值: 13.95 亿元  <== 选中
    第 9名: 帝欧水华(002798.XSHE), 流通市值: 14.78 亿元  <== 选中
    第10名: 中天服务(002188.XSHE), 流通市值: 14.79 亿元
GGG当前持股 9只
GGG*ST威尔
GGG准油股份
GGGST瑞和
GGG麦趣尔
GGG*ST建艺
GGG*ST和科
GGG*ST高斯
GGG美芝股份
GGG庄园牧场
GGG需要买入股票 1只
GGG需要卖出股票 1只
GGG待买入  帝欧水华
GGG待卖出: 庄园牧场
GGG今日(2025-02-07 10:00:00)为卖出时间，执行卖出操作
GGG------------------------------------------
GGG>>>>>>>>>>>>
GGG卖出:  庄园牧场
大盘降幅2.75%
GGG今日(2025-02-07 10:10:00)为买入时间，执行买入操作
GGG+++++++++++++++++++++++++++++++++++++++++
GGG需要买入股票 1只
帝欧水华
 期望持仓: *ST高斯(002848.XSHE), 占比 11.11%
 期望持仓: *ST建艺(002789.XSHE), 占比 11.11%
 期望持仓: ST瑞和(002620.XSHE), 占比 11.11%
 期望持仓: 美芝股份(002856.XSHE), 占比 11.11%
 期望持仓: 麦趣尔(002719.XSHE), 占比 11.11%
 期望持仓: *ST威尔(002058.XSHE), 占比 11.11%
 期望持仓: 准油股份(002207.XSHE), 占比 11.11%
 期望持仓: *ST和科(002816.XSHE), 占比 11.11%
 期望持仓: 帝欧水华(002798.XSHE), 占比 11.11%
预计买入帝欧水华(002798.XSHE)  3000 股 * 3.83,总计 11490.00
预计持仓 103192.0 剩余金额 921.07
 预估持仓: *ST威尔(002058.XSHE), 占比 10.98% 单价 9.53
 预估持仓: 准油股份(002207.XSHE), 占比 10.55% 单价 5.23
 预估持仓: ST瑞和(002620.XSHE), 占比 11.13% 单价 3.22
 预估持仓: 麦趣尔(002719.XSHE), 占比 10.94% 单价 7.59
 预估持仓: *ST建艺(002789.XSHE), 占比 11.42% 单价 7.43
 预估持仓: *ST和科(002816.XSHE), 占比 10.80% 单价 14.06
 预估持仓: *ST高斯(002848.XSHE), 占比 11.57% 单价 6.34
 预估持仓: 美芝股份(002856.XSHE), 占比 10.68% 单价 9.27
 预估持仓: 帝欧水华(002798.XSHE), 占比 11.04% 单价 3.83
调整帝欧水华买入数量，期望买入11568.12,当前11490.0,相差78.12
单价3.83，新市值11490.00，差值78.12
单价3.83，新市值11873.00，差值-304.88
====调整每股额度====
当前可用资金  12411.068500000008 
持仓市值  91702.0 
总资产:  104113.06850000002 
每股额度  12411.068500000008
委托买入: 帝欧水华, 002798.XSHE 
目标价值:11568.12
预计买入3000股，每股3.83元，合计:11490.00
******************当日(2025-02-07 10:10:00)持仓市值: 103192.00元*******************
GGG持仓: *ST威尔(002058.XSHE), 占比 10.98%, 涨跌幅: 0.00% (0.00), 数量: 1200, 市值: 11436.00元
GGG持仓: 准油股份(002207.XSHE), 占比 10.55%, 涨跌幅: 0.00% (0.00), 数量: 2100, 市值: 10983.00元
GGG持仓: ST瑞和(002620.XSHE), 占比 11.13%, 涨跌幅: 0.00% (0.00), 数量: 3600, 市值: 11592.00元
GGG持仓: 麦趣尔(002719.XSHE), 占比 10.94%, 涨跌幅: 0.00% (0.00), 数量: 1500, 市值: 11385.00元
GGG持仓: *ST建艺(002789.XSHE), 占比 11.42%, 涨跌幅: 0.00% (0.00), 数量: 1600, 市值: 11888.00元
GGG持仓: 帝欧水华(002798.XSHE), 占比 11.04%, 涨跌幅: 0.00% (0.00), 数量: 3000, 市值: 11490.00元
GGG持仓: *ST和科(002816.XSHE), 占比 10.80%, 涨跌幅: 0.00% (0.00), 数量: 800, 市值: 11248.00元
GGG持仓: *ST高斯(002848.XSHE), 占比 11.57%, 涨跌幅: 0.00% (0.00), 数量: 1900, 市值: 12046.00元
GGG持仓: 美芝股份(002856.XSHE), 占比 10.69%, 涨跌幅: 0.00% (0.00), 数量: 1200, 市值: 11124.00元
GGG*******************总资产 104107.98  剩余可用金额 915.98元*******************
GGG*******************当日2025-02-07 15:00:00(周5)持仓市值: 103051.00元*******************
GGG持仓: *ST威尔(002058.XSHE), 占比 10.99%, 涨跌幅: 0.00% (0.00), 数量: 1200, 市值: 11424.00元
GGG持仓: 准油股份(002207.XSHE), 占比 10.56%, 涨跌幅: 0.00% (0.00), 数量: 2100, 市值: 10983.00元
GGG持仓: ST瑞和(002620.XSHE), 占比 11.25%, 涨跌幅: 0.00% (0.00), 数量: 3600, 市值: 11700.00元
GGG持仓: 麦趣尔(002719.XSHE), 占比 10.92%, 涨跌幅: 0.00% (0.00), 数量: 1500, 市值: 11355.00元
GGG持仓: *ST建艺(002789.XSHE), 占比 11.40%, 涨跌幅: 0.00% (0.00), 数量: 1600, 市值: 11856.00元
GGG持仓: 帝欧水华(002798.XSHE), 占比 11.11%, 涨跌幅: 0.00% (0.00), 数量: 3000, 市值: 11550.00元
GGG持仓: *ST和科(002816.XSHE), 占比 10.60%, 涨跌幅: 0.00% (0.00), 数量: 800, 市值: 11024.00元
GGG持仓: *ST高斯(002848.XSHE), 占比 11.71%, 涨跌幅: 0.00% (0.00), 数量: 1900, 市值: 12179.00元
GGG持仓: 美芝股份(002856.XSHE), 占比 10.56%, 涨跌幅: 0.00% (0.00), 数量: 1200, 市值: 10980.00元
GGG*******************总资产 103966.98  剩余可用金额 915.98元*******************
GGG========== 执行周度调仓，日期：2025-02-10 ==========
******************当日(2025-02-10 10:00:00)持仓市值: 104145.00元*******************
GGG持仓: *ST威尔(002058.XSHE), 占比 11.08%, 涨跌幅: 0.00% (0.00), 数量: 1200, 市值: 11640.00元
GGG持仓: 准油股份(002207.XSHE), 占比 10.47%, 涨跌幅: 0.00% (0.00), 数量: 2100, 市值: 11004.00元
GGG持仓: ST瑞和(002620.XSHE), 占比 11.27%, 涨跌幅: 0.00% (0.00), 数量: 3600, 市值: 11844.00元
GGG持仓: 麦趣尔(002719.XSHE), 占比 10.92%, 涨跌幅: 0.00% (0.00), 数量: 1500, 市值: 11475.00元
GGG持仓: *ST建艺(002789.XSHE), 占比 11.50%, 涨跌幅: 0.00% (0.00), 数量: 1600, 市值: 12080.00元
GGG持仓: 帝欧水华(002798.XSHE), 占比 11.14%, 涨跌幅: 0.00% (0.00), 数量: 3000, 市值: 11700.00元
GGG持仓: *ST和科(002816.XSHE), 占比 10.45%, 涨跌幅: 0.00% (0.00), 数量: 800, 市值: 10976.00元
GGG持仓: *ST高斯(002848.XSHE), 占比 11.76%, 涨跌幅: 0.00% (0.00), 数量: 1900, 市值: 12350.00元
GGG持仓: 美芝股份(002856.XSHE), 占比 10.54%, 涨跌幅: 0.00% (0.00), 数量: 1200, 市值: 11076.00元
GGG*******************总资产 105060.98  剩余可用金额 915.98元*******************
20250209 中小综指共有 991只股票
过滤ST/*ST股票后，剩余 933 只
去除科创版，北交所等，共有 933 只股票
涨停 002016.XSHE 世荣兆业
涨停 002123.XSHE 梦网科技
涨停 002189.XSHE 中光学
涨停 002229.XSHE 鸿博股份
涨停 002261.XSHE 拓维信息
涨停 002380.XSHE 科远智慧
涨停 002775.XSHE 文科股份
涨停 002881.XSHE 美格智能
涨停 002929.XSHE 润建股份
过滤停牌，涨跌停股票后，剩余 913 只
market
get_small_cap_stocks   2025-02-09 15:00:00    head 9
    第 1名: *ST高斯(002848.XSHE), 流通市值: 10.71 亿元  <== 选中
    第 2名: *ST建艺(002789.XSHE), 流通市值: 11.83 亿元  <== 选中
    第 3名: ST瑞和(002620.XSHE), 流通市值: 12.27 亿元  <== 选中
    第 4名: 美芝股份(002856.XSHE), 流通市值: 12.38 亿元  <== 选中
    第 5名: 麦趣尔(002719.XSHE), 流通市值: 13.18 亿元  <== 选中
    第 6名: *ST威尔(002058.XSHE), 流通市值: 13.66 亿元  <== 选中
    第 7名: 准油股份(002207.XSHE), 流通市值: 13.71 亿元  <== 选中
    第 8名: *ST和科(002816.XSHE), 流通市值: 13.78 亿元  <== 选中
    第 9名: 中天服务(002188.XSHE), 流通市值: 14.88 亿元  <== 选中
    第10名: 帝欧水华(002798.XSHE), 流通市值: 15.18 亿元
GGG当前持股 9只
GGG*ST威尔
GGG准油股份
GGGST瑞和
GGG麦趣尔
GGG*ST建艺
GGG帝欧水华
GGG*ST和科
GGG*ST高斯
GGG美芝股份
GGG需要买入股票 1只
GGG需要卖出股票 1只
GGG待买入  中天服务
GGG待卖出: 帝欧水华
GGG今日(2025-02-10 10:00:00)为卖出时间，执行卖出操作
GGG------------------------------------------
GGG>>>>>>>>>>>>
GGG卖出:  帝欧水华
大盘降幅1.30%
GGG今日(2025-02-10 10:10:00)为买入时间，执行买入操作
GGG+++++++++++++++++++++++++++++++++++++++++
GGG需要买入股票 1只
中天服务
 期望持仓: *ST高斯(002848.XSHE), 占比 11.11%
 期望持仓: *ST建艺(002789.XSHE), 占比 11.11%
 期望持仓: ST瑞和(002620.XSHE), 占比 11.11%
 期望持仓: 美芝股份(002856.XSHE), 占比 11.11%
 期望持仓: 麦趣尔(002719.XSHE), 占比 11.11%
 期望持仓: *ST威尔(002058.XSHE), 占比 11.11%
 期望持仓: 准油股份(002207.XSHE), 占比 11.11%
 期望持仓: *ST和科(002816.XSHE), 占比 11.11%
 期望持仓: 中天服务(002188.XSHE), 占比 11.11%
预计买入中天服务(002188.XSHE)  2500 股 * 4.60,总计 11500.00
预计持仓 103997.0 剩余金额 1109.72
 预估持仓: *ST威尔(002058.XSHE), 占比 11.04% 单价 9.67
 预估持仓: 准油股份(002207.XSHE), 占比 10.49% 单价 5.25
 预估持仓: ST瑞和(002620.XSHE), 占比 11.30% 单价 3.3
 预估持仓: 麦趣尔(002719.XSHE), 占比 10.93% 单价 7.66
 预估持仓: *ST建艺(002789.XSHE), 占比 11.46% 单价 7.53
 预估持仓: *ST和科(002816.XSHE), 占比 10.47% 单价 13.75
 预估持仓: *ST高斯(002848.XSHE), 占比 11.75% 单价 6.5
 预估持仓: 美芝股份(002856.XSHE), 占比 10.56% 单价 9.25
 预估持仓: 中天服务(002188.XSHE), 占比 10.94% 单价 4.6
调整中天服务买入数量，期望买入11678.52,当前11500.0,相差178.52
单价4.6，新市值11500.00，差值178.52
单价4.6，新市值11960.00，差值-281.48
====调整每股额度====
当前可用资金  12609.718500000008 
持仓市值  92497.0 
总资产:  105106.7185 
每股额度  12609.718500000008
委托买入: 中天服务, 002188.XSHE 
目标价值:11678.52
预计买入2500股，每股4.6元，合计:11500.00
******************当日(2025-02-10 10:10:00)持仓市值: 103997.00元*******************
GGG持仓: *ST威尔(002058.XSHE), 占比 11.04%, 涨跌幅: 0.00% (0.00), 数量: 1200, 市值: 11604.00元
GGG持仓: 中天服务(002188.XSHE), 占比 10.94%, 涨跌幅: 0.00% (0.00), 数量: 2500, 市值: 11500.00元
GGG持仓: 准油股份(002207.XSHE), 占比 10.49%, 涨跌幅: 0.00% (0.00), 数量: 2100, 市值: 11025.00元
GGG持仓: ST瑞和(002620.XSHE), 占比 11.30%, 涨跌幅: 0.00% (0.00), 数量: 3600, 市值: 11880.00元
GGG持仓: 麦趣尔(002719.XSHE), 占比 10.93%, 涨跌幅: 0.00% (0.00), 数量: 1500, 市值: 11490.00元
GGG持仓: *ST建艺(002789.XSHE), 占比 11.46%, 涨跌幅: 0.00% (0.00), 数量: 1600, 市值: 12048.00元
GGG持仓: *ST和科(002816.XSHE), 占比 10.47%, 涨跌幅: 0.00% (0.00), 数量: 800, 市值: 11000.00元
GGG持仓: *ST高斯(002848.XSHE), 占比 11.75%, 涨跌幅: 0.00% (0.00), 数量: 1900, 市值: 12350.00元
GGG持仓: 美芝股份(002856.XSHE), 占比 10.56%, 涨跌幅: 0.00% (0.00), 数量: 1200, 市值: 11100.00元
GGG*******************总资产 105101.64  剩余可用金额 1104.64元*******************
GGG*******************当日2025-02-10 15:00:00(周1)持仓市值: 106672.00元*******************
GGG持仓: *ST威尔(002058.XSHE), 占比 11.19%, 涨跌幅: 0.00% (0.00), 数量: 1200, 市值: 12060.00元
GGG持仓: 中天服务(002188.XSHE), 占比 10.72%, 涨跌幅: 0.00% (0.00), 数量: 2500, 市值: 11550.00元
GGG持仓: 准油股份(002207.XSHE), 占比 10.33%, 涨跌幅: 0.00% (0.00), 数量: 2100, 市值: 11130.00元
GGG持仓: ST瑞和(002620.XSHE), 占比 11.19%, 涨跌幅: 0.00% (0.00), 数量: 3600, 市值: 12060.00元
GGG持仓: 麦趣尔(002719.XSHE), 占比 10.99%, 涨跌幅: 0.00% (0.00), 数量: 1500, 市值: 11850.00元
GGG持仓: *ST建艺(002789.XSHE), 占比 11.55%, 涨跌幅: 0.00% (0.00), 数量: 1600, 市值: 12448.00元
GGG持仓: *ST和科(002816.XSHE), 占比 10.69%, 涨跌幅: 0.00% (0.00), 数量: 800, 市值: 11520.00元
GGG持仓: *ST高斯(002848.XSHE), 占比 11.95%, 涨跌幅: 0.00% (0.00), 数量: 1900, 市值: 12882.00元
GGG持仓: 美芝股份(002856.XSHE), 占比 10.37%, 涨跌幅: 0.00% (0.00), 数量: 1200, 市值: 11172.00元
GGG*******************总资产 107776.64  剩余可用金额 1104.64元*******************
GGG========== 执行周度调仓，日期：2025-02-11 ==========
******************当日(2025-02-11 10:00:00)持仓市值: 104001.00元*******************
GGG持仓: *ST威尔(002058.XSHE), 占比 11.09%, 涨跌幅: 0.00% (0.00), 数量: 1200, 市值: 11652.00元
GGG持仓: 中天服务(002188.XSHE), 占比 10.77%, 涨跌幅: 0.00% (0.00), 数量: 2500, 市值: 11325.00元
GGG持仓: 准油股份(002207.XSHE), 占比 10.47%, 涨跌幅: 0.00% (0.00), 数量: 2100, 市值: 11004.00元
GGG持仓: ST瑞和(002620.XSHE), 占比 11.23%, 涨跌幅: 0.00% (0.00), 数量: 3600, 市值: 11808.00元
GGG持仓: 麦趣尔(002719.XSHE), 占比 11.10%, 涨跌幅: 0.00% (0.00), 数量: 1500, 市值: 11670.00元
GGG持仓: *ST建艺(002789.XSHE), 占比 11.49%, 涨跌幅: 0.00% (0.00), 数量: 1600, 市值: 12080.00元
GGG持仓: *ST和科(002816.XSHE), 占比 10.56%, 涨跌幅: 0.00% (0.00), 数量: 800, 市值: 11104.00元
GGG持仓: *ST高斯(002848.XSHE), 占比 11.82%, 涨跌幅: 0.00% (0.00), 数量: 1900, 市值: 12426.00元
GGG持仓: 美芝股份(002856.XSHE), 占比 10.40%, 涨跌幅: 0.00% (0.00), 数量: 1200, 市值: 10932.00元
GGG*******************总资产 105105.64  剩余可用金额 1104.64元*******************
20250210 中小综指共有 991只股票
过滤ST/*ST股票后，剩余 933 只
去除科创版，北交所等，共有 933 只股票
涨停 002016.XSHE 世荣兆业
涨停 002031.XSHE 巨轮智能
涨停 002036.XSHE 联创电子
涨停 002123.XSHE 梦网科技
涨停 002261.XSHE 拓维信息
涨停 002364.XSHE 中恒电气
涨停 002577.XSHE 雷柏科技
涨停 002835.XSHE 同为股份
涨停 002881.XSHE 美格智能
涨停 002929.XSHE 润建股份
涨停 002995.XSHE 天地在线
涨停 003033.XSHE 征和工业
过滤停牌，涨跌停股票后，剩余 910 只
market
未选到符合条件的股票，本日不调仓
大盘降幅0.77%


GGG*******************当日2025-02-11 15:00:00(周2)持仓市值: 105326.00元*******************
GGG持仓: *ST威尔(002058.XSHE), 占比 11.05%, 涨跌幅: 0.00% (0.00), 数量: 1200, 市值: 11760.00元
GGG持仓: 中天服务(002188.XSHE), 占比 10.76%, 涨跌幅: 0.00% (0.00), 数量: 2500, 市值: 11450.00元
GGG持仓: 准油股份(002207.XSHE), 占比 10.65%, 涨跌幅: 0.00% (0.00), 数量: 2100, 市值: 11340.00元
GGG持仓: ST瑞和(002620.XSHE), 占比 11.30%, 涨跌幅: 0.00% (0.00), 数量: 3600, 市值: 12024.00元
GGG持仓: 麦趣尔(002719.XSHE), 占比 11.01%, 涨跌幅: 0.00% (0.00), 数量: 1500, 市值: 11715.00元
GGG持仓: *ST建艺(002789.XSHE), 占比 11.58%, 涨跌幅: 0.00% (0.00), 数量: 1600, 市值: 12320.00元
GGG持仓: *ST和科(002816.XSHE), 占比 10.41%, 涨跌幅: 0.00% (0.00), 数量: 800, 市值: 11080.00元
GGG持仓: *ST高斯(002848.XSHE), 占比 11.84%, 涨跌幅: 0.00% (0.00), 数量: 1900, 市值: 12597.00元
GGG持仓: 美芝股份(002856.XSHE), 占比 10.37%, 涨跌幅: 0.00% (0.00), 数量: 1200, 市值: 11040.00元
GGG*******************总资产 106430.64  剩余可用金额 1104.64元*******************
GGG========== 执行周度调仓，日期：2025-02-12 ==========
******************当日(2025-02-12 10:00:00)持仓市值: 105406.00元*******************
GGG持仓: *ST威尔(002058.XSHE), 占比 11.06%, 涨跌幅: 0.00% (0.00), 数量: 1200, 市值: 11784.00元
GGG持仓: 中天服务(002188.XSHE), 占比 10.77%, 涨跌幅: 0.00% (0.00), 数量: 2500, 市值: 11475.00元
GGG持仓: 准油股份(002207.XSHE), 占比 10.49%, 涨跌幅: 0.00% (0.00), 数量: 2100, 市值: 11172.00元
GGG持仓: ST瑞和(002620.XSHE), 占比 11.36%, 涨跌幅: 0.00% (0.00), 数量: 3600, 市值: 12096.00元
GGG持仓: 麦趣尔(002719.XSHE), 占比 10.93%, 涨跌幅: 0.00% (0.00), 数量: 1500, 市值: 11640.00元
GGG持仓: *ST建艺(002789.XSHE), 占比 11.57%, 涨跌幅: 0.00% (0.00), 数量: 1600, 市值: 12320.00元
GGG持仓: *ST和科(002816.XSHE), 占比 10.46%, 涨跌幅: 0.00% (0.00), 数量: 800, 市值: 11144.00元
GGG持仓: *ST高斯(002848.XSHE), 占比 11.93%, 涨跌幅: 0.00% (0.00), 数量: 1900, 市值: 12711.00元
GGG持仓: 美芝股份(002856.XSHE), 占比 10.39%, 涨跌幅: 0.00% (0.00), 数量: 1200, 市值: 11064.00元
GGG*******************总资产 106510.64  剩余可用金额 1104.64元*******************
20250211 中小综指共有 991只股票
过滤ST/*ST股票后，剩余 933 只
去除科创版，北交所等，共有 933 只股票
涨停 002123.XSHE 梦网科技
涨停 002153.XSHE 石基信息
涨停 002261.XSHE 拓维信息
涨停 002272.XSHE 川润股份
涨停 002364.XSHE 中恒电气
涨停 002418.XSHE 康盛股份
涨停 002691.XSHE 冀凯股份
涨停 002811.XSHE 郑中设计
涨停 002881.XSHE 美格智能
涨停 002929.XSHE 润建股份
涨停 003016.XSHE 欣贺股份
涨停 003029.XSHE 吉大正元
过滤停牌，涨跌停股票后，剩余 910 只
market
未选到符合条件的股票，本日不调仓
大盘降幅-0.37%


GGG*******************当日2025-02-12 15:00:00(周3)持仓市值: 105053.00元*******************
GGG持仓: *ST威尔(002058.XSHE), 占比 10.94%, 涨跌幅: 0.00% (0.00), 数量: 1200, 市值: 11616.00元
GGG持仓: 中天服务(002188.XSHE), 占比 10.90%, 涨跌幅: 0.00% (0.00), 数量: 2500, 市值: 11575.00元
GGG持仓: 准油股份(002207.XSHE), 占比 10.46%, 涨跌幅: 0.00% (0.00), 数量: 2100, 市值: 11109.00元
GGG持仓: ST瑞和(002620.XSHE), 占比 11.29%, 涨跌幅: 0.00% (0.00), 数量: 3600, 市值: 11988.00元
GGG持仓: 麦趣尔(002719.XSHE), 占比 11.02%, 涨跌幅: 0.00% (0.00), 数量: 1500, 市值: 11700.00元
GGG持仓: *ST建艺(002789.XSHE), 占比 11.61%, 涨跌幅: 0.00% (0.00), 数量: 1600, 市值: 12320.00元
GGG持仓: *ST和科(002816.XSHE), 占比 10.54%, 涨跌幅: 0.00% (0.00), 数量: 800, 市值: 11192.00元
GGG持仓: *ST高斯(002848.XSHE), 占比 11.87%, 涨跌幅: 0.00% (0.00), 数量: 1900, 市值: 12597.00元
GGG持仓: 美芝股份(002856.XSHE), 占比 10.32%, 涨跌幅: 0.00% (0.00), 数量: 1200, 市值: 10956.00元
GGG*******************总资产 106157.64  剩余可用金额 1104.64元*******************
GGG========== 执行周度调仓，日期：2025-02-13 ==========
******************当日(2025-02-13 10:00:00)持仓市值: 104468.00元*******************
GGG持仓: *ST威尔(002058.XSHE), 占比 10.98%, 涨跌幅: 0.00% (0.00), 数量: 1200, 市值: 11592.00元
GGG持仓: 中天服务(002188.XSHE), 占比 10.87%, 涨跌幅: 0.00% (0.00), 数量: 2500, 市值: 11475.00元
GGG持仓: 准油股份(002207.XSHE), 占比 10.46%, 涨跌幅: 0.00% (0.00), 数量: 2100, 市值: 11046.00元
GGG持仓: ST瑞和(002620.XSHE), 占比 11.29%, 涨跌幅: 0.00% (0.00), 数量: 3600, 市值: 11916.00元
GGG持仓: 麦趣尔(002719.XSHE), 占比 11.08%, 涨跌幅: 0.00% (0.00), 数量: 1500, 市值: 11700.00元
GGG持仓: *ST建艺(002789.XSHE), 占比 11.61%, 涨跌幅: 0.00% (0.00), 数量: 1600, 市值: 12256.00元
GGG持仓: *ST和科(002816.XSHE), 占比 10.67%, 涨跌幅: 0.00% (0.00), 数量: 800, 市值: 11264.00元
GGG持仓: *ST高斯(002848.XSHE), 占比 11.75%, 涨跌幅: 0.00% (0.00), 数量: 1900, 市值: 12407.00元
GGG持仓: 美芝股份(002856.XSHE), 占比 10.24%, 涨跌幅: 0.00% (0.00), 数量: 1200, 市值: 10812.00元
GGG*******************总资产 105572.64  剩余可用金额 1104.64元*******************
20250212 中小综指共有 991只股票
过滤ST/*ST股票后，剩余 933 只
去除科创版，北交所等，共有 933 只股票
涨停 002123.XSHE 梦网科技

涨停 002307.XSHE 北新路桥
涨停 002313.XSHE 日海智能
涨停 002364.XSHE 中恒电气
涨停 002691.XSHE 冀凯股份
涨停 002883.XSHE 中设股份
过滤停牌，涨跌停股票后，剩余 916 只
market
未选到符合条件的股票，本日不调仓
大盘降幅1.46%


GGG*******************当日2025-02-13 15:00:00(周4)持仓市值: 104150.00元*******************
GGG持仓: *ST威尔(002058.XSHE), 占比 10.87%, 涨跌幅: 0.00% (0.00), 数量: 1200, 市值: 11436.00元
GGG持仓: 中天服务(002188.XSHE), 占比 10.88%, 涨跌幅: 0.00% (0.00), 数量: 2500, 市值: 11450.00元
GGG持仓: 准油股份(002207.XSHE), 占比 10.43%, 涨跌幅: 0.00% (0.00), 数量: 2100, 市值: 10983.00元
GGG持仓: ST瑞和(002620.XSHE), 占比 11.29%, 涨跌幅: 0.00% (0.00), 数量: 3600, 市值: 11880.00元
GGG持仓: 麦趣尔(002719.XSHE), 占比 11.19%, 涨跌幅: 0.00% (0.00), 数量: 1500, 市值: 11775.00元
GGG持仓: *ST建艺(002789.XSHE), 占比 11.57%, 涨跌幅: 0.00% (0.00), 数量: 1600, 市值: 12176.00元
GGG持仓: *ST和科(002816.XSHE), 占比 10.71%, 涨跌幅: 0.00% (0.00), 数量: 800, 市值: 11272.00元
GGG持仓: *ST高斯(002848.XSHE), 占比 11.81%, 涨跌幅: 0.00% (0.00), 数量: 1900, 市值: 12426.00元
GGG持仓: 美芝股份(002856.XSHE), 占比 10.22%, 涨跌幅: 0.00% (0.00), 数量: 1200, 市值: 10752.00元
GGG*******************总资产 105254.64  剩余可用金额 1104.64元*******************
GGG========== 执行周度调仓，日期：2025-02-14 ==========
******************当日(2025-02-14 10:00:00)持仓市值: 103891.00元*******************
GGG持仓: *ST威尔(002058.XSHE), 占比 10.78%, 涨跌幅: 0.00% (0.00), 数量: 1200, 市值: 11316.00元
GGG持仓: 中天服务(002188.XSHE), 占比 10.91%, 涨跌幅: 0.00% (0.00), 数量: 2500, 市值: 11450.00元
GGG持仓: 准油股份(002207.XSHE), 占比 10.56%, 涨跌幅: 0.00% (0.00), 数量: 2100, 市值: 11088.00元
GGG持仓: ST瑞和(002620.XSHE), 占比 11.49%, 涨跌幅: 0.00% (0.00), 数量: 3600, 市值: 12060.00元
GGG持仓: 麦趣尔(002719.XSHE), 占比 11.16%, 涨跌幅: 0.00% (0.00), 数量: 1500, 市值: 11715.00元
GGG持仓: *ST建艺(002789.XSHE), 占比 11.44%, 涨跌幅: 0.00% (0.00), 数量: 1600, 市值: 12016.00元
GGG持仓: *ST和科(002816.XSHE), 占比 10.65%, 涨跌幅: 0.00% (0.00), 数量: 800, 市值: 11184.00元
GGG持仓: *ST高斯(002848.XSHE), 占比 11.69%, 涨跌幅: 0.00% (0.00), 数量: 1900, 市值: 12274.00元
GGG持仓: 美芝股份(002856.XSHE), 占比 10.27%, 涨跌幅: 0.00% (0.00), 数量: 1200, 市值: 10788.00元
GGG*******************总资产 104995.64  剩余可用金额 1104.64元*******************
20250213 中小综指共有 991只股票
过滤ST/*ST股票后，剩余 933 只
去除科创版，北交所等，共有 933 只股票
涨停 002030.XSHE 达安基因
跌停 002031.XSHE 巨轮智能
涨停 002044.XSHE 美年健康
涨停 002123.XSHE 梦网科技
涨停 002211.XSHE ST宏达
涨停 002254.XSHE 泰和新材
涨停 002313.XSHE 日海智能
涨停 002326.XSHE 永太科技


跌停 002691.XSHE 冀凯股份
过滤停牌，涨跌停股票后，剩余 913 只
market
未选到符合条件的股票，本日不调仓
大盘降幅-0.90%


GGG*******************当日2025-02-14 15:00:00(周5)持仓市值: 101975.00元*******************
GGG持仓: *ST威尔(002058.XSHE), 占比 10.85%, 涨跌幅: 0.00% (0.00), 数量: 1200, 市值: 11184.00元
GGG持仓: 中天服务(002188.XSHE), 占比 10.91%, 涨跌幅: 0.00% (0.00), 数量: 2500, 市值: 11250.00元
GGG持仓: 准油股份(002207.XSHE), 占比 10.57%, 涨跌幅: 0.00% (0.00), 数量: 2100, 市值: 10899.00元
GGG持仓: ST瑞和(002620.XSHE), 占比 11.49%, 涨跌幅: 0.00% (0.00), 数量: 3600, 市值: 11844.00元
GGG持仓: 麦趣尔(002719.XSHE), 占比 11.15%, 涨跌幅: 0.00% (0.00), 数量: 1500, 市值: 11490.00元
GGG持仓: *ST建艺(002789.XSHE), 占比 11.41%, 涨跌幅: 0.00% (0.00), 数量: 1600, 市值: 11760.00元
GGG持仓: *ST和科(002816.XSHE), 占比 10.68%, 涨跌幅: 0.00% (0.00), 数量: 800, 市值: 11008.00元
GGG持仓: *ST高斯(002848.XSHE), 占比 11.58%, 涨跌幅: 0.00% (0.00), 数量: 1900, 市值: 11932.00元
GGG持仓: 美芝股份(002856.XSHE), 占比 10.29%, 涨跌幅: 0.00% (0.00), 数量: 1200, 市值: 10608.00元
GGG*******************总资产 103079.64  剩余可用金额 1104.64元*******************
GGG========== 执行周度调仓，日期：2025-02-17 ==========
******************当日(2025-02-17 10:00:00)持仓市值: 104306.00元*******************
GGG持仓: *ST威尔(002058.XSHE), 占比 10.86%, 涨跌幅: 0.00% (0.00), 数量: 1200, 市值: 11448.00元
GGG持仓: 中天服务(002188.XSHE), 占比 10.84%, 涨跌幅: 0.00% (0.00), 数量: 2500, 市值: 11425.00元
GGG持仓: 准油股份(002207.XSHE), 占比 10.34%, 涨跌幅: 0.00% (0.00), 数量: 2100, 市值: 10899.00元
GGG持仓: ST瑞和(002620.XSHE), 占比 11.34%, 涨跌幅: 0.00% (0.00), 数量: 3600, 市值: 11952.00元
GGG持仓: 麦趣尔(002719.XSHE), 占比 10.91%, 涨跌幅: 0.00% (0.00), 数量: 1500, 市值: 11505.00元
GGG持仓: *ST建艺(002789.XSHE), 占比 11.43%, 涨跌幅: 0.00% (0.00), 数量: 1600, 市值: 12048.00元
GGG持仓: *ST和科(002816.XSHE), 占比 10.63%, 涨跌幅: 0.00% (0.00), 数量: 800, 市值: 11208.00元
GGG持仓: *ST高斯(002848.XSHE), 占比 12.46%, 涨跌幅: 0.00% (0.00), 数量: 1900, 市值: 13129.00元
GGG持仓: 美芝股份(002856.XSHE), 占比 10.14%, 涨跌幅: 0.00% (0.00), 数量: 1200, 市值: 10692.00元
GGG*******************总资产 105410.64  剩余可用金额 1104.64元*******************
20250216 中小综指共有 991只股票
过滤ST/*ST股票后，剩余 933 只
去除科创版，北交所等，共有 933 只股票
涨停 002030.XSHE 达安基因
涨停 002044.XSHE 美年健康
涨停 002065.XSHE 东华软件
涨停 002112.XSHE 三变科技
涨停 002335.XSHE 科华数据
涨停 002524.XSHE 光正眼科
涨停 002527.XSHE 新时达
涨停 002575.XSHE 群兴玩具
涨停 002622.XSHE 皓宸医疗
涨停 002681.XSHE 奋达科技
涨停 002686.XSHE 亿利达
涨停 002717.XSHE ST岭南
涨停 002757.XSHE 南兴股份
涨停 002786.XSHE 银宝山新
涨停 002837.XSHE 英维克
涨停 002841.XSHE 视源股份
涨停 002916.XSHE 深南电路
涨停 003032.XSHE *ST传智
过滤停牌，涨跌停股票后，剩余 905 只
market
未选到符合条件的股票，本日不调仓
大盘降幅0.71%

GGG*******************当日2025-02-17 15:00:00(周1)持仓市值: 108035.00元*******************
GGG持仓: *ST威尔(002058.XSHE), 占比 11.27%, 涨跌幅: 0.00% (0.00), 数量: 1200, 市值: 12300.00元
GGG持仓: 中天服务(002188.XSHE), 占比 10.77%, 涨跌幅: 0.00% (0.00), 数量: 2500, 市值: 11750.00元
GGG持仓: 准油股份(002207.XSHE), 占比 10.20%, 涨跌幅: 0.00% (0.00), 数量: 2100, 市值: 11130.00元
GGG持仓: ST瑞和(002620.XSHE), 占比 11.31%, 涨跌幅: 0.00% (0.00), 数量: 3600, 市值: 12348.00元
GGG持仓: 麦趣尔(002719.XSHE), 占比 10.80%, 涨跌幅: 0.00% (0.00), 数量: 1500, 市值: 11790.00元
GGG持仓: *ST建艺(002789.XSHE), 占比 11.41%, 涨跌幅: 0.00% (0.00), 数量: 1600, 市值: 12448.00元
GGG持仓: *ST和科(002816.XSHE), 占比 11.10%, 涨跌幅: 0.00% (0.00), 数量: 800, 市值: 12112.00元
GGG持仓: *ST高斯(002848.XSHE), 占比 12.03%, 涨跌幅: 0.00% (0.00), 数量: 1900, 市值: 13129.00元
GGG持仓: 美芝股份(002856.XSHE), 占比 10.10%, 涨跌幅: 0.00% (0.00), 数量: 1200, 市值: 11028.00元
GGG*******************总资产 109139.64  剩余可用金额 1104.64元*******************

************昨日(2025-02-17 09:35:00)涨停 **************
['002058.XSHE', '002816.XSHE', '002848.XSHE']
GGG========== 执行周度调仓，日期：2025-02-18 ==========
******************当日(2025-02-18 10:00:00)持仓市值: 109635.00元*******************
GGG持仓: *ST威尔(002058.XSHE), 占比 10.97%, 涨跌幅: 0.00% (0.00), 数量: 1200, 市值: 12144.00元
GGG持仓: 中天服务(002188.XSHE), 占比 10.63%, 涨跌幅: 0.00% (0.00), 数量: 2500, 市值: 11775.00元
GGG持仓: 准油股份(002207.XSHE), 占比 9.97%, 涨跌幅: 0.00% (0.00), 数量: 2100, 市值: 11046.00元
GGG持仓: ST瑞和(002620.XSHE), 占比 12.26%, 涨跌幅: 0.00% (0.00), 数量: 3600, 市值: 13572.00元
GGG持仓: 麦趣尔(002719.XSHE), 占比 10.47%, 涨跌幅: 0.00% (0.00), 数量: 1500, 市值: 11595.00元
GGG持仓: *ST建艺(002789.XSHE), 占比 11.05%, 涨跌幅: 0.00% (0.00), 数量: 1600, 市值: 12240.00元
GGG持仓: *ST和科(002816.XSHE), 占比 11.46%, 涨跌幅: 0.00% (0.00), 数量: 800, 市值: 12696.00元
GGG持仓: *ST高斯(002848.XSHE), 占比 12.30%, 涨跌幅: 0.00% (0.00), 数量: 1900, 市值: 13623.00元
GGG持仓: 美芝股份(002856.XSHE), 占比 9.88%, 涨跌幅: 0.00% (0.00), 数量: 1200, 市值: 10944.00元
GGG*******************总资产 110739.64  剩余可用金额 1104.64元*******************
20250217 中小综指共有 991只股票
过滤ST/*ST股票后，剩余 933 只
去除科创版，北交所等，共有 933 只股票
涨停 002065.XSHE 东华软件
涨停 002112.XSHE 三变科技
涨停 002121.XSHE 科陆电子
跌停 002123.XSHE 梦网科技
跌停 002313.XSHE 日海智能
涨停 002453.XSHE 华软科技
涨停 002474.XSHE 榕基软件
涨停 002527.XSHE 新时达
涨停 002547.XSHE 春兴精工
涨停 002866.XSHE 传艺科技
涨停 002893.XSHE 京能热力
过滤停牌，涨跌停股票后，剩余 912 只
market
未选到符合条件的股票，本日不调仓
大盘降幅0.22%


2025-02-18 14:00:00 002848.XSHE *ST高斯 股价7.36 涨幅6.51%
002848.XSHE *ST高斯涨停打开，卖出
2025-02-18 14:00:00 002058.XSHE *ST威尔 股价11.28 涨幅10.05%
002058.XSHE *ST威尔涨停，继续持有
2025-02-18 14:00:00 002816.XSHE *ST和科 股价15.21 涨幅0.46%
002816.XSHE *ST和科涨停打开，卖出
现有持仓:
  *ST威尔 002058.XSHE
  中天服务 002188.XSHE
  准油股份 002207.XSHE
  ST瑞和 002620.XSHE
  麦趣尔 002719.XSHE
  *ST建艺 002789.XSHE
  美芝股份 002856.XSHE
涨停卖出
  *ST和科 002816.XSHE
  *ST高斯 002848.XSHE
market
有余额可用27243.95元。买入[]
******************当日(2025-02-18 14:00:00)持仓市值: 82905.00元*******************
GGG持仓: *ST威尔(002058.XSHE), 占比 12.29%, 涨跌幅: 0.00% (0.00), 数量: 1200, 市值: 13536.00元
GGG持仓: 中天服务(002188.XSHE), 占比 10.53%, 涨跌幅: 0.00% (0.00), 数量: 2500, 市值: 11600.00元
GGG持仓: 准油股份(002207.XSHE), 占比 9.95%, 涨跌幅: 0.00% (0.00), 数量: 2100, 市值: 10962.00元
GGG持仓: ST瑞和(002620.XSHE), 占比 11.31%, 涨跌幅: 0.00% (0.00), 数量: 3600, 市值: 12456.00元
GGG持仓: 麦趣尔(002719.XSHE), 占比 10.36%, 涨跌幅: 0.00% (0.00), 数量: 1500, 市值: 11415.00元
GGG持仓: *ST建艺(002789.XSHE), 占比 10.95%, 涨跌幅: 0.00% (0.00), 数量: 1600, 市值: 12064.00元
GGG持仓: 美芝股份(002856.XSHE), 占比 9.87%, 涨跌幅: 0.00% (0.00), 数量: 1200, 市值: 10872.00元
GGG*******************总资产 110148.95  剩余可用金额 27243.95元*******************
涨停股 *ST威尔 占仓位比重为 12.29%
 期望持仓: 中天服务(002188.XSHE), 占比 14.62%
 期望持仓: 准油股份(002207.XSHE), 占比 14.62%
 期望持仓: ST瑞和(002620.XSHE), 占比 14.62%
 期望持仓: 麦趣尔(002719.XSHE), 占比 14.62%
 期望持仓: *ST建艺(002789.XSHE), 占比 14.62%
 期望持仓: 美芝股份(002856.XSHE), 占比 14.62%
预计持仓 82905.0 剩余金额 27243.95
❌❌剩余资金过大 27243.9473
美芝股份 持仓与期望相差较大，持仓9.87%,期望14.62%,金额相差5230.16
麦趣尔 持仓与期望相差较大，持仓10.36%,期望14.62%,金额相差4687.16
准油股份 持仓与期望相差较大，持仓9.95%,期望14.62%,金额相差5140.16
中天服务 持仓与期望相差较大，持仓10.53%,期望14.62%,金额相差4502.16
重新分配之后资金为7684.315766666667
重新分配之后资金仍有剩余，追加买入
*ST建艺 持仓与期望相差3.67% 4038.16，补仓
ST瑞和 持仓与期望相差3.31% 3646.16，补仓
 预估持仓: *ST威尔(002058.XSHE), 占比 12.29% 单价 11.28
 预估持仓: 中天服务(002188.XSHE), 占比 10.53% 单价 4.64
 预估持仓: 准油股份(002207.XSHE), 占比 9.95% 单价 5.22
 预估持仓: ST瑞和(002620.XSHE), 占比 11.31% 单价 3.46
 预估持仓: 麦趣尔(002719.XSHE), 占比 10.36% 单价 7.61
 预估持仓: *ST建艺(002789.XSHE), 占比 10.95% 单价 7.54
 预估持仓: 美芝股份(002856.XSHE), 占比 9.87% 单价 9.06
调整中天服务买入数量，期望买入16102.16,当前11600.0,相差4502.16
单价4.64，新市值15776.00，差值326.16
单价4.64，新市值16240.00，差值-137.84
单价4.64，新市值16704.00，差值-601.84
调整买入数量，追加10手,仓位占比调整为14.74%
调整准油股份买入数量，期望买入16102.16,当前10962.0,相差5140.16
单价5.22，新市值15660.00，差值442.16
单价5.22，新市值16182.00，差值-79.84
单价5.22，新市值16704.00，差值-601.84
调整买入数量，追加10手,仓位占比调整为14.69%
调整ST瑞和买入数量，期望买入16102.16,当前12456.0,相差3646.16
单价3.46，新市值15916.00，差值186.16
单价3.46，新市值16262.00，差值-159.84
单价3.46，新市值16608.00，差值-505.84
调整买入数量，追加11手,仓位占比调整为14.76%
调整麦趣尔买入数量，期望买入16102.16,当前11415.0,相差4687.16
单价7.61，新市值15981.00，差值121.16
单价7.61，新市值16742.00，差值-639.84
调整买入数量，追加6手,仓位占比调整为14.51%
调整*ST建艺买入数量，期望买入16102.16,当前12064.0,相差4038.16
单价7.54，新市值15834.00，差值268.16
单价7.54，新市值16588.00，差值-485.84
调整买入数量，追加5手,仓位占比调整为14.38%
调整美芝股份买入数量，期望买入16102.16,当前10872.0,相差5230.16
单价9.06，新市值15402.00，差值700.16
单价9.06，新市值16308.00，差值-205.84
单价9.06，新市值17214.00，差值-1111.84
调整买入数量，追加6手,仓位占比调整为14.81%
====调整每股额度====
当前可用资金  27243.947300000007 
持仓市值  82905.0 
总资产:  110148.9473 
每股额度  4540.657883333334
委托买入: 中天服务, 002188.XSHE 
目标价值:16240.00
预计买入3500股，每股4.64元，合计:16240.00
委托买入: 准油股份, 002207.XSHE 
目标价值:16182.00
预计买入3100股，每股5.22元，合计:16182.00
委托买入: 麦趣尔, 002719.XSHE 
目标价值:15981.00
预计买入2100股，每股7.61元，合计:15981.00
委托买入: 美芝股份, 002856.XSHE 
目标价值:16308.00
预计买入1800股，每股9.06元，合计:16308.00
委托买入: *ST建艺, 002789.XSHE 
目标价值:15834.00
预计买入2100股，每股7.54元，合计:15834.00
委托买入: ST瑞和, 002620.XSHE 
目标价值:16262.00
预计买入4700股，每股3.46元，合计:16262.00
GGG*******************当日2025-02-18 15:00:00(周2)持仓市值: 109710.00元*******************
GGG持仓: *ST威尔(002058.XSHE), 占比 12.32%, 涨跌幅: 0.00% (0.00), 数量: 1200, 市值: 13536.00元
GGG持仓: 中天服务(002188.XSHE), 占比 14.72%, 涨跌幅: 0.00% (0.00), 数量: 3500, 市值: 16170.00元
GGG持仓: 准油股份(002207.XSHE), 占比 14.73%, 涨跌幅: 0.00% (0.00), 数量: 3100, 市值: 16182.00元
GGG持仓: ST瑞和(002620.XSHE), 占比 14.70%, 涨跌幅: 0.00% (0.00), 数量: 4600, 市值: 16146.00元
GGG持仓: 麦趣尔(002719.XSHE), 占比 14.34%, 涨跌幅: 0.00% (0.00), 数量: 2100, 市值: 15750.00元
GGG持仓: *ST建艺(002789.XSHE), 占比 14.30%, 涨跌幅: 0.00% (0.00), 数量: 2100, 市值: 15708.00元
GGG持仓: 美芝股份(002856.XSHE), 占比 14.77%, 涨跌幅: 0.00% (0.00), 数量: 1800, 市值: 16218.00元
GGG*******************总资产 109831.81  剩余可用金额 121.81元*******************

************昨日(2025-02-18 09:35:00)涨停 **************
['002058.XSHE']
GGG========== 执行周度调仓，日期：2025-02-19 ==========
******************当日(2025-02-19 10:00:00)持仓市值: 111570.00元*******************
GGG持仓: *ST威尔(002058.XSHE), 占比 13.33%, 涨跌幅: 0.00% (0.00), 数量: 1200, 市值: 14892.00元
GGG持仓: 中天服务(002188.XSHE), 占比 14.63%, 涨跌幅: 0.00% (0.00), 数量: 3500, 市值: 16345.00元
GGG持仓: 准油股份(002207.XSHE), 占比 14.60%, 涨跌幅: 0.00% (0.00), 数量: 3100, 市值: 16306.00元
GGG持仓: ST瑞和(002620.XSHE), 占比 14.13%, 涨跌幅: 0.00% (0.00), 数量: 4600, 市值: 15778.00元
GGG持仓: 麦趣尔(002719.XSHE), 占比 14.20%, 涨跌幅: 0.00% (0.00), 数量: 2100, 市值: 15855.00元
GGG持仓: *ST建艺(002789.XSHE), 占比 14.29%, 涨跌幅: 0.00% (0.00), 数量: 2100, 市值: 15960.00元
GGG持仓: 美芝股份(002856.XSHE), 占比 14.71%, 涨跌幅: 0.00% (0.00), 数量: 1800, 市值: 16434.00元
GGG*******************总资产 111691.81  剩余可用金额 121.81元*******************
20250218 中小综指共有 991只股票
过滤ST/*ST股票后，剩余 933 只
去除科创版，北交所等，共有 933 只股票
涨停 002031.XSHE 巨轮智能
涨停 002213.XSHE 大为股份
涨停 002290.XSHE 禾盛新材
涨停 002369.XSHE 卓翼科技
涨停 002527.XSHE 新时达
涨停 002599.XSHE 盛通股份
涨停 002790.XSHE 瑞尔特
涨停 002908.XSHE 德生科技
涨停 003005.XSHE 竞业达
涨停 003013.XSHE 地铁设计
过滤停牌，涨跌停股票后，剩余 913 只
market
get_small_cap_stocks   2025-02-18 15:00:00    head 9
    第 1名: *ST建艺(002789.XSHE), 流通市值: 11.94 亿元  <== 选中
    第 2名: 美芝股份(002856.XSHE), 流通市值: 12.19 亿元  <== 选中
    第 3名: *ST高斯(002848.XSHE), 流通市值: 12.22 亿元  <== 选中
    第 4名: 麦趣尔(002719.XSHE), 流通市值: 13.06 亿元  <== 选中
    第 5名: ST瑞和(002620.XSHE), 流通市值: 13.25 亿元  <== 选中
    第 6名: 准油股份(002207.XSHE), 流通市值: 13.68 亿元  <== 选中
    第 7名: 扬子新材(002652.XSHE), 流通市值: 14.9 亿元  <== 选中
    第 8名: 海象新材(003011.XSHE), 流通市值: 15.04 亿元  <== 选中
    第 9名: 庄园牧场(002910.XSHE), 流通市值: 15.1 亿元  <== 选中
    第10名: 中天服务(002188.XSHE), 流通市值: 15.11 亿元
GGG当前持股 7只
GGG*ST威尔
GGG中天服务
GGG准油股份
GGGST瑞和
GGG麦趣尔
GGG*ST建艺
GGG美芝股份
GGG需要买入股票 4只
GGG需要卖出股票 1只
GGG待买入  *ST高斯
GGG待买入  扬子新材
GGG待买入  海象新材
GGG待买入  庄园牧场
GGG待卖出: 中天服务
GGG今日(2025-02-19 10:00:00)为卖出时间，执行卖出操作
GGG------------------------------------------
GGG>>>>>>>>>>>>
GGG卖出:  中天服务
大盘降幅-1.54%
GGG今日(2025-02-19 10:10:00)为买入时间，执行买入操作
GGG+++++++++++++++++++++++++++++++++++++++++
GGG需要买入股票 4只
*ST高斯
扬子新材
海象新材
庄园牧场
? ? 股票数量异常，期望最终持仓10只，实际选中9只
涨停股 *ST威尔 占仓位比重为 13.31%
 期望持仓: *ST建艺(002789.XSHE), 占比 9.63%
 期望持仓: 美芝股份(002856.XSHE), 占比 9.63%
 期望持仓: *ST高斯(002848.XSHE), 占比 9.63%
 期望持仓: 麦趣尔(002719.XSHE), 占比 9.63%
 期望持仓: ST瑞和(002620.XSHE), 占比 9.63%
 期望持仓: 准油股份(002207.XSHE), 占比 9.63%
 期望持仓: 扬子新材(002652.XSHE), 占比 9.63%
 期望持仓: 海象新材(003011.XSHE), 占比 9.63%
 期望持仓: 庄园牧场(002910.XSHE), 占比 9.63%
预计买入*ST高斯(002848.XSHE)  1500 股 * 7.14,总计 10710.00
预计买入扬子新材(002652.XSHE)  3600 股 * 2.94,总计 10584.00
预计买入海象新材(003011.XSHE)  700 股 * 14.82,总计 10374.00
预计买入庄园牧场(002910.XSHE)  1300 股 * 7.87,总计 10231.00
预计持仓 137350.0 剩余金额 -25438.93
❌❌剩余资金过大 -25438.9332
*ST建艺 持仓与期望相差较大，持仓14.28%,期望9.63%,金额相差-5201.10
美芝股份 持仓与期望相差较大，持仓14.80%,期望9.63%,金额相差-5780.10
麦趣尔 持仓与期望相差较大，持仓14.22%,期望9.63%,金额相差-5138.10
ST瑞和 持仓与期望相差较大，持仓14.06%,期望9.63%,金额相差-4952.10
准油股份 持仓与期望相差较大，持仓14.63%,期望9.63%,金额相差-5588.10
重新分配之后资金为1220.5852444444463
 预估持仓: *ST威尔(002058.XSHE), 占比 13.31% 单价 12.41
 预估持仓: 准油股份(002207.XSHE), 占比 14.63% 单价 5.28
 预估持仓: ST瑞和(002620.XSHE), 占比 14.06% 单价 3.42
 预估持仓: 麦趣尔(002719.XSHE), 占比 14.22% 单价 7.58
 预估持仓: *ST建艺(002789.XSHE), 占比 14.28% 单价 7.61
 预估持仓: 美芝股份(002856.XSHE), 占比 14.80% 单价 9.2
 预估持仓: *ST高斯(002848.XSHE), 占比 9.57% 单价 7.14
 预估持仓: 扬子新材(002652.XSHE), 占比 9.46% 单价 2.94
 预估持仓: 海象新材(003011.XSHE), 占比 9.27% 单价 14.82
 预估持仓: 庄园牧场(002910.XSHE), 占比 9.14% 单价 7.87
调整*ST高斯买入数量，期望买入10779.90,当前10710.0,相差69.90
单价7.14，新市值10710.00，差值69.90
单价7.14，新市值11424.00，差值-644.10
调整扬子新材买入数量，期望买入10779.90,当前10584.0,相差195.90
单价2.94，新市值10584.00，差值195.90
单价2.94，新市值10878.00，差值-98.10
单价2.94，新市值11172.00，差值-392.10
调整买入数量，追加1手,仓位占比调整为9.72%
调整海象新材买入数量，期望买入10779.90,当前10374.0,相差405.90
单价14.82，新市值10374.00，差值405.90
单价14.82，新市值11856.00，差值-1076.10
调整庄园牧场买入数量，期望买入10779.90,当前10231.0,相差548.90
单价7.87，新市值10231.00，差值548.90
单价7.87，新市值11018.00，差值-238.10
单价7.87，新市值11805.00，差值-1025.10
调整买入数量，追加1手,仓位占比调整为9.85%
====调整每股额度====
当前可用资金  41134.47060000001 
持仓市值  70749.0 
总资产:  111883.47059999999 
每股额度  10283.617650000002
委托买入: *ST高斯, 002848.XSHE 
目标价值:10777.24
预计买入1500股，每股7.14元，合计:10710.00
委托买入: 扬子新材, 002652.XSHE 
目标价值:10875.32
预计买入3600股，每股2.94元，合计:10584.00
委托买入: 海象新材, 003011.XSHE 
目标价值:10777.24
预计买入700股，每股14.82元，合计:10374.00
委托买入: 庄园牧场, 002910.XSHE 
目标价值:11015.28
预计买入1300股，每股7.87元，合计:10231.00

******************当日(2025-02-19 10:10:00)持仓市值: 111441.00元*******************
GGG持仓: *ST威尔(002058.XSHE), 占比 13.31%, 涨跌幅: 0.00% (0.00), 数量: 1200, 市值: 14892.00元
GGG持仓: 准油股份(002207.XSHE), 占比 9.91%, 涨跌幅: 0.00% (0.00), 数量: 2100, 市值: 11088.00元
GGG持仓: ST瑞和(002620.XSHE), 占比 9.78%, 涨跌幅: 0.00% (0.00), 数量: 3200, 市值: 10944.00元
GGG持仓: 扬子新材(002652.XSHE), 占比 9.46%, 涨跌幅: 0.00% (0.00), 数量: 3600, 市值: 10584.00元
GGG持仓: 麦趣尔(002719.XSHE), 占比 10.16%, 涨跌幅: 0.00% (0.00), 数量: 1500, 市值: 11370.00元
GGG持仓: *ST建艺(002789.XSHE), 占比 10.20%, 涨跌幅: 0.00% (0.00), 数量: 1500, 市值: 11415.00元
GGG持仓: *ST高斯(002848.XSHE), 占比 9.57%, 涨跌幅: 0.00% (0.00), 数量: 1500, 市值: 10710.00元
GGG持仓: 美芝股份(002856.XSHE), 占比 9.87%, 涨跌幅: 0.00% (0.00), 数量: 1200, 市值: 11040.00元
GGG持仓: 庄园牧场(002910.XSHE), 占比 8.44%, 涨跌幅: 0.00% (0.00), 数量: 1200, 市值: 9444.00元
GGG持仓: 海象新材(003011.XSHE), 占比 8.90%, 涨跌幅: 0.00% (0.00), 数量: 700, 市值: 9954.00元
GGG*******************总资产 111863.26  剩余可用金额 422.26元*******************
2025-02-19 14:00:00 002058.XSHE *ST威尔 股价12.41 涨幅10.02%
002058.XSHE *ST威尔涨停，继续持有
GGG*******************当日2025-02-19 15:00:00(周3)持仓市值: 111814.00元*******************
GGG持仓: *ST威尔(002058.XSHE), 占比 13.27%, 涨跌幅: 0.00% (0.00), 数量: 1200, 市值: 14892.00元
GGG持仓: 准油股份(002207.XSHE), 占比 9.86%, 涨跌幅: 0.00% (0.00), 数量: 2100, 市值: 11067.00元
GGG持仓: ST瑞和(002620.XSHE), 占比 9.78%, 涨跌幅: 0.00% (0.00), 数量: 3200, 市值: 10976.00元
GGG持仓: 扬子新材(002652.XSHE), 占比 9.40%, 涨跌幅: 0.00% (0.00), 数量: 3600, 市值: 10548.00元
GGG持仓: 麦趣尔(002719.XSHE), 占比 10.18%, 涨跌幅: 0.00% (0.00), 数量: 1500, 市值: 11430.00元
GGG持仓: *ST建艺(002789.XSHE), 占比 10.16%, 涨跌幅: 0.00% (0.00), 数量: 1500, 市值: 11400.00元
GGG持仓: *ST高斯(002848.XSHE), 占比 9.56%, 涨跌幅: 0.00% (0.00), 数量: 1500, 市值: 10725.00元
GGG持仓: 美芝股份(002856.XSHE), 占比 9.84%, 涨跌幅: 0.00% (0.00), 数量: 1200, 市值: 11040.00元
GGG持仓: 庄园牧场(002910.XSHE), 占比 8.55%, 涨跌幅: 0.00% (0.00), 数量: 1200, 市值: 9600.00元
GGG持仓: 海象新材(003011.XSHE), 占比 9.03%, 涨跌幅: 0.00% (0.00), 数量: 700, 市值: 10136.00元
GGG*******************总资产 112236.26  剩余可用金额 422.26元*******************

************昨日(2025-02-19 09:35:00)涨停 **************
['002058.XSHE']
GGG========== 执行周度调仓，日期：2025-02-20 ==========
******************当日(2025-02-20 10:00:00)持仓市值: 113093.00元*******************
GGG持仓: *ST威尔(002058.XSHE), 占比 14.06%, 涨跌幅: 0.00% (0.00), 数量: 1200, 市值: 15960.00元
GGG持仓: 准油股份(002207.XSHE), 占比 9.80%, 涨跌幅: 0.00% (0.00), 数量: 2100, 市值: 11130.00元
GGG持仓: ST瑞和(002620.XSHE), 占比 10.06%, 涨跌幅: 0.00% (0.00), 数量: 3200, 市值: 11424.00元
GGG持仓: 扬子新材(002652.XSHE), 占比 9.32%, 涨跌幅: 0.00% (0.00), 数量: 3600, 市值: 10584.00元
GGG持仓: 麦趣尔(002719.XSHE), 占比 10.17%, 涨跌幅: 0.00% (0.00), 数量: 1500, 市值: 11550.00元
GGG持仓: *ST建艺(002789.XSHE), 占比 9.88%, 涨跌幅: 0.00% (0.00), 数量: 1500, 市值: 11220.00元
GGG持仓: *ST高斯(002848.XSHE), 占比 9.22%, 涨跌幅: 0.00% (0.00), 数量: 1500, 市值: 10470.00元
GGG持仓: 美芝股份(002856.XSHE), 占比 9.64%, 涨跌幅: 0.00% (0.00), 数量: 1200, 市值: 10944.00元
GGG持仓: 庄园牧场(002910.XSHE), 占比 8.54%, 涨跌幅: 0.00% (0.00), 数量: 1200, 市值: 9696.00元
GGG持仓: 海象新材(003011.XSHE), 占比 8.91%, 涨跌幅: 0.00% (0.00), 数量: 700, 市值: 10115.00元
GGG*******************总资产 113515.26  剩余可用金额 422.26元*******************
20250219 中小综指共有 991只股票
过滤ST/*ST股票后，剩余 933 只
去除科创版，北交所等，共有 933 只股票
涨停 002065.XSHE 东华软件
涨停 002173.XSHE 创新医疗
涨停 002224.XSHE 三 力 士
涨停 002273.XSHE 水晶光电
涨停 002290.XSHE 禾盛新材
涨停 002343.XSHE 慈文传媒
涨停 002369.XSHE 卓翼科技
涨停 002414.XSHE 高德红外
涨停 002426.XSHE 胜利精密
涨停 002427.XSHE 尤夫股份
涨停 002489.XSHE 浙江永强
涨停 002522.XSHE 浙江众成
涨停 002524.XSHE 光正眼科
涨停 002527.XSHE 新时达
涨停 002577.XSHE 雷柏科技
涨停 002599.XSHE 盛通股份
涨停 002722.XSHE 物产金轮
涨停 002838.XSHE 道恩股份
涨停 002861.XSHE 瀛通通讯
涨停 002929.XSHE 润建股份
涨停 002978.XSHE 安宁股份
涨停 002987.XSHE 京北方
涨停 003028.XSHE 振邦智能
过滤停牌，涨跌停股票后，剩余 900 只
market
get_small_cap_stocks   2025-02-19 15:00:00    head 9
    第 1名: *ST高斯(002848.XSHE), 流通市值: 11.95 亿元  <== 选中
    第 2名: *ST建艺(002789.XSHE), 流通市值: 12.13 亿元  <== 选中
    第 3名: 美芝股份(002856.XSHE), 流通市值: 12.45 亿元  <== 选中
    第 4名: ST瑞和(002620.XSHE), 流通市值: 12.95 亿元  <== 选中
    第 5名: 麦趣尔(002719.XSHE), 流通市值: 13.27 亿元  <== 选中
    第 6名: 准油股份(002207.XSHE), 流通市值: 13.81 亿元  <== 选中
    第 7名: 扬子新材(002652.XSHE), 流通市值: 15.0 亿元  <== 选中
    第 8名: 中天服务(002188.XSHE), 流通市值: 15.21 亿元  <== 选中
    第 9名: 帝欧水华(002798.XSHE), 流通市值: 15.33 亿元  <== 选中
    第10名: 海象新材(003011.XSHE), 流通市值: 15.48 亿元
GGG当前持股 10只
GGG*ST威尔
GGG准油股份
GGGST瑞和
GGG扬子新材
GGG麦趣尔
GGG*ST建艺
GGG*ST高斯
GGG美芝股份
GGG庄园牧场
GGG海象新材
GGG需要买入股票 2只
GGG需要卖出股票 2只
GGG待买入  中天服务
GGG待买入  帝欧水华
GGG待卖出: 海象新材
GGG待卖出: 庄园牧场
GGG今日(2025-02-20 10:00:00)为卖出时间，执行卖出操作
GGG------------------------------------------
GGG>>>>>>>>>>>>
GGG卖出:  庄园牧场
GGG>>>>>>>>>>>>
GGG卖出:  海象新材
大盘降幅1.92%
GGG今日(2025-02-20 10:10:00)为买入时间，执行买入操作
GGG+++++++++++++++++++++++++++++++++++++++++
GGG需要买入股票 2只
中天服务
帝欧水华
? ? 股票数量异常，期望最终持仓10只，实际选中9只
涨停股 *ST威尔 占仓位比重为 13.80%
 期望持仓: *ST高斯(002848.XSHE), 占比 9.58%
 期望持仓: *ST建艺(002789.XSHE), 占比 9.58%
 期望持仓: 美芝股份(002856.XSHE), 占比 9.58%
 期望持仓: ST瑞和(002620.XSHE), 占比 9.58%
 期望持仓: 麦趣尔(002719.XSHE), 占比 9.58%
 期望持仓: 准油股份(002207.XSHE), 占比 9.58%
 期望持仓: 扬子新材(002652.XSHE), 占比 9.58%
 期望持仓: 中天服务(002188.XSHE), 占比 9.58%
 期望持仓: 帝欧水华(002798.XSHE), 占比 9.58%
预计买入中天服务(002188.XSHE)  2300 股 * 4.67,总计 10741.00
预计买入帝欧水华(002798.XSHE)  2700 股 * 3.91,总计 10557.00
预计持仓 114332.0 剩余金额 -1076.78
❌❌剩余资金过大 -1076.7774999999965
未重新分配资金，调整买入仓位比重
期望持仓: 中天服务(002188.XSHE)，占比8.93%
期望持仓: 帝欧水华(002798.XSHE)，占比8.93%
 预估持仓: *ST威尔(002058.XSHE), 占比 13.80% 单价 13.02
 预估持仓: 准油股份(002207.XSHE), 占比 9.81% 单价 5.29
 预估持仓: ST瑞和(002620.XSHE), 占比 10.06% 单价 3.56
 预估持仓: 扬子新材(002652.XSHE), 占比 9.38% 单价 2.95
 预估持仓: 麦趣尔(002719.XSHE), 占比 10.22% 单价 7.72
 预估持仓: *ST建艺(002789.XSHE), 占比 9.95% 单价 7.51
 预估持仓: *ST高斯(002848.XSHE), 占比 9.22% 单价 6.96
 预估持仓: 美芝股份(002856.XSHE), 占比 9.72% 单价 9.17
 预估持仓: 中天服务(002188.XSHE), 占比 9.48% 单价 4.67
 预估持仓: 帝欧水华(002798.XSHE), 占比 9.32% 单价 3.91
====调整每股额度====
当前可用资金  20221.222500000007 
持仓市值  93034.0 
总资产:  113255.2225 
每股额度  10110.611250000004
委托买入: 中天服务, 002188.XSHE 
目标价值:10110.61
预计买入2100股，每股4.67元，合计:9807.00
委托买入: 帝欧水华, 002798.XSHE 
目标价值:10110.61
预计买入2500股，每股3.91元，合计:9775.00

******************当日(2025-02-20 10:10:00)持仓市值: 112616.00元*******************
GGG持仓: *ST威尔(002058.XSHE), 占比 13.80%, 涨跌幅: 0.00% (0.00), 数量: 1200, 市值: 15624.00元
GGG持仓: 中天服务(002188.XSHE), 占比 8.66%, 涨跌幅: 0.00% (0.00), 数量: 2100, 市值: 9807.00元
GGG持仓: 准油股份(002207.XSHE), 占比 9.81%, 涨跌幅: 0.00% (0.00), 数量: 2100, 市值: 11109.00元
GGG持仓: ST瑞和(002620.XSHE), 占比 10.06%, 涨跌幅: 0.00% (0.00), 数量: 3200, 市值: 11392.00元
GGG持仓: 扬子新材(002652.XSHE), 占比 9.38%, 涨跌幅: 0.00% (0.00), 数量: 3600, 市值: 10620.00元
GGG持仓: 麦趣尔(002719.XSHE), 占比 10.23%, 涨跌幅: 0.00% (0.00), 数量: 1500, 市值: 11580.00元
GGG持仓: *ST建艺(002789.XSHE), 占比 9.95%, 涨跌幅: 0.00% (0.00), 数量: 1500, 市值: 11265.00元
GGG持仓: 帝欧水华(002798.XSHE), 占比 8.63%, 涨跌幅: 0.00% (0.00), 数量: 2500, 市值: 9775.00元
GGG持仓: *ST高斯(002848.XSHE), 占比 9.22%, 涨跌幅: 0.00% (0.00), 数量: 1500, 市值: 10440.00元
GGG持仓: 美芝股份(002856.XSHE), 占比 9.72%, 涨跌幅: 0.00% (0.00), 数量: 1200, 市值: 11004.00元
GGG*******************总资产 113245.08  剩余可用金额 629.08元*******************
2025-02-20 14:00:00 002058.XSHE *ST威尔 股价13.4 涨幅7.98%
002058.XSHE *ST威尔涨停打开，卖出
现有持仓:
  *ST建艺 002789.XSHE
  ST瑞和 002620.XSHE
  美芝股份 002856.XSHE
  麦趣尔 002719.XSHE
  准油股份 002207.XSHE
  *ST高斯 002848.XSHE
  扬子新材 002652.XSHE
  中天服务 002188.XSHE
  帝欧水华 002798.XSHE
涨停卖出
  *ST威尔 002058.XSHE
有余额可用16702.44元。买入[]
******************当日(2025-02-20 14:00:00)持仓市值: 96750.00元*******************
GGG持仓: 中天服务(002188.XSHE), 占比 8.61%, 涨跌幅: 0.00% (0.00), 数量: 2100, 市值: 9765.00元
GGG持仓: 准油股份(002207.XSHE), 占比 9.77%, 涨跌幅: 0.00% (0.00), 数量: 2100, 市值: 11088.00元
GGG持仓: ST瑞和(002620.XSHE), 占比 9.98%, 涨跌幅: 0.00% (0.00), 数量: 3200, 市值: 11328.00元
GGG持仓: 扬子新材(002652.XSHE), 占比 9.39%, 涨跌幅: 0.00% (0.00), 数量: 3600, 市值: 10656.00元
GGG持仓: 麦趣尔(002719.XSHE), 占比 10.10%, 涨跌幅: 0.00% (0.00), 数量: 1500, 市值: 11460.00元
GGG持仓: *ST建艺(002789.XSHE), 占比 9.96%, 涨跌幅: 0.00% (0.00), 数量: 1500, 市值: 11295.00元
GGG持仓: 帝欧水华(002798.XSHE), 占比 8.59%, 涨跌幅: 0.00% (0.00), 数量: 2500, 市值: 9750.00元
GGG持仓: *ST高斯(002848.XSHE), 占比 9.15%, 涨跌幅: 0.00% (0.00), 数量: 1500, 市值: 10380.00元
GGG持仓: 美芝股份(002856.XSHE), 占比 9.72%, 涨跌幅: 0.00% (0.00), 数量: 1200, 市值: 11028.00元
GGG*******************总资产 113452.44  剩余可用金额 16702.44元*******************
 期望持仓: 中天服务(002188.XSHE), 占比 11.11%
 期望持仓: 准油股份(002207.XSHE), 占比 11.11%
 期望持仓: ST瑞和(002620.XSHE), 占比 11.11%
 期望持仓: 扬子新材(002652.XSHE), 占比 11.11%
 期望持仓: 麦趣尔(002719.XSHE), 占比 11.11%
 期望持仓: *ST建艺(002789.XSHE), 占比 11.11%
 期望持仓: 帝欧水华(002798.XSHE), 占比 11.11%
 期望持仓: *ST高斯(002848.XSHE), 占比 11.11%
 期望持仓: 美芝股份(002856.XSHE), 占比 11.11%
预计持仓 96750.0 剩余金额 16702.44
❌❌剩余资金过大 16702.44050000001
重新分配之后资金仍有剩余，追加买入
帝欧水华 持仓与期望相差2.52% 2855.83，补仓
中天服务 持仓与期望相差2.50% 2840.83，补仓
*ST高斯 持仓与期望相差1.96% 2225.83，补仓
扬子新材 持仓与期望相差1.72% 1949.83，补仓
美芝股份 持仓与期望相差1.39% 1577.83，补仓
准油股份 持仓与期望相差1.34% 1517.83，补仓
*ST建艺 持仓与期望相差1.16% 1310.83，补仓
ST瑞和 持仓与期望相差1.13% 1277.83，补仓
麦趣尔 持仓与期望相差1.01% 1145.83，补仓
 预估持仓: *ST建艺(002789.XSHE), 占比 9.96% 单价 7.53
 预估持仓: ST瑞和(002620.XSHE), 占比 9.98% 单价 3.54
 预估持仓: 美芝股份(002856.XSHE), 占比 9.72% 单价 9.19
 预估持仓: 麦趣尔(002719.XSHE), 占比 10.10% 单价 7.64
 预估持仓: 准油股份(002207.XSHE), 占比 9.77% 单价 5.28
 预估持仓: *ST高斯(002848.XSHE), 占比 9.15% 单价 6.92
 预估持仓: 扬子新材(002652.XSHE), 占比 9.39% 单价 2.96
 预估持仓: 中天服务(002188.XSHE), 占比 8.61% 单价 4.65
 预估持仓: 帝欧水华(002798.XSHE), 占比 8.59% 单价 3.9
调整*ST建艺买入数量，期望买入12605.83,当前11295.0,相差1310.83
单价7.53，新市值12048.00，差值557.83
单价7.53，新市值12801.00，差值-195.17
单价7.53，新市值13554.00，差值-948.17
调整买入数量，追加2手,仓位占比调整为11.28%
调整美芝股份买入数量，期望买入12605.83,当前11028.0,相差1577.83
单价9.19，新市值11947.00，差值658.83
单价9.19，新市值12866.00，差值-260.17
单价9.19，新市值13785.00，差值-1179.17
调整买入数量，追加2手,仓位占比调整为11.34%
调整准油股份买入数量，期望买入12605.83,当前11088.0,相差1517.83
单价5.28，新市值12144.00，差值461.83
单价5.28，新市值12672.00，差值-66.17
单价5.28，新市值13200.00，差值-594.17
调整买入数量，追加3手,仓位占比调整为11.17%
调整*ST高斯买入数量，期望买入12605.83,当前10380.0,相差2225.83
单价6.92，新市值12456.00，差值149.83
单价6.92，新市值13148.00，差值-542.17
调整买入数量，追加3手,仓位占比调整为10.98%
调整扬子新材买入数量，期望买入12605.83,当前10656.0,相差1949.83
单价2.96，新市值12432.00，差值173.83
单价2.96，新市值12728.00，差值-122.17
单价2.96，新市值13024.00，差值-418.17
调整买入数量，追加7手,仓位占比调整为11.22%
调整中天服务买入数量，期望买入12605.83,当前9765.0,相差2840.83
单价4.65，新市值12555.00，差值50.83
单价4.65，新市值13020.00，差值-414.17
调整买入数量，追加6手,仓位占比调整为11.07%
调整帝欧水华买入数量，期望买入12605.83,当前9750.0,相差2855.83
单价3.9，新市值12480.00，差值125.83
单价3.9，新市值12870.00，差值-264.17
调整买入数量，追加7手,仓位占比调整为11.00%
调整ST瑞和买入数量，期望买入12605.83,当前11328.0,相差1277.83
单价3.54，新市值12390.00，差值215.83
单价3.54，新市值12744.00，差值-138.17
单价3.54，新市值13098.00，差值-492.17
调整买入数量，追加4手,仓位占比调整为11.23%
调整麦趣尔买入数量，期望买入12605.83,当前11460.0,相差1145.83
单价7.64，新市值12224.00，差值381.83
单价7.64，新市值12988.00，差值-382.17
调整买入数量，追加1手,仓位占比调整为10.77%
====调整每股额度====
当前可用资金  16702.440500000004 
持仓市值  96750.0 
总资产:  113452.44050000001 
每股额度  1855.8267222222228
委托买入: 帝欧水华, 002798.XSHE 
目标价值:12480.00
预计买入3200股，每股3.9元，合计:12480.00
委托买入: 中天服务, 002188.XSHE 
目标价值:12555.00
预计买入2700股，每股4.65元，合计:12555.00
委托买入: *ST高斯, 002848.XSHE 
目标价值:12456.00
预计买入1800股，每股6.92元，合计:12456.00
委托买入: 扬子新材, 002652.XSHE 
目标价值:12728.00
预计买入4300股，每股2.96元，合计:12728.00
委托买入: 美芝股份, 002856.XSHE 
目标价值:12866.00
预计买入1400股，每股9.19元，合计:12866.00
[系统]WARNING:下单量 0小于1,可用资金:650.339,总持仓市值:112762,合约持仓市值:11460,操作:open,代码:002719.XSHE,日期时间:20250220 14:00:00
委托买入: 准油股份, 002207.XSHE 
目标价值:12672.00
预计买入2400股，每股5.28元，合计:12672.00
委托买入: *ST建艺, 002789.XSHE 
目标价值:12801.00
预计买入1700股，每股7.53元，合计:12801.00
委托买入: ST瑞和, 002620.XSHE 
目标价值:12744.00
预计买入3600股，每股3.54元，合计:12744.00
委托买入: 麦趣尔, 002719.XSHE 
目标价值:12224.00
预计买入1600股，每股7.64元，合计:12224.00
GGG*******************当日2025-02-20 15:00:00(周4)持仓市值: 113288.00元*******************
GGG持仓: 中天服务(002188.XSHE), 占比 11.02%, 涨跌幅: 0.00% (0.00), 数量: 2700, 市值: 12555.00元
GGG持仓: 准油股份(002207.XSHE), 占比 11.21%, 涨跌幅: 0.00% (0.00), 数量: 2400, 市值: 12768.00元
GGG持仓: ST瑞和(002620.XSHE), 占比 11.15%, 涨跌幅: 0.00% (0.00), 数量: 3600, 市值: 12708.00元
GGG持仓: 扬子新材(002652.XSHE), 占比 11.25%, 涨跌幅: 0.00% (0.00), 数量: 4300, 市值: 12814.00元
GGG持仓: 麦趣尔(002719.XSHE), 占比 10.08%, 涨跌幅: 0.00% (0.00), 数量: 1500, 市值: 11490.00元
GGG持仓: *ST建艺(002789.XSHE), 占比 11.41%, 涨跌幅: 0.00% (0.00), 数量: 1700, 市值: 13005.00元
GGG持仓: 帝欧水华(002798.XSHE), 占比 10.98%, 涨跌幅: 0.00% (0.00), 数量: 3200, 市值: 12512.00元
GGG持仓: *ST高斯(002848.XSHE), 占比 11.00%, 涨跌幅: 0.00% (0.00), 数量: 1800, 市值: 12528.00元
GGG持仓: 美芝股份(002856.XSHE), 占比 11.33%, 涨跌幅: 0.00% (0.00), 数量: 1400, 市值: 12908.00元
GGG*******************总资产 113938.34  剩余可用金额 650.34元*******************
GGG========== 执行周度调仓，日期：2025-02-21 ==========
******************当日(2025-02-21 10:00:00)持仓市值: 110271.00元*******************
GGG持仓: 中天服务(002188.XSHE), 占比 11.03%, 涨跌幅: 0.00% (0.00), 数量: 2700, 市值: 12231.00元
GGG持仓: 准油股份(002207.XSHE), 占比 11.19%, 涨跌幅: 0.00% (0.00), 数量: 2400, 市值: 12408.00元
GGG持仓: ST瑞和(002620.XSHE), 占比 11.03%, 涨跌幅: 0.00% (0.00), 数量: 3600, 市值: 12240.00元
GGG持仓: 扬子新材(002652.XSHE), 占比 11.32%, 涨跌幅: 0.00% (0.00), 数量: 4300, 市值: 12556.00元
GGG持仓: 麦趣尔(002719.XSHE), 占比 10.01%, 涨跌幅: 0.00% (0.00), 数量: 1500, 市值: 11100.00元
GGG持仓: *ST建艺(002789.XSHE), 占比 11.59%, 涨跌幅: 0.00% (0.00), 数量: 1700, 市值: 12852.00元
GGG持仓: 帝欧水华(002798.XSHE), 占比 10.91%, 涨跌幅: 0.00% (0.00), 数量: 3200, 市值: 12096.00元
GGG持仓: *ST高斯(002848.XSHE), 占比 11.05%, 涨跌幅: 0.00% (0.00), 数量: 1800, 市值: 12258.00元
GGG持仓: 美芝股份(002856.XSHE), 占比 11.30%, 涨跌幅: 0.00% (0.00), 数量: 1400, 市值: 12530.00元
GGG*******************总资产 110921.34  剩余可用金额 650.34元*******************
20250220 中小综指共有 991只股票
过滤ST/*ST股票后，剩余 933 只
去除科创版，北交所等，共有 933 只股票
涨停 002126.XSHE 银轮股份
涨停 002272.XSHE 川润股份
涨停 002334.XSHE 英威腾
涨停 002343.XSHE 慈文传媒
涨停 002347.XSHE 泰尔股份
涨停 002364.XSHE 中恒电气
涨停 002369.XSHE 卓翼科技
涨停 002501.XSHE 利源股份
涨停 002522.XSHE 浙江众成
涨停 002527.XSHE 新时达
涨停 002838.XSHE 道恩股份
涨停 002842.XSHE 翔鹭钨业
涨停 002929.XSHE 润建股份
涨停 002975.XSHE 博杰股份
过滤停牌，涨跌停股票后，剩余 909 只
market
未选到符合条件的股票，本日不调仓
大盘降幅0.76%
GGG*******************当日2025-02-21 15:00:00(周5)持仓市值: 111519.00元*******************
GGG持仓: 中天服务(002188.XSHE), 占比 11.10%, 涨跌幅: 0.00% (0.00), 数量: 2700, 市值: 12447.00元
GGG持仓: 准油股份(002207.XSHE), 占比 11.17%, 涨跌幅: 0.00% (0.00), 数量: 2400, 市值: 12528.00元
GGG持仓: ST瑞和(002620.XSHE), 占比 11.07%, 涨跌幅: 0.00% (0.00), 数量: 3600, 市值: 12420.00元
GGG持仓: 扬子新材(002652.XSHE), 占比 11.27%, 涨跌幅: 0.00% (0.00), 数量: 4300, 市值: 12642.00元
GGG持仓: 麦趣尔(002719.XSHE), 占比 10.02%, 涨跌幅: 0.00% (0.00), 数量: 1500, 市值: 11235.00元
GGG持仓: *ST建艺(002789.XSHE), 占比 11.44%, 涨跌幅: 0.00% (0.00), 数量: 1700, 市值: 12835.00元
GGG持仓: 帝欧水华(002798.XSHE), 占比 10.93%, 涨跌幅: 0.00% (0.00), 数量: 3200, 市值: 12256.00元
GGG持仓: *ST高斯(002848.XSHE), 占比 11.28%, 涨跌幅: 0.00% (0.00), 数量: 1800, 市值: 12654.00元
GGG持仓: 美芝股份(002856.XSHE), 占比 11.15%, 涨跌幅: 0.00% (0.00), 数量: 1400, 市值: 12502.00元
GGG*******************总资产 112169.34  剩余可用金额 650.34元*******************
GGG========== 执行周度调仓，日期：2025-02-24 ==========
******************当日(2025-02-24 10:00:00)持仓市值: 111530.00元*******************
GGG持仓: 中天服务(002188.XSHE), 占比 11.05%, 涨跌幅: 0.00% (0.00), 数量: 2700, 市值: 12393.00元
GGG持仓: 准油股份(002207.XSHE), 占比 11.25%, 涨跌幅: 0.00% (0.00), 数量: 2400, 市值: 12624.00元
GGG持仓: ST瑞和(002620.XSHE), 占比 11.20%, 涨跌幅: 0.00% (0.00), 数量: 3600, 市值: 12564.00元
GGG持仓: 扬子新材(002652.XSHE), 占比 11.23%, 涨跌幅: 0.00% (0.00), 数量: 4300, 市值: 12599.00元
GGG持仓: 麦趣尔(002719.XSHE), 占比 10.20%, 涨跌幅: 0.00% (0.00), 数量: 1500, 市值: 11445.00元
GGG持仓: *ST建艺(002789.XSHE), 占比 11.41%, 涨跌幅: 0.00% (0.00), 数量: 1700, 市值: 12801.00元
GGG持仓: 帝欧水华(002798.XSHE), 占比 11.04%, 涨跌幅: 0.00% (0.00), 数量: 3200, 市值: 12384.00元
GGG持仓: *ST高斯(002848.XSHE), 占比 10.99%, 涨跌幅: 0.00% (0.00), 数量: 1800, 市值: 12330.00元
GGG持仓: 美芝股份(002856.XSHE), 占比 11.04%, 涨跌幅: 0.00% (0.00), 数量: 1400, 市值: 12390.00元
GGG*******************总资产 112180.34  剩余可用金额 650.34元*******************
20250223 中小综指共有 991只股票
过滤ST/*ST股票后，剩余 933 只
去除科创版，北交所等，共有 933 只股票
涨停 002034.XSHE 旺能环境
涨停 002080.XSHE 中材科技
涨停 002085.XSHE 万丰奥威
涨停 002126.XSHE 银轮股份
涨停 002321.XSHE 华英农业
涨停 002335.XSHE 科华数据
涨停 002361.XSHE 神剑股份
涨停 002369.XSHE 卓翼科技
涨停 002427.XSHE 尤夫股份
涨停 002501.XSHE 利源股份
涨停 002522.XSHE 浙江众成
涨停 002527.XSHE 新时达
涨停 002580.XSHE 圣阳股份
涨停 002599.XSHE 盛通股份
涨停 002757.XSHE 南兴股份
涨停 002760.XSHE 凤形股份
涨停 002765.XSHE 蓝黛科技
涨停 002883.XSHE 中设股份
涨停 002910.XSHE 庄园牧场
涨停 002993.XSHE 奥海科技
过滤停牌，涨跌停股票后，剩余 903 只
market
未选到符合条件的股票，本日不调仓
大盘降幅1.19%
GGG*******************当日2025-02-24 15:00:00(周1)持仓市值: 112928.00元*******************
GGG持仓: 中天服务(002188.XSHE), 占比 11.08%, 涨跌幅: 0.00% (0.00), 数量: 2700, 市值: 12582.00元
GGG持仓: 准油股份(002207.XSHE), 占比 11.28%, 涨跌幅: 0.00% (0.00), 数量: 2400, 市值: 12816.00元
GGG持仓: ST瑞和(002620.XSHE), 占比 11.13%, 涨跌幅: 0.00% (0.00), 数量: 3600, 市值: 12636.00元
GGG持仓: 扬子新材(002652.XSHE), 占比 11.32%, 涨跌幅: 0.00% (0.00), 数量: 4300, 市值: 12857.00元
GGG持仓: 麦趣尔(002719.XSHE), 占比 10.12%, 涨跌幅: 0.00% (0.00), 数量: 1500, 市值: 11490.00元
GGG持仓: *ST建艺(002789.XSHE), 占比 11.51%, 涨跌幅: 0.00% (0.00), 数量: 1700, 市值: 13073.00元
GGG持仓: 帝欧水华(002798.XSHE), 占比 11.04%, 涨跌幅: 0.00% (0.00), 数量: 3200, 市值: 12544.00元
GGG持仓: *ST高斯(002848.XSHE), 占比 10.86%, 涨跌幅: 0.00% (0.00), 数量: 1800, 市值: 12330.00元
GGG持仓: 美芝股份(002856.XSHE), 占比 11.09%, 涨跌幅: 0.00% (0.00), 数量: 1400, 市值: 12600.00元
GGG*******************总资产 113578.34  剩余可用金额 650.34元*******************
GGG========== 执行周度调仓，日期：2025-02-25 ==========
******************当日(2025-02-25 10:00:00)持仓市值: 114066.00元*******************
GGG持仓: 中天服务(002188.XSHE), 占比 10.92%, 涨跌幅: 0.00% (0.00), 数量: 2700, 市值: 12528.00元
GGG持仓: 准油股份(002207.XSHE), 占比 11.26%, 涨跌幅: 0.00% (0.00), 数量: 2400, 市值: 12912.00元
GGG持仓: ST瑞和(002620.XSHE), 占比 11.33%, 涨跌幅: 0.00% (0.00), 数量: 3600, 市值: 12996.00元
GGG持仓: 扬子新材(002652.XSHE), 占比 11.13%, 涨跌幅: 0.00% (0.00), 数量: 4300, 市值: 12771.00元
GGG持仓: 麦趣尔(002719.XSHE), 占比 10.12%, 涨跌幅: 0.00% (0.00), 数量: 1500, 市值: 11610.00元
GGG持仓: *ST建艺(002789.XSHE), 占比 11.51%, 涨跌幅: 0.00% (0.00), 数量: 1700, 市值: 13209.00元
GGG持仓: 帝欧水华(002798.XSHE), 占比 10.88%, 涨跌幅: 0.00% (0.00), 数量: 3200, 市值: 12480.00元
GGG持仓: *ST高斯(002848.XSHE), 占比 11.30%, 涨跌幅: 0.00% (0.00), 数量: 1800, 市值: 12960.00元
GGG持仓: 美芝股份(002856.XSHE), 占比 10.98%, 涨跌幅: 0.00% (0.00), 数量: 1400, 市值: 12600.00元
GGG*******************总资产 114716.34  剩余可用金额 650.34元*******************
20250224 中小综指共有 991只股票
过滤ST/*ST股票后，剩余 933 只
去除科创版，北交所等，共有 933 只股票
涨停 002058.XSHE *ST威尔
涨停 002097.XSHE 山河智能
跌停 002290.XSHE 禾盛新材
涨停 002298.XSHE 中电鑫龙
涨停 002369.XSHE 卓翼科技
涨停 002501.XSHE 利源股份
涨停 002580.XSHE 圣阳股份
涨停 002910.XSHE 庄园牧场
过滤停牌，涨跌停股票后，剩余 914 只
market
get_small_cap_stocks   2025-02-24 15:00:00    head 9
    第 1名: *ST高斯(002848.XSHE), 流通市值: 11.45 亿元  <== 选中
    第 2名: 美芝股份(002856.XSHE), 流通市值: 12.18 亿元  <== 选中
    第 3名: *ST建艺(002789.XSHE), 流通市值: 12.28 亿元  <== 选中
    第 4名: ST瑞和(002620.XSHE), 流通市值: 13.25 亿元  <== 选中
    第 5名: 麦趣尔(002719.XSHE), 流通市值: 13.34 亿元  <== 选中
    第 6名: 准油股份(002207.XSHE), 流通市值: 13.99 亿元  <== 选中
    第 7名: 中天服务(002188.XSHE), 流通市值: 15.24 亿元  <== 选中
    第 8名: *ST和科(002816.XSHE), 流通市值: 15.29 亿元  <== 选中
    第 9名: 扬子新材(002652.XSHE), 流通市值: 15.31 亿元  <== 选中
    第10名: 帝欧水华(002798.XSHE), 流通市值: 15.45 亿元
GGG当前持股 9只
GGG中天服务
GGG准油股份
GGGST瑞和
GGG扬子新材
GGG麦趣尔
GGG*ST建艺
GGG帝欧水华
GGG*ST高斯
GGG美芝股份
GGG需要买入股票 1只
GGG需要卖出股票 1只
GGG待买入  *ST和科
GGG待卖出: 帝欧水华
GGG今日(2025-02-25 10:00:00)为卖出时间，执行卖出操作
GGG------------------------------------------
GGG>>>>>>>>>>>>
GGG卖出:  帝欧水华
大盘降幅-0.02%
GGG今日(2025-02-25 10:10:00)为买入时间，执行买入操作
GGG+++++++++++++++++++++++++++++++++++++++++
GGG需要买入股票 1只
*ST和科
 期望持仓: *ST高斯(002848.XSHE), 占比 11.11%
 期望持仓: 美芝股份(002856.XSHE), 占比 11.11%
 期望持仓: *ST建艺(002789.XSHE), 占比 11.11%
 期望持仓: ST瑞和(002620.XSHE), 占比 11.11%
 期望持仓: 麦趣尔(002719.XSHE), 占比 11.11%
 期望持仓: 准油股份(002207.XSHE), 占比 11.11%
 期望持仓: 中天服务(002188.XSHE), 占比 11.11%
 期望持仓: *ST和科(002816.XSHE), 占比 11.11%
 期望持仓: 扬子新材(002652.XSHE), 占比 11.11%
预计买入*ST和科(002816.XSHE)  800 股 * 15.02,总计 12016.00
预计持仓 114202.0 剩余金额 1107.99
 预估持仓: *ST建艺(002789.XSHE), 占比 11.53% 单价 7.82
 预估持仓: ST瑞和(002620.XSHE), 占比 11.33% 单价 3.63
 预估持仓: 美芝股份(002856.XSHE), 占比 10.99% 单价 9.05
 预估持仓: 麦趣尔(002719.XSHE), 占比 10.19% 单价 7.83
 预估持仓: 准油股份(002207.XSHE), 占比 11.24% 单价 5.4
 预估持仓: *ST高斯(002848.XSHE), 占比 11.16% 单价 7.15
 预估持仓: 扬子新材(002652.XSHE), 占比 11.22% 单价 3.01
 预估持仓: 中天服务(002188.XSHE), 占比 10.96% 单价 4.68
 预估持仓: *ST和科(002816.XSHE), 占比 10.42% 单价 15.02
调整*ST和科买入数量，期望买入12812.22,当前12016.0,相差796.22
单价15.02，新市值12016.00，差值796.22
单价15.02，新市值13518.00，差值-705.78
单价15.02，新市值15020.00，差值-2207.78
调整买入数量，追加1手,仓位占比调整为11.72%
====调整每股额度====
当前可用资金  13123.994500000003 
持仓市值  102186.0 
总资产:  115309.99449999999 
每股额度  13123.994500000003
委托买入: *ST和科, 002816.XSHE 
目标价值:13518.00
预计买入900股，每股15.02元，合计:13518.00
******************当日(2025-02-25 10:10:00)持仓市值: 114202.00元*******************
GGG持仓: 中天服务(002188.XSHE), 占比 10.96%, 涨跌幅: 0.00% (0.00), 数量: 2700, 市值: 12636.00元
GGG持仓: 准油股份(002207.XSHE), 占比 11.24%, 涨跌幅: 0.00% (0.00), 数量: 2400, 市值: 12960.00元
GGG持仓: ST瑞和(002620.XSHE), 占比 11.33%, 涨跌幅: 0.00% (0.00), 数量: 3600, 市值: 13068.00元
GGG持仓: 扬子新材(002652.XSHE), 占比 11.23%, 涨跌幅: 0.00% (0.00), 数量: 4300, 市值: 12943.00元
GGG持仓: 麦趣尔(002719.XSHE), 占比 10.19%, 涨跌幅: 0.00% (0.00), 数量: 1500, 市值: 11745.00元
GGG持仓: *ST建艺(002789.XSHE), 占比 11.53%, 涨跌幅: 0.00% (0.00), 数量: 1700, 市值: 13294.00元
GGG持仓: *ST和科(002816.XSHE), 占比 10.42%, 涨跌幅: 0.00% (0.00), 数量: 800, 市值: 12016.00元
GGG持仓: *ST高斯(002848.XSHE), 占比 11.16%, 涨跌幅: 0.00% (0.00), 数量: 1800, 市值: 12870.00元
GGG持仓: 美芝股份(002856.XSHE), 占比 10.99%, 涨跌幅: 0.00% (0.00), 数量: 1400, 市值: 12670.00元
GGG*******************总资产 115304.97  剩余可用金额 1102.97元*******************
GGG*******************当日2025-02-25 15:00:00(周2)持仓市值: 112964.00元*******************
GGG持仓: 中天服务(002188.XSHE), 占比 10.98%, 涨跌幅: 0.00% (0.00), 数量: 2700, 市值: 12528.00元
GGG持仓: 准油股份(002207.XSHE), 占比 11.13%, 涨跌幅: 0.00% (0.00), 数量: 2400, 市值: 12696.00元
GGG持仓: ST瑞和(002620.XSHE), 占比 11.24%, 涨跌幅: 0.00% (0.00), 数量: 3600, 市值: 12816.00元
GGG持仓: 扬子新材(002652.XSHE), 占比 11.23%, 涨跌幅: 0.00% (0.00), 数量: 4300, 市值: 12814.00元
GGG持仓: 麦趣尔(002719.XSHE), 占比 10.24%, 涨跌幅: 0.00% (0.00), 数量: 1500, 市值: 11685.00元
GGG持仓: *ST建艺(002789.XSHE), 占比 11.73%, 涨跌幅: 0.00% (0.00), 数量: 1700, 市值: 13379.00元
GGG持仓: *ST和科(002816.XSHE), 占比 10.40%, 涨跌幅: 0.00% (0.00), 数量: 800, 市值: 11864.00元
GGG持仓: *ST高斯(002848.XSHE), 占比 11.14%, 涨跌幅: 0.00% (0.00), 数量: 1800, 市值: 12708.00元
GGG持仓: 美芝股份(002856.XSHE), 占比 10.94%, 涨跌幅: 0.00% (0.00), 数量: 1400, 市值: 12474.00元
GGG*******************总资产 114066.97  剩余可用金额 1102.97元*******************
GGG========== 执行周度调仓，日期：2025-02-26 ==========
******************当日(2025-02-26 10:00:00)持仓市值: 113567.00元*******************
GGG持仓: 中天服务(002188.XSHE), 占比 11.16%, 涨跌幅: 0.00% (0.00), 数量: 2700, 市值: 12798.00元
GGG持仓: 准油股份(002207.XSHE), 占比 11.11%, 涨跌幅: 0.00% (0.00), 数量: 2400, 市值: 12744.00元
GGG持仓: ST瑞和(002620.XSHE), 占比 11.43%, 涨跌幅: 0.00% (0.00), 数量: 3600, 市值: 13104.00元
GGG持仓: 扬子新材(002652.XSHE), 占比 11.21%, 涨跌幅: 0.00% (0.00), 数量: 4300, 市值: 12857.00元
GGG持仓: 麦趣尔(002719.XSHE), 占比 10.33%, 涨跌幅: 0.00% (0.00), 数量: 1500, 市值: 11850.00元
GGG持仓: *ST建艺(002789.XSHE), 占比 11.65%, 涨跌幅: 0.00% (0.00), 数量: 1700, 市值: 13362.00元
GGG持仓: *ST和科(002816.XSHE), 占比 10.35%, 涨跌幅: 0.00% (0.00), 数量: 800, 市值: 11872.00元
GGG持仓: *ST高斯(002848.XSHE), 占比 10.89%, 涨跌幅: 0.00% (0.00), 数量: 1800, 市值: 12492.00元
GGG持仓: 美芝股份(002856.XSHE), 占比 10.89%, 涨跌幅: 0.00% (0.00), 数量: 1400, 市值: 12488.00元
GGG*******************总资产 114669.97  剩余可用金额 1102.97元*******************
20250225 中小综指共有 991只股票
过滤ST/*ST股票后，剩余 933 只
去除科创版，北交所等，共有 933 只股票
涨停 002067.XSHE 景兴纸业
涨停 002126.XSHE 银轮股份
涨停 002209.XSHE 达 意 隆
涨停 002434.XSHE 万里扬
涨停 002479.XSHE 富春环保
涨停 002501.XSHE 利源股份
涨停 002580.XSHE 圣阳股份
涨停 002664.XSHE 信质集团
涨停 002677.XSHE 浙江美大
涨停 002689.XSHE ST远智
涨停 002910.XSHE 庄园牧场
涨停 002921.XSHE 联诚精密
过滤停牌，涨跌停股票后，剩余 910 只
market
get_small_cap_stocks   2025-02-25 15:00:00    head 9
    第 1名: *ST高斯(002848.XSHE), 流通市值: 11.8 亿元  <== 选中
    第 2名: 美芝股份(002856.XSHE), 流通市值: 12.06 亿元  <== 选中
    第 3名: *ST建艺(002789.XSHE), 流通市值: 12.56 亿元  <== 选中
    第 4名: ST瑞和(002620.XSHE), 流通市值: 13.44 亿元  <== 选中
    第 5名: 麦趣尔(002719.XSHE), 流通市值: 13.57 亿元  <== 选中
    第 6名: 准油股份(002207.XSHE), 流通市值: 13.86 亿元  <== 选中
    第 7名: *ST和科(002816.XSHE), 流通市值: 14.83 亿元  <== 选中
    第 8名: 中天服务(002188.XSHE), 流通市值: 15.18 亿元  <== 选中
    第 9名: 帝欧水华(002798.XSHE), 流通市值: 15.26 亿元  <== 选中
    第10名: 扬子新材(002652.XSHE), 流通市值: 15.26 亿元
GGG当前持股 9只
GGG中天服务
GGG准油股份
GGGST瑞和
GGG扬子新材
GGG麦趣尔
GGG*ST建艺
GGG*ST和科
GGG*ST高斯
GGG美芝股份
GGG需要买入股票 1只
GGG需要卖出股票 1只
GGG待买入  帝欧水华
GGG待卖出: 扬子新材
GGG今日(2025-02-26 10:00:00)为卖出时间，执行卖出操作
GGG------------------------------------------
GGG>>>>>>>>>>>>
GGG卖出:  扬子新材
大盘降幅0.35%
GGG今日(2025-02-26 10:10:00)为买入时间，执行买入操作
GGG+++++++++++++++++++++++++++++++++++++++++
GGG需要买入股票 1只
帝欧水华
 期望持仓: *ST高斯(002848.XSHE), 占比 11.11%
 期望持仓: 美芝股份(002856.XSHE), 占比 11.11%
 期望持仓: *ST建艺(002789.XSHE), 占比 11.11%
 期望持仓: ST瑞和(002620.XSHE), 占比 11.11%
 期望持仓: 麦趣尔(002719.XSHE), 占比 11.11%
 期望持仓: 准油股份(002207.XSHE), 占比 11.11%
 期望持仓: *ST和科(002816.XSHE), 占比 11.11%
 期望持仓: 中天服务(002188.XSHE), 占比 11.11%
 期望持仓: 帝欧水华(002798.XSHE), 占比 11.11%
预计买入帝欧水华(002798.XSHE)  3200 股 * 3.93,总计 12576.00
预计持仓 112969.0 剩余金额 1377.56
 预估持仓: 中天服务(002188.XSHE), 占比 11.12% 单价 4.71
 预估持仓: 准油股份(002207.XSHE), 占比 11.17% 单价 5.32
 预估持仓: ST瑞和(002620.XSHE), 占比 11.46% 单价 3.64
 预估持仓: 麦趣尔(002719.XSHE), 占比 10.36% 单价 7.9
 预估持仓: *ST建艺(002789.XSHE), 占比 11.60% 单价 7.8
 预估持仓: *ST和科(002816.XSHE), 占比 10.32% 单价 14.75
 预估持仓: *ST高斯(002848.XSHE), 占比 10.86% 单价 6.9
 预估持仓: 美芝股份(002856.XSHE), 占比 10.91% 单价 8.91
 预估持仓: 帝欧水华(002798.XSHE), 占比 11.00% 单价 3.93
调整帝欧水华买入数量，期望买入12705.17,当前12576.0,相差129.17
单价3.93，新市值12576.00，差值129.17
单价3.93，新市值12969.00，差值-263.83
====调整每股额度====
当前可用资金  13953.555800000004 
持仓市值  100393.0 
总资产:  114346.55579999999 
每股额度  13953.555800000004
委托买入: 帝欧水华, 002798.XSHE 
目标价值:12705.17
预计买入3200股，每股3.93元，合计:12576.00
******************当日(2025-02-26 10:10:00)持仓市值: 112969.00元*******************
GGG持仓: 中天服务(002188.XSHE), 占比 11.12%, 涨跌幅: 0.00% (0.00), 数量: 2700, 市值: 12717.00元
GGG持仓: 准油股份(002207.XSHE), 占比 11.17%, 涨跌幅: 0.00% (0.00), 数量: 2400, 市值: 12768.00元
GGG持仓: ST瑞和(002620.XSHE), 占比 11.46%, 涨跌幅: 0.00% (0.00), 数量: 3600, 市值: 13104.00元
GGG持仓: 麦趣尔(002719.XSHE), 占比 10.36%, 涨跌幅: 0.00% (0.00), 数量: 1500, 市值: 11850.00元
GGG持仓: *ST建艺(002789.XSHE), 占比 11.60%, 涨跌幅: 0.00% (0.00), 数量: 1700, 市值: 13260.00元
GGG持仓: 帝欧水华(002798.XSHE), 占比 11.00%, 涨跌幅: 0.00% (0.00), 数量: 3200, 市值: 12576.00元
GGG持仓: *ST和科(002816.XSHE), 占比 10.32%, 涨跌幅: 0.00% (0.00), 数量: 800, 市值: 11800.00元
GGG持仓: *ST高斯(002848.XSHE), 占比 10.86%, 涨跌幅: 0.00% (0.00), 数量: 1800, 市值: 12420.00元
GGG持仓: 美芝股份(002856.XSHE), 占比 10.91%, 涨跌幅: 0.00% (0.00), 数量: 1400, 市值: 12474.00元
GGG*******************总资产 114341.46  剩余可用金额 1372.46元*******************
GGG*******************当日2025-02-26 15:00:00(周3)持仓市值: 114024.00元*******************
GGG持仓: 中天服务(002188.XSHE), 占比 11.14%, 涨跌幅: 0.00% (0.00), 数量: 2700, 市值: 12852.00元
GGG持仓: 准油股份(002207.XSHE), 占比 11.13%, 涨跌幅: 0.00% (0.00), 数量: 2400, 市值: 12840.00元
GGG持仓: ST瑞和(002620.XSHE), 占比 11.57%, 涨跌幅: 0.00% (0.00), 数量: 3600, 市值: 13356.00元
GGG持仓: 麦趣尔(002719.XSHE), 占比 10.31%, 涨跌幅: 0.00% (0.00), 数量: 1500, 市值: 11895.00元
GGG持仓: *ST建艺(002789.XSHE), 占比 11.65%, 涨跌幅: 0.00% (0.00), 数量: 1700, 市值: 13447.00元
GGG持仓: 帝欧水华(002798.XSHE), 占比 10.98%, 涨跌幅: 0.00% (0.00), 数量: 3200, 市值: 12672.00元
GGG持仓: *ST和科(002816.XSHE), 占比 10.32%, 涨跌幅: 0.00% (0.00), 数量: 800, 市值: 11904.00元
GGG持仓: *ST高斯(002848.XSHE), 占比 10.86%, 涨跌幅: 0.00% (0.00), 数量: 1800, 市值: 12528.00元
GGG持仓: 美芝股份(002856.XSHE), 占比 10.86%, 涨跌幅: 0.00% (0.00), 数量: 1400, 市值: 12530.00元
GGG*******************总资产 115396.46  剩余可用金额 1372.46元*******************
GGG========== 执行周度调仓，日期：2025-02-27 ==========
******************当日(2025-02-27 10:00:00)持仓市值: 114532.00元*******************
GGG持仓: 中天服务(002188.XSHE), 占比 11.32%, 涨跌幅: 0.00% (0.00), 数量: 2700, 市值: 13122.00元
GGG持仓: 准油股份(002207.XSHE), 占比 11.00%, 涨跌幅: 0.00% (0.00), 数量: 2400, 市值: 12744.00元
GGG持仓: ST瑞和(002620.XSHE), 占比 11.52%, 涨跌幅: 0.00% (0.00), 数量: 3600, 市值: 13356.00元
GGG持仓: 麦趣尔(002719.XSHE), 占比 10.48%, 涨跌幅: 0.00% (0.00), 数量: 1500, 市值: 12150.00元
GGG持仓: *ST建艺(002789.XSHE), 占比 11.70%, 涨跌幅: 0.00% (0.00), 数量: 1700, 市值: 13566.00元
GGG持仓: 帝欧水华(002798.XSHE), 占比 11.02%, 涨跌幅: 0.00% (0.00), 数量: 3200, 市值: 12768.00元
GGG持仓: *ST和科(002816.XSHE), 占比 10.24%, 涨跌幅: 0.00% (0.00), 数量: 800, 市值: 11872.00元
GGG持仓: *ST高斯(002848.XSHE), 占比 10.62%, 涨跌幅: 0.00% (0.00), 数量: 1800, 市值: 12312.00元
GGG持仓: 美芝股份(002856.XSHE), 占比 10.91%, 涨跌幅: 0.00% (0.00), 数量: 1400, 市值: 12642.00元
GGG*******************总资产 115904.46  剩余可用金额 1372.46元*******************
20250226 中小综指共有 991只股票
过滤ST/*ST股票后，剩余 933 只
去除科创版，北交所等，共有 933 只股票
涨停 002163.XSHE 海南发展
涨停 002306.XSHE *ST云网
涨停 002406.XSHE 远东传动
涨停 002575.XSHE 群兴玩具
涨停 002580.XSHE 圣阳股份
涨停 002582.XSHE 好想你
涨停 002596.XSHE 海南瑞泽
涨停 002611.XSHE 东方精工
涨停 002660.XSHE 茂硕电源
涨停 002741.XSHE 光华科技
涨停 002910.XSHE 庄园牧场
过滤停牌，涨跌停股票后，剩余 911 只
market
get_small_cap_stocks   2025-02-26 15:00:00    head 9
    第 1名: *ST高斯(002848.XSHE), 流通市值: 11.63 亿元  <== 选中
    第 2名: 美芝股份(002856.XSHE), 流通市值: 12.11 亿元  <== 选中
    第 3名: *ST建艺(002789.XSHE), 流通市值: 12.63 亿元  <== 选中
    第 4名: 麦趣尔(002719.XSHE), 流通市值: 13.81 亿元  <== 选中
    第 5名: ST瑞和(002620.XSHE), 流通市值: 14.01 亿元  <== 选中
    第 6名: 准油股份(002207.XSHE), 流通市值: 14.02 亿元  <== 选中
    第 7名: *ST和科(002816.XSHE), 流通市值: 14.88 亿元  <== 选中
    第 8名: 扬子新材(002652.XSHE), 流通市值: 15.31 亿元  <== 选中
    第 9名: 中天服务(002188.XSHE), 流通市值: 15.57 亿元  <== 选中
    第10名: 帝欧水华(002798.XSHE), 流通市值: 15.61 亿元
GGG当前持股 9只
GGG中天服务
GGG准油股份
GGGST瑞和
GGG麦趣尔
GGG*ST建艺
GGG帝欧水华
GGG*ST和科
GGG*ST高斯
GGG美芝股份
GGG需要买入股票 1只
GGG需要卖出股票 1只
GGG待买入  扬子新材
GGG待卖出: 帝欧水华
GGG今日(2025-02-27 10:00:00)为卖出时间，执行卖出操作
GGG------------------------------------------
GGG>>>>>>>>>>>>
GGG卖出:  帝欧水华
大盘降幅0.80%
GGG今日(2025-02-27 10:10:00)为买入时间，执行买入操作
GGG+++++++++++++++++++++++++++++++++++++++++
GGG需要买入股票 1只
扬子新材
 期望持仓: *ST高斯(002848.XSHE), 占比 11.11%
 期望持仓: 美芝股份(002856.XSHE), 占比 11.11%
 期望持仓: *ST建艺(002789.XSHE), 占比 11.11%
 期望持仓: 麦趣尔(002719.XSHE), 占比 11.11%
 期望持仓: ST瑞和(002620.XSHE), 占比 11.11%
 期望持仓: 准油股份(002207.XSHE), 占比 11.11%
 期望持仓: *ST和科(002816.XSHE), 占比 11.11%
 期望持仓: 扬子新材(002652.XSHE), 占比 11.11%
 期望持仓: 中天服务(002188.XSHE), 占比 11.11%
预计买入扬子新材(002652.XSHE)  4200 股 * 3.00,总计 12600.00
预计持仓 114089.0 剩余金额 1534.09
 预估持仓: 中天服务(002188.XSHE), 占比 11.30% 单价 4.84
 预估持仓: 准油股份(002207.XSHE), 占比 11.04% 单价 5.32
 预估持仓: ST瑞和(002620.XSHE), 占比 11.49% 单价 3.69
 预估持仓: 麦趣尔(002719.XSHE), 占比 10.51% 单价 8.1
 预估持仓: *ST建艺(002789.XSHE), 占比 11.66% 单价 7.93
 预估持仓: *ST和科(002816.XSHE), 占比 10.25% 单价 14.81
 预估持仓: *ST高斯(002848.XSHE), 占比 10.62% 单价 6.82
 预估持仓: 美芝股份(002856.XSHE), 占比 10.91% 单价 9.01
 预估持仓: 扬子新材(002652.XSHE), 占比 10.90% 单价 3.0
调整扬子新材买入数量，期望买入12847.01,当前12600.0,相差247.01
单价3.0，新市值12600.00，差值247.01
单价3.0，新市值12900.00，差值-52.99
单价3.0，新市值13200.00，差值-352.99
调整买入数量，追加1手,仓位占比调整为11.16%
====调整每股额度====
当前可用资金  14134.087000000005 
持仓市值  101489.0 
总资产:  115623.08699999998 
每股额度  14134.087000000005
委托买入: 扬子新材, 002652.XSHE 
目标价值:12900.00
预计买入4300股，每股3.0元，合计:12900.00
******************当日(2025-02-27 10:10:00)持仓市值: 114389.00元*******************
GGG持仓: 中天服务(002188.XSHE), 占比 11.30%, 涨跌幅: 0.00% (0.00), 数量: 2700, 市值: 13068.00元
GGG持仓: 准油股份(002207.XSHE), 占比 11.04%, 涨跌幅: 0.00% (0.00), 数量: 2400, 市值: 12768.00元
GGG持仓: ST瑞和(002620.XSHE), 占比 11.49%, 涨跌幅: 0.00% (0.00), 数量: 3600, 市值: 13284.00元
GGG持仓: 扬子新材(002652.XSHE), 占比 11.16%, 涨跌幅: 0.00% (0.00), 数量: 4300, 市值: 12900.00元
GGG持仓: 麦趣尔(002719.XSHE), 占比 10.51%, 涨跌幅: 0.00% (0.00), 数量: 1500, 市值: 12150.00元
GGG持仓: *ST建艺(002789.XSHE), 占比 11.66%, 涨跌幅: 0.00% (0.00), 数量: 1700, 市值: 13481.00元
GGG持仓: *ST和科(002816.XSHE), 占比 10.25%, 涨跌幅: 0.00% (0.00), 数量: 800, 市值: 11848.00元
GGG持仓: *ST高斯(002848.XSHE), 占比 10.62%, 涨跌幅: 0.00% (0.00), 数量: 1800, 市值: 12276.00元
GGG持仓: 美芝股份(002856.XSHE), 占比 10.91%, 涨跌幅: 0.00% (0.00), 数量: 1400, 市值: 12614.00元
GGG*******************总资产 115617.96  剩余可用金额 1228.96元*******************
GGG*******************当日2025-02-27 15:00:00(周4)持仓市值: 113835.00元*******************
GGG持仓: 中天服务(002188.XSHE), 占比 11.17%, 涨跌幅: 0.00% (0.00), 数量: 2700, 市值: 12852.00元
GGG持仓: 准油股份(002207.XSHE), 占比 11.03%, 涨跌幅: 0.00% (0.00), 数量: 2400, 市值: 12696.00元
GGG持仓: ST瑞和(002620.XSHE), 占比 11.54%, 涨跌幅: 0.00% (0.00), 数量: 3600, 市值: 13284.00元
GGG持仓: 扬子新材(002652.XSHE), 占比 11.14%, 涨跌幅: 0.00% (0.00), 数量: 4300, 市值: 12814.00元
GGG持仓: 麦趣尔(002719.XSHE), 占比 10.61%, 涨跌幅: 0.00% (0.00), 数量: 1500, 市值: 12210.00元
GGG持仓: *ST建艺(002789.XSHE), 占比 11.51%, 涨跌幅: 0.00% (0.00), 数量: 1700, 市值: 13243.00元
GGG持仓: *ST和科(002816.XSHE), 占比 10.43%, 涨跌幅: 0.00% (0.00), 数量: 800, 市值: 12000.00元
GGG持仓: *ST高斯(002848.XSHE), 占比 10.67%, 涨跌幅: 0.00% (0.00), 数量: 1800, 市值: 12276.00元
GGG持仓: 美芝股份(002856.XSHE), 占比 10.83%, 涨跌幅: 0.00% (0.00), 数量: 1400, 市值: 12460.00元
GGG*******************总资产 115063.96  剩余可用金额 1228.96元*******************
GGG========== 执行周度调仓，日期：2025-02-28 ==========
******************当日(2025-02-28 10:00:00)持仓市值: 113554.00元*******************
GGG持仓: 中天服务(002188.XSHE), 占比 11.08%, 涨跌幅: 0.00% (0.00), 数量: 2700, 市值: 12717.00元
GGG持仓: 准油股份(002207.XSHE), 占比 12.17%, 涨跌幅: 0.00% (0.00), 数量: 2400, 市值: 13968.00元
GGG持仓: ST瑞和(002620.XSHE), 占比 11.54%, 涨跌幅: 0.00% (0.00), 数量: 3600, 市值: 13248.00元
GGG持仓: 扬子新材(002652.XSHE), 占比 10.98%, 涨跌幅: 0.00% (0.00), 数量: 4300, 市值: 12599.00元
GGG持仓: 麦趣尔(002719.XSHE), 占比 10.49%, 涨跌幅: 0.00% (0.00), 数量: 1500, 市值: 12045.00元
GGG持仓: *ST建艺(002789.XSHE), 占比 11.36%, 涨跌幅: 0.00% (0.00), 数量: 1700, 市值: 13039.00元
GGG持仓: *ST和科(002816.XSHE), 占比 10.09%, 涨跌幅: 0.00% (0.00), 数量: 800, 市值: 11584.00元
GGG持仓: *ST高斯(002848.XSHE), 占比 10.46%, 涨跌幅: 0.00% (0.00), 数量: 1800, 市值: 12006.00元
GGG持仓: 美芝股份(002856.XSHE), 占比 10.76%, 涨跌幅: 0.00% (0.00), 数量: 1400, 市值: 12348.00元
GGG*******************总资产 114782.96  剩余可用金额 1228.96元*******************
20250227 中小综指共有 991只股票
过滤ST/*ST股票后，剩余 933 只
去除科创版，北交所等，共有 933 只股票
涨停 002140.XSHE 东华科技
涨停 002167.XSHE 东方锆业
涨停 002178.XSHE 延华智能
涨停 002276.XSHE 万马股份
涨停 002358.XSHE 森源电气
涨停 002575.XSHE 群兴玩具
涨停 002582.XSHE 好想你
涨停 002616.XSHE 长青集团
跌停 002896.XSHE 中大力德
跌停 003021.XSHE 兆威机电
过滤停牌，涨跌停股票后，剩余 912 只
market
未选到符合条件的股票，本日不调仓
大盘降幅-0.54%


GGG*******************当日2025-02-28 15:00:00(周5)持仓市值: 112802.00元*******************
GGG持仓: 中天服务(002188.XSHE), 占比 10.99%, 涨跌幅: 0.00% (0.00), 数量: 2700, 市值: 12528.00元
GGG持仓: 准油股份(002207.XSHE), 占比 12.25%, 涨跌幅: 0.00% (0.00), 数量: 2400, 市值: 13968.00元
GGG持仓: ST瑞和(002620.XSHE), 占比 11.37%, 涨跌幅: 0.00% (0.00), 数量: 3600, 市值: 12960.00元
GGG持仓: 扬子新材(002652.XSHE), 占比 10.82%, 涨跌幅: 0.00% (0.00), 数量: 4300, 市值: 12341.00元
GGG持仓: 麦趣尔(002719.XSHE), 占比 10.29%, 涨跌幅: 0.00% (0.00), 数量: 1500, 市值: 11730.00元
GGG持仓: *ST建艺(002789.XSHE), 占比 11.40%, 涨跌幅: 0.00% (0.00), 数量: 1700, 市值: 13005.00元
GGG持仓: *ST和科(002816.XSHE), 占比 10.05%, 涨跌幅: 0.00% (0.00), 数量: 800, 市值: 11456.00元
GGG持仓: *ST高斯(002848.XSHE), 占比 11.02%, 涨跌幅: 0.00% (0.00), 数量: 1800, 市值: 12564.00元
GGG持仓: 美芝股份(002856.XSHE), 占比 10.74%, 涨跌幅: 0.00% (0.00), 数量: 1400, 市值: 12250.00元
GGG*******************总资产 114030.96  剩余可用金额 1228.96元*******************
GGG========== 执行周度调仓，日期：2025-03-03 ==========
******************当日(2025-03-03 10:00:00)持仓市值: 114513.00元*******************
GGG持仓: 中天服务(002188.XSHE), 占比 11.43%, 涨跌幅: 0.00% (0.00), 数量: 2700, 市值: 13230.00元
GGG持仓: 准油股份(002207.XSHE), 占比 11.61%, 涨跌幅: 0.00% (0.00), 数量: 2400, 市值: 13440.00元
GGG持仓: ST瑞和(002620.XSHE), 占比 11.38%, 涨跌幅: 0.00% (0.00), 数量: 3600, 市值: 13176.00元
GGG持仓: 扬子新材(002652.XSHE), 占比 10.96%, 涨跌幅: 0.00% (0.00), 数量: 4300, 市值: 12685.00元
GGG持仓: 麦趣尔(002719.XSHE), 占比 10.20%, 涨跌幅: 0.00% (0.00), 数量: 1500, 市值: 11805.00元
GGG持仓: *ST建艺(002789.XSHE), 占比 11.44%, 涨跌幅: 0.00% (0.00), 数量: 1700, 市值: 13243.00元
GGG持仓: *ST和科(002816.XSHE), 占比 9.97%, 涨跌幅: 0.00% (0.00), 数量: 800, 市值: 11536.00元
GGG持仓: *ST高斯(002848.XSHE), 占比 11.17%, 涨跌幅: 0.00% (0.00), 数量: 1800, 市值: 12924.00元
GGG持仓: 美芝股份(002856.XSHE), 占比 10.78%, 涨跌幅: 0.00% (0.00), 数量: 1400, 市值: 12474.00元
GGG*******************总资产 115741.96  剩余可用金额 1228.96元*******************
20250302 中小综指共有 991只股票
过滤ST/*ST股票后，剩余 933 只
去除科创版，北交所等，共有 933 只股票
涨停 002037.XSHE 保利联合
涨停 002167.XSHE 东方锆业
涨停 002227.XSHE 奥 特 迅
涨停 002326.XSHE 永太科技
跌停 002527.XSHE 新时达
涨停 002575.XSHE 群兴玩具
涨停 002581.XSHE ST未名
跌停 002896.XSHE 中大力德
跌停 002910.XSHE 庄园牧场
涨停 002917.XSHE 金奥博
涨停 003010.XSHE 若羽臣
过滤停牌，涨跌停股票后，剩余 911 只
market
get_small_cap_stocks   2025-03-02 15:00:00    head 9
    第 1名: *ST高斯(002848.XSHE), 流通市值: 11.67 亿元  <== 选中
    第 2名: 美芝股份(002856.XSHE), 流通市值: 11.84 亿元  <== 选中
    第 3名: *ST建艺(002789.XSHE), 流通市值: 12.21 亿元  <== 选中
    第 4名: ST瑞和(002620.XSHE), 流通市值: 13.59 亿元  <== 选中
    第 5名: 麦趣尔(002719.XSHE), 流通市值: 13.62 亿元  <== 选中
    第 6名: *ST和科(002816.XSHE), 流通市值: 14.32 亿元  <== 选中
    第 7名: 扬子新材(002652.XSHE), 流通市值: 14.7 亿元  <== 选中
    第 8名: 中天服务(002188.XSHE), 流通市值: 15.18 亿元  <== 选中
    第 9名: 海象新材(003011.XSHE), 流通市值: 15.19 亿元  <== 选中
    第10名: 帝欧水华(002798.XSHE), 流通市值: 15.22 亿元
GGG当前持股 9只
GGG中天服务
GGG准油股份
GGGST瑞和
GGG扬子新材
GGG麦趣尔
GGG*ST建艺
GGG*ST和科
GGG*ST高斯
GGG美芝股份
GGG需要买入股票 1只
GGG需要卖出股票 1只
GGG待买入  海象新材
GGG待卖出: 准油股份
GGG今日(2025-03-03 10:00:00)为卖出时间，执行卖出操作
GGG------------------------------------------
GGG>>>>>>>>>>>>
GGG卖出:  准油股份
大盘降幅-2.46%
GGG今日(2025-03-03 10:10:00)为买入时间，执行买入操作
GGG+++++++++++++++++++++++++++++++++++++++++
GGG需要买入股票 1只
海象新材
 期望持仓: *ST高斯(002848.XSHE), 占比 11.11%
 期望持仓: 美芝股份(002856.XSHE), 占比 11.11%
 期望持仓: *ST建艺(002789.XSHE), 占比 11.11%
 期望持仓: ST瑞和(002620.XSHE), 占比 11.11%
 期望持仓: 麦趣尔(002719.XSHE), 占比 11.11%
 期望持仓: *ST和科(002816.XSHE), 占比 11.11%
 期望持仓: 扬子新材(002652.XSHE), 占比 11.11%
 期望持仓: 中天服务(002188.XSHE), 占比 11.11%
 期望持仓: 海象新材(003011.XSHE), 占比 11.11%
预计买入海象新材(003011.XSHE)  800 股 * 15.06,总计 12048.00
预计持仓 113329.0 剩余金额 2614.54
 预估持仓: 中天服务(002188.XSHE), 占比 11.29% 单价 4.85
 预估持仓: ST瑞和(002620.XSHE), 占比 11.36% 单价 3.66
 预估持仓: 扬子新材(002652.XSHE), 占比 10.98% 单价 2.96
 预估持仓: 麦趣尔(002719.XSHE), 占比 10.19% 单价 7.88
 预估持仓: *ST建艺(002789.XSHE), 占比 11.44% 单价 7.8
 预估持仓: *ST和科(002816.XSHE), 占比 10.07% 单价 14.6
 预估持仓: *ST高斯(002848.XSHE), 占比 11.19% 单价 7.21
 预估持仓: 美芝股份(002856.XSHE), 占比 10.82% 单价 8.96
 预估持仓: 海象新材(003011.XSHE), 占比 10.39% 单价 15.06
调整海象新材买入数量，期望买入12882.62,当前12048.0,相差834.62
单价15.06，新市值12048.00，差值834.62
单价15.06，新市值13554.00，差值-671.38
单价15.06，新市值15060.00，差值-2177.38
调整买入数量，追加1手,仓位占比调整为11.69%
====调整每股额度====
当前可用资金  14662.542000000005 
持仓市值  101281.0 
总资产:  115943.54200000002 
每股额度  14662.542000000005
委托买入: 海象新材, 003011.XSHE 
目标价值:13554.00
预计买入900股，每股15.06元，合计:13554.00
******************当日(2025-03-03 10:10:00)持仓市值: 114295.00元*******************
GGG持仓: 中天服务(002188.XSHE), 占比 11.29%, 涨跌幅: 0.00% (0.00), 数量: 2700, 市值: 13095.00元
GGG持仓: ST瑞和(002620.XSHE), 占比 11.36%, 涨跌幅: 0.00% (0.00), 数量: 3600, 市值: 13176.00元
GGG持仓: 扬子新材(002652.XSHE), 占比 10.98%, 涨跌幅: 0.00% (0.00), 数量: 4300, 市值: 12728.00元
GGG持仓: 麦趣尔(002719.XSHE), 占比 10.20%, 涨跌幅: 0.00% (0.00), 数量: 1500, 市值: 11820.00元
GGG持仓: *ST建艺(002789.XSHE), 占比 11.44%, 涨跌幅: 0.00% (0.00), 数量: 1700, 市值: 13260.00元
GGG持仓: *ST和科(002816.XSHE), 占比 10.07%, 涨跌幅: 0.00% (0.00), 数量: 800, 市值: 11680.00元
GGG持仓: *ST高斯(002848.XSHE), 占比 11.19%, 涨跌幅: 0.00% (0.00), 数量: 1800, 市值: 12978.00元
GGG持仓: 美芝股份(002856.XSHE), 占比 10.82%, 涨跌幅: 0.00% (0.00), 数量: 1400, 市值: 12544.00元
GGG持仓: 海象新材(003011.XSHE), 占比 11.22%, 涨跌幅: 0.00% (0.00), 数量: 900, 市值: 13014.00元
GGG*******************总资产 115938.52  剩余可用金额 1643.52元*******************
GGG*******************当日2025-03-03 15:00:00(周1)持仓市值: 112447.00元*******************
GGG持仓: 中天服务(002188.XSHE), 占比 11.12%, 涨跌幅: 0.00% (0.00), 数量: 2700, 市值: 12690.00元
GGG持仓: ST瑞和(002620.XSHE), 占比 11.36%, 涨跌幅: 0.00% (0.00), 数量: 3600, 市值: 12960.00元
GGG持仓: 扬子新材(002652.XSHE), 占比 11.08%, 涨跌幅: 0.00% (0.00), 数量: 4300, 市值: 12642.00元
GGG持仓: 麦趣尔(002719.XSHE), 占比 10.23%, 涨跌幅: 0.00% (0.00), 数量: 1500, 市值: 11670.00元
GGG持仓: *ST建艺(002789.XSHE), 占比 11.37%, 涨跌幅: 0.00% (0.00), 数量: 1700, 市值: 12971.00元
GGG持仓: *ST和科(002816.XSHE), 占比 10.20%, 涨跌幅: 0.00% (0.00), 数量: 800, 市值: 11632.00元
GGG持仓: *ST高斯(002848.XSHE), 占比 11.15%, 涨跌幅: 0.00% (0.00), 数量: 1800, 市值: 12726.00元
GGG持仓: 美芝股份(002856.XSHE), 占比 10.85%, 涨跌幅: 0.00% (0.00), 数量: 1400, 市值: 12376.00元
GGG持仓: 海象新材(003011.XSHE), 占比 11.20%, 涨跌幅: 0.00% (0.00), 数量: 900, 市值: 12780.00元
GGG*******************总资产 114090.51  剩余可用金额 1643.52元*******************
GGG========== 执行周度调仓，日期：2025-03-04 ==========
******************当日(2025-03-04 10:00:00)持仓市值: 112922.00元*******************
GGG持仓: 中天服务(002188.XSHE), 占比 11.17%, 涨跌幅: 0.00% (0.00), 数量: 2700, 市值: 12798.00元
GGG持仓: ST瑞和(002620.XSHE), 占比 11.47%, 涨跌幅: 0.00% (0.00), 数量: 3600, 市值: 13140.00元
GGG持仓: 扬子新材(002652.XSHE), 占比 11.07%, 涨跌幅: 0.00% (0.00), 数量: 4300, 市值: 12685.00元
GGG持仓: 麦趣尔(002719.XSHE), 占比 10.12%, 涨跌幅: 0.00% (0.00), 数量: 1500, 市值: 11595.00元
GGG持仓: *ST建艺(002789.XSHE), 占比 11.40%, 涨跌幅: 0.00% (0.00), 数量: 1700, 市值: 13056.00元
GGG持仓: *ST和科(002816.XSHE), 占比 10.10%, 涨跌幅: 0.00% (0.00), 数量: 800, 市值: 11568.00元
GGG持仓: *ST高斯(002848.XSHE), 占比 10.90%, 涨跌幅: 0.00% (0.00), 数量: 1800, 市值: 12492.00元
GGG持仓: 美芝股份(002856.XSHE), 占比 10.91%, 涨跌幅: 0.00% (0.00), 数量: 1400, 市值: 12502.00元
GGG持仓: 海象新材(003011.XSHE), 占比 11.42%, 涨跌幅: 0.00% (0.00), 数量: 900, 市值: 13086.00元
GGG*******************总资产 114565.51  剩余可用金额 1643.52元*******************
20250303 中小综指共有 991只股票
过滤ST/*ST股票后，剩余 933 只
去除科创版，北交所等，共有 933 只股票
涨停 002105.XSHE 信隆健康
涨停 002134.XSHE 天津普林
涨停 002164.XSHE 宁波东力
涨停 002227.XSHE 奥 特 迅
涨停 002276.XSHE 万马股份
涨停 002279.XSHE 久其软件
跌停 002298.XSHE 中电鑫龙
涨停 002313.XSHE 日海智能
涨停 002439.XSHE 启明星辰
涨停 002553.XSHE 南方精工
涨停 002575.XSHE 群兴玩具
涨停 002697.XSHE 红旗连锁
涨停 002725.XSHE 跃岭股份
涨停 002786.XSHE 银宝山新
跌停 002910.XSHE 庄园牧场
涨停 002933.XSHE 新兴装备
涨停 002960.XSHE 青鸟消防
涨停 003028.XSHE 振邦智能
涨停 003033.XSHE 征和工业
过滤停牌，涨跌停股票后，剩余 904 只
market
get_small_cap_stocks   2025-03-03 15:00:00    head 9
    第 1名: *ST高斯(002848.XSHE), 流通市值: 11.82 亿元  <== 选中
    第 2名: 美芝股份(002856.XSHE), 流通市值: 11.96 亿元  <== 选中
    第 3名: *ST建艺(002789.XSHE), 流通市值: 12.18 亿元  <== 选中
    第 4名: 麦趣尔(002719.XSHE), 流通市值: 13.55 亿元  <== 选中
    第 5名: ST瑞和(002620.XSHE), 流通市值: 13.59 亿元  <== 选中
    第 6名: 准油股份(002207.XSHE), 流通市值: 14.52 亿元  <== 选中
    第 7名: *ST和科(002816.XSHE), 流通市值: 14.54 亿元  <== 选中
    第 8名: 扬子新材(002652.XSHE), 流通市值: 15.05 亿元  <== 选中
    第 9名: 海象新材(003011.XSHE), 流通市值: 15.2 亿元  <== 选中
    第10名: *ST威尔(002058.XSHE), 流通市值: 15.26 亿元
GGG当前持股 9只
GGG中天服务
GGGST瑞和
GGG扬子新材
GGG麦趣尔
GGG*ST建艺
GGG*ST和科
GGG*ST高斯
GGG美芝股份
GGG海象新材
GGG需要买入股票 1只
GGG需要卖出股票 1只
GGG待买入  准油股份
GGG待卖出: 中天服务
GGG今日(2025-03-04 10:00:00)为卖出时间，执行卖出操作
GGG------------------------------------------
GGG>>>>>>>>>>>>
GGG卖出:  中天服务
大盘降幅-0.23%
GGG今日(2025-03-04 10:10:00)为买入时间，执行买入操作
GGG+++++++++++++++++++++++++++++++++++++++++
GGG需要买入股票 1只
准油股份
 期望持仓: *ST高斯(002848.XSHE), 占比 11.11%
 期望持仓: 美芝股份(002856.XSHE), 占比 11.11%
 期望持仓: *ST建艺(002789.XSHE), 占比 11.11%
 期望持仓: 麦趣尔(002719.XSHE), 占比 11.11%
 期望持仓: ST瑞和(002620.XSHE), 占比 11.11%
 期望持仓: 准油股份(002207.XSHE), 占比 11.11%
 期望持仓: *ST和科(002816.XSHE), 占比 11.11%
 期望持仓: 扬子新材(002652.XSHE), 占比 11.11%
 期望持仓: 海象新材(003011.XSHE), 占比 11.11%
预计买入准油股份(002207.XSHE)  2300 股 * 5.50,总计 12650.00
预计持仓 112627.0 剩余金额 1785.15
 预估持仓: ST瑞和(002620.XSHE), 占比 11.48% 单价 3.65
 预估持仓: 扬子新材(002652.XSHE), 占比 11.09% 单价 2.95
 预估持仓: 麦趣尔(002719.XSHE), 占比 10.16% 单价 7.75
 预估持仓: *ST建艺(002789.XSHE), 占比 11.40% 单价 7.67
 预估持仓: *ST和科(002816.XSHE), 占比 10.10% 单价 14.44
 预估持仓: *ST高斯(002848.XSHE), 占比 10.87% 单价 6.91
 预估持仓: 美芝股份(002856.XSHE), 占比 10.93% 单价 8.93
 预估持仓: 海象新材(003011.XSHE), 占比 11.36% 单价 15.04
 预估持仓: 准油股份(002207.XSHE), 占比 11.06% 单价 5.5
调整准油股份买入数量，期望买入12712.46,当前12650.0,相差62.46
单价5.5，新市值12650.00，差值62.46
单价5.5，新市值13200.00，差值-487.54
====调整每股额度====
当前可用资金  14435.154200000004 
持仓市值  99977.0 
总资产:  114412.15419999999 
每股额度  14435.154200000004
委托买入: 准油股份, 002207.XSHE 
目标价值:12712.46
预计买入2300股，每股5.5元，合计:12650.00
******************当日(2025-03-04 10:10:00)持仓市值: 112627.00元*******************
GGG持仓: 准油股份(002207.XSHE), 占比 11.06%, 涨跌幅: 0.00% (0.00), 数量: 2300, 市值: 12650.00元
GGG持仓: ST瑞和(002620.XSHE), 占比 11.49%, 涨跌幅: 0.00% (0.00), 数量: 3600, 市值: 13140.00元
GGG持仓: 扬子新材(002652.XSHE), 占比 11.09%, 涨跌幅: 0.00% (0.00), 数量: 4300, 市值: 12685.00元
GGG持仓: 麦趣尔(002719.XSHE), 占比 10.16%, 涨跌幅: 0.00% (0.00), 数量: 1500, 市值: 11625.00元
GGG持仓: *ST建艺(002789.XSHE), 占比 11.40%, 涨跌幅: 0.00% (0.00), 数量: 1700, 市值: 13039.00元
GGG持仓: *ST和科(002816.XSHE), 占比 10.10%, 涨跌幅: 0.00% (0.00), 数量: 800, 市值: 11552.00元
GGG持仓: *ST高斯(002848.XSHE), 占比 10.87%, 涨跌幅: 0.00% (0.00), 数量: 1800, 市值: 12438.00元
GGG持仓: 美芝股份(002856.XSHE), 占比 10.93%, 涨跌幅: 0.00% (0.00), 数量: 1400, 市值: 12502.00元
GGG持仓: 海象新材(003011.XSHE), 占比 11.36%, 涨跌幅: 0.00% (0.00), 数量: 900, 市值: 12996.00元
GGG*******************总资产 114407.09  剩余可用金额 1780.09元*******************
GGG*******************当日2025-03-04 15:00:00(周2)持仓市值: 113271.00元*******************
GGG持仓: 准油股份(002207.XSHE), 占比 11.08%, 涨跌幅: 0.00% (0.00), 数量: 2300, 市值: 12742.00元
GGG持仓: ST瑞和(002620.XSHE), 占比 11.61%, 涨跌幅: 0.00% (0.00), 数量: 3600, 市值: 13356.00元
GGG持仓: 扬子新材(002652.XSHE), 占比 11.10%, 涨跌幅: 0.00% (0.00), 数量: 4300, 市值: 12771.00元
GGG持仓: 麦趣尔(002719.XSHE), 占比 10.13%, 涨跌幅: 0.00% (0.00), 数量: 1500, 市值: 11655.00元
GGG持仓: *ST建艺(002789.XSHE), 占比 11.44%, 涨跌幅: 0.00% (0.00), 数量: 1700, 市值: 13158.00元
GGG持仓: *ST和科(002816.XSHE), 占比 9.94%, 涨跌幅: 0.00% (0.00), 数量: 800, 市值: 11440.00元
GGG持仓: *ST高斯(002848.XSHE), 占比 10.75%, 涨跌幅: 0.00% (0.00), 数量: 1800, 市值: 12366.00元
GGG持仓: 美芝股份(002856.XSHE), 占比 11.01%, 涨跌幅: 0.00% (0.00), 数量: 1400, 市值: 12670.00元
GGG持仓: 海象新材(003011.XSHE), 占比 11.40%, 涨跌幅: 0.00% (0.00), 数量: 900, 市值: 13113.00元
GGG*******************总资产 115051.09  剩余可用金额 1780.09元*******************
GGG========== 执行周度调仓，日期：2025-03-05 ==========
******************当日(2025-03-05 10:00:00)持仓市值: 109827.00元*******************
GGG持仓: 准油股份(002207.XSHE), 占比 11.07%, 涨跌幅: 0.00% (0.00), 数量: 2300, 市值: 12351.00元
GGG持仓: ST瑞和(002620.XSHE), 占比 11.87%, 涨跌幅: 0.00% (0.00), 数量: 3600, 市值: 13248.00元
GGG持仓: 扬子新材(002652.XSHE), 占比 11.17%, 涨跌幅: 0.00% (0.00), 数量: 4300, 市值: 12470.00元
GGG持仓: 麦趣尔(002719.XSHE), 占比 10.03%, 涨跌幅: 0.00% (0.00), 数量: 1500, 市值: 11190.00元
GGG持仓: *ST建艺(002789.XSHE), 占比 11.21%, 涨跌幅: 0.00% (0.00), 数量: 1700, 市值: 12512.00元
GGG持仓: *ST和科(002816.XSHE), 占比 9.55%, 涨跌幅: 0.00% (0.00), 数量: 800, 市值: 10656.00元
GGG持仓: *ST高斯(002848.XSHE), 占比 10.76%, 涨跌幅: 0.00% (0.00), 数量: 1800, 市值: 12006.00元
GGG持仓: 美芝股份(002856.XSHE), 占比 11.19%, 涨跌幅: 0.00% (0.00), 数量: 1400, 市值: 12488.00元
GGG持仓: 海象新材(003011.XSHE), 占比 11.56%, 涨跌幅: 0.00% (0.00), 数量: 900, 市值: 12906.00元
GGG*******************总资产 111607.09  剩余可用金额 1780.09元*******************
20250304 中小综指共有 991只股票
过滤ST/*ST股票后，剩余 933 只
去除科创版，北交所等，共有 933 只股票
涨停 002115.XSHE 三维通信
涨停 002194.XSHE 武汉凡谷
涨停 002196.XSHE 方正电机
涨停 002418.XSHE 康盛股份
涨停 002725.XSHE 跃岭股份
涨停 002960.XSHE 青鸟消防
过滤停牌，涨跌停股票后，剩余 917 只
market
get_small_cap_stocks   2025-03-04 15:00:00    head 9
    第 1名: *ST高斯(002848.XSHE), 流通市值: 11.48 亿元  <== 选中
    第 2名: 美芝股份(002856.XSHE), 流通市值: 12.25 亿元  <== 选中
    第 3名: *ST建艺(002789.XSHE), 流通市值: 12.35 亿元  <== 选中
    第 4名: 麦趣尔(002719.XSHE), 流通市值: 13.53 亿元  <== 选中
    第 5名: ST瑞和(002620.XSHE), 流通市值: 14.01 亿元  <== 选中
    第 6名: *ST和科(002816.XSHE), 流通市值: 14.3 亿元  <== 选中
    第 7名: 准油股份(002207.XSHE), 流通市值: 14.52 亿元  <== 选中
    第 8名: 扬子新材(002652.XSHE), 流通市值: 15.21 亿元  <== 选中
    第 9名: 帝欧水华(002798.XSHE), 流通市值: 15.49 亿元  <== 选中
    第10名: 中天服务(002188.XSHE), 流通市值: 15.5 亿元
GGG当前持股 9只
GGG准油股份
GGGST瑞和
GGG扬子新材
GGG麦趣尔
GGG*ST建艺
GGG*ST和科
GGG*ST高斯
GGG美芝股份
GGG海象新材
GGG需要买入股票 1只
GGG需要卖出股票 1只
GGG待买入  帝欧水华
GGG待卖出: 海象新材
GGG今日(2025-03-05 10:00:00)为卖出时间，执行卖出操作
GGG------------------------------------------
GGG>>>>>>>>>>>>
GGG卖出:  海象新材
? 收益止损,卖出002816.XSHE,跌幅 11.78%
大盘降幅1.64%
******************当日(2025-03-05 10:05:00)持仓市值: 86138.00元*******************
GGG持仓: 准油股份(002207.XSHE), 占比 11.09%, 涨跌幅: 0.00% (0.00), 数量: 2300, 市值: 12351.00元
GGG持仓: ST瑞和(002620.XSHE), 占比 11.96%, 涨跌幅: 0.00% (0.00), 数量: 3600, 市值: 13320.00元
GGG持仓: 扬子新材(002652.XSHE), 占比 11.19%, 涨跌幅: 0.00% (0.00), 数量: 4300, 市值: 12470.00元
GGG持仓: 麦趣尔(002719.XSHE), 占比 10.00%, 涨跌幅: 0.00% (0.00), 数量: 1500, 市值: 11145.00元
GGG持仓: *ST建艺(002789.XSHE), 占比 11.17%, 涨跌幅: 0.00% (0.00), 数量: 1700, 市值: 12444.00元
GGG持仓: *ST高斯(002848.XSHE), 占比 10.71%, 涨跌幅: 0.00% (0.00), 数量: 1800, 市值: 11934.00元
GGG持仓: 美芝股份(002856.XSHE), 占比 11.20%, 涨跌幅: 0.00% (0.00), 数量: 1400, 市值: 12474.00元
GGG*******************总资产 111411.68  剩余可用金额 25273.68元*******************
GGG今日(2025-03-05 10:10:00)为买入时间，执行买入操作
GGG+++++++++++++++++++++++++++++++++++++++++
GGG需要买入股票 1只
帝欧水华
 期望持仓: *ST高斯(002848.XSHE), 占比 12.50%
 期望持仓: 美芝股份(002856.XSHE), 占比 12.50%
 期望持仓: *ST建艺(002789.XSHE), 占比 12.50%
 期望持仓: 麦趣尔(002719.XSHE), 占比 12.50%
 期望持仓: ST瑞和(002620.XSHE), 占比 12.50%
 期望持仓: 准油股份(002207.XSHE), 占比 12.50%
 期望持仓: 扬子新材(002652.XSHE), 占比 12.50%
 期望持仓: 帝欧水华(002798.XSHE), 占比 12.50%
预计买入帝欧水华(002798.XSHE)  3600 股 * 3.80,总计 13680.00
预计持仓 99641.0 剩余金额 11593.68
❌❌剩余资金过大 11593.68359999999
重新分配之后资金仍有剩余，追加买入
麦趣尔 持仓与期望相差2.48% 2759.34，补仓
*ST高斯 持仓与期望相差1.77% 1970.34，补仓
准油股份 持仓与期望相差1.40% 1553.34，补仓
*ST建艺 持仓与期望相差1.34% 1494.34，补仓
扬子新材 持仓与期望相差1.33% 1477.34，补仓
美芝股份 持仓与期望相差1.31% 1458.34，补仓
ST瑞和 持仓与期望相差0.59% 656.34，补仓
 预估持仓: 准油股份(002207.XSHE), 占比 11.10% 单价 5.37
 预估持仓: ST瑞和(002620.XSHE), 占比 11.91% 单价 3.68
 预估持仓: 扬子新材(002652.XSHE), 占比 11.17% 单价 2.89
 预估持仓: 麦趣尔(002719.XSHE), 占比 10.02% 单价 7.43
 预估持仓: *ST建艺(002789.XSHE), 占比 11.16% 单价 7.3
 预估持仓: *ST高斯(002848.XSHE), 占比 10.73% 单价 6.63
 预估持仓: 美芝股份(002856.XSHE), 占比 11.19% 单价 8.89
 预估持仓: 帝欧水华(002798.XSHE), 占比 12.30% 单价 3.8
调整*ST高斯买入数量，期望买入13904.34,当前11934.0,相差1970.34
单价6.63，新市值13260.00，差值644.34
单价6.63，新市值13923.00，差值-18.66
单价6.63，新市值14586.00，差值-681.66
调整买入数量，追加3手,仓位占比调整为12.52%
调整美芝股份买入数量，期望买入13904.34,当前12446.0,相差1458.34
单价8.89，新市值13335.00，差值569.34
单价8.89，新市值14224.00，差值-319.66
单价8.89，新市值15113.00，差值-1208.66
调整买入数量，追加2手,仓位占比调整为12.79%
调整*ST建艺买入数量，期望买入13904.34,当前12410.0,相差1494.34
单价7.3，新市值13870.00，差值34.34
单价7.3，新市值14600.00，差值-695.66
调整买入数量，追加2手,仓位占比调整为12.47%
调整麦趣尔买入数量，期望买入13904.34,当前11145.0,相差2759.34
单价7.43，新市值13374.00，差值530.34
单价7.43，新市值14117.00，差值-212.66
单价7.43，新市值14860.00，差值-955.66
调整买入数量，追加4手,仓位占比调整为12.69%
调整ST瑞和买入数量，期望买入13904.34,当前13248.0,相差656.34
单价3.68，新市值13616.00，差值288.34
单价3.68，新市值13984.00，差值-79.66
单价3.68，新市值14352.00，差值-447.66
调整买入数量，追加2手,仓位占比调整为12.57%
调整准油股份买入数量，期望买入13904.34,当前12351.0,相差1553.34
单价5.37，新市值13425.00，差值479.34
单价5.37，新市值13962.00，差值-57.66
单价5.37，新市值14499.00，差值-594.66
调整买入数量，追加3手,仓位占比调整为12.55%
调整扬子新材买入数量，期望买入13904.34,当前12427.0,相差1477.34
单价2.89，新市值13872.00，差值32.34
单价2.89，新市值14161.00，差值-256.66
调整买入数量，追加5手,仓位占比调整为12.47%
调整帝欧水华买入数量，期望买入13904.34,当前13680.0,相差224.34
单价3.8，新市值13680.00，差值224.34
单价3.8，新市值14060.00，差值-155.66
单价3.8，新市值14440.00，差值-535.66
调整买入数量，追加1手,仓位占比调整为12.64%
====调整每股额度====
当前可用资金  25273.683600000004 
持仓市值  85961.0 
总资产:  111234.68359999999 
每股额度  3159.2104500000005
委托买入: 帝欧水华, 002798.XSHE 
目标价值:14060.00
预计买入3700股，每股3.8元，合计:14060.00
委托买入: 麦趣尔, 002719.XSHE 
目标价值:14117.00
预计买入1900股，每股7.43元，合计:14117.00
委托买入: *ST高斯, 002848.XSHE 
目标价值:13923.00
预计买入2100股，每股6.63元，合计:13923.00
委托买入: 准油股份, 002207.XSHE 
目标价值:13962.00
预计买入2600股，每股5.37元，合计:13962.00
委托买入: *ST建艺, 002789.XSHE 
目标价值:13870.00
预计买入1900股，每股7.3元，合计:13870.00
委托买入: 扬子新材, 002652.XSHE 
目标价值:13872.00
预计买入4800股，每股2.89元，合计:13872.00
委托买入: 美芝股份, 002856.XSHE 
目标价值:14224.00
预计买入1600股，每股8.89元，合计:14224.00
委托买入: ST瑞和, 002620.XSHE 
目标价值:13984.00
预计买入3800股，每股3.68元，合计:13984.00
******************当日(2025-03-05 10:10:00)持仓市值: 111123.00元*******************
GGG持仓: 准油股份(002207.XSHE), 占比 12.56%, 涨跌幅: 0.00% (0.00), 数量: 2600, 市值: 13962.00元
GGG持仓: ST瑞和(002620.XSHE), 占比 12.58%, 涨跌幅: 0.00% (0.00), 数量: 3800, 市值: 13984.00元
GGG持仓: 扬子新材(002652.XSHE), 占比 12.48%, 涨跌幅: 0.00% (0.00), 数量: 4800, 市值: 13872.00元
GGG持仓: 麦趣尔(002719.XSHE), 占比 12.70%, 涨跌幅: 0.00% (0.00), 数量: 1900, 市值: 14117.00元
GGG持仓: *ST建艺(002789.XSHE), 占比 12.47%, 涨跌幅: 0.00% (0.00), 数量: 1900, 市值: 13870.00元
GGG持仓: 帝欧水华(002798.XSHE), 占比 12.64%, 涨跌幅: 0.00% (0.00), 数量: 3700, 市值: 14060.00元
GGG持仓: *ST高斯(002848.XSHE), 占比 12.52%, 涨跌幅: 0.00% (0.00), 数量: 2100, 市值: 13923.00元
GGG持仓: 美芝股份(002856.XSHE), 占比 11.99%, 涨跌幅: 0.00% (0.00), 数量: 1500, 市值: 13335.00元
GGG*******************总资产 111194.51  剩余可用金额 71.51元*******************
止盈止损后，有余额可用71.51元。买入511880.SH
====调整每股额度====
当前可用资金  71.51260000000207 
持仓市值  111855.0 
总资产:  111926.51259999999 
每股额度  71.51260000000207
[系统]WARNING:下单量 0小于1,可用资金:71.5126,总持仓市值:111855,合约持仓市值:0,操作:close,代码:511880.SH,日期时间:20250305 14:00:00
买入: 银华日利ETF, 511880.SH 
目标价值:71.51
预计买入0股，每股100.289元，合计:0.00
GGG*******************当日2025-03-05 15:00:00(周3)持仓市值: 112940.00元*******************
GGG持仓: 准油股份(002207.XSHE), 占比 12.61%, 涨跌幅: 0.00% (0.00), 数量: 2600, 市值: 14248.00元
GGG持仓: ST瑞和(002620.XSHE), 占比 12.51%, 涨跌幅: 0.00% (0.00), 数量: 3800, 市值: 14136.00元
GGG持仓: 扬子新材(002652.XSHE), 占比 12.49%, 涨跌幅: 0.00% (0.00), 数量: 4800, 市值: 14112.00元
GGG持仓: 麦趣尔(002719.XSHE), 占比 12.63%, 涨跌幅: 0.00% (0.00), 数量: 1900, 市值: 14269.00元
GGG持仓: *ST建艺(002789.XSHE), 占比 12.49%, 涨跌幅: 0.00% (0.00), 数量: 1900, 市值: 14117.00元
GGG持仓: 帝欧水华(002798.XSHE), 占比 12.70%, 涨跌幅: 0.00% (0.00), 数量: 3700, 市值: 14356.00元
GGG持仓: *ST高斯(002848.XSHE), 占比 12.58%, 涨跌幅: 0.00% (0.00), 数量: 2100, 市值: 14217.00元
GGG持仓: 美芝股份(002856.XSHE), 占比 11.93%, 涨跌幅: 0.00% (0.00), 数量: 1500, 市值: 13485.00元
GGG*******************总资产 113011.51  剩余可用金额 71.51元*******************
GGG========== 执行周度调仓，日期：2025-03-06 ==========
******************当日(2025-03-06 10:00:00)持仓市值: 112577.00元*******************
GGG持仓: 准油股份(002207.XSHE), 占比 12.56%, 涨跌幅: 0.00% (0.00), 数量: 2600, 市值: 14144.00元
GGG持仓: ST瑞和(002620.XSHE), 占比 12.41%, 涨跌幅: 0.00% (0.00), 数量: 3800, 市值: 13984.00元
GGG持仓: 扬子新材(002652.XSHE), 占比 12.61%, 涨跌幅: 0.00% (0.00), 数量: 4800, 市值: 14208.00元
GGG持仓: 麦趣尔(002719.XSHE), 占比 12.63%, 涨跌幅: 0.00% (0.00), 数量: 1900, 市值: 14231.00元
GGG持仓: *ST建艺(002789.XSHE), 占比 12.23%, 涨跌幅: 0.00% (0.00), 数量: 1900, 市值: 13775.00元
GGG持仓: 帝欧水华(002798.XSHE), 占比 12.65%, 涨跌幅: 0.00% (0.00), 数量: 3700, 市值: 14245.00元
GGG持仓: *ST高斯(002848.XSHE), 占比 12.68%, 涨跌幅: 0.00% (0.00), 数量: 2100, 市值: 14280.00元
GGG持仓: 美芝股份(002856.XSHE), 占比 12.17%, 涨跌幅: 0.00% (0.00), 数量: 1500, 市值: 13710.00元
GGG*******************总资产 112648.51  剩余可用金额 71.51元*******************
20250305 中小综指共有 991只股票
过滤ST/*ST股票后，剩余 933 只
去除科创版，北交所等，共有 933 只股票
涨停 002042.XSHE 华孚时尚
涨停 002048.XSHE 宁波华翔
涨停 002093.XSHE 国脉科技
涨停 002101.XSHE 广东鸿图
涨停 002105.XSHE 信隆健康
涨停 002115.XSHE 三维通信
涨停 002122.XSHE ST汇洲
涨停 002195.XSHE 岩山科技
涨停 002358.XSHE 森源电气
涨停 002609.XSHE 捷顺科技
涨停 002757.XSHE 南兴股份
涨停 002760.XSHE 凤形股份
涨停 002885.XSHE 京泉华
涨停 002892.XSHE 科力尔
涨停 002993.XSHE 奥海科技
涨停 003033.XSHE 征和工业
过滤停牌，涨跌停股票后，剩余 907 只
market
get_small_cap_stocks   2025-03-05 15:00:00    head 9
    第 1名: *ST高斯(002848.XSHE), 流通市值: 11.32 亿元  <== 选中
    第 2名: *ST建艺(002789.XSHE), 流通市值: 11.86 亿元  <== 选中
    第 3名: 美芝股份(002856.XSHE), 流通市值: 12.16 亿元  <== 选中
    第 4名: 麦趣尔(002719.XSHE), 流通市值: 13.08 亿元  <== 选中
    第 5名: *ST和科(002816.XSHE), 流通市值: 13.56 亿元  <== 选中
    第 6名: ST瑞和(002620.XSHE), 流通市值: 14.04 亿元  <== 选中
    第 7名: 准油股份(002207.XSHE), 流通市值: 14.36 亿元  <== 选中
    第 8名: 扬子新材(002652.XSHE), 流通市值: 15.05 亿元  <== 选中
    第 9名: 帝欧水华(002798.XSHE), 流通市值: 15.29 亿元  <== 选中
    第10名: *ST威尔(002058.XSHE), 流通市值: 15.54 亿元
GGG当前持股 8只
GGG准油股份
GGGST瑞和
GGG扬子新材
GGG麦趣尔
GGG*ST建艺
GGG帝欧水华
GGG*ST高斯
GGG美芝股份
GGG需要买入股票 1只
GGG需要卖出股票 0只
GGG待买入  *ST和科
GGG今日(2025-03-06 10:00:00)为卖出时间，执行卖出操作
GGG------------------------------------------
大盘降幅0.55%
GGG今日(2025-03-06 10:10:00)为买入时间，执行买入操作
GGG+++++++++++++++++++++++++++++++++++++++++
GGG需要买入股票 1只
*ST和科
 期望持仓: *ST高斯(002848.XSHE), 占比 11.11%
 期望持仓: *ST建艺(002789.XSHE), 占比 11.11%
 期望持仓: 美芝股份(002856.XSHE), 占比 11.11%
 期望持仓: 麦趣尔(002719.XSHE), 占比 11.11%
 期望持仓: *ST和科(002816.XSHE), 占比 11.11%
 期望持仓: ST瑞和(002620.XSHE), 占比 11.11%
 期望持仓: 准油股份(002207.XSHE), 占比 11.11%
 期望持仓: 扬子新材(002652.XSHE), 占比 11.11%
 期望持仓: 帝欧水华(002798.XSHE), 占比 11.11%
预计买入*ST和科(002816.XSHE)  900 股 * 13.85,总计 12465.00
预计持仓 125188.0 剩余金额 -12393.49
❌❌剩余资金过大 -12393.487399999998
未重新分配资金，调整买入仓位比重
期望持仓: *ST和科(002816.XSHE)，占比0.06%
 预估持仓: 准油股份(002207.XSHE), 占比 12.59% 单价 5.46
 预估持仓: ST瑞和(002620.XSHE), 占比 12.43% 单价 3.69
 预估持仓: 扬子新材(002652.XSHE), 占比 12.55% 单价 2.95
 预估持仓: 麦趣尔(002719.XSHE), 占比 12.58% 单价 7.47
 预估持仓: *ST建艺(002789.XSHE), 占比 12.26% 单价 7.28
 预估持仓: 帝欧水华(002798.XSHE), 占比 12.66% 单价 3.86
 预估持仓: *ST高斯(002848.XSHE), 占比 12.62% 单价 6.78
 预估持仓: 美芝股份(002856.XSHE), 占比 12.23% 单价 9.2
 预估持仓: *ST和科(002816.XSHE), 占比 11.05% 单价 13.85
[系统]WARNING:下单量 0小于1,可用资金:71.5126,总持仓市值:112723,合约持仓市值:0,操作:open,代码:002816.XSHE,日期时间:20250306 10:10:00
====调整每股额度====
当前可用资金  71.51260000000207 
持仓市值  112723.0 
总资产:  112794.5126 
每股额度  71.51260000000207
委托买入: *ST和科, 002816.XSHE 
目标价值:71.51
预计买入0股，每股13.85元，合计:0.00

******************当日(2025-03-06 10:10:00)持仓市值: 112723.00元*******************
GGG持仓: 准油股份(002207.XSHE), 占比 12.59%, 涨跌幅: 0.00% (0.00), 数量: 2600, 市值: 14196.00元
GGG持仓: ST瑞和(002620.XSHE), 占比 12.43%, 涨跌幅: 0.00% (0.00), 数量: 3800, 市值: 14022.00元
GGG持仓: 扬子新材(002652.XSHE), 占比 12.55%, 涨跌幅: 0.00% (0.00), 数量: 4800, 市值: 14160.00元
GGG持仓: 麦趣尔(002719.XSHE), 占比 12.58%, 涨跌幅: 0.00% (0.00), 数量: 1900, 市值: 14193.00元
GGG持仓: *ST建艺(002789.XSHE), 占比 12.26%, 涨跌幅: 0.00% (0.00), 数量: 1900, 市值: 13832.00元
GGG持仓: 帝欧水华(002798.XSHE), 占比 12.66%, 涨跌幅: 0.00% (0.00), 数量: 3700, 市值: 14282.00元
GGG持仓: *ST高斯(002848.XSHE), 占比 12.62%, 涨跌幅: 0.00% (0.00), 数量: 2100, 市值: 14238.00元
GGG持仓: 美芝股份(002856.XSHE), 占比 12.23%, 涨跌幅: 0.00% (0.00), 数量: 1500, 市值: 13800.00元
GGG*******************总资产 112794.51  剩余可用金额 71.51元*******************
GGG*******************当日2025-03-06 15:00:00(周4)持仓市值: 113522.00元*******************
GGG持仓: 准油股份(002207.XSHE), 占比 12.63%, 涨跌幅: 0.00% (0.00), 数量: 2600, 市值: 14352.00元
GGG持仓: ST瑞和(002620.XSHE), 占比 12.38%, 涨跌幅: 0.00% (0.00), 数量: 3800, 市值: 14060.00元
GGG持仓: 扬子新材(002652.XSHE), 占比 12.72%, 涨跌幅: 0.00% (0.00), 数量: 4800, 市值: 14448.00元
GGG持仓: 麦趣尔(002719.XSHE), 占比 12.61%, 涨跌幅: 0.00% (0.00), 数量: 1900, 市值: 14326.00元
GGG持仓: *ST建艺(002789.XSHE), 占比 12.29%, 涨跌幅: 0.00% (0.00), 数量: 1900, 市值: 13965.00元
GGG持仓: 帝欧水华(002798.XSHE), 占比 12.67%, 涨跌幅: 0.00% (0.00), 数量: 3700, 市值: 14393.00元
GGG持仓: *ST高斯(002848.XSHE), 占比 12.53%, 涨跌幅: 0.00% (0.00), 数量: 2100, 市值: 14238.00元
GGG持仓: 美芝股份(002856.XSHE), 占比 12.10%, 涨跌幅: 0.00% (0.00), 数量: 1500, 市值: 13740.00元GGG*******************总资产 113593.51  剩余可用金额 71.51元*******************
