###############################
不做任何筛选，直接获取A股中市值
最小的200只股票，每月根据市值排序
选择最小的5个买入，次月调仓，再根据
市值排名，卖出不在前5名的股票，买入
挤进前5名的股票

效果惊人，年华收益率 60%
###############################


2011 年
符合增长率 > 20% 的共有3110只
load_stock_list 0.00s
符合条件股票 1554 个
请求日期: 2010-12-31 00:00:00,  缓存只包含从 2011-01-07 00:00:00 到 2025-12-15
00:00:00 期间市值
请求日期: 2010-12-31 00:00:00,  缓存只包含从 2011-01-07 00:00:00 到 2025-12-15
00:00:00 期间市值
请求日期: 2010-12-31 00:00:00,  缓存只包含从 2011-01-07 00:00:00 到 2025-12-15
00:00:00 期间市值
请求日期: 2010-12-31 00:00:00,  缓存只包含从 2011-01-07 00:00:00 到 2025-12-15
00:00:00 期间市值
请求日期: 2010-12-31 00:00:00,  缓存只包含从 2011-01-07 00:00:00 到 2025-12-15
00:00:00 期间市值
筛选市值最小的 200 只股票
filter codes 53.72s
cerebro adddata 55.27s
初始投资组合价值: 30.00 万
pre_rebalance  2011-01-04
 000008 申请价格: 38.50, 买入数量: 1500
 600419 申请价格: 17.19, 买入数量: 3400
 000555 申请价格: 17.09, 买入数量: 3500
 600988 申请价格: 15.73, 买入数量: 3800
 600234 申请价格: 13.60, 买入数量: 4400
✅ 000008 2011-01-05 买入成交: 1500股 @ 36.70
   成本: 55050.00, 佣金: 165.15
现有现金 13894.25

✅ 600419 2011-01-05 买入成交: 3400股 @ 16.67
   成本: 56678.00, 佣金: 170.03
现有现金 13894.25

✅ 000555 2011-01-05 买入成交: 3500股 @ 16.28
   成本: 56980.00, 佣金: 170.94
现有现金 13894.25

✅ 600988 2011-01-05 买入成交: 3800股 @ 14.91
   成本: 56658.00, 佣金: 169.97
现有现金 13894.25

✅ 600234 2011-01-05 买入成交: 4400股 @ 13.61
   成本: 59884.00, 佣金: 179.65
现有现金 13894.25


- - - - - - - - - - - - - - - - - - - - - - - - -
调整各股现金额度 59421.65
pre_rebalance  2011-02-01
⭕ 600234 2011-02-09 卖出成交: -4400股 @ 13.49
   买入价格 13.61 收益: -528.00, 佣金: 178.07
现有现金 73072.18

 002034 申请价格: 22.03, 买入数量: 2600
✅ 002034 2011-02-10 买入成交: 2600股 @ 21.47
   成本: 55822.00, 佣金: 167.47
现有现金 17082.72


- - - - - - - - - - - - - - - - - - - - - - - - -
调整各股现金额度 62838.19
pre_rebalance  2011-03-22
⭕ 600419 2011-03-23 卖出成交: -3400股 @ 19.04
   买入价格 16.67 收益: 8058.00, 佣金: 194.21
现有现金 81624.51

 600793 申请价格: 19.60, 买入数量: 3200
✅ 600793 2011-03-24 买入成交: 3200股 @ 18.57
   成本: 59424.00, 佣金: 178.27
现有现金 22022.24


- - - - - - - - - - - - - - - - - - - - - - - - -
调整各股现金额度 64290.65
pre_rebalance  2011-04-01
⭕ 002034 2011-04-06 卖出成交: -2600股 @ 24.26
   买入价格 21.47 收益: 7254.00, 佣金: 189.23
现有现金 84909.01

 600419 申请价格: 18.78, 买入数量: 3400
✅ 600419 2011-04-07 买入成交: 3400股 @ 17.94
   成本: 60996.00, 佣金: 182.99
现有现金 23730.02


- - - - - - - - - - - - - - - - - - - - - - - - -
调整各股现金额度 62834.60
pre_rebalance  2011-05-03
pre_rebalance  2011-06-01
⭕ 600793 2011-06-02 卖出成交: -3200股 @ 16.11
   买入价格 18.57 收益: -7872.00, 佣金: 154.66
现有现金 75127.36

 600847 申请价格: 20.11, 买入数量: 3100
✅ 600847 2011-06-03 买入成交: 3100股 @ 19.59
   成本: 60729.00, 佣金: 182.19
现有现金 14216.18


- - - - - - - - - - - - - - - - - - - - - - - - -
调整各股现金额度 57570.04
pre_rebalance  2011-07-01
pre_rebalance  2011-08-01
pre_rebalance  2011-09-01
⭕ 600847 2011-09-02 卖出成交: -3100股 @ 26.27
   买入价格 19.59 收益: 20708.00, 佣金: 244.31
现有现金 95408.87

 000567 申请价格: 24.00, 买入数量: 2300
✅ 000567 2011-09-05 买入成交: 2300股 @ 22.28
   成本: 51244.00, 佣金: 153.73
现有现金 44011.13


- - - - - - - - - - - - - - - - - - - - - - - - -
调整各股现金额度 56379.03
pre_rebalance  2011-10-10
⭕ 000567 2011-10-11 卖出成交: -2300股 @ 20.64
   买入价格 22.28 收益: -3772.00, 佣金: 142.42
现有现金 91340.72

 000526 申请价格: 23.90, 买入数量: 2300
✅ 000526 2011-10-12 买入成交: 2300股 @ 23.90
   成本: 54970.00, 佣金: 164.91
现有现金 36205.81


- - - - - - - - - - - - - - - - - - - - - - - - -
调整各股现金额度 58376.96
pre_rebalance  2011-11-01
⭕ 600988 2011-11-02 卖出成交: -3800股 @ 13.70
   买入价格 14.91 收益: -4598.00, 佣金: 156.18
现有现金 143363.37

⭕ 600419 2011-11-02 卖出成交: -3400股 @ 16.30
   买入价格 17.94 收益: -5576.00, 佣金: 166.26
现有现金 143363.37

 000567 申请价格: 21.81, 买入数量: 2600
 000803 申请价格: 25.78, 买入数量: 2200
✅ 000567 2011-11-03 买入成交: 2600股 @ 20.90
   成本: 54340.00, 佣金: 163.02
现有现金 34688.32

✅ 000803 2011-11-03 买入成交: 2200股 @ 24.55
   成本: 54010.00, 佣金: 162.03
现有现金 34688.32


- - - - - - - - - - - - - - - - - - - - - - - - -
调整各股现金额度 57470.86
pre_rebalance  2011-12-01
⭕ 000567 2011-12-02 卖出成交: -2600股 @ 20.77
   买入价格 20.9 收益: -338.00, 佣金: 162.01
现有现金 140665.43

⭕ 000803 2011-12-02 卖出成交: -2200股 @ 23.77
   买入价格 24.55 收益: -1716.00, 佣金: 156.88
现有现金 140665.43

 600419 申请价格: 15.26, 买入数量: 3700
 600988 申请价格: 14.41, 买入数量: 3900
✅ 600419 2011-12-05 买入成交: 3700股 @ 14.08
   成本: 52096.00, 佣金: 156.29
现有现金 35683.43

✅ 600988 2011-12-05 买入成交: 3900股 @ 13.48
   成本: 52572.00, 佣金: 157.72
现有现金 35683.43


==================================================
策略执行总结:
==================================================
交易过股票：
600419 天润乳业 食品饮料 收益率 -23.13%
600419 rank 2
000526 学大教育 教育 收益率 -32.26%
000526 rank 11
000555 神州信息 互联网服务 收益率 -45.15%
000555 rank 3
000567 海德股份 多元金融 收益率 -7.94%
000567 rank 23
002034 旺能环境 环保行业 收益率 12.99%
002034 rank 7
000008 神州高铁 交运设备 收益率 -42.32%
000008 rank 1
600793 宜宾纸业 造纸印刷 收益率 -13.25%
600793 rank 8
600847 万里股份 电池 收益率 34.10%
600847 rank 18
000803 山高环能 综合行业 收益率 -3.18%
000803 rank 6
600988 赤峰黄金 贵金属 收益率 -21.61%
600988 rank 4
600234 科新发展 房地产开发 收益率 -0.88%
600234 rank 5

初始资金: 300000.00
最终价值: 219371.43
总收益率: -26.88%
cerebro run 28.30s
最终投资组合价值: 219371.43

🔍 策略表现:
累计收益: -26.88%
年化收益: -26.43%
夏普比率: -1.353
最大回撤: -35.81%

==================================================


2012 年
符合增长率 > 20% 的共有3110只
load_stock_list 0.00s
符合条件股票 1694 个
请求日期: 2011-12-31 00:00:00,  缓存只包含从 2012-01-02 00:00:00 到 2025-12-15
00:00:00 期间市值
筛选市值最小的 200 只股票
filter codes 54.65s
cerebro adddata 57.03s
初始投资组合价值: 30.00 万
pre_rebalance  2012-01-04
 000008 申请价格: 21.12, 买入数量: 2800
 000555 申请价格: 9.29, 买入数量: 6400
 600984 申请价格: 7.65, 买入数量: 7800
 600234 申请价格: 9.06, 买入数量: 6600
 000526 申请价格: 16.92, 买入数量: 3500
✅ 000008 2012-01-05 买入成交: 2800股 @ 19.29
   成本: 54012.00, 佣金: 162.04
现有现金 29717.58

✅ 000555 2012-01-05 买入成交: 6400股 @ 8.43
   成本: 53952.00, 佣金: 161.86
现有现金 29717.58

✅ 600984 2012-01-05 买入成交: 7800股 @ 6.93
   成本: 54054.00, 佣金: 162.16
现有现金 29717.58

✅ 600234 2012-01-05 买入成交: 6600股 @ 8.21
   成本: 54186.00, 佣金: 162.56
现有现金 29717.58

✅ 000526 2012-01-05 买入成交: 3500股 @ 15.22
   成本: 53270.00, 佣金: 159.81
现有现金 29717.58


- - - - - - - - - - - - - - - - - - - - - - - - -
调整各股现金额度 65943.52
pre_rebalance  2012-02-01
⭕ 600234 2012-02-02 卖出成交: -6600股 @ 10.02
   买入价格 8.21 收益: 11946.00, 佣金: 198.40
现有现金 95651.18

 000803 申请价格: 19.25, 买入数量: 3400
✅ 000803 2012-02-03 买入成交: 3400股 @ 18.51
   成本: 62934.00, 佣金: 188.80
现有现金 32528.38


- - - - - - - - - - - - - - - - - - - - - - - - -
调整各股现金额度 72449.19
pre_rebalance  2012-03-19
⭕ 600984 2012-03-20 卖出成交: -7800股 @ 9.93
   买入价格 6.93 收益: 23400.00, 佣金: 232.36
现有现金 109750.02

 600988 申请价格: 12.71, 买入数量: 5700
✅ 600988 2012-03-21 买入成交: 5700股 @ 12.70
   成本: 72390.00, 佣金: 217.17
现有现金 37142.85


- - - - - - - - - - - - - - - - - - - - - - - - -
调整各股现金额度 79877.76
pre_rebalance  2012-04-05
⭕ 000803 2012-04-06 卖出成交: -3400股 @ 23.38
   买入价格 18.51 收益: 16558.00, 佣金: 238.48
现有现金 116396.37

 002175 申请价格: 17.03, 买入数量: 4600
 000567 申请价格: 18.87, 买入数量: 4200
❌ 000567 订单失败: Margin
   保证金不足

⭕ 600988 2012-04-09 卖出成交: -5700股 @ 18.76
   买入价格 12.7 收益: 34542.00, 佣金: 320.80
现有现金 150247.95

✅ 002175 2012-04-09 买入成交: 4600股 @ 15.77
   成本: 72542.00, 佣金: 217.63
现有现金 150247.95


- - - - - - - - - - - - - - - - - - - - - - - - -
调整各股现金额度 88208.59
pre_rebalance  2012-05-02
 002373 申请价格: 14.15, 买入数量: 6200
✅ 002373 2012-05-04 买入成交: 6200股 @ 13.64
   成本: 84568.00, 佣金: 253.70
现有现金 65426.25


- - - - - - - - - - - - - - - - - - - - - - - - -
调整各股现金额度 89455.65
pre_rebalance  2012-06-01
⭕ 002373 2012-06-04 卖出成交: -6200股 @ 12.99
   买入价格 13.64 收益: -4030.00, 佣金: 241.61
现有现金 145722.63

 600234 申请价格: 10.50, 买入数量: 8500
✅ 600234 2012-06-05 买入成交: 8500股 @ 10.09
   成本: 85765.00, 佣金: 257.30
现有现金 59700.34


- - - - - - - - - - - - - - - - - - - - - - - - -
调整各股现金额度 91901.47
pre_rebalance  2012-07-02
⭕ 600234 2012-07-03 卖出成交: -8500股 @ 10.75
   买入价格 10.09 收益: 5610.00, 佣金: 274.12
现有现金 150801.21

 002112 申请价格: 10.63, 买入数量: 8600
✅ 002112 2012-07-04 买入成交: 8600股 @ 10.21
   成本: 87806.00, 佣金: 263.42
现有现金 62731.79


- - - - - - - - - - - - - - - - - - - - - - - - -
调整各股现金额度 80950.76
pre_rebalance  2012-08-01
⭕ 002175 2012-08-02 卖出成交: -4600股 @ 13.71
   买入价格 15.77 收益: -9476.00, 佣金: 189.20
现有现金 125608.60

 002373 申请价格: 11.77, 买入数量: 6800
✅ 002373 2012-08-03 买入成交: 6800股 @ 11.35
   成本: 77180.00, 佣金: 231.54
现有现金 48197.06


- - - - - - - - - - - - - - - - - - - - - - - - -
调整各股现金额度 86306.41
pre_rebalance  2012-09-03
⭕ 000008 2012-09-04 卖出成交: -2800股 @ 33.11
   买入价格 19.29 收益: 38696.00, 佣金: 278.12
现有现金 287405.27

⭕ 000526 2012-09-04 卖出成交: -3500股 @ 19.72
   买入价格 15.22 收益: 15750.00, 佣金: 207.06
现有现金 287405.27

⭕ 002373 2012-09-04 卖出成交: -6800股 @ 11.50
   买入价格 11.35 收益: 1020.00, 佣金: 234.60
现有现金 287405.27

 600301 申请价格: 6.71, 买入数量: 12800
 002034 申请价格: 17.46, 买入数量: 4900
 002175 申请价格: 14.45, 买入数量: 5900
✅ 600301 2012-09-05 买入成交: 12800股 @ 6.28
   成本: 80384.00, 佣金: 241.15
现有现金 41858.84

✅ 002034 2012-09-05 买入成交: 4900股 @ 16.82
   成本: 82418.00, 佣金: 247.25
现有现金 41858.84

✅ 002175 2012-09-05 买入成交: 5900股 @ 13.90
   成本: 82010.00, 佣金: 246.03
现有现金 41858.84


- - - - - - - - - - - - - - - - - - - - - - - - -
调整各股现金额度 90886.37
pre_rebalance  2012-10-08
⭕ 600301 2012-10-09 卖出成交: -12800股 @ 8.77
   买入价格 6.28 收益: 31872.00, 佣金: 336.77
现有现金 242864.01

⭕ 002112 2012-10-09 卖出成交: -8600股 @ 10.39
   买入价格 10.21 收益: 1548.00, 佣金: 268.06
现有现金 242864.01

 002373 申请价格: 12.01, 买入数量: 7500
 000526 申请价格: 21.28, 买入数量: 4200
✅ 002373 2012-10-10 买入成交: 7500股 @ 11.51
   成本: 86325.00, 佣金: 258.98
现有现金 69879.61

✅ 000526 2012-10-10 买入成交: 4200股 @ 20.51
   成本: 86142.00, 佣金: 258.43
现有现金 69879.61


- - - - - - - - - - - - - - - - - - - - - - - - -
调整各股现金额度 95264.12
pre_rebalance  2012-11-01
⭕ 000526 2012-11-02 卖出成交: -4200股 @ 23.60
   买入价格 20.51 收益: 12978.00, 佣金: 297.36
现有现金 168702.25

 002112 申请价格: 11.32, 买入数量: 8400
✅ 002112 2012-11-05 买入成交: 8400股 @ 10.65
   成本: 89460.00, 佣金: 268.38
现有现金 78973.87


- - - - - - - - - - - - - - - - - - - - - - - - -
调整各股现金额度 83119.37
pre_rebalance  2012-12-03
⭕ 002112 2012-12-04 卖出成交: -8400股 @ 9.31
   买入价格 10.65 收益: -11256.00, 佣金: 234.61
现有现金 156943.25

 600984 申请价格: 7.99, 买入数量: 10400
✅ 600984 2012-12-11 买入成交: 10400股 @ 8.37
   成本: 87048.00, 佣金: 261.14
现有现金 69634.11


==================================================
策略执行总结:
==================================================
交易过股票：
000008 神州高铁 交运设备 收益率 71.64%
000008 rank 1
600988 赤峰黄金 贵金属 收益率 47.72%
600988 rank 9
600301 华锡有色 小金属 收益率 39.65%
600301 rank 14
002034 旺能环境 环保行业 收益率 8.86%
002034 rank 91
600984 建设机械 工程机械 收益率 65.37%
600984 rank 3
600234 科新发展 房地产开发 收益率 30.03%
600234 rank 4
002373 千方科技 互联网服务 收益率 -10.05%
002373 rank 31
002175 东方智造 仪器仪表 收益率 -17.63%
002175 rank 10
002112 三变科技 电网设备 收益率 -11.04%
002112 rank 20
000526 学大教育 教育 收益率 49.09%
000526 rank 5
000555 神州信息 互联网服务 收益率 23.13%
000555 rank 2
000803 山高环能 综合行业 收益率 26.31%
000803 rank 6
000567 海德股份 多元金融 收益率 0.00%
000567 rank 8

初始资金: 300000.00
最终价值: 484427.11
总收益率: 61.48%
cerebro run 36.51s
最终投资组合价值: 484427.11

🔍 策略表现:
累计收益: 61.48%
年化收益: 60.57%
夏普比率: 2.172
最大回撤: -17.46%

==================================================


2013 年
符合增长率 > 20% 的共有3110只
load_stock_list 0.00s
符合条件股票 1719 个
筛选市值最小的 200 只股票
filter codes 57.77s
cerebro adddata 59.36s
初始投资组合价值: 30.00 万
pre_rebalance  2013-01-04
 002034 申请价格: 18.72, 买入数量: 3200
 000008 申请价格: 33.84, 买入数量: 1700
 600768 申请价格: 21.67, 买入数量: 2700
 600137 申请价格: 13.83, 买入数量: 4300
 002112 申请价格: 10.98, 买入数量: 5400
✅ 002034 2013-01-07 买入成交: 3200股 @ 17.63
   成本: 56416.00, 佣金: 169.25
现有现金 15861.13

✅ 000008 2013-01-07 买入成交: 1700股 @ 32.44
   成本: 55148.00, 佣金: 165.44
现有现金 15861.13

✅ 600768 2013-01-07 买入成交: 2700股 @ 20.97
   成本: 56619.00, 佣金: 169.86
现有现金 15861.13

✅ 600137 2013-01-07 买入成交: 4300股 @ 13.52
   成本: 58136.00, 佣金: 174.41
现有现金 15861.13

✅ 002112 2013-01-07 买入成交: 5400股 @ 10.55
   成本: 56970.00, 佣金: 170.91
现有现金 15861.13


- - - - - - - - - - - - - - - - - - - - - - - - -
调整各股现金额度 63172.23
pre_rebalance  2013-02-01
⭕ 000008 2013-02-04 卖出成交: -1700股 @ 36.91
   买入价格 32.44 收益: 7599.00, 佣金: 188.24
现有现金 139095.32

⭕ 002112 2013-02-04 卖出成交: -5400股 @ 11.27
   买入价格 10.55 收益: 3888.00, 佣金: 182.57
现有现金 139095.32

 002141 申请价格: 12.04, 买入数量: 5200
 600419 申请价格: 15.24, 买入数量: 4100
✅ 002141 2013-02-05 买入成交: 5200股 @ 11.74
   成本: 61048.00, 佣金: 183.14
现有现金 18318.07

✅ 600419 2013-02-05 买入成交: 4100股 @ 14.48
   成本: 59368.00, 佣金: 178.10
现有现金 18318.07


- - - - - - - - - - - - - - - - - - - - - - - - -
调整各股现金额度 65736.61
pre_rebalance  2013-03-01
⭕ 600137 2013-03-04 卖出成交: -4300股 @ 13.78
   买入价格 13.52 收益: 1118.00, 佣金: 177.76
现有现金 77394.31

 002112 申请价格: 11.42, 买入数量: 5700
✅ 002112 2013-03-05 买入成交: 5700股 @ 11.08
   成本: 63156.00, 佣金: 189.47
现有现金 14048.84


- - - - - - - - - - - - - - - - - - - - - - - - -
调整各股现金额度 64014.57
pre_rebalance  2013-04-01
⭕ 002141 2013-04-02 卖出成交: -5200股 @ 11.76
   买入价格 11.74 收益: 104.00, 佣金: 183.46
现有现金 75017.38

 600137 申请价格: 15.09, 买入数量: 4200
✅ 600137 2013-04-03 买入成交: 4200股 @ 14.46
   成本: 60732.00, 佣金: 182.20
现有现金 14103.19


- - - - - - - - - - - - - - - - - - - - - - - - -
调整各股现金额度 66422.64
pre_rebalance  2013-05-02
⭕ 600137 2013-05-03 卖出成交: -4200股 @ 13.20
   买入价格 14.46 收益: -5292.00, 佣金: 166.32
现有现金 69376.87

 600984 申请价格: 9.45, 买入数量: 7000
✅ 600984 2013-05-06 买入成交: 7000股 @ 9.06
   成本: 63420.00, 佣金: 190.26
现有现金 5766.61


- - - - - - - - - - - - - - - - - - - - - - - - -
调整各股现金额度 67575.96
pre_rebalance  2013-06-03
⭕ 002112 2013-06-04 卖出成交: -5700股 @ 14.05
   买入价格 11.08 收益: 16929.00, 佣金: 240.26
现有现金 184778.96

⭕ 600419 2013-06-04 卖出成交: -4100股 @ 24.26
   买入价格 14.48 收益: 40098.00, 佣金: 298.40
现有现金 184778.96

 600137 申请价格: 16.29, 买入数量: 4100
 002633 申请价格: 11.47, 买入数量: 5800
✅ 600137 2013-06-05 买入成交: 4100股 @ 15.54
   成本: 63714.00, 佣金: 191.14
现有现金 58453.11

✅ 002633 2013-06-05 买入成交: 5800股 @ 10.73
   成本: 62234.00, 佣金: 186.70
现有现金 58453.11


- - - - - - - - - - - - - - - - - - - - - - - - -
调整各股现金额度 66536.42
pre_rebalance  2013-07-01
⭕ 002034 2013-07-02 卖出成交: -3200股 @ 21.04
   买入价格 17.63 收益: 10912.00, 佣金: 201.98
现有现金 183435.04

⭕ 600984 2013-07-02 卖出成交: -7000股 @ 8.29
   买入价格 9.06 收益: -5390.00, 佣金: 174.09
现有现金 183435.04

 002112 申请价格: 11.75, 买入数量: 5600
 000803 申请价格: 21.55, 买入数量: 3000
✅ 002112 2013-07-03 买入成交: 5600股 @ 11.01
   成本: 61656.00, 佣金: 184.97
现有现金 60300.74

✅ 000803 2013-07-03 买入成交: 3000股 @ 20.37
   成本: 61110.00, 佣金: 183.33
现有现金 60300.74


- - - - - - - - - - - - - - - - - - - - - - - - -
调整各股现金额度 74119.95
pre_rebalance  2013-08-01
⭕ 002633 2013-08-02 卖出成交: -5800股 @ 10.06
   买入价格 10.73 收益: -3886.00, 佣金: 175.04
现有现金 118473.70

 600681 申请价格: 19.57, 买入数量: 3700
✅ 600681 2013-08-05 买入成交: 3700股 @ 19.09
   成本: 70633.00, 佣金: 211.90
现有现金 47628.80


- - - - - - - - - - - - - - - - - - - - - - - - -
调整各股现金额度 79563.36
pre_rebalance  2013-09-02
⭕ 002112 2013-09-03 卖出成交: -5600股 @ 13.60
   买入价格 11.01 收益: 14504.00, 佣金: 228.48
现有现金 198850.77

⭕ 600681 2013-09-03 卖出成交: -3700股 @ 20.41
   买入价格 19.09 收益: 4884.00, 佣金: 226.55
现有现金 198850.77

 002633 申请价格: 10.73, 买入数量: 7400
 600148 申请价格: 21.91, 买入数量: 3600
✅ 002633 2013-09-04 买入成交: 7400股 @ 10.22
   成本: 75628.00, 佣金: 226.88
现有现金 48216.21

✅ 600148 2013-09-04 买入成交: 3600股 @ 20.71
   成本: 74556.00, 佣金: 223.67
现有现金 48216.21


- - - - - - - - - - - - - - - - - - - - - - - - -
调整各股现金额度 87289.24
pre_rebalance  2013-10-08
⭕ 600148 2013-10-09 卖出成交: -3600股 @ 23.15
   买入价格 20.71 收益: 8784.00, 佣金: 250.02
现有现金 131306.19

 600520 申请价格: 23.44, 买入数量: 3700
 002201 申请价格: 14.72, 买入数量: 5900
❌ 002201 订单失败: Margin
   保证金不足

✅ 600520 2013-10-10 买入成交: 3700股 @ 23.44
   成本: 86728.00, 佣金: 260.18
现有现金 44318.01

⭕ 002633 2013-10-16 卖出成交: -7400股 @ 12.07
   买入价格 10.22 收益: 13690.00, 佣金: 267.95
现有现金 133368.06


- - - - - - - - - - - - - - - - - - - - - - - - -
调整各股现金额度 80817.21
pre_rebalance  2013-11-01
⭕ 000803 2013-11-04 卖出成交: -3000股 @ 24.61
   买入价格 20.37 收益: 12720.00, 佣金: 221.49
现有现金 282488.35

⭕ 600520 2013-11-04 卖出成交: -3700股 @ 20.47
   买入价格 23.44 收益: -10989.00, 佣金: 227.22
现有现金 282488.35

 002034 申请价格: 23.64, 买入数量: 3400
 002633 申请价格: 11.67, 买入数量: 6900
 002066 申请价格: 15.35, 买入数量: 5200
✅ 002034 2013-11-05 买入成交: 3400股 @ 22.64
   成本: 76976.00, 佣金: 230.93
现有现金 51200.56

✅ 002633 2013-11-05 买入成交: 6900股 @ 11.08
   成本: 76452.00, 佣金: 229.36
现有现金 51200.56

✅ 002066 2013-11-05 买入成交: 5200股 @ 14.84
   成本: 77168.00, 佣金: 231.50
现有现金 51200.56


- - - - - - - - - - - - - - - - - - - - - - - - -
调整各股现金额度 82254.31
pre_rebalance  2013-12-02
⭕ 002034 2013-12-03 卖出成交: -3400股 @ 26.94
   买入价格 22.64 收益: 14620.00, 佣金: 274.79
现有现金 218125.28

⭕ 002633 2013-12-03 卖出成交: -6900股 @ 10.99
   买入价格 11.08 收益: -621.00, 佣金: 227.49
现有现金 218125.28

 600520 申请价格: 23.48, 买入数量: 3500
 000803 申请价格: 23.82, 买入数量: 3400
✅ 600520 2013-12-04 买入成交: 3500股 @ 22.64
   成本: 79240.00, 佣金: 237.72
现有现金 60553.98

✅ 000803 2013-12-04 买入成交: 3400股 @ 22.90
   成本: 77860.00, 佣金: 233.58
现有现金 60553.98


==================================================
策略执行总结:
==================================================
交易过股票：
002633 申科股份 通用设备 收益率 9.83%
002633 rank 22
600148 长春一东 汽车零部件 收益率 11.78%
600148 rank 16
600984 建设机械 工程机械 收益率 -8.50%
600984 rank 14
600520 三佳科技 专用设备 收益率 -16.45%
600520 rank 21
600768 宁波富邦 有色金属 收益率 1.91%
600768 rank 3
002201 九鼎新材 玻璃玻纤 收益率 0.00%
002201 rank 54
002112 三变科技 电网设备 收益率 67.32%
002112 rank 5
600681 百川能源 燃气 收益率 6.91%
600681 rank 25
002034 旺能环境 环保行业 收益率 42.01%
002034 rank 1
600419 天润乳业 食品饮料 收益率 67.54%
600419 rank 7
000008 神州高铁 交运设备 收益率 13.78%
000008 rank 2
002066 瑞泰科技 装修建材 收益率 7.28%
002066 rank 40
002141 贤丰控股 电子元件 收益率 0.17%
002141 rank 6
600137 浪莎股份 纺织服装 收益率 -7.92%
600137 rank 4
000803 山高环能 综合行业 收益率 21.13%
000803 rank 8

初始资金: 300000.00
最终价值: 417968.98
总收益率: 39.32%
cerebro run 38.67s
最终投资组合价值: 417968.98

🔍 策略表现:
累计收益: 39.32%
年化收益: 39.88%
夏普比率: 1.584
最大回撤: -17.28%

==================================================


2014 年
符合增长率 > 20% 的共有3110只
load_stock_list 0.00s
符合条件股票 1561 个
筛选市值最小的 200 只股票
filter codes 49.71s
cerebro adddata 51.23s
初始投资组合价值: 30.00 万
pre_rebalance  2014-01-02
 600768 申请价格: 22.97, 买入数量: 2600
 000803 申请价格: 24.39, 买入数量: 2400
 600137 申请价格: 16.38, 买入数量: 3600
 000546 申请价格: 12.43, 买入数量: 4800
 600520 申请价格: 22.96, 买入数量: 2600
✅ 600768 2014-01-03 买入成交: 2600股 @ 21.71
   成本: 56446.00, 佣金: 169.34
现有现金 18199.13

✅ 000803 2014-01-03 买入成交: 2400股 @ 23.14
   成本: 55536.00, 佣金: 166.61
现有现金 18199.13

✅ 600137 2014-01-03 买入成交: 3600股 @ 15.38
   成本: 55368.00, 佣金: 166.10
现有现金 18199.13

✅ 000546 2014-01-03 买入成交: 4800股 @ 11.86
   成本: 56928.00, 佣金: 170.78
现有现金 18199.13

✅ 600520 2014-01-03 买入成交: 2600股 @ 21.80
   成本: 56680.00, 佣金: 170.04
现有现金 18199.13


- - - - - - - - - - - - - - - - - - - - - - - - -
调整各股现金额度 61547.83
pre_rebalance  2014-02-07
⭕ 600137 2014-02-10 卖出成交: -3600股 @ 17.38
   买入价格 15.38 收益: 7200.00, 佣金: 187.70
现有现金 80579.42

 600793 申请价格: 17.61, 买入数量: 3400
✅ 600793 2014-02-11 买入成交: 3400股 @ 16.66
   成本: 56644.00, 佣金: 169.93
现有现金 23765.49


- - - - - - - - - - - - - - - - - - - - - - - - -
调整各股现金额度 65330.70
pre_rebalance  2014-03-03
pre_rebalance  2014-04-01
⭕ 600520 2014-04-02 卖出成交: -2600股 @ 26.81
   买入价格 21.8 收益: 13026.00, 佣金: 209.12
现有现金 93262.37

 002034 申请价格: 26.45, 买入数量: 2400
✅ 002034 2014-04-03 买入成交: 2400股 @ 24.60
   成本: 59040.00, 佣金: 177.12
现有现金 34045.25


- - - - - - - - - - - - - - - - - - - - - - - - -
调整各股现金额度 68652.65
pre_rebalance  2014-05-05
pre_rebalance  2014-06-03
pre_rebalance  2014-07-01
⭕ 002034 2014-07-02 卖出成交: -2400股 @ 27.94
   买入价格 24.6 收益: 8016.00, 佣金: 201.17
现有现金 100900.08

 600689 申请价格: 16.08, 买入数量: 4200
✅ 600689 2014-07-03 买入成交: 4200股 @ 15.46
   成本: 64932.00, 佣金: 194.80
现有现金 35773.29


- - - - - - - - - - - - - - - - - - - - - - - - -
调整各股现金额度 75807.31
pre_rebalance  2014-08-01
⭕ 600768 2014-08-04 卖出成交: -2600股 @ 34.90
   买入价格 21.71 收益: 34294.00, 佣金: 272.22
现有现金 126241.07

 002034 申请价格: 30.28, 买入数量: 2500
✅ 002034 2014-08-05 买入成交: 2500股 @ 28.88
   成本: 72200.00, 佣金: 216.60
现有现金 53824.47


- - - - - - - - - - - - - - - - - - - - - - - - -
调整各股现金额度 86572.20
pre_rebalance  2014-09-01
⭕ 002034 2014-09-02 卖出成交: -2500股 @ 34.57
   买入价格 28.88 收益: 14225.00, 佣金: 259.27
现有现金 233452.96

⭕ 000803 2014-09-02 卖出成交: -2400股 @ 39.06
   买入价格 23.14 收益: 38208.00, 佣金: 281.23
现有现金 233452.96

 000610 申请价格: 26.66, 买入数量: 3200
 600593 申请价格: 23.68, 买入数量: 3600
✅ 000610 2014-09-03 买入成交: 3200股 @ 25.55
   成本: 81760.00, 佣金: 245.28
现有现金 69518.63

✅ 600593 2014-09-03 买入成交: 3600股 @ 22.69
   成本: 81684.00, 佣金: 245.05
现有现金 69518.63


- - - - - - - - - - - - - - - - - - - - - - - - -
调整各股现金额度 100475.93
pre_rebalance  2014-10-08
⭕ 600593 2014-10-09 卖出成交: -3600股 @ 27.27
   买入价格 22.69 收益: 16488.00, 佣金: 294.52
现有现金 167396.11

 002034 申请价格: 41.65, 买入数量: 2400
✅ 002034 2014-10-10 买入成交: 2400股 @ 38.61
   成本: 92664.00, 佣金: 277.99
现有现金 74454.12


- - - - - - - - - - - - - - - - - - - - - - - - -
调整各股现金额度 103868.82
pre_rebalance  2014-11-03
⭕ 600689 2014-11-04 卖出成交: -4200股 @ 21.89
   买入价格 15.46 收益: 27006.00, 佣金: 275.81
现有现金 166116.31

 600719 申请价格: 25.58, 买入数量: 4000
✅ 600719 2014-11-05 买入成交: 4000股 @ 24.34
   成本: 97360.00, 佣金: 292.08
现有现金 68464.23


- - - - - - - - - - - - - - - - - - - - - - - - -
调整各股现金额度 106148.85
pre_rebalance  2014-12-01
⭕ 000610 2014-12-02 卖出成交: -3200股 @ 32.17
   买入价格 25.55 收益: 21184.00, 佣金: 308.83
现有现金 171099.40

 600768 申请价格: 43.00, 买入数量: 2400
✅ 600768 2014-12-03 买入成交: 2400股 @ 41.51
   成本: 99624.00, 佣金: 298.87
现有现金 71176.52


==================================================
策略执行总结:
==================================================
交易过股票：
600689 上海三毛 纺织服装 收益率 41.59%
600689 rank 108
600137 浪莎股份 纺织服装 收益率 13.00%
600137 rank 3
600520 三佳科技 专用设备 收益率 22.98%
600520 rank 5
000803 山高环能 综合行业 收益率 68.80%
000803 rank 2
002034 旺能环境 环保行业 收益率 24.72%
002034 rank 24
000610 西安旅游 旅游酒店 收益率 25.91%
000610 rank 28
000546 金圆股份 环保行业 收益率 22.51%
000546 rank 4
600793 宜宾纸业 造纸印刷 收益率 19.81%
600793 rank 6
600719 大连热电 电力行业 收益率 -3.37%
600719 rank 126
600593 大连圣亚 旅游酒店 收益率 20.19%
600593 rank 16
600768 宁波富邦 有色金属 收益率 34.50%
600768 rank 1

初始资金: 300000.00
最终价值: 471224.52
总收益率: 57.07%
cerebro run 45.15s
最终投资组合价值: 471224.52

🔍 策略表现:
累计收益: 57.07%
年化收益: 55.70%
夏普比率: 2.104
最大回撤: -13.26%

==================================================


2015 年
符合增长率 > 20% 的共有3110只
load_stock_list 0.00s
符合条件股票 1407 个
筛选市值最小的 200 只股票
filter codes 47.13s
cerebro adddata 48.62s
初始投资组合价值: 30.00 万
pre_rebalance  2015-01-05
 600444 申请价格: 29.10, 买入数量: 2000
 002738 申请价格: 13.85, 买入数量: 4300
 002125 申请价格: 17.96, 买入数量: 3300
 600768 申请价格: 37.53, 买入数量: 1500
 000408 申请价格: 63.04, 买入数量: 900
✅ 600444 2015-01-06 买入成交: 2000股 @ 27.65
   成本: 55300.00, 佣金: 165.90
现有现金 16639.46

✅ 002738 2015-01-06 买入成交: 4300股 @ 14.51
   成本: 62393.00, 佣金: 187.18
现有现金 16639.46

✅ 002125 2015-01-06 买入成交: 3300股 @ 17.25
   成本: 56925.00, 佣金: 170.78
现有现金 16639.46

✅ 600768 2015-01-06 买入成交: 1500股 @ 35.87
   成本: 53805.00, 佣金: 161.41
现有现金 16639.46

✅ 000408 2015-01-06 买入成交: 900股 @ 60.10
   成本: 54090.00, 佣金: 162.27
现有现金 16639.46


- - - - - - - - - - - - - - - - - - - - - - - - -
调整各股现金额度 63327.89
pre_rebalance  2015-02-02
⭕ 002738 2015-02-03 卖出成交: -4300股 @ 35.13
   买入价格 14.51 收益: 88666.00, 佣金: 453.18
现有现金 291039.78

⭕ 002125 2015-02-03 卖出成交: -3300股 @ 18.08
   买入价格 17.25 收益: 2739.00, 佣金: 178.99
现有现金 291039.78

⭕ 000408 2015-02-03 卖出成交: -900股 @ 71.67
   买入价格 60.1 收益: 10413.00, 佣金: 193.51
现有现金 291039.78

 000803 申请价格: 40.10, 买入数量: 1500
 002034 申请价格: 37.66, 买入数量: 1600
 002193 申请价格: 22.21, 买入数量: 2800
✅ 000803 2015-02-04 买入成交: 1500股 @ 38.19
   成本: 57285.00, 佣金: 171.85
现有现金 175633.60

✅ 002034 2015-02-04 买入成交: 1600股 @ 36.11
   成本: 57776.00, 佣金: 173.33
现有现金 175633.60


- - - - - - - - - - - - - - - - - - - - - - - - -
调整各股现金额度 84777.92
pre_rebalance  2015-03-02
✅ 002193 2015-03-16 买入成交: 2800股 @ 23.27
   成本: 65156.00, 佣金: 195.47
现有现金 110282.13

pre_rebalance  2015-04-01
⭕ 600768 2015-04-02 卖出成交: -1500股 @ 59.11
   买入价格 35.87 收益: 34860.00, 佣金: 266.00
现有现金 282568.72

⭕ 002193 2015-04-02 卖出成交: -2800股 @ 30.05
   买入价格 23.27 收益: 18984.00, 佣金: 252.42
现有现金 282568.72

 002188 申请价格: 23.27, 买入数量: 3600
 600076 申请价格: 17.57, 买入数量: 4800

- - - - - - - - - - - - - - - - - - - - - - - - -
调整各股现金额度 120851.14
pre_rebalance  2015-05-04
⭕ 000803 2015-05-05 卖出成交: -1500股 @ 84.52
   买入价格 38.19 收益: 69495.00, 佣金: 380.34
现有现金 514076.10

⭕ 002034 2015-05-05 卖出成交: -1600股 @ 65.89
   买入价格 36.11 收益: 47648.00, 佣金: 316.27
现有现金 514076.10

 600419 申请价格: 37.97, 买入数量: 3100
 600539 申请价格: 13.18, 买入数量: 9100
✅ 600419 2015-05-06 买入成交: 3100股 @ 35.62
   成本: 110422.00, 佣金: 331.27
现有现金 290418.14

✅ 600539 2015-05-06 买入成交: 9100股 @ 12.37
   成本: 112567.00, 佣金: 337.70
现有现金 290418.14

✅ 600076 2015-05-18 买入成交: 4800股 @ 18.41
   成本: 88368.00, 佣金: 265.10
现有现金 201785.03

✅ 002188 2015-05-25 买入成交: 3600股 @ 24.37
   成本: 87732.00, 佣金: 263.20
现有现金 113789.84


- - - - - - - - - - - - - - - - - - - - - - - - -
调整各股现金额度 143609.11
pre_rebalance  2015-06-01
⭕ 600076 2015-06-02 卖出成交: -4800股 @ 52.50
   买入价格 18.41 收益: 163632.00, 佣金: 756.00
现有现金 365033.84

 002193 申请价格: 49.80, 买入数量: 2800
✅ 002193 2015-06-03 买入成交: 2800股 @ 52.18
   成本: 146104.00, 佣金: 438.31
现有现金 218491.53


- - - - - - - - - - - - - - - - - - - - - - - - -
调整各股现金额度 181026.71
pre_rebalance  2015-07-01
⭕ 002188 2015-07-02 卖出成交: -3600股 @ 50.09
   买入价格 24.37 收益: 92592.00, 佣金: 540.97
现有现金 509352.32

⭕ 002193 2015-07-02 卖出成交: -2800股 @ 39.79
   买入价格 52.18 收益: -34692.00, 佣金: 334.24
现有现金 509352.32

 600506 申请价格: 22.94, 买入数量: 7800
 600980 申请价格: 35.63, 买入数量: 5000
✅ 600506 2015-07-03 买入成交: 7800股 @ 19.69
   成本: 153582.00, 佣金: 460.75
现有现金 174970.17

✅ 600980 2015-07-03 买入成交: 5000股 @ 35.96
   成本: 179800.00, 佣金: 539.40
现有现金 174970.17


- - - - - - - - - - - - - - - - - - - - - - - - -
调整各股现金额度 160185.03
pre_rebalance  2015-08-03
⭕ 600419 2015-08-04 卖出成交: -3100股 @ 40.84
   买入价格 35.62 收益: 16182.00, 佣金: 379.81
现有现金 505031.01

⭕ 600980 2015-08-04 卖出成交: -5000股 @ 40.89
   买入价格 35.96 收益: 24650.00, 佣金: 613.35
现有现金 505031.01

 002395 申请价格: 26.85, 买入数量: 5900
 002560 申请价格: 25.56, 买入数量: 6200
✅ 002560 2015-08-05 买入成交: 6200股 @ 26.76
   成本: 165912.00, 佣金: 497.74
现有现金 338621.27

✅ 002395 2015-08-10 买入成交: 5900股 @ 28.14
   成本: 166026.00, 佣金: 498.08
现有现金 172097.20


- - - - - - - - - - - - - - - - - - - - - - - - -
调整各股现金额度 167854.64
pre_rebalance  2015-09-01
⭕ 600444 2015-09-02 卖出成交: -2000股 @ 31.18
   买入价格 27.65 收益: 7060.00, 佣金: 187.08
现有现金 655288.26

⭕ 002395 2015-09-02 卖出成交: -5900股 @ 30.10
   买入价格 28.14 收益: 11564.00, 佣金: 532.77
现有现金 655288.26

⭕ 002560 2015-09-02 卖出成交: -6200股 @ 24.54
   买入价格 26.76 收益: -13764.00, 佣金: 456.44
现有现金 655288.26

⭕ 600539 2015-09-02 卖出成交: -9100股 @ 10.17
   买入价格 12.37 收益: -20020.00, 佣金: 277.64
现有现金 655288.26

 600605 申请价格: 446.06, 买入数量: 300
 002193 申请价格: 23.76, 买入数量: 7000
 600758 申请价格: 23.46, 买入数量: 7100
 600233 申请价格: 32.79, 买入数量: 5100
✅ 600605 2015-09-07 买入成交: 300股 @ 447.31
   成本: 134193.00, 佣金: 402.58
现有现金 31818.45

✅ 002193 2015-09-07 买入成交: 7000股 @ 22.04
   成本: 154280.00, 佣金: 462.84
现有现金 31818.45

✅ 600758 2015-09-07 买入成交: 7100股 @ 22.95
   成本: 162945.00, 佣金: 488.83
现有现金 31818.45

✅ 600233 2015-09-07 买入成交: 5100股 @ 33.37
   成本: 170187.00, 佣金: 510.56
现有现金 31818.45


- - - - - - - - - - - - - - - - - - - - - - - - -
调整各股现金额度 174218.33
pre_rebalance  2015-10-08
⭕ 600605 2015-10-09 卖出成交: -300股 @ 505.08
   买入价格 447.31 收益: 17331.00, 佣金: 454.57
现有现金 729234.90

⭕ 600758 2015-10-09 卖出成交: -7100股 @ 27.22
   买入价格 22.95 收益: 30317.00, 佣金: 579.79
现有现金 729234.90

⭕ 600506 2015-10-09 卖出成交: -7800股 @ 20.73
   买入价格 19.69 收益: 8112.00, 佣金: 485.08
现有现金 729234.90

⭕ 600233 2015-10-09 卖出成交: -5100股 @ 37.85
   买入价格 33.37 收益: 22848.00, 佣金: 579.11
现有现金 729234.90

 002034 申请价格: 49.12, 买入数量: 3500
 600768 申请价格: 52.81, 买入数量: 3200
 000856 申请价格: 19.45, 买入数量: 8900
 000803 申请价格: 54.14, 买入数量: 3200
✅ 002034 2015-10-12 买入成交: 3500股 @ 50.14
   成本: 175490.00, 佣金: 526.47
现有现金 40790.75

✅ 600768 2015-10-12 买入成交: 3200股 @ 53.34
   成本: 170688.00, 佣金: 512.06
现有现金 40790.75

✅ 000856 2015-10-12 买入成交: 8900股 @ 18.95
   成本: 168655.00, 佣金: 505.96
现有现金 40790.75

✅ 000803 2015-10-12 买入成交: 3200股 @ 53.61
   成本: 171552.00, 佣金: 514.66
现有现金 40790.75


- - - - - - - - - - - - - - - - - - - - - - - - -
调整各股现金额度 182376.48
pre_rebalance  2015-11-02
⭕ 600768 2015-11-03 卖出成交: -3200股 @ 57.08
   买入价格 53.34 收益: 11968.00, 佣金: 547.97
现有现金 638059.55

⭕ 000803 2015-11-03 卖出成交: -3200股 @ 61.90
   买入价格 53.61 收益: 26528.00, 佣金: 594.24
现有现金 638059.55

⭕ 002193 2015-11-03 卖出成交: -7000股 @ 31.19
   买入价格 22.04 收益: 64050.00, 佣金: 654.99
现有现金 638059.55

 600758 申请价格: 32.52, 买入数量: 5600
 600539 申请价格: 14.43, 买入数量: 12600
 002134 申请价格: 14.72, 买入数量: 12300
✅ 600758 2015-11-04 买入成交: 5600股 @ 32.23
   成本: 180488.00, 佣金: 541.46
现有现金 100352.25

✅ 600539 2015-11-04 买入成交: 12600股 @ 14.00
   成本: 176400.00, 佣金: 529.20
现有现金 100352.25

✅ 002134 2015-11-04 买入成交: 12300股 @ 14.57
   成本: 179211.00, 佣金: 537.63
现有现金 100352.25


- - - - - - - - - - - - - - - - - - - - - - - - -
调整各股现金额度 202446.93
pre_rebalance  2015-12-01
⭕ 600758 2015-12-02 卖出成交: -5600股 @ 33.01
   买入价格 32.23 收益: 4368.00, 佣金: 554.57
现有现金 767262.50

⭕ 002034 2015-12-02 卖出成交: -3500股 @ 78.49
   买入价格 50.14 收益: 99225.00, 佣金: 824.14
现有现金 767262.50

⭕ 002134 2015-12-02 卖出成交: -12300股 @ 17.02
   买入价格 14.57 收益: 30135.00, 佣金: 628.04
现有现金 767262.50

 600506 申请价格: 26.83, 买入数量: 7500
 002193 申请价格: 38.31, 买入数量: 5200
 002679 申请价格: 22.80, 买入数量: 8800
✅ 600506 2015-12-03 买入成交: 7500股 @ 27.46
   成本: 205950.00, 佣金: 617.85
现有现金 161881.79

✅ 002193 2015-12-03 买入成交: 5200股 @ 38.49
   成本: 200148.00, 佣金: 600.44
现有现金 161881.79

✅ 002679 2015-12-03 买入成交: 8800股 @ 22.44
   成本: 197472.00, 佣金: 592.42
现有现金 161881.79


==================================================
策略执行总结:
==================================================
交易过股票：
600980 北矿科技 小金属 收益率 13.71%
600980 rank 30
002738 中矿资源 能源金属 收益率 142.11%
002738 rank 2
000803 山高环能 综合行业 收益率 155.54%
000803 rank 6
002395 双象股份 塑料制品 收益率 6.97%
002395 rank 58
000856 冀东装备 专用设备 收益率 48.81%
000856 rank 11
600768 宁波富邦 有色金属 收益率 76.34%
600768 rank 4
000408 藏格矿业 化肥行业 收益率 19.25%
000408 rank 5
600076 康欣新材 装修建材 收益率 185.17%
600076 rank 45
600444 国机通用 专用设备 收益率 12.77%
600444 rank 1
600506 统一股份 石油行业 收益率 19.16%
600506 rank 10
002134 天津普林 电子元件 收益率 16.82%
002134 rank 29
002679 福建金森 农牧饲渔 收益率 26.34%
002679 rank 107
002125 湘潭电化 化学原料 收益率 4.81%
002125 rank 3
002034 旺能环境 环保行业 收益率 185.64%
002034 rank 8
600419 天润乳业 食品饮料 收益率 14.65%
600419 rank 17
002188 中天服务 房地产服务 收益率 105.54%
002188 rank 12
600539 狮头股份 环保行业 收益率 -6.39%
600539 rank 9
002560 通达股份 电网设备 收益率 -8.30%
002560 rank 100
600758 辽宁能源 煤炭行业 收益率 21.48%
600758 rank 23
002193 如意集团 纺织服装 收益率 43.19%
002193 rank 7
600605 汇通能源 房地产服务 收益率 12.91%
600605 rank 15
600233 圆通速递 物流行业 收益率 13.43%
600233 rank 20

初始资金: 300000.00
最终价值: 1301945.79
总收益率: 333.98%
cerebro run 46.25s
最终投资组合价值: 1301945.79

🔍 策略表现:
累计收益: 333.98%
年化收益: 321.76%
夏普比率: 3.361
最大回撤: -40.85%

==================================================


2016 年
符合增长率 > 20% 的共有3110只
load_stock_list 0.00s
符合条件股票 1660 个
请求日期: 2015-12-31 00:00:00,  缓存只包含从 2016-01-02 00:00:00 到 2025-12-15
00:00:00 期间市值
请求日期: 2015-12-31 00:00:00,  缓存只包含从 2016-01-02 00:00:00 到 2025-12-15
00:00:00 期间市值
请求日期: 2015-12-31 00:00:00,  缓存只包含从 2016-01-02 00:00:00 到 2025-12-15
00:00:00 期间市值
请求日期: 2015-12-31 00:00:00,  缓存只包含从 2016-01-02 00:00:00 到 2025-12-15
00:00:00 期间市值
请求日期: 2015-12-31 00:00:00,  缓存只包含从 2016-01-02 00:00:00 到 2025-12-15
00:00:00 期间市值
筛选市值最小的 200 只股票
filter codes 48.44s
cerebro adddata 49.98s
初始投资组合价值: 30.00 万
pre_rebalance  2016-01-04
 002785 申请价格: 6.74, 买入数量: 8900
 002150 申请价格: 58.81, 买入数量: 1000
 000995 申请价格: 23.68, 买入数量: 2500
 600099 申请价格: 36.57, 买入数量: 1600
 002193 申请价格: 37.38, 买入数量: 1600
✅ 002785 2016-01-05 买入成交: 8900股 @ 7.06
   成本: 62834.00, 佣金: 188.50
现有现金 22062.68

✅ 002150 2016-01-05 买入成交: 1000股 @ 53.85
   成本: 53850.00, 佣金: 161.55
现有现金 22062.68

✅ 000995 2016-01-05 买入成交: 2500股 @ 21.50
   成本: 53750.00, 佣金: 161.25
现有现金 22062.68

✅ 600099 2016-01-05 买入成交: 1600股 @ 32.62
   成本: 52192.00, 佣金: 156.58
现有现金 22062.68

✅ 002193 2016-01-05 买入成交: 1600股 @ 34.05
   成本: 54480.00, 佣金: 163.44
现有现金 22062.68


- - - - - - - - - - - - - - - - - - - - - - - - -
调整各股现金额度 64412.54
pre_rebalance  2016-02-01
⭕ 002785 2016-02-02 卖出成交: -8900股 @ 21.29
   买入价格 7.06 收益: 126647.00, 佣金: 568.44
现有现金 252968.88

⭕ 002150 2016-02-02 卖出成交: -1000股 @ 42.12
   买入价格 53.85 收益: -11730.00, 佣金: 126.36
现有现金 252968.88

 002352 申请价格: 39.23, 买入数量: 1600
 000856 申请价格: 18.75, 买入数量: 3400
✅ 002352 2016-02-03 买入成交: 1600股 @ 37.50
   成本: 60000.00, 佣金: 180.00
现有现金 131234.77

✅ 000856 2016-02-03 买入成交: 3400股 @ 18.05
   成本: 61370.00, 佣金: 184.11
现有现金 131234.77


- - - - - - - - - - - - - - - - - - - - - - - - -
调整各股现金额度 77054.95
pre_rebalance  2016-03-01
⭕ 002352 2016-03-02 卖出成交: -1600股 @ 37.78
   买入价格 37.5 收益: 448.00, 佣金: 181.34
现有现金 263297.39

⭕ 000856 2016-03-02 卖出成交: -3400股 @ 21.18
   买入价格 18.05 收益: 10642.00, 佣金: 216.04
现有现金 263297.39

 600681 申请价格: 54.47, 买入数量: 1400
 002205 申请价格: 27.16, 买入数量: 2800
✅ 600681 2016-03-03 买入成交: 1400股 @ 50.66
   成本: 70924.00, 佣金: 212.77
现有现金 119619.65

✅ 002205 2016-03-03 买入成交: 2800股 @ 25.83
   成本: 72324.00, 佣金: 216.97
现有现金 119619.65


- - - - - - - - - - - - - - - - - - - - - - - - -
调整各股现金额度 87041.73
pre_rebalance  2016-04-01
⭕ 600681 2016-04-05 卖出成交: -1400股 @ 51.34
   买入价格 50.66 收益: 952.00, 佣金: 215.63
现有现金 191280.02

 000856 申请价格: 25.85, 买入数量: 3300
✅ 000856 2016-04-18 买入成交: 3300股 @ 24.96
   成本: 82368.00, 佣金: 247.10
现有现金 108664.91


- - - - - - - - - - - - - - - - - - - - - - - - -
调整各股现金额度 94535.38
pre_rebalance  2016-05-03
⭕ 000856 2016-05-04 卖出成交: -3300股 @ 25.58
   买入价格 24.96 收益: 2046.00, 佣金: 253.24
现有现金 192825.67

 002627 申请价格: 25.11, 买入数量: 3700
✅ 002627 2016-05-05 买入成交: 3700股 @ 24.30
   成本: 89910.00, 佣金: 269.73
现有现金 102645.94


- - - - - - - - - - - - - - - - - - - - - - - - -
调整各股现金额度 86396.99
pre_rebalance  2016-06-01
⭕ 002627 2016-06-02 卖出成交: -3700股 @ 21.53
   买入价格 24.3 收益: -10249.00, 佣金: 238.98
现有现金 182067.96

 000856 申请价格: 24.37, 买入数量: 3500
✅ 000856 2016-06-03 买入成交: 3500股 @ 23.21
   成本: 81235.00, 佣金: 243.71
现有现金 100589.25


- - - - - - - - - - - - - - - - - - - - - - - - -
调整各股现金额度 84924.45
pre_rebalance  2016-07-01
⭕ 000856 2016-07-04 卖出成交: -3500股 @ 23.36
   买入价格 23.21 收益: 525.00, 佣金: 245.28
现有现金 233549.17

⭕ 000995 2016-07-04 卖出成交: -2500股 @ 20.64
   买入价格 21.5 收益: -2150.00, 佣金: 154.80
现有现金 233549.17

 600423 申请价格: 23.67, 买入数量: 3500
 600234 申请价格: 32.72, 买入数量: 2500
✅ 600423 2016-07-05 买入成交: 3500股 @ 22.87
   成本: 80045.00, 佣金: 240.14
现有现金 73826.44

✅ 600234 2016-07-05 买入成交: 2500股 @ 31.68
   成本: 79200.00, 佣金: 237.60
现有现金 73826.44


- - - - - - - - - - - - - - - - - - - - - - - - -
调整各股现金额度 84668.49
pre_rebalance  2016-08-01
⭕ 002205 2016-08-02 卖出成交: -2800股 @ 30.30
   买入价格 25.83 收益: 12516.00, 佣金: 254.52
现有现金 299716.73

⭕ 002193 2016-08-02 卖出成交: -1600股 @ 36.55
   买入价格 34.05 收益: 4000.00, 佣金: 175.44
现有现金 299716.73

⭕ 600234 2016-08-02 卖出成交: -2500股 @ 33.30
   买入价格 31.68 收益: 4050.00, 佣金: 249.75
现有现金 299716.73

 000995 申请价格: 21.05, 买入数量: 4000
 002715 申请价格: 29.96, 买入数量: 2800
 002627 申请价格: 23.37, 买入数量: 3600
✅ 000995 2016-08-03 买入成交: 4000股 @ 20.17
   成本: 80680.00, 佣金: 242.04
现有现金 57849.30

✅ 002715 2016-08-03 买入成交: 2800股 @ 28.47
   成本: 79716.00, 佣金: 239.15
现有现金 57849.30

✅ 002627 2016-08-03 买入成交: 3600股 @ 22.43
   成本: 80748.00, 佣金: 242.24
现有现金 57849.30


- - - - - - - - - - - - - - - - - - - - - - - - -
调整各股现金额度 92576.26
pre_rebalance  2016-09-01
⭕ 600423 2016-09-02 卖出成交: -3500股 @ 24.81
   买入价格 22.87 收益: 6790.00, 佣金: 260.50
现有现金 229380.15

⭕ 002627 2016-09-02 卖出成交: -3600股 @ 23.67
   买入价格 22.43 收益: 4464.00, 佣金: 255.64
现有现金 229380.15

 000856 申请价格: 27.04, 买入数量: 3400
 002205 申请价格: 33.27, 买入数量: 2700
✅ 000856 2016-09-05 买入成交: 3400股 @ 25.19
   成本: 85646.00, 佣金: 256.94
现有现金 56168.07

✅ 002205 2016-09-05 买入成交: 2700股 @ 32.24
   成本: 87048.00, 佣金: 261.14
现有现金 56168.07


- - - - - - - - - - - - - - - - - - - - - - - - -
调整各股现金额度 101054.21
pre_rebalance  2016-10-10
⭕ 000856 2016-10-11 卖出成交: -3400股 @ 27.23
   买入价格 25.19 收益: 6936.00, 佣金: 277.75
现有现金 258517.20

⭕ 002205 2016-10-11 卖出成交: -2700股 @ 40.88
   买入价格 32.24 收益: 23328.00, 佣金: 331.13
现有现金 258517.20

 600719 申请价格: 45.08, 买入数量: 2200
 600444 申请价格: 45.50, 买入数量: 2200
✅ 600719 2016-10-12 买入成交: 2200股 @ 42.61
   成本: 93742.00, 佣金: 281.23
现有现金 70514.88

✅ 600444 2016-10-12 买入成交: 2200股 @ 42.59
   成本: 93698.00, 佣金: 281.09
现有现金 70514.88


- - - - - - - - - - - - - - - - - - - - - - - - -
调整各股现金额度 106902.18
pre_rebalance  2016-11-01
pre_rebalance  2016-12-01
⭕ 002715 2016-12-02 卖出成交: -2800股 @ 36.41
   买入价格 28.47 收益: 22232.00, 佣金: 305.84
现有现金 172157.03

 600520 申请价格: 49.98, 买入数量: 2100
✅ 600520 2016-12-05 买入成交: 2100股 @ 47.49
   成本: 99729.00, 佣金: 299.19
现有现金 72128.85


==================================================
策略执行总结:
==================================================
交易过股票：
000856 冀东装备 专用设备 收益率 30.83%
000856 rank 12
002627 三峡旅游 旅游酒店 收益率 -6.50%
002627 rank 31
600719 大连热电 电力行业 收益率 4.34%
600719 rank 6
002205 国统股份 水泥建材 收益率 48.74%
002205 rank 90
600444 国机通用 专用设备 收益率 5.35%
600444 rank 10
000995 皇台酒业 酿酒行业 收益率 42.79%
000995 rank 3
600681 百川能源 燃气 收益率 1.34%
600681 rank 11
002715 登云股份 汽车零部件 收益率 27.89%
002715 rank 21
002352 顺丰控股 物流行业 收益率 0.75%
002352 rank 28
002193 如意集团 纺织服装 收益率 7.34%
002193 rank 5
600234 科新发展 房地产开发 收益率 5.11%
600234 rank 81
600099 林海股份 交运设备 收益率 58.25%
600099 rank 4
002150 通润装备 光伏设备 收益率 -21.78%
002150 rank 2
600423 柳化股份 化学原料 收益率 8.48%
600423 rank 9
002785 万里石 装修建材 收益率 201.56%
002785 rank 1
600520 三佳科技 专用设备 收益率 33.08%
600520 rank 121

初始资金: 300000.00
最终价值: 603966.85
总收益率: 101.32%
cerebro run 50.68s
最终投资组合价值: 603966.85

🔍 策略表现:
累计收益: 101.32%
年化收益: 98.60%
夏普比率: 2.338
最大回撤: -20.75%

==================================================


2017 年
符合增长率 > 20% 的共有3110只
load_stock_list 0.00s
符合条件股票 1887 个
筛选市值最小的 200 只股票
filter codes 51.52s
cerebro adddata 53.13s
初始投资组合价值: 30.00 万
pre_rebalance  2017-01-03
 002836 申请价格: 14.80, 买入数量: 4000
 603929 申请价格: 8.21, 买入数量: 7300
 002835 申请价格: 24.84, 买入数量: 2400
 002833 申请价格: 20.35, 买入数量: 2900
 603239 申请价格: 36.33, 买入数量: 1600
✅ 002836 2017-01-04 买入成交: 4000股 @ 15.51
   成本: 62040.00, 佣金: 186.12
现有现金 50132.64

✅ 603929 2017-01-04 买入成交: 7300股 @ 8.60
   成本: 62780.00, 佣金: 188.34
现有现金 50132.64

✅ 002835 2017-01-04 买入成交: 2400股 @ 26.03
   成本: 62472.00, 佣金: 187.42
现有现金 50132.64

✅ 002833 2017-01-04 买入成交: 2900股 @ 21.32
   成本: 61828.00, 佣金: 185.48
现有现金 50132.64

❌ 603239 订单失败: Margin
   保证金不足


- - - - - - - - - - - - - - - - - - - - - - - - -
调整各股现金额度 70026.53
pre_rebalance  2017-02-03
⭕ 002836 2017-02-06 卖出成交: -4000股 @ 45.89
   买入价格 15.51 收益: 121520.00, 佣金: 550.68
现有现金 667607.64

⭕ 603929 2017-02-06 卖出成交: -7300股 @ 29.15
   买入价格 8.6 收益: 150015.00, 佣金: 638.38
现有现金 667607.64

⭕ 002835 2017-02-06 卖出成交: -2400股 @ 37.59
   买入价格 26.03 收益: 27744.00, 佣金: 270.65
现有现金 667607.64

⭕ 002833 2017-02-06 卖出成交: -2900股 @ 45.78
   买入价格 21.32 收益: 70934.00, 佣金: 398.29
现有现金 667607.64

 600301 申请价格: 22.93, 买入数量: 3000
 600817 申请价格: 87.96, 买入数量: 700
 600444 申请价格: 44.80, 买入数量: 1500
 600455 申请价格: 60.03, 买入数量: 1100
 002057 申请价格: 39.05, 买入数量: 1700
✅ 600301 2017-02-07 买入成交: 3000股 @ 21.93
   成本: 65790.00, 佣金: 197.37
现有现金 347917.44

✅ 600817 2017-02-07 买入成交: 700股 @ 84.17
   成本: 58919.00, 佣金: 176.76
现有现金 347917.44

✅ 600444 2017-02-07 买入成交: 1500股 @ 43.09
   成本: 64635.00, 佣金: 193.91
现有现金 347917.44

✅ 600455 2017-02-07 买入成交: 1100股 @ 58.39
   成本: 64229.00, 佣金: 192.69
现有现金 347917.44

✅ 002057 2017-02-07 买入成交: 1700股 @ 38.33
   成本: 65161.00, 佣金: 195.48
现有现金 347917.44


- - - - - - - - - - - - - - - - - - - - - - - - -
调整各股现金额度 132611.69
pre_rebalance  2017-03-01
⭕ 600444 2017-03-02 卖出成交: -1500股 @ 42.61
   买入价格 43.09 收益: -720.00, 佣金: 191.75
现有现金 411640.69

 600561 申请价格: 37.77, 买入数量: 3500
 002715 申请价格: 35.54, 买入数量: 3700
✅ 600561 2017-03-03 买入成交: 3500股 @ 36.33
   成本: 127155.00, 佣金: 381.46
现有现金 160042.16

✅ 002715 2017-03-03 买入成交: 3700股 @ 33.43
   成本: 123691.00, 佣金: 371.07
现有现金 160042.16

⭕ 002057 2017-03-09 卖出成交: -1700股 @ 39.00
   买入价格 38.33 收益: 1139.00, 佣金: 198.90
现有现金 226143.26


- - - - - - - - - - - - - - - - - - - - - - - - -
调整各股现金额度 128703.85
pre_rebalance  2017-04-05
⭕ 600561 2017-04-06 卖出成交: -3500股 @ 35.84
   买入价格 36.33 收益: -1715.00, 佣金: 376.32
现有现金 469004.48

⭕ 600817 2017-04-06 卖出成交: -700股 @ 81.04
   买入价格 84.17 收益: -2191.00, 佣金: 170.18
现有现金 469004.48

⭕ 600455 2017-04-06 卖出成交: -1100股 @ 55.84
   买入价格 58.39 收益: -2805.00, 佣金: 184.27
现有现金 469004.48

 002667 申请价格: 46.75, 买入数量: 2700
 002057 申请价格: 38.29, 买入数量: 3300
 600423 申请价格: 24.93, 买入数量: 5100
✅ 002667 2017-04-07 买入成交: 2700股 @ 45.74
   成本: 123498.00, 佣金: 370.49
现有现金 104277.57

✅ 002057 2017-04-07 买入成交: 3300股 @ 36.08
   成本: 119064.00, 佣金: 357.19
现有现金 104277.57

✅ 600423 2017-04-07 买入成交: 5100股 @ 23.74
   成本: 121074.00, 佣金: 363.22
现有现金 104277.57


- - - - - - - - - - - - - - - - - - - - - - - - -
调整各股现金额度 114331.91
pre_rebalance  2017-05-02
⭕ 002667 2017-05-03 卖出成交: -2700股 @ 38.50
   买入价格 45.74 收益: -19548.00, 佣金: 311.85
现有现金 369713.87

⭕ 002715 2017-05-03 卖出成交: -3700股 @ 28.35
   买入价格 33.43 收益: -18796.00, 佣金: 314.69
现有现金 369713.87

⭕ 600301 2017-05-03 卖出成交: -3000股 @ 19.13
   买入价格 21.93 收益: -8400.00, 佣金: 172.17
现有现金 369713.87

 002633 申请价格: 28.51, 买入数量: 4000
 600561 申请价格: 29.54, 买入数量: 3800
 600605 申请价格: 622.22, 买入数量: 100
✅ 002633 2017-05-04 买入成交: 4000股 @ 29.23
   成本: 116920.00, 佣金: 350.76
现有现金 86451.62

✅ 600561 2017-05-04 买入成交: 3800股 @ 28.13
   成本: 106894.00, 佣金: 320.68
现有现金 86451.62

✅ 600605 2017-05-04 买入成交: 100股 @ 586.01
   成本: 58601.00, 佣金: 175.80
现有现金 86451.62


- - - - - - - - - - - - - - - - - - - - - - - - -
调整各股现金额度 103014.12
pre_rebalance  2017-06-01
⭕ 002633 2017-06-02 卖出成交: -4000股 @ 29.78
   买入价格 29.23 收益: 2200.00, 佣金: 357.36
现有现金 295527.51

⭕ 002057 2017-06-02 卖出成交: -3300股 @ 27.45
   买入价格 36.08 收益: -28479.00, 佣金: 271.75
现有现金 295527.51

 600301 申请价格: 15.51, 买入数量: 6600
 600796 申请价格: 71.67, 买入数量: 1400
✅ 600301 2017-06-05 买入成交: 6600股 @ 15.05
   成本: 99330.00, 佣金: 297.99
现有现金 99220.35

✅ 600796 2017-06-05 买入成交: 1400股 @ 68.85
   成本: 96390.00, 佣金: 289.17
现有现金 99220.35


- - - - - - - - - - - - - - - - - - - - - - - - -
调整各股现金额度 110398.47
pre_rebalance  2017-07-03
⭕ 600796 2017-07-04 卖出成交: -1400股 @ 71.88
   买入价格 68.85 收益: 4242.00, 佣金: 301.90
现有现金 256266.79

⭕ 600605 2017-07-04 卖出成交: -100股 @ 568.87
   买入价格 586.01 收益: -1714.00, 佣金: 170.66
现有现金 256266.79

 600817 申请价格: 64.46, 买入数量: 1700
 600847 申请价格: 30.85, 买入数量: 3500
✅ 600817 2017-07-05 买入成交: 1700股 @ 61.74
   成本: 104958.00, 佣金: 314.87
现有现金 48452.21

✅ 600847 2017-07-05 买入成交: 3500股 @ 29.21
   成本: 102235.00, 佣金: 306.70
现有现金 48452.21


- - - - - - - - - - - - - - - - - - - - - - - - -
调整各股现金额度 109556.84
pre_rebalance  2017-08-01
⭕ 600847 2017-08-02 卖出成交: -3500股 @ 28.93
   买入价格 29.21 收益: -980.00, 佣金: 303.76
现有现金 149403.45

 002633 申请价格: 22.91, 买入数量: 4700
 600593 申请价格: 35.21, 买入数量: 3100
❌ 600593 订单失败: Margin
   保证金不足

✅ 002633 2017-08-03 买入成交: 4700股 @ 21.89
   成本: 102883.00, 佣金: 308.65
现有现金 46211.80


- - - - - - - - - - - - - - - - - - - - - - - - -
调整各股现金额度 116709.76
pre_rebalance  2017-09-01
 600817 申请价格: 64.83, 买入数量: 1800
❌ 600817 订单失败: Margin
   保证金不足

⭕ 600817 2017-09-06 卖出成交: -1700股 @ 64.83
   买入价格 64.827 收益: 5.10, 佣金: 330.63
现有现金 156092.16


- - - - - - - - - - - - - - - - - - - - - - - - -
调整各股现金额度 111540.23
pre_rebalance  2017-10-09
pre_rebalance  2017-11-01
 600593 申请价格: 34.67, 买入数量: 3200
✅ 600593 2017-11-03 买入成交: 3200股 @ 32.38
   成本: 103616.00, 佣金: 310.85
现有现金 52165.32


- - - - - - - - - - - - - - - - - - - - - - - - -
调整各股现金额度 103954.46
pre_rebalance  2017-12-01
⭕ 002633 2017-12-04 卖出成交: -4700股 @ 19.95
   买入价格 21.89 收益: -9118.00, 佣金: 281.29
现有现金 255494.49

⭕ 600593 2017-12-04 卖出成交: -3200股 @ 34.43
   买入价格 32.38 收益: 6560.00, 佣金: 330.53
现有现金 255494.49

 603029 申请价格: 21.49, 买入数量: 4800
 600778 申请价格: 26.60, 买入数量: 3900
✅ 603029 2017-12-05 买入成交: 4800股 @ 19.05
   成本: 91440.00, 佣金: 274.32
现有现金 68921.45

✅ 600778 2017-12-05 买入成交: 3900股 @ 24.25
   成本: 94575.00, 佣金: 283.73
现有现金 68921.45


==================================================
策略执行总结:
==================================================
交易过股票：
600796 钱江生化 环保行业 收益率 4.40%
600796 rank 42
002667 威领股份 能源金属 收益率 -15.83%
002667 rank 62
600778 友好集团 商业百货 收益率 3.79%
600778 rank 24
600561 江西长运 铁路公路 收益率 -20.60%
600561 rank 9
600847 万里股份 电池 收益率 -0.96%
600847 rank 89
603029 天鹅股份 专用设备 收益率 8.14%
603029 rank 170
603929 亚翔集成 装修装饰 收益率 238.95%
603929 rank 2
002715 登云股份 汽车零部件 收益率 -15.20%
002715 rank 14
600301 华锡有色 小金属 收益率 -19.20%
600301 rank 8
002633 申科股份 通用设备 收益率 -7.15%
002633 rank 96
600605 汇通能源 房地产服务 收益率 -2.92%
600605 rank 26
600423 柳化股份 化学原料 收益率 -28.05%
600423 rank 49
600817 宇通重工 工程机械 收益率 -3.71%
600817 rank 23
603239 浙江仙通 汽车零部件 收益率 0.00%
603239 rank 5
002836 新宏泽 造纸印刷 收益率 195.87%
002836 rank 1
002835 同为股份 计算机设备 收益率 44.41%
002835 rank 3
002057 中钢天源 非金属材料 收益率 -22.59%
002057 rank 6
600455 博通股份 教育 收益率 -4.37%
600455 rank 50
002833 弘亚数控 专用设备 收益率 114.73%
002833 rank 4
600444 国机通用 专用设备 收益率 -1.11%
600444 rank 12
600593 大连圣亚 旅游酒店 收益率 6.33%
600593 rank 27

初始资金: 300000.00
最终价值: 531108.45
总收益率: 77.04%
cerebro run 58.56s
最终投资组合价值: 531108.45

🔍 策略表现:
累计收益: 77.04%
年化收益: 75.46%
夏普比率: 2.111
最大回撤: -26.39%

==================================================


2018 年
符合增长率 > 20% 的共有3110只
load_stock_list 0.00s
符合条件股票 2232 个
筛选市值最小的 200 只股票
filter codes 50.26s
cerebro adddata 51.81s
初始投资组合价值: 30.00 万
pre_rebalance  2018-01-02
 603655 申请价格: 10.74, 买入数量: 5500
 002921 申请价格: 23.24, 买入数量: 2500
 002633 申请价格: 18.54, 买入数量: 3200
 600301 申请价格: 14.66, 买入数量: 4000
 000702 申请价格: 19.59, 买入数量: 3000
✅ 603655 2018-01-03 买入成交: 5500股 @ 11.25
   成本: 61875.00, 佣金: 185.62
现有现金 5305.56

✅ 002921 2018-01-03 买入成交: 2500股 @ 24.34
   成本: 60850.00, 佣金: 182.55
现有现金 5305.56

✅ 002633 2018-01-03 买入成交: 3200股 @ 17.84
   成本: 57088.00, 佣金: 171.26
现有现金 5305.56

✅ 600301 2018-01-03 买入成交: 4000股 @ 14.04
   成本: 56160.00, 佣金: 168.48
现有现金 5305.56

✅ 000702 2018-01-03 买入成交: 3000股 @ 19.28
   成本: 57840.00, 佣金: 173.52
现有现金 5305.56


- - - - - - - - - - - - - - - - - - - - - - - - -
调整各股现金额度 61061.11
pre_rebalance  2018-02-01
⭕ 603655 2018-02-02 卖出成交: -5500股 @ 28.15
   买入价格 11.25 收益: 92950.00, 佣金: 464.47
现有现金 292800.48

⭕ 002921 2018-02-02 卖出成交: -2500股 @ 31.85
   买入价格 24.34 收益: 18775.00, 佣金: 238.88
现有现金 292800.48

⭕ 000702 2018-02-02 卖出成交: -3000股 @ 17.97
   买入价格 19.28 收益: -3930.00, 佣金: 161.73
现有现金 292800.48

 600778 申请价格: 21.47, 买入数量: 2800
 603029 申请价格: 20.36, 买入数量: 2900
 603090 申请价格: 17.44, 买入数量: 3500
✅ 600778 2018-02-05 买入成交: 2800股 @ 19.87
   成本: 55636.00, 佣金: 166.91
现有现金 122844.14

✅ 603029 2018-02-05 买入成交: 2900股 @ 19.38
   成本: 56202.00, 佣金: 168.61
现有现金 122844.14

✅ 603090 2018-02-05 买入成交: 3500股 @ 16.46
   成本: 57610.00, 佣金: 172.83
现有现金 122844.14


- - - - - - - - - - - - - - - - - - - - - - - - -
调整各股现金额度 75600.03
pre_rebalance  2018-03-01
⭕ 603090 2018-03-02 卖出成交: -3500股 @ 16.08
   买入价格 16.46 收益: -1330.00, 佣金: 168.84
现有现金 178955.30

 600817 申请价格: 44.52, 买入数量: 1600
✅ 600817 2018-03-05 买入成交: 1600股 @ 42.17
   成本: 67472.00, 佣金: 202.42
现有现金 111280.88


- - - - - - - - - - - - - - - - - - - - - - - - -
调整各股现金额度 79443.78
pre_rebalance  2018-04-02
⭕ 603029 2018-04-03 卖出成交: -2900股 @ 23.37
   买入价格 19.38 收益: 11571.00, 佣金: 203.32
现有现金 178850.56

 002209 申请价格: 14.87, 买入数量: 5300
✅ 002209 2018-04-04 买入成交: 5300股 @ 14.18
   成本: 75154.00, 佣金: 225.46
现有现金 103471.10


- - - - - - - - - - - - - - - - - - - - - - - - -
调整各股现金额度 78958.22
pre_rebalance  2018-05-02
⭕ 002209 2018-05-03 卖出成交: -5300股 @ 15.74
   买入价格 14.18 收益: 8268.00, 佣金: 250.27
现有现金 186642.83

 000707 申请价格: 9.90, 买入数量: 7900
✅ 000707 2018-05-04 买入成交: 7900股 @ 9.49
   成本: 74971.00, 佣金: 224.91
现有现金 111446.92


- - - - - - - - - - - - - - - - - - - - - - - - -
调整各股现金额度 80738.98
pre_rebalance  2018-06-01
⭕ 002633 2018-06-04 卖出成交: -3200股 @ 18.16
   买入价格 17.84 收益: 1024.00, 佣金: 174.34
现有现金 169384.59

 600455 申请价格: 32.07, 买入数量: 2500
✅ 600455 2018-06-05 买入成交: 2500股 @ 30.60
   成本: 76500.00, 佣金: 229.50
现有现金 92655.09


- - - - - - - - - - - - - - - - - - - - - - - - -
调整各股现金额度 71234.02
pre_rebalance  2018-07-02
⭕ 600778 2018-07-03 卖出成交: -2800股 @ 20.07
   买入价格 19.87 收益: 560.00, 佣金: 168.59
现有现金 208527.42

⭕ 600455 2018-07-03 卖出成交: -2500股 @ 24.01
   买入价格 30.6 收益: -16475.00, 佣金: 180.08
现有现金 208527.42

 002207 申请价格: 10.48, 买入数量: 6700
 600202 申请价格: 16.42, 买入数量: 4300
✅ 002207 2018-07-04 买入成交: 6700股 @ 9.75
   成本: 65325.00, 佣金: 195.98
现有现金 76199.63

✅ 600202 2018-07-04 买入成交: 4300股 @ 15.49
   成本: 66607.00, 佣金: 199.82
现有现金 76199.63


- - - - - - - - - - - - - - - - - - - - - - - - -
调整各股现金额度 74735.73
pre_rebalance  2018-08-01
⭕ 000707 2018-08-02 卖出成交: -7900股 @ 9.30
   买入价格 9.49 收益: -1501.00, 佣金: 220.41
现有现金 149449.22

 600455 申请价格: 24.94, 买入数量: 2900
✅ 600455 2018-08-03 买入成交: 2900股 @ 23.09
   成本: 66961.00, 佣金: 200.88
现有现金 82287.33


- - - - - - - - - - - - - - - - - - - - - - - - -
调整各股现金额度 74415.07
pre_rebalance  2018-09-03
⭕ 600202 2018-09-04 卖出成交: -4300股 @ 16.92
   买入价格 15.49 收益: 6149.00, 佣金: 218.27
现有现金 228668.87

⭕ 600455 2018-09-04 卖出成交: -2900股 @ 25.54
   买入价格 23.09 收益: 7105.00, 佣金: 222.20
现有现金 228668.87

 000953 申请价格: 11.22, 买入数量: 6600
 002633 申请价格: 12.95, 买入数量: 5700
✅ 000953 2018-09-05 买入成交: 6600股 @ 10.95
   成本: 72270.00, 佣金: 216.81
现有现金 86433.44

✅ 002633 2018-09-05 买入成交: 5700股 @ 12.20
   成本: 69540.00, 佣金: 208.62
现有现金 86433.44


- - - - - - - - - - - - - - - - - - - - - - - - -
调整各股现金额度 72998.29
pre_rebalance  2018-10-08
⭕ 002633 2018-10-09 卖出成交: -5700股 @ 11.94
   买入价格 12.2 收益: -1482.00, 佣金: 204.17
现有现金 154287.26

 600556 申请价格: 14.26, 买入数量: 5100
✅ 600556 2018-10-10 买入成交: 5100股 @ 13.71
   成本: 69921.00, 佣金: 209.76
现有现金 84156.50


- - - - - - - - - - - - - - - - - - - - - - - - -
调整各股现金额度 74151.10
pre_rebalance  2018-11-01
⭕ 600556 2018-11-02 卖出成交: -5100股 @ 14.88
   买入价格 13.71 收益: 5967.00, 佣金: 227.66
现有现金 159816.84

 000707 申请价格: 8.89, 买入数量: 8300
✅ 000707 2018-11-05 买入成交: 8300股 @ 8.72
   成本: 72376.00, 佣金: 217.13
现有现金 87223.71


- - - - - - - - - - - - - - - - - - - - - - - - -
调整各股现金额度 80739.34
pre_rebalance  2018-12-03
⭕ 600301 2018-12-04 卖出成交: -4000股 @ 10.90
   买入价格 14.04 收益: -12560.00, 佣金: 130.80
现有现金 210299.37

⭕ 000707 2018-12-04 卖出成交: -8300股 @ 9.62
   买入价格 8.72 收益: 7470.00, 佣金: 239.54
现有现金 210299.37

 002890 申请价格: 20.97, 买入数量: 3800
 002800 申请价格: 19.36, 买入数量: 4100
✅ 002890 2018-12-05 买入成交: 3800股 @ 19.65
   成本: 74670.00, 佣金: 224.01
现有现金 61054.98

✅ 002800 2018-12-05 买入成交: 4100股 @ 18.08
   成本: 74128.00, 佣金: 222.38
现有现金 61054.98


==================================================
策略执行总结:
==================================================
交易过股票：
002890 弘宇股份 专用设备 收益率 -5.90%
002890 rank 40
002921 联诚精密 汽车零部件 收益率 30.85%
002921 rank 2
002800 天顺股份 物流行业 收益率 -7.52%
002800 rank 54
000953 河化股份 化学制药 收益率 -7.40%
000953 rank 51
002207 准油股份 采掘行业 收益率 -5.85%
002207 rank 15
000702 正虹科技 农牧饲渔 收益率 -6.79%
000702 rank 5
600455 博通股份 教育 收益率 -13.21%
600455 rank 55
600556 天下秀 文化传媒 收益率 8.53%
600556 rank 149
600301 华锡有色 小金属 收益率 -22.36%
600301 rank 4
600778 友好集团 商业百货 收益率 1.01%
600778 rank 6
002209 达 意 隆 专用设备 收益率 11.00%
002209 rank 7
603029 天鹅股份 专用设备 收益率 20.59%
603029 rank 9
002633 申科股份 通用设备 收益率 -0.38%
002633 rank 3
000707 双环科技 化学原料 收益率 8.11%
000707 rank 116
603090 宏盛股份 通用设备 收益率 -2.31%
603090 rank 11
600202 哈空调 电源设备 收益率 9.23%
600202 rank 48
600817 宇通重工 工程机械 收益率 -25.63%
600817 rank 19
603655 朗博科技 汽车零部件 收益率 150.22%
603655 rank 1

初始资金: 300000.00
最终价值: 378474.98
总收益率: 26.16%
cerebro run 52.83s
最终投资组合价值: 378474.98

🔍 策略表现:
累计收益: 26.16%
年化收益: 25.93%
夏普比率: 0.977
最大回撤: -23.92%

==================================================


2019 年
符合增长率 > 20% 的共有3110只
load_stock_list 0.00s
符合条件股票 2552 个
筛选市值最小的 200 只股票
filter codes 53.91s
cerebro adddata 56.63s
初始投资组合价值: 30.00 万
pre_rebalance  2019-01-02
 002207 申请价格: 9.74, 买入数量: 6100
 002072 申请价格: 7.15, 买入数量: 8300
 002188 申请价格: 8.11, 买入数量: 7400
 600817 申请价格: 33.54, 买入数量: 1700
 000953 申请价格: 10.65, 买入数量: 5600
✅ 002207 2019-01-03 买入成交: 6100股 @ 9.18
   成本: 55998.00, 佣金: 167.99
现有现金 20023.58

✅ 002072 2019-01-03 买入成交: 8300股 @ 6.82
   成本: 56606.00, 佣金: 169.82
现有现金 20023.58

✅ 002188 2019-01-03 买入成交: 7400股 @ 7.58
   成本: 56092.00, 佣金: 168.28
现有现金 20023.58

✅ 600817 2019-01-03 买入成交: 1700股 @ 31.63
   成本: 53771.00, 佣金: 161.31
现有现金 20023.58

✅ 000953 2019-01-03 买入成交: 5600股 @ 10.12
   成本: 56672.00, 佣金: 170.02
现有现金 20023.58


- - - - - - - - - - - - - - - - - - - - - - - - -
调整各股现金额度 56320.32
pre_rebalance  2019-02-01
⭕ 002207 2019-02-11 卖出成交: -6100股 @ 10.43
   买入价格 9.18 收益: 7625.00, 佣金: 190.87
现有现金 136455.24

⭕ 600817 2019-02-11 卖出成交: -1700股 @ 31.27
   买入价格 31.63 收益: -612.00, 佣金: 159.48
现有现金 136455.24

 002800 申请价格: 17.29, 买入数量: 3200
 002633 申请价格: 12.40, 买入数量: 4500
✅ 002800 2019-02-12 买入成交: 3200股 @ 17.50
   成本: 56000.00, 佣金: 168.00
现有现金 27118.21

✅ 002633 2019-02-12 买入成交: 4500股 @ 11.78
   成本: 53010.00, 佣金: 159.03
现有现金 27118.21


- - - - - - - - - - - - - - - - - - - - - - - - -
调整各股现金额度 61743.96
pre_rebalance  2019-03-01
⭕ 002800 2019-03-04 卖出成交: -3200股 @ 19.05
   买入价格 17.5 收益: 4960.00, 佣金: 182.88
现有现金 148418.21

⭕ 002633 2019-03-04 卖出成交: -4500股 @ 13.49
   买入价格 11.78 收益: 7695.00, 佣金: 182.12
现有现金 148418.21

 600817 申请价格: 37.76, 买入数量: 1600
 002207 申请价格: 13.94, 买入数量: 4400
✅ 600817 2019-03-05 买入成交: 1600股 @ 36.19
   成本: 57904.00, 佣金: 173.71
现有现金 31336.02

✅ 002207 2019-03-05 买入成交: 4400股 @ 13.37
   成本: 58828.00, 佣金: 176.48
现有现金 31336.02


- - - - - - - - - - - - - - - - - - - - - - - - -
调整各股现金额度 68011.16
pre_rebalance  2019-04-01
⭕ 002207 2019-04-02 卖出成交: -4400股 @ 15.11
   买入价格 13.37 收益: 7656.00, 佣金: 199.45
现有现金 97620.56

 603286 申请价格: 18.06, 买入数量: 3700
✅ 603286 2019-04-03 买入成交: 3700股 @ 17.61
   成本: 65157.00, 佣金: 195.47
现有现金 32268.09


- - - - - - - - - - - - - - - - - - - - - - - - -
调整各股现金额度 61121.02
pre_rebalance  2019-05-06
⭕ 000953 2019-05-07 卖出成交: -5600股 @ 9.78
   买入价格 10.12 收益: -1904.00, 佣金: 164.30
现有现金 142241.18

⭕ 600817 2019-05-07 卖出成交: -1600股 @ 34.71
   买入价格 36.19 收益: -2368.00, 佣金: 166.61
现有现金 142241.18

 002890 申请价格: 19.29, 买入数量: 3100
 603029 申请价格: 14.54, 买入数量: 4200
✅ 002890 2019-05-08 买入成交: 3100股 @ 18.47
   成本: 57257.00, 佣金: 171.77
现有现金 23898.21

✅ 603029 2019-05-08 买入成交: 4200股 @ 14.46
   成本: 60732.00, 佣金: 182.20
现有现金 23898.21


- - - - - - - - - - - - - - - - - - - - - - - - -
调整各股现金额度 61028.24
pre_rebalance  2019-06-03
⭕ 002890 2019-06-04 卖出成交: -3100股 @ 19.67
   买入价格 18.47 收益: 3720.00, 佣金: 182.93
现有现金 199524.75

⭕ 603286 2019-06-04 卖出成交: -3700股 @ 15.26
   买入价格 17.61 收益: -8695.00, 佣金: 169.39
现有现金 199524.75

⭕ 603029 2019-06-04 卖出成交: -4200股 @ 13.98
   买入价格 14.46 收益: -2016.00, 佣金: 176.15
现有现金 199524.75

 002629 申请价格: 8.44, 买入数量: 7200
 000953 申请价格: 9.39, 买入数量: 6500
 002420 申请价格: 3.27, 买入数量: 18600
✅ 002629 2019-06-05 买入成交: 7200股 @ 8.16
   成本: 58752.00, 佣金: 176.26
现有现金 23258.53

✅ 000953 2019-06-05 买入成交: 6500股 @ 9.07
   成本: 58955.00, 佣金: 176.87
现有现金 23258.53

✅ 002420 2019-06-05 买入成交: 18600股 @ 3.12
   成本: 58032.00, 佣金: 174.10
现有现金 23258.53


- - - - - - - - - - - - - - - - - - - - - - - - -
调整各股现金额度 61311.51
pre_rebalance  2019-07-01
pre_rebalance  2019-08-01
⭕ 002420 2019-08-02 卖出成交: -18600股 @ 3.22
   买入价格 3.12 收益: 1860.00, 佣金: 179.68
现有现金 82970.86

 600817 申请价格: 36.31, 买入数量: 1600
✅ 600817 2019-08-05 买入成交: 1600股 @ 33.95
   成本: 54320.00, 佣金: 162.96
现有现金 28487.90


- - - - - - - - - - - - - - - - - - - - - - - - -
调整各股现金额度 57820.38
pre_rebalance  2019-09-02
pre_rebalance  2019-10-08
pre_rebalance  2019-11-01
pre_rebalance  2019-12-02

==================================================
策略执行总结:
==================================================
交易过股票：
002420 毅昌科技 家电行业 收益率 3.21%
002420 rank 30
000953 河化股份 化学制药 收益率 20.61%
000953 rank 5
002633 申科股份 通用设备 收益率 14.52%
002633 rank 6
002072 凯瑞德 贸易行业 收益率 -5.57%
002072 rank 2
002207 准油股份 采掘行业 收益率 28.40%
002207 rank 1
002188 中天服务 房地产服务 收益率 -7.65%
002188 rank 3
600817 宇通重工 工程机械 收益率 -9.29%
600817 rank 4
002800 天顺股份 物流行业 收益率 8.86%
002800 rank 9
002629 仁智股份 采掘行业 收益率 18.63%
002629 rank 80
603286 日盈电子 汽车零部件 收益率 -13.34%
603286 rank 11
002890 弘宇股份 专用设备 收益率 6.50%
002890 rank 7
603029 天鹅股份 专用设备 收益率 -3.32%
603029 rank 8

初始资金: 300000.00
最终价值: 328983.90
总收益率: 9.66%
cerebro run 55.35s
最终投资组合价值: 328983.90

🔍 策略表现:
累计收益: 9.66%
年化收益: 9.58%
夏普比率: 0.493
最大回撤: -34.24%

==================================================


2020 年
符合增长率 > 20% 的共有3110只
load_stock_list 0.00s
符合条件股票 2636 个
筛选市值最小的 200 只股票
filter codes 51.73s
cerebro adddata 53.22s
初始投资组合价值: 30.00 万
pre_rebalance  2020-01-02
 002629 申请价格: 10.52, 买入数量: 5700
 002072 申请价格: 7.11, 买入数量: 8400
 002188 申请价格: 7.60, 买入数量: 7800
 600817 申请价格: 34.24, 买入数量: 1700
 002356 申请价格: 12.79, 买入数量: 4600
✅ 002629 2020-01-03 买入成交: 5700股 @ 10.09
   成本: 57513.00, 佣金: 172.54
现有现金 13982.51

✅ 002072 2020-01-03 买入成交: 8400股 @ 6.42
   成本: 53928.00, 佣金: 161.78
现有现金 13982.51

✅ 002188 2020-01-03 买入成交: 7800股 @ 7.26
   成本: 56628.00, 佣金: 169.88
现有现金 13982.51

✅ 600817 2020-01-03 买入成交: 1700股 @ 34.27
   成本: 58259.00, 佣金: 174.78
现有现金 13982.51

✅ 002356 2020-01-03 买入成交: 4600股 @ 12.79
   成本: 58834.00, 佣金: 176.50
现有现金 13982.51


- - - - - - - - - - - - - - - - - - - - - - - - -
调整各股现金额度 59436.70
pre_rebalance  2020-02-03
⭕ 600817 2020-02-04 卖出成交: -1700股 @ 42.26
   买入价格 34.27 收益: 13583.00, 佣金: 215.53
现有现金 85608.99

 002290 申请价格: 11.91, 买入数量: 4900
✅ 002290 2020-02-05 买入成交: 4900股 @ 11.77
   成本: 57673.00, 佣金: 173.02
现有现金 27762.97


- - - - - - - - - - - - - - - - - - - - - - - - -
调整各股现金额度 62203.39
pre_rebalance  2020-03-02
⭕ 002188 2020-03-03 卖出成交: -7800股 @ 9.55
   买入价格 7.26 收益: 17862.00, 佣金: 223.47
现有现金 102029.50

 600241 申请价格: 10.72, 买入数量: 5800
✅ 600241 2020-03-04 买入成交: 5800股 @ 10.26
   成本: 59508.00, 佣金: 178.52
现有现金 42342.98


- - - - - - - - - - - - - - - - - - - - - - - - -
调整各股现金额度 63787.20
pre_rebalance  2020-04-01
⭕ 002629 2020-04-02 卖出成交: -5700股 @ 13.44
   买入价格 10.09 收益: 19095.00, 佣金: 229.82
现有现金 118721.15

 600561 申请价格: 14.64, 买入数量: 4300
✅ 600561 2020-04-03 买入成交: 4300股 @ 13.69
   成本: 58867.00, 佣金: 176.60
现有现金 59677.55


- - - - - - - - - - - - - - - - - - - - - - - - -
调整各股现金额度 63388.11
pre_rebalance  2020-05-06
⭕ 600561 2020-05-07 卖出成交: -4300股 @ 12.83
   买入价格 13.69 收益: -3698.00, 佣金: 165.51
现有现金 190110.08

⭕ 002290 2020-05-07 卖出成交: -4900股 @ 15.44
   买入价格 11.77 收益: 17983.00, 佣金: 226.97
现有现金 190110.08

 000679 申请价格: 16.53, 买入数量: 3800
 002319 申请价格: 11.46, 买入数量: 5500
✅ 000679 2020-05-08 买入成交: 3800股 @ 15.97
   成本: 60686.00, 佣金: 182.06
现有现金 67677.88

✅ 002319 2020-05-08 买入成交: 5500股 @ 11.16
   成本: 61380.00, 佣金: 184.14
现有现金 67677.88


- - - - - - - - - - - - - - - - - - - - - - - - -
调整各股现金额度 66048.98
pre_rebalance  2020-06-01
⭕ 002319 2020-06-02 卖出成交: -5500股 @ 11.10
   买入价格 11.16 收益: -330.00, 佣金: 183.15
现有现金 128544.73

 000509 申请价格: 12.80, 买入数量: 5100
✅ 000509 2020-06-03 买入成交: 5100股 @ 12.41
   成本: 63291.00, 佣金: 189.87
现有现金 65063.85


- - - - - - - - - - - - - - - - - - - - - - - - -
调整各股现金额度 71839.17
pre_rebalance  2020-07-01
⭕ 000509 2020-07-02 卖出成交: -5100股 @ 17.02
   买入价格 12.41 收益: 23511.00, 佣金: 260.41
现有现金 230484.10

⭕ 000679 2020-07-02 卖出成交: -3800股 @ 20.82
   买入价格 15.97 收益: 18430.00, 佣金: 237.35
现有现金 230484.10

 600671 申请价格: 20.41, 买入数量: 3500
 002719 申请价格: 11.07, 买入数量: 6400
✅ 600671 2020-07-03 买入成交: 3500股 @ 19.08
   成本: 66780.00, 佣金: 200.34
现有现金 95781.20

✅ 002719 2020-07-03 买入成交: 6400股 @ 10.55
   成本: 67520.00, 佣金: 202.56
现有现金 95781.20


- - - - - - - - - - - - - - - - - - - - - - - - -
调整各股现金额度 79504.24
pre_rebalance  2020-08-03
⭕ 002719 2020-08-04 卖出成交: -6400股 @ 11.15
   买入价格 10.55 收益: 3840.00, 佣金: 214.08
现有现金 166927.12

 002175 申请价格: 9.91, 买入数量: 8000
✅ 002175 2020-08-05 买入成交: 8000股 @ 9.64
   成本: 77120.00, 佣金: 231.36
现有现金 89575.76


- - - - - - - - - - - - - - - - - - - - - - - - -
调整各股现金额度 84258.15
pre_rebalance  2020-09-01
⭕ 600671 2020-09-02 卖出成交: -3500股 @ 31.80
   买入价格 19.08 收益: 44520.00, 佣金: 333.90
现有现金 200541.86

 002629 申请价格: 10.48, 买入数量: 8000
✅ 002629 2020-09-03 买入成交: 8000股 @ 9.98
   成本: 79840.00, 佣金: 239.52
现有现金 120462.34


- - - - - - - - - - - - - - - - - - - - - - - - -
调整各股现金额度 77092.07
pre_rebalance  2020-10-09
⭕ 600241 2020-10-12 卖出成交: -5800股 @ 9.46
   买入价格 10.26 收益: -4640.00, 佣金: 164.60
现有现金 175165.74

 002188 申请价格: 7.02, 买入数量: 10900
✅ 002188 2020-10-13 买入成交: 10900股 @ 6.69
   成本: 72921.00, 佣金: 218.76
现有现金 102025.97


- - - - - - - - - - - - - - - - - - - - - - - - -
调整各股现金额度 73051.19
pre_rebalance  2020-11-02
pre_rebalance  2020-12-01

==================================================
策略执行总结:
==================================================
交易过股票：
000509 华塑控股 光学光电子 收益率 37.15%
000509 rank 171
600561 江西长运 铁路公路 收益率 -6.28%
600561 rank 13
002290 禾盛新材 家电行业 收益率 31.18%
002290 rank 8
002319 乐通股份 化学制品 收益率 -0.54%
002319 rank 90
002072 凯瑞德 贸易行业 收益率 -22.74%
002072 rank 2
600817 宇通重工 工程机械 收益率 23.31%
600817 rank 4
002188 中天服务 房地产服务 收益率 5.78%
002188 rank 3
000679 大连友谊 商业百货 收益率 30.37%
000679 rank 7
600671 天目药业 中药 收益率 66.67%
600671 rank 28
600241 时代万恒 电池 收益率 -7.80%
600241 rank 27
002719 麦趣尔 食品饮料 收益率 5.69%
002719 rank 119
002629 仁智股份 采掘行业 收益率 9.31%
002629 rank 1
002175 东方智造 仪器仪表 收益率 -28.22%
002175 rank 19
002356 赫美集团 贸易行业 收益率 -54.34%
002356 rank 5

初始资金: 300000.00
最终价值: 350075.97
总收益率: 16.69%
cerebro run 61.97s
最终投资组合价值: 350075.97

🔍 策略表现:
累计收益: 16.69%
年化收益: 16.48%
夏普比率: 0.961
最大回撤: -17.41%

==================================================


2021 年
符合增长率 > 20% 的共有3110只
load_stock_list 0.00s
符合条件股票 2794 个
筛选市值最小的 200 只股票
filter codes 51.45s
cerebro adddata 52.94s
初始投资组合价值: 30.00 万
pre_rebalance  2021-01-04
 002356 申请价格: 6.43, 买入数量: 9300
 600734 申请价格: 5.21, 买入数量: 11500
 002072 申请价格: 5.46, 买入数量: 10900
 002188 申请价格: 5.57, 买入数量: 10700
 002052 申请价格: 7.67, 买入数量: 7800
✅ 002356 2021-01-05 买入成交: 9300股 @ 6.34
   成本: 58962.00, 佣金: 176.89
现有现金 14987.52

✅ 600734 2021-01-05 买入成交: 11500股 @ 5.13
   成本: 58995.00, 佣金: 176.98
现有现金 14987.52

✅ 002072 2021-01-05 买入成交: 10900股 @ 4.95
   成本: 53955.00, 佣金: 161.87
现有现金 14987.52

✅ 002188 2021-01-05 买入成交: 10700股 @ 5.22
   成本: 55854.00, 佣金: 167.56
现有现金 14987.52

✅ 002052 2021-01-05 买入成交: 7800股 @ 7.23
   成本: 56394.00, 佣金: 169.18
现有现金 14987.52


- - - - - - - - - - - - - - - - - - - - - - - - -
调整各股现金额度 54067.70
pre_rebalance  2021-02-01
pre_rebalance  2021-03-01
⭕ 002052 2021-03-02 卖出成交: -7800股 @ 9.35
   买入价格 7.23 收益: 16536.00, 佣金: 218.79
现有现金 87698.73

 002175 申请价格: 7.60, 买入数量: 7100
✅ 002175 2021-03-03 买入成交: 7100股 @ 7.63
   成本: 54173.00, 佣金: 162.52
现有现金 33363.21


- - - - - - - - - - - - - - - - - - - - - - - - -
调整各股现金额度 60740.35
pre_rebalance  2021-04-01
⭕ 600734 2021-04-02 卖出成交: -11500股 @ 8.66
   买入价格 5.13 收益: 40595.00, 佣金: 298.77
现有现金 195867.23

⭕ 002175 2021-04-02 卖出成交: -7100股 @ 8.93
   买入价格 7.63 收益: 9230.00, 佣金: 190.21
现有现金 195867.23

 002629 申请价格: 8.21, 买入数量: 7300
 002633 申请价格: 10.01, 买入数量: 6000
✅ 002629 2021-04-06 买入成交: 7300股 @ 7.71
   成本: 56283.00, 佣金: 168.85
现有现金 80198.26

✅ 002633 2021-04-06 买入成交: 6000股 @ 9.84
   成本: 59040.00, 佣金: 177.12
现有现金 80198.26


- - - - - - - - - - - - - - - - - - - - - - - - -
调整各股现金额度 76780.00
pre_rebalance  2021-05-06
pre_rebalance  2021-06-01
⭕ 002356 2021-06-02 卖出成交: -9300股 @ 10.86
   买入价格 6.34 收益: 42036.00, 佣金: 302.99
现有现金 243943.55

⭕ 002633 2021-06-02 卖出成交: -6000股 @ 10.54
   买入价格 9.84 收益: 4200.00, 佣金: 189.72
现有现金 243943.55

 603729 申请价格: 15.32, 买入数量: 5000
 600671 申请价格: 26.59, 买入数量: 2800
✅ 603729 2021-06-03 买入成交: 5000股 @ 14.79
   成本: 73950.00, 佣金: 221.85
现有现金 98241.75

✅ 600671 2021-06-03 买入成交: 2800股 @ 25.47
   成本: 71316.00, 佣金: 213.95
现有现金 98241.75


- - - - - - - - - - - - - - - - - - - - - - - - -
调整各股现金额度 96428.35
pre_rebalance  2021-07-01
⭕ 603729 2021-07-02 卖出成交: -5000股 @ 19.69
   买入价格 14.79 收益: 24500.00, 佣金: 295.35
现有现金 196396.40

 002633 申请价格: 11.65, 买入数量: 8200
✅ 002633 2021-07-05 买入成交: 8200股 @ 11.51
   成本: 94382.00, 佣金: 283.15
现有现金 101731.26


- - - - - - - - - - - - - - - - - - - - - - - - -
调整各股现金额度 97912.85
pre_rebalance  2021-08-05
⭕ 600671 2021-08-06 卖出成交: -2800股 @ 27.86
   买入价格 25.47 收益: 6692.00, 佣金: 234.02
现有现金 179505.23

 600455 申请价格: 20.42, 买入数量: 4700
✅ 600455 2021-08-09 买入成交: 4700股 @ 19.87
   成本: 93389.00, 佣金: 280.17
现有现金 85836.06


- - - - - - - - - - - - - - - - - - - - - - - - -
调整各股现金额度 101769.81
pre_rebalance  2021-09-01
⭕ 600455 2021-09-02 卖出成交: -4700股 @ 21.75
   买入价格 19.87 收益: 8836.00, 佣金: 306.68
现有现金 287330.76

⭕ 002633 2021-09-02 卖出成交: -8200股 @ 12.18
   买入价格 11.51 收益: 5494.00, 佣金: 299.63
现有现金 287330.76

 600671 申请价格: 29.61, 买入数量: 3400
 603729 申请价格: 17.58, 买入数量: 5700
✅ 600671 2021-09-03 买入成交: 3400股 @ 28.08
   成本: 95472.00, 佣金: 286.42
现有现金 96439.80

✅ 603729 2021-09-03 买入成交: 5700股 @ 16.64
   成本: 94848.00, 佣金: 284.54
现有现金 96439.80


- - - - - - - - - - - - - - - - - - - - - - - - -
调整各股现金额度 98536.76
pre_rebalance  2021-10-08
pre_rebalance  2021-11-01
⭕ 600671 2021-11-02 卖出成交: -3400股 @ 24.65
   买入价格 28.08 收益: -11662.00, 佣金: 251.43
现有现金 179998.37

 002633 申请价格: 11.27, 买入数量: 8700
✅ 002633 2021-11-03 买入成交: 8700股 @ 10.79
   成本: 93873.00, 佣金: 281.62
现有现金 85843.75


- - - - - - - - - - - - - - - - - - - - - - - - -
调整各股现金额度 100471.75
pre_rebalance  2021-12-01
⭕ 002072 2021-12-02 卖出成交: -10900股 @ 8.29
   买入价格 4.95 收益: 36406.00, 佣金: 271.08
现有现金 175933.67

 600671 申请价格: 27.67, 买入数量: 3600
✅ 600671 2021-12-03 买入成交: 3600股 @ 26.44
   成本: 95184.00, 佣金: 285.55
现有现金 80464.12


==================================================
策略执行总结:
==================================================
交易过股票：
603729 龙韵股份 文化传媒 收益率 44.97%
603729 rank 18
002072 凯瑞德 贸易行业 收益率 67.47%
002072 rank 3
600671 天目药业 中药 收益率 -1.22%
600671 rank 12
600734 实达集团 互联网服务 收益率 68.81%
600734 rank 2
002175 东方智造 仪器仪表 收益率 17.04%
002175 rank 6
002052 同洲电子 家电行业 收益率 29.32%
002052 rank 5
002633 申科股份 通用设备 收益率 35.51%
002633 rank 11
002188 中天服务 房地产服务 收益率 47.89%
002188 rank 4
600455 博通股份 教育 收益率 9.46%
600455 rank 19
002629 仁智股份 采掘行业 收益率 146.30%
002629 rank 7
002356 赫美集团 贸易行业 收益率 71.29%
002356 rank 1

初始资金: 300000.00
最终价值: 615129.12
总收益率: 105.04%
cerebro run 69.02s
最终投资组合价值: 615129.12

🔍 策略表现:
累计收益: 105.04%
年化收益: 102.76%
夏普比率: 3.431
最大回撤: -13.18%

==================================================


2022 年
符合增长率 > 20% 的共有3110只
load_stock_list 0.00s
符合条件股票 2919 个
筛选市值最小的 200 只股票
filter codes 50.97s
cerebro adddata 52.43s
初始投资组合价值: 30.00 万
pre_rebalance  2022-01-04
 600671 申请价格: 29.99, 买入数量: 2000
 002188 申请价格: 7.98, 买入数量: 7500
 603176 申请价格: 2.84, 买入数量: 21100
 603729 申请价格: 19.19, 买入数量: 3100
 002633 申请价格: 14.20, 买入数量: 4200
✅ 600671 2022-01-05 买入成交: 2000股 @ 29.98
   成本: 59960.00, 佣金: 179.88
现有现金 7153.09

✅ 002188 2022-01-05 买入成交: 7500股 @ 7.62
   成本: 57150.00, 佣金: 171.45
现有现金 7153.09

✅ 603176 2022-01-05 买入成交: 21100股 @ 2.97
   成本: 62667.00, 佣金: 188.00
现有现金 7153.09

✅ 603729 2022-01-05 买入成交: 3100股 @ 18.24
   成本: 56544.00, 佣金: 169.63
现有现金 7153.09

✅ 002633 2022-01-05 买入成交: 4200股 @ 13.25
   成本: 55650.00, 佣金: 166.95
现有现金 7153.09


- - - - - - - - - - - - - - - - - - - - - - - - -
调整各股现金额度 61430.62
pre_rebalance  2022-02-07
⭕ 002188 2022-02-08 卖出成交: -7500股 @ 9.97
   买入价格 7.62 收益: 17625.00, 佣金: 224.33
现有现金 369595.49

⭕ 603176 2022-02-08 卖出成交: -21100股 @ 11.00
   买入价格 2.97 收益: 169433.00, 佣金: 696.30
现有现金 369595.49

⭕ 002633 2022-02-08 卖出成交: -4200股 @ 13.49
   买入价格 13.25 收益: 1008.00, 佣金: 169.97
现有现金 369595.49

 600768 申请价格: 33.27, 买入数量: 1800
 000702 申请价格: 13.94, 买入数量: 4400
 603709 申请价格: 17.75, 买入数量: 3400
✅ 600768 2022-02-09 买入成交: 1800股 @ 31.63
   成本: 56934.00, 佣金: 170.80
现有现金 192754.55

✅ 000702 2022-02-09 买入成交: 4400股 @ 14.08
   成本: 61952.00, 佣金: 185.86
现有现金 192754.55

✅ 603709 2022-02-09 买入成交: 3400股 @ 16.89
   成本: 57426.00, 佣金: 172.28
现有现金 192754.55


- - - - - - - - - - - - - - - - - - - - - - - - -
调整各股现金额度 99512.31
pre_rebalance  2022-03-01
⭕ 000702 2022-03-02 卖出成交: -4400股 @ 14.73
   买入价格 14.08 收益: 2860.00, 佣金: 194.44
现有现金 257372.12

 002021 申请价格: 18.05, 买入数量: 5500
✅ 002021 2022-03-03 买入成交: 5500股 @ 17.09
   成本: 93995.00, 佣金: 281.99
现有现金 163095.13


- - - - - - - - - - - - - - - - - - - - - - - - -
调整各股现金额度 95804.23
pre_rebalance  2022-04-01
⭕ 600768 2022-04-06 卖出成交: -1800股 @ 32.80
   买入价格 31.63 收益: 2106.00, 佣金: 177.12
现有现金 281347.31

⭕ 603709 2022-04-06 卖出成交: -3400股 @ 17.52
   买入价格 16.89 收益: 2142.00, 佣金: 178.70
现有现金 281347.31

 002052 申请价格: 13.19, 买入数量: 7200
 002535 申请价格: 6.04, 买入数量: 15800
✅ 002052 2022-04-07 买入成交: 7200股 @ 12.22
   成本: 87984.00, 佣金: 263.95
现有现金 103086.12

✅ 002535 2022-04-07 买入成交: 15800股 @ 5.68
   成本: 89744.00, 佣金: 269.23
现有现金 103086.12


- - - - - - - - - - - - - - - - - - - - - - - - -
调整各股现金额度 89802.42
pre_rebalance  2022-05-05
⭕ 600671 2022-05-06 卖出成交: -2000股 @ 22.68
   买入价格 29.98 收益: -14600.00, 佣金: 136.08
现有现金 313937.67

⭕ 002052 2022-05-06 卖出成交: -7200股 @ 10.85
   买入价格 12.22 收益: -9864.00, 佣金: 234.36
现有现金 313937.67

⭕ 002535 2022-05-06 卖出成交: -15800股 @ 5.57
   买入价格 5.68 收益: -1738.00, 佣金: 264.02
现有现金 313937.67

 600768 申请价格: 27.07, 买入数量: 3300
 002633 申请价格: 11.77, 买入数量: 7600
 600455 申请价格: 20.39, 买入数量: 4400
✅ 600768 2022-05-09 买入成交: 3300股 @ 26.22
   成本: 86526.00, 佣金: 259.58
现有现金 53621.05

✅ 002633 2022-05-09 买入成交: 7600股 @ 11.40
   成本: 86640.00, 佣金: 259.92
现有现金 53621.05

✅ 600455 2022-05-09 买入成交: 4400股 @ 19.63
   成本: 86372.00, 佣金: 259.12
现有现金 53621.05


- - - - - - - - - - - - - - - - - - - - - - - - -
调整各股现金额度 100526.63
pre_rebalance  2022-06-01
⭕ 002021 2022-06-02 卖出成交: -5500股 @ 17.00
   买入价格 17.09 收益: -495.00, 佣金: 280.50
现有现金 310717.44

⭕ 002633 2022-06-02 卖出成交: -7600股 @ 13.38
   买入价格 11.4 收益: 15048.00, 佣金: 305.06
现有现金 310717.44

⭕ 603729 2022-06-02 卖出成交: -3100股 @ 20.22
   买入价格 18.24 收益: 6138.00, 佣金: 188.05
现有现金 310717.44

 600671 申请价格: 24.96, 买入数量: 4000
 002316 申请价格: 8.38, 买入数量: 11900
 603709 申请价格: 17.01, 买入数量: 5900
✅ 600671 2022-06-06 买入成交: 4000股 @ 23.65
   成本: 94600.00, 佣金: 283.80
现有现金 19600.70

✅ 002316 2022-06-06 买入成交: 11900股 @ 8.28
   成本: 98532.00, 佣金: 295.60
现有现金 19600.70

✅ 603709 2022-06-06 买入成交: 5900股 @ 16.46
   成本: 97114.00, 佣金: 291.34
现有现金 19600.70


- - - - - - - - - - - - - - - - - - - - - - - - -
调整各股现金额度 99276.14
pre_rebalance  2022-07-01
⭕ 603709 2022-07-04 卖出成交: -5900股 @ 16.27
   买入价格 16.46 收益: -1121.00, 佣金: 287.98
现有现金 115305.72

 002021 申请价格: 17.94, 买入数量: 5500
✅ 002021 2022-07-05 买入成交: 5500股 @ 16.91
   成本: 93005.00, 佣金: 279.01
现有现金 22021.71


- - - - - - - - - - - - - - - - - - - - - - - - -
调整各股现金额度 103680.48
pre_rebalance  2022-08-01
⭕ 002316 2022-08-02 卖出成交: -11900股 @ 13.68
   买入价格 8.28 收益: 64260.00, 佣金: 488.38
现有现金 276064.29

⭕ 002021 2022-08-02 卖出成交: -5500股 @ 16.73
   买入价格 16.91 收益: -990.00, 佣金: 276.05
现有现金 276064.29

 002719 申请价格: 12.09, 买入数量: 8500
 603709 申请价格: 17.00, 买入数量: 6000
✅ 002719 2022-08-03 买入成交: 8500股 @ 11.82
   成本: 100470.00, 佣金: 301.41
现有现金 77079.12

✅ 603709 2022-08-03 买入成交: 6000股 @ 16.32
   成本: 97920.00, 佣金: 293.76
现有现金 77079.12


- - - - - - - - - - - - - - - - - - - - - - - - -
调整各股现金额度 119096.31
pre_rebalance  2022-09-01
⭕ 002719 2022-09-02 卖出成交: -8500股 @ 13.22
   买入价格 11.82 收益: 11900.00, 佣金: 337.11
现有现金 189112.01

 603729 申请价格: 21.88, 买入数量: 5400
✅ 603729 2022-09-05 买入成交: 5400股 @ 21.04
   成本: 113616.00, 佣金: 340.85
现有现金 75155.16


- - - - - - - - - - - - - - - - - - - - - - - - -
调整各股现金额度 108036.43
pre_rebalance  2022-10-10
⭕ 603709 2022-10-11 卖出成交: -6000股 @ 15.15
   买入价格 16.32 收益: -7020.00, 佣金: 272.70
现有现金 165782.46

 002316 申请价格: 10.20, 买入数量: 10500
✅ 002316 2022-10-12 买入成交: 10500股 @ 10.21
   成本: 107205.00, 佣金: 321.62
现有现金 58255.85


- - - - - - - - - - - - - - - - - - - - - - - - -
调整各股现金额度 114337.57
pre_rebalance  2022-11-01
⭕ 600455 2022-11-02 卖出成交: -4400股 @ 23.68
   买入价格 19.63 收益: 17820.00, 佣金: 312.58
现有现金 162135.27

 603709 申请价格: 16.81, 买入数量: 6800
✅ 603709 2022-11-03 买入成交: 6800股 @ 15.93
   成本: 108324.00, 佣金: 324.97
现有现金 53486.30


- - - - - - - - - - - - - - - - - - - - - - - - -
调整各股现金额度 125034.83
pre_rebalance  2022-12-01
⭕ 603709 2022-12-02 卖出成交: -6800股 @ 17.27
   买入价格 15.93 收益: 9112.00, 佣金: 352.31
现有现金 315139.97

⭕ 002316 2022-12-02 卖出成交: -10500股 @ 13.81
   买入价格 10.21 收益: 37800.00, 佣金: 435.02
现有现金 315139.97

 600455 申请价格: 25.78, 买入数量: 4800
 002719 申请价格: 14.02, 买入数量: 8900
✅ 600455 2022-12-05 买入成交: 4800股 @ 25.00
   成本: 120000.00, 佣金: 360.00
现有现金 76769.00

✅ 002719 2022-12-05 买入成交: 8900股 @ 13.22
   成本: 117658.00, 佣金: 352.97
现有现金 76769.00


==================================================
策略执行总结:
==================================================
交易过股票：
603176 汇通集团 工程建设 收益率 270.37%
603176 rank 3
000702 正虹科技 农牧饲渔 收益率 4.62%
000702 rank 8
603709 中源家居 装修建材 收益率 3.19%
603709 rank 10
002052 同洲电子 家电行业 收益率 -11.21%
002052 rank 36
002535 林州重机 专用设备 收益率 -1.94%
002535 rank 24
600455 博通股份 教育 收益率 20.63%
600455 rank 14
002021 中捷资源 专用设备 收益率 -1.59%
002021 rank 41
002316 亚联发展 互联网服务 收益率 123.47%
002316 rank 165
002188 中天服务 房地产服务 收益率 30.84%
002188 rank 2
603729 龙韵股份 文化传媒 收益率 -1.53%
603729 rank 4
002633 申科股份 通用设备 收益率 19.49%
002633 rank 5
600768 宁波富邦 有色金属 收益率 21.38%
600768 rank 7
002719 麦趣尔 食品饮料 收益率 130.03%
002719 rank 72
600671 天目药业 中药 收益率 -7.88%
600671 rank 1

初始资金: 300000.00
最终价值: 756163.00
总收益率: 152.05%
cerebro run 84.55s
最终投资组合价值: 756163.00

🔍 策略表现:
累计收益: 152.05%
年化收益: 149.33%
夏普比率: 3.517
最大回撤: -16.89%

==================================================


2023 年
符合增长率 > 20% 的共有3110只
load_stock_list 0.00s
符合条件股票 2990 个
筛选市值最小的 200 只股票
filter codes 54.93s
cerebro adddata 57.45s
初始投资组合价值: 30.00 万
pre_rebalance  2023-01-03
 600671 申请价格: 29.25, 买入数量: 2000
 603709 申请价格: 16.93, 买入数量: 3500
 603729 申请价格: 19.93, 买入数量: 3000
 600768 申请价格: 33.14, 买入数量: 1800
 002021 申请价格: 19.11, 买入数量: 3100
✅ 600671 2023-01-04 买入成交: 2000股 @ 27.95
   成本: 55900.00, 佣金: 167.70
现有现金 13666.57

✅ 603709 2023-01-04 买入成交: 3500股 @ 16.53
   成本: 57855.00, 佣金: 173.56
现有现金 13666.57

✅ 603729 2023-01-04 买入成交: 3000股 @ 19.36
   成本: 58080.00, 佣金: 174.24
现有现金 13666.57

✅ 600768 2023-01-04 买入成交: 1800股 @ 31.79
   成本: 57222.00, 佣金: 171.67
现有现金 13666.57

✅ 002021 2023-01-04 买入成交: 3100股 @ 18.20
   成本: 56420.00, 佣金: 169.26
现有现金 13666.57


- - - - - - - - - - - - - - - - - - - - - - - - -
调整各股现金额度 62733.31
pre_rebalance  2023-02-01
⭕ 002021 2023-02-02 卖出成交: -3100股 @ 19.58
   买入价格 18.2 收益: 4278.00, 佣金: 182.09
现有现金 74182.47

 002856 申请价格: 13.48, 买入数量: 4600
✅ 002856 2023-02-03 买入成交: 4600股 @ 12.74
   成本: 58604.00, 佣金: 175.81
现有现金 15402.66


- - - - - - - - - - - - - - - - - - - - - - - - -
调整各股现金额度 65592.73
pre_rebalance  2023-03-01
⭕ 600768 2023-03-02 卖出成交: -1800股 @ 37.84
   买入价格 31.79 收益: 10890.00, 佣金: 204.34
现有现金 208845.59

⭕ 603709 2023-03-02 卖出成交: -3500股 @ 18.85
   买入价格 16.53 收益: 8120.00, 佣金: 197.93
现有现金 208845.59

⭕ 002856 2023-03-02 卖出成交: -4600股 @ 13.03
   买入价格 12.74 收益: 1334.00, 佣金: 179.81
现有现金 208845.59

 002021 申请价格: 18.24, 买入数量: 3500
 002052 申请价格: 13.62, 买入数量: 4800
 002316 申请价格: 13.28, 买入数量: 4900
✅ 002021 2023-03-03 买入成交: 3500股 @ 17.92
   成本: 62720.00, 佣金: 188.16
现有现金 23163.21

✅ 002052 2023-03-03 买入成交: 4800股 @ 12.69
   成本: 60912.00, 佣金: 182.74
现有现金 23163.21

✅ 002316 2023-03-03 买入成交: 4900股 @ 12.55
   成本: 61495.00, 佣金: 184.49
现有现金 23163.21


- - - - - - - - - - - - - - - - - - - - - - - - -
调整各股现金额度 66541.64
pre_rebalance  2023-04-03
⭕ 603729 2023-04-04 卖出成交: -3000股 @ 20.10
   买入价格 19.36 收益: 2220.00, 佣金: 180.90
现有现金 221622.04

⭕ 002052 2023-04-04 卖出成交: -4800股 @ 14.33
   买入价格 12.69 收益: 7872.00, 佣金: 206.35
现有现金 221622.04

⭕ 002316 2023-04-04 卖出成交: -4900股 @ 14.28
   买入价格 12.55 收益: 8477.00, 佣金: 209.92
现有现金 221622.04

 603030 申请价格: 6.77, 买入数量: 9800
 603709 申请价格: 17.52, 买入数量: 3700
 002652 申请价格: 13.50, 买入数量: 4900
✅ 603030 2023-04-06 买入成交: 9800股 @ 6.33
   成本: 62034.00, 佣金: 186.10
现有现金 36384.99

✅ 603709 2023-04-06 买入成交: 3700股 @ 16.25
   成本: 60125.00, 佣金: 180.38
现有现金 36384.99

✅ 002652 2023-04-06 买入成交: 4900股 @ 12.76
   成本: 62524.00, 佣金: 187.57
现有现金 36384.99


- - - - - - - - - - - - - - - - - - - - - - - - -
调整各股现金额度 68874.00
pre_rebalance  2023-05-04
⭕ 603030 2023-05-05 卖出成交: -9800股 @ 7.16
   买入价格 6.33 收益: 8134.00, 佣金: 210.50
现有现金 170165.44

⭕ 002021 2023-05-05 卖出成交: -3500股 @ 18.29
   买入价格 17.92 收益: 1295.00, 佣金: 192.04
现有现金 170165.44

 000702 申请价格: 14.76, 买入数量: 4600
 002856 申请价格: 12.84, 买入数量: 5300
✅ 000702 2023-05-08 买入成交: 4600股 @ 14.03
   成本: 64538.00, 佣金: 193.61
现有现金 40526.69

✅ 002856 2023-05-08 买入成交: 5300股 @ 12.21
   成本: 64713.00, 佣金: 194.14
现有现金 40526.69


- - - - - - - - - - - - - - - - - - - - - - - - -
调整各股现金额度 67894.34
pre_rebalance  2023-06-01
⭕ 603709 2023-06-02 卖出成交: -3700股 @ 17.70
   买入价格 16.25 收益: 5365.00, 佣金: 196.47
现有现金 298072.72

⭕ 000702 2023-06-02 卖出成交: -4600股 @ 14.11
   买入价格 14.03 收益: 368.00, 佣金: 194.72
现有现金 298072.72

⭕ 002856 2023-06-02 卖出成交: -5300股 @ 11.97
   买入价格 12.21 收益: -1272.00, 佣金: 190.32
现有现金 298072.72

⭕ 002652 2023-06-02 卖出成交: -4900股 @ 13.16
   买入价格 12.76 收益: 1960.00, 佣金: 193.45
现有现金 298072.72

 603030 申请价格: 6.62, 买入数量: 10200
 002021 申请价格: 16.99, 买入数量: 3900
 603880 申请价格: 14.21, 买入数量: 4700
 603729 申请价格: 22.02, 买入数量: 3000
✅ 603030 2023-06-05 买入成交: 10200股 @ 6.27
   成本: 63954.00, 佣金: 191.86
现有现金 102878.89

✅ 002021 2023-06-05 买入成交: 3900股 @ 16.54
   成本: 64506.00, 佣金: 193.52
现有现金 102878.89

✅ 603729 2023-06-05 买入成交: 3000股 @ 22.05
   成本: 66150.00, 佣金: 198.45
现有现金 102878.89

✅ 603880 2023-06-09 买入成交: 4700股 @ 14.22
   成本: 66834.00, 佣金: 200.50
现有现金 35844.39


- - - - - - - - - - - - - - - - - - - - - - - - -
调整各股现金额度 75063.22
pre_rebalance  2023-07-03
⭕ 603030 2023-07-04 卖出成交: -10200股 @ 9.06
   买入价格 6.27 收益: 28458.00, 佣金: 277.24
现有现金 274762.48

⭕ 002021 2023-07-04 卖出成交: -3900股 @ 21.05
   买入价格 16.54 收益: 17589.00, 佣金: 246.29
现有现金 274762.48

⭕ 603729 2023-07-04 卖出成交: -3000股 @ 21.71
   买入价格 22.05 收益: -1020.00, 佣金: 195.39
现有现金 274762.48

 002652 申请价格: 14.40, 买入数量: 5200
 000692 申请价格: 34.37, 买入数量: 2100
 002856 申请价格: 12.75, 买入数量: 5800
✅ 002652 2023-07-05 买入成交: 5200股 @ 13.76
   成本: 71552.00, 佣金: 214.66
现有现金 63549.74

✅ 000692 2023-07-05 买入成交: 2100股 @ 32.73
   成本: 68733.00, 佣金: 206.20
现有现金 63549.74

✅ 002856 2023-07-05 买入成交: 5800股 @ 12.12
   成本: 70296.00, 佣金: 210.89
现有现金 63549.74


- - - - - - - - - - - - - - - - - - - - - - - - -
调整各股现金额度 80572.55
pre_rebalance  2023-08-01
⭕ 002652 2023-08-02 卖出成交: -5200股 @ 15.23
   买入价格 13.76 收益: 7644.00, 佣金: 237.59
现有现金 218028.91

⭕ 002856 2023-08-02 卖出成交: -5800股 @ 13.06
   买入价格 12.12 收益: 5452.00, 佣金: 227.24
现有现金 218028.91

 002052 申请价格: 13.98, 买入数量: 5700
 600455 申请价格: 27.01, 买入数量: 2900
✅ 002052 2023-08-03 买入成交: 5700股 @ 13.51
   成本: 77007.00, 佣金: 231.02
现有现金 67200.78

✅ 600455 2023-08-03 买入成交: 2900股 @ 25.30
   成本: 73370.00, 佣金: 220.11
现有现金 67200.78


- - - - - - - - - - - - - - - - - - - - - - - - -
调整各股现金额度 82105.36
pre_rebalance  2023-09-01
⭕ 002052 2023-09-04 卖出成交: -5700股 @ 13.04
   买入价格 13.51 收益: -2679.00, 佣金: 222.98
现有现金 218705.89

⭕ 600455 2023-09-04 卖出成交: -2900股 @ 26.77
   买入价格 25.3 收益: 4263.00, 佣金: 232.90
现有现金 218705.89

 002856 申请价格: 13.87, 买入数量: 5900
 002021 申请价格: 21.04, 买入数量: 3900
✅ 002856 2023-09-05 买入成交: 5900股 @ 13.07
   成本: 77113.00, 佣金: 231.34
现有现金 64770.47

✅ 002021 2023-09-05 买入成交: 3900股 @ 19.58
   成本: 76362.00, 佣金: 229.09
现有现金 64770.47


- - - - - - - - - - - - - - - - - - - - - - - - -
调整各股现金额度 85121.69
pre_rebalance  2023-10-09
⭕ 000692 2023-10-10 卖出成交: -2100股 @ 34.37
   买入价格 32.73 收益: 3444.00, 佣金: 216.53
现有现金 223906.62

⭕ 002021 2023-10-10 卖出成交: -3900股 @ 22.42
   买入价格 19.58 收益: 11076.00, 佣金: 262.31
现有现金 223906.62

 002052 申请价格: 13.40, 买入数量: 6300
 600768 申请价格: 36.78, 买入数量: 2300
✅ 002052 2023-10-11 买入成交: 6300股 @ 12.69
   成本: 79947.00, 佣金: 239.84
现有现金 63278.18

✅ 600768 2023-10-11 买入成交: 2300股 @ 34.87
   成本: 80201.00, 佣金: 240.60
现有现金 63278.18


- - - - - - - - - - - - - - - - - - - - - - - - -
调整各股现金额度 85059.64
pre_rebalance  2023-11-01
⭕ 002856 2023-11-02 卖出成交: -5900股 @ 13.02
   买入价格 13.07 收益: -295.00, 佣金: 230.45
现有现金 139865.72

 000692 申请价格: 34.24, 买入数量: 2400
✅ 000692 2023-11-03 买入成交: 2400股 @ 33.24
   成本: 79776.00, 佣金: 239.33
现有现金 59850.40


- - - - - - - - - - - - - - - - - - - - - - - - -
调整各股现金额度 89723.88
pre_rebalance  2023-12-01
⭕ 600768 2023-12-04 卖出成交: -2300股 @ 39.08
   买入价格 34.87 收益: 9683.00, 佣金: 269.65
现有现金 149464.74

 002021 申请价格: 22.29, 买入数量: 4000
✅ 002021 2023-12-05 买入成交: 4000股 @ 20.77
   成本: 83080.00, 佣金: 249.24
现有现金 66135.50


==================================================
策略执行总结:
==================================================
交易过股票：
002021 中捷资源 专用设备 收益率 137.44%
002021 rank 5
600671 天目药业 中药 收益率 26.33%
600671 rank 1
603709 中源家居 装修建材 收益率 24.21%
603709 rank 2
603729 龙韵股份 文化传媒 收益率 2.22%
603729 rank 3
002052 同洲电子 家电行业 收益率 13.72%
002052 rank 105
603030 全筑股份 装修装饰 收益率 63.44%
603030 rank 25
002856 美芝股份 装修装饰 收益率 7.63%
002856 rank 8
603880 南卫股份 医疗器械 收益率 5.98%
603880 rank 75
002316 亚联发展 互联网服务 收益率 13.78%
002316 rank 9
002652 扬子新材 装修建材 收益率 14.15%
002652 rank 7
000692 惠天热电 公用事业 收益率 29.97%
000692 rank 57
600455 博通股份 教育 收益率 5.81%
600455 rank 10
000702 正虹科技 农牧饲渔 收益率 0.57%
000702 rank 22
600768 宁波富邦 有色金属 收益率 33.40%
600768 rank 4

初始资金: 300000.00
最终价值: 513012.50
总收益率: 71.00%
cerebro run 69.08s
最终投资组合价值: 513012.50

🔍 策略表现:
累计收益: 71.00%
年化收益: 70.28%
夏普比率: 3.083
最大回撤: -8.01%

==================================================


2024 年
符合增长率 > 20% 的共有3110只
load_stock_list 0.00s
符合条件股票 3052 个
筛选市值最小的 200 只股票
filter codes 51.37s
cerebro adddata 53.24s
初始投资组合价值: 30.00 万
pre_rebalance  2024-01-02
 600671 申请价格: 36.95, 买入数量: 1600
 002052 申请价格: 13.83, 买入数量: 4300
 603880 申请价格: 16.04, 买入数量: 3700
 600455 申请价格: 30.28, 买入数量: 1900
 002652 申请价格: 17.21, 买入数量: 3400
✅ 600671 2024-01-03 买入成交: 1600股 @ 34.25
   成本: 54800.00, 佣金: 164.40
现有现金 20308.43

✅ 002052 2024-01-03 买入成交: 4300股 @ 13.17
   成本: 56631.00, 佣金: 169.89
现有现金 20308.43

✅ 603880 2024-01-03 买入成交: 3700股 @ 15.22
   成本: 56314.00, 佣金: 168.94
现有现金 20308.43

✅ 600455 2024-01-03 买入成交: 1900股 @ 29.06
   成本: 55214.00, 佣金: 165.64
现有现金 20308.43

✅ 002652 2024-01-03 买入成交: 3400股 @ 16.44
   成本: 55896.00, 佣金: 167.69
现有现金 20308.43


- - - - - - - - - - - - - - - - - - - - - - - - -
调整各股现金额度 52624.69
pre_rebalance  2024-02-01
⭕ 600671 2024-02-02 卖出成交: -1600股 @ 30.80
   买入价格 34.25 收益: -5520.00, 佣金: 147.84
现有现金 205389.52

⭕ 002052 2024-02-02 卖出成交: -4300股 @ 13.24
   买入价格 13.17 收益: 301.00, 佣金: 170.80
现有现金 205389.52

⭕ 600455 2024-02-02 卖出成交: -1900股 @ 20.24
   买入价格 29.06 收益: -16758.00, 佣金: 115.37
现有现金 205389.52

⭕ 002652 2024-02-02 卖出成交: -3400股 @ 12.05
   买入价格 16.44 收益: -14926.00, 佣金: 122.91
现有现金 205389.52

 002856 申请价格: 10.43, 买入数量: 5000
 600847 申请价格: 15.03, 买入数量: 3500
 001211 申请价格: 17.68, 买入数量: 2900
 603709 申请价格: 16.45, 买入数量: 3100
✅ 002856 2024-02-05 买入成交: 5000股 @ 8.95
   成本: 44750.00, 佣金: 134.25
现有现金 27104.26

✅ 600847 2024-02-05 买入成交: 3500股 @ 12.88
   成本: 45080.00, 佣金: 135.24
现有现金 27104.26

✅ 001211 2024-02-05 买入成交: 2900股 @ 15.16
   成本: 43964.00, 佣金: 131.89
现有现金 27104.26

✅ 603709 2024-02-05 买入成交: 3100股 @ 14.18
   成本: 43958.00, 佣金: 131.87
现有现金 27104.26


- - - - - - - - - - - - - - - - - - - - - - - - -
调整各股现金额度 51523.05
pre_rebalance  2024-03-01
⭕ 603880 2024-03-04 卖出成交: -3700股 @ 11.05
   买入价格 15.22 收益: -15429.00, 佣金: 122.66
现有现金 162095.07

⭕ 001211 2024-03-04 卖出成交: -2900股 @ 16.31
   买入价格 15.16 收益: 3335.00, 佣金: 141.90
现有现金 162095.07

⭕ 603709 2024-03-04 卖出成交: -3100股 @ 15.23
   买入价格 14.18 收益: 3255.00, 佣金: 141.64
现有现金 162095.07

 600768 申请价格: 29.00, 买入数量: 1700
 600455 申请价格: 21.85, 买入数量: 2300
 002633 申请价格: 11.59, 买入数量: 4400
✅ 600768 2024-03-05 买入成交: 1700股 @ 26.89
   成本: 45713.00, 佣金: 137.14
现有现金 22421.31

✅ 600455 2024-03-05 买入成交: 2300股 @ 20.45
   成本: 47035.00, 佣金: 141.10
现有现金 22421.31

✅ 002633 2024-03-05 买入成交: 4400股 @ 10.57
   成本: 46508.00, 佣金: 139.52
现有现金 22421.31


- - - - - - - - - - - - - - - - - - - - - - - - -
调整各股现金额度 56007.31
pre_rebalance  2024-04-01
⭕ 600847 2024-04-02 卖出成交: -3500股 @ 16.17
   买入价格 12.88 收益: 11515.00, 佣金: 169.79
现有现金 189989.09

⭕ 600455 2024-04-02 卖出成交: -2300股 @ 23.79
   买入价格 20.45 收益: 7682.00, 佣金: 164.15
现有现金 189989.09

⭕ 002633 2024-04-02 卖出成交: -4400股 @ 12.90
   买入价格 10.57 收益: 10252.00, 佣金: 170.28
现有现金 189989.09

 600671 申请价格: 29.58, 买入数量: 1800
 600539 申请价格: 6.97, 买入数量: 8000
 002193 申请价格: 10.57, 买入数量: 5200
✅ 600671 2024-04-03 买入成交: 1800股 @ 29.14
   成本: 52452.00, 佣金: 157.36
现有现金 31900.24

✅ 600539 2024-04-03 买入成交: 8000股 @ 6.60
   成本: 52800.00, 佣金: 158.40
现有现金 31900.24

✅ 002193 2024-04-03 买入成交: 5200股 @ 10.07
   成本: 52364.00, 佣金: 157.09
现有现金 31900.24


- - - - - - - - - - - - - - - - - - - - - - - - -
调整各股现金额度 52741.05
pre_rebalance  2024-05-06
⭕ 600768 2024-05-07 卖出成交: -1700股 @ 29.86
   买入价格 26.89 收益: 5049.00, 佣金: 152.29
现有现金 82509.96

 002633 申请价格: 11.60, 买入数量: 4500
✅ 002633 2024-05-08 买入成交: 4500股 @ 10.69
   成本: 48105.00, 佣金: 144.31
现有现金 34260.64


- - - - - - - - - - - - - - - - - - - - - - - - -
调整各股现金额度 50292.73
pre_rebalance  2024-06-03
⭕ 600539 2024-06-04 卖出成交: -8000股 @ 4.84
   买入价格 6.6 收益: -14080.00, 佣金: 116.16
现有现金 167120.86

⭕ 002633 2024-06-04 卖出成交: -4500股 @ 9.42
   买入价格 10.69 收益: -5715.00, 佣金: 127.17
现有现金 167120.86

⭕ 002856 2024-06-04 卖出成交: -5000股 @ 10.43
   买入价格 8.95 收益: 7400.00, 佣金: 156.45
现有现金 167120.86

 600234 申请价格: 5.19, 买入数量: 9600
 002052 申请价格: 7.02, 买入数量: 7100
 002629 申请价格: 7.94, 买入数量: 6300
✅ 600234 2024-06-05 买入成交: 9600股 @ 4.99
   成本: 47904.00, 佣金: 143.71
现有现金 30062.92

✅ 002052 2024-06-05 买入成交: 7100股 @ 6.35
   成本: 45085.00, 佣金: 135.25
现有现金 30062.92

✅ 002629 2024-06-05 买入成交: 6300股 @ 6.93
   成本: 43659.00, 佣金: 130.98
现有现金 30062.92


- - - - - - - - - - - - - - - - - - - - - - - - -
调整各股现金额度 46963.38
pre_rebalance  2024-07-01
⭕ 600671 2024-07-02 卖出成交: -1800股 @ 23.08
   买入价格 29.14 收益: -10908.00, 佣金: 124.63
现有现金 71482.28

 603879 申请价格: 5.91, 买入数量: 7900
✅ 603879 2024-07-03 买入成交: 7900股 @ 5.91
   成本: 46689.00, 佣金: 140.07
现有现金 24653.22


- - - - - - - - - - - - - - - - - - - - - - - - -
调整各股现金额度 51894.03
pre_rebalance  2024-08-01
⭕ 002052 2024-08-02 卖出成交: -7100股 @ 9.55
   买入价格 6.35 收益: 22720.00, 佣金: 203.42
现有现金 147625.19

⭕ 603879 2024-08-02 卖出成交: -7900股 @ 7.03
   买入价格 5.91 收益: 8848.00, 佣金: 166.61
现有现金 147625.19

 600539 申请价格: 4.88, 买入数量: 10600
 600768 申请价格: 23.81, 买入数量: 2100
✅ 600539 2024-08-05 买入成交: 10600股 @ 4.49
   成本: 47594.00, 佣金: 142.78
现有现金 53528.75

✅ 600768 2024-08-05 买入成交: 2100股 @ 22.01
   成本: 46221.00, 佣金: 138.66
现有现金 53528.75


- - - - - - - - - - - - - - - - - - - - - - - - -
调整各股现金额度 60072.55
pre_rebalance  2024-09-02
⭕ 002193 2024-09-03 卖出成交: -5200股 @ 7.72
   买入价格 10.07 收益: -12220.00, 佣金: 120.43
现有现金 142775.20

⭕ 600768 2024-09-03 卖出成交: -2100股 @ 23.51
   买入价格 22.01 收益: 3150.00, 佣金: 148.11
现有现金 142775.20

 600671 申请价格: 20.89, 买入数量: 2800
 603272 申请价格: 9.36, 买入数量: 6400
✅ 600671 2024-09-04 买入成交: 2800股 @ 18.90
   成本: 52920.00, 佣金: 158.76
现有现金 33143.29

✅ 603272 2024-09-04 买入成交: 6400股 @ 8.81
   成本: 56384.00, 佣金: 169.15
现有现金 33143.29


- - - - - - - - - - - - - - - - - - - - - - - - -
调整各股现金额度 66701.21
pre_rebalance  2024-10-08
⭕ 600539 2024-10-09 卖出成交: -10600股 @ 5.40
   买入价格 4.49 收益: 9646.00, 佣金: 171.72
现有现金 90211.57

 603879 申请价格: 6.89, 买入数量: 9600
✅ 603879 2024-10-10 买入成交: 9600股 @ 6.23
   成本: 59808.00, 佣金: 179.42
现有现金 30224.15


- - - - - - - - - - - - - - - - - - - - - - - - -
调整各股现金额度 72746.04
pre_rebalance  2024-11-01
⭕ 002629 2024-11-04 卖出成交: -6300股 @ 10.54
   买入价格 6.93 收益: 22743.00, 佣金: 199.21
现有现金 179441.15

⭕ 603272 2024-11-04 卖出成交: -6400股 @ 13.01
   买入价格 8.81 收益: 26880.00, 佣金: 249.79
现有现金 179441.15

 600539 申请价格: 7.37, 买入数量: 9800
 600768 申请价格: 33.49, 买入数量: 2100
✅ 600539 2024-11-05 买入成交: 9800股 @ 7.38
   成本: 72324.00, 佣金: 216.97
现有现金 37960.98

✅ 600768 2024-11-05 买入成交: 2100股 @ 32.73
   成本: 68733.00, 佣金: 206.20
现有现金 37960.98


- - - - - - - - - - - - - - - - - - - - - - - - -
调整各股现金额度 80338.23
pre_rebalance  2024-12-02
⭕ 603879 2024-12-03 卖出成交: -9600股 @ 10.79
   买入价格 6.23 收益: 43776.00, 佣金: 310.75
现有现金 232198.51

⭕ 600539 2024-12-03 卖出成交: -9800股 @ 9.31
   买入价格 7.38 收益: 18914.00, 佣金: 273.71
现有现金 232198.51

 002316 申请价格: 11.77, 买入数量: 6800
 600455 申请价格: 28.78, 买入数量: 2700
✅ 002316 2024-12-04 买入成交: 6800股 @ 10.88
   成本: 73984.00, 佣金: 221.95
现有现金 85469.64

✅ 600455 2024-12-04 买入成交: 2700股 @ 26.78
   成本: 72306.00, 佣金: 216.92
现有现金 85469.64


==================================================
策略执行总结:
==================================================
交易过股票：
002052 同洲电子 家电行业 收益率 51.19%
002052 rank 2
600847 万里股份 电池 收益率 25.54%
600847 rank 16
002629 仁智股份 采掘行业 收益率 52.09%
002629 rank 10
002316 亚联发展 互联网服务 收益率 -0.37%
002316 rank 40
600234 科新发展 房地产开发 收益率 161.52%
600234 rank 177
600455 博通股份 教育 收益率 -29.35%
600455 rank 4
600539 狮头股份 环保行业 收益率 11.26%
600539 rank 9
002856 美芝股份 装修装饰 收益率 16.54%
002856 rank 53
603272 联翔股份 装修装饰 收益率 47.67%
603272 rank 15
600671 天目药业 中药 收益率 0.21%
600671 rank 1
603709 中源家居 装修建材 收益率 7.40%
603709 rank 12
603880 南卫股份 医疗器械 收益率 -27.40%
603880 rank 3
603879 永悦科技 塑料制品 收益率 106.02%
603879 rank 128
001211 双枪科技 家用轻工 收益率 7.59%
001211 rank 13
600768 宁波富邦 有色金属 收益率 3.72%
600768 rank 6
002633 申科股份 通用设备 收益率 7.54%
002633 rank 7
002193 如意集团 纺织服装 收益率 -23.34%
002193 rank 11
002652 扬子新材 装修建材 收益率 -26.70%
002652 rank 5

初始资金: 300000.00
最终价值: 482060.64
总收益率: 60.69%
cerebro run 97.12s
最终投资组合价值: 482060.64

🔍 策略表现:
累计收益: 60.69%
年化收益: 60.39%
夏普比率: 1.412
最大回撤: -30.44%

==================================================


2025 年
符合增长率 > 20% 的共有3110只
load_stock_list 0.00s
符合条件股票 3070 个
筛选市值最小的 200 只股票
filter codes 54.29s
cerebro adddata 55.84s
初始投资组合价值: 30.00 万
pre_rebalance  2025-01-02
 600671 申请价格: 27.76, 买入数量: 2100
 600768 申请价格: 30.41, 买入数量: 1900
 605303 申请价格: 8.18, 买入数量: 7300
 603316 申请价格: 6.65, 买入数量: 9000
 002856 申请价格: 11.55, 买入数量: 5100
✅ 600671 2025-01-03 买入成交: 2100股 @ 25.59
   成本: 53739.00, 佣金: 161.22
现有现金 34465.78

✅ 600768 2025-01-03 买入成交: 1900股 @ 27.52
   成本: 52288.00, 佣金: 156.86
现有现金 34465.78

✅ 605303 2025-01-03 买入成交: 7300股 @ 7.30
   成本: 53290.00, 佣金: 159.87
现有现金 34465.78

✅ 603316 2025-01-03 买入成交: 9000股 @ 5.86
   成本: 52740.00, 佣金: 158.22
现有现金 34465.78

✅ 002856 2025-01-03 买入成交: 5100股 @ 10.33
   成本: 52683.00, 佣金: 158.05
现有现金 34465.78


- - - - - - - - - - - - - - - - - - - - - - - - -
调整各股现金额度 65929.16
pre_rebalance  2025-02-05
⭕ 605303 2025-02-06 卖出成交: -7300股 @ 8.44
   买入价格 7.3 收益: 8322.00, 佣金: 184.84
现有现金 95892.94

 002719 申请价格: 12.86, 买入数量: 5100
✅ 002719 2025-02-07 买入成交: 5100股 @ 12.31
   成本: 62781.00, 佣金: 188.34
现有现金 32923.60


- - - - - - - - - - - - - - - - - - - - - - - - -
调整各股现金额度 69936.92
pre_rebalance  2025-03-03
⭕ 603316 2025-03-04 卖出成交: -9000股 @ 8.14
   买入价格 5.86 收益: 20520.00, 佣金: 219.78
现有现金 170234.43

⭕ 002719 2025-03-04 卖出成交: -5100股 @ 12.64
   买入价格 12.31 收益: 1683.00, 佣金: 193.39
现有现金 170234.43

 600847 申请价格: 20.16, 买入数量: 3400
 605303 申请价格: 9.59, 买入数量: 7200
✅ 600847 2025-03-05 买入成交: 3400股 @ 18.59
   成本: 63206.00, 佣金: 189.62
现有现金 40472.31

✅ 605303 2025-03-05 买入成交: 7200股 @ 9.19
   成本: 66168.00, 佣金: 198.50
现有现金 40472.31


- - - - - - - - - - - - - - - - - - - - - - - - -
调整各股现金额度 70499.66
pre_rebalance  2025-04-01
⭕ 600671 2025-04-02 卖出成交: -2100股 @ 33.95
   买入价格 25.59 收益: 17556.00, 佣金: 213.89
现有现金 238248.19

⭕ 600847 2025-04-02 卖出成交: -3400股 @ 17.30
   买入价格 18.59 收益: -4386.00, 佣金: 176.46
现有现金 238248.19

⭕ 605303 2025-04-02 卖出成交: -7200股 @ 9.48
   买入价格 9.19 收益: 2088.00, 佣金: 204.77
现有现金 238248.19

 603709 申请价格: 17.83, 买入数量: 3900
 603616 申请价格: 7.05, 买入数量: 10000
 002719 申请价格: 12.04, 买入数量: 5800
✅ 603709 2025-04-03 买入成交: 3900股 @ 17.01
   成本: 66339.00, 佣金: 199.02
现有现金 36240.99

✅ 603616 2025-04-03 买入成交: 10000股 @ 6.79
   成本: 67900.00, 佣金: 203.70
现有现金 36240.99

✅ 002719 2025-04-03 买入成交: 5800股 @ 11.58
   成本: 67164.00, 佣金: 201.49
现有现金 36240.99


- - - - - - - - - - - - - - - - - - - - - - - - -
调整各股现金额度 77747.86
pre_rebalance  2025-05-06
⭕ 603709 2025-05-07 卖出成交: -3900股 @ 19.16
   买入价格 17.01 收益: 8385.00, 佣金: 224.17
现有现金 110740.81

 002193 申请价格: 11.98, 买入数量: 6400
✅ 002193 2025-05-08 买入成交: 6400股 @ 11.52
   成本: 73728.00, 佣金: 221.18
现有现金 36791.63


- - - - - - - - - - - - - - - - - - - - - - - - -
调整各股现金额度 84645.73
pre_rebalance  2025-06-03
⭕ 002856 2025-06-04 卖出成交: -5100股 @ 13.13
   买入价格 10.33 收益: 14280.00, 佣金: 200.89
现有现金 277033.73

⭕ 002719 2025-06-04 卖出成交: -5800股 @ 15.69
   买入价格 11.58 收益: 23838.00, 佣金: 273.01
现有现金 277033.73

⭕ 603616 2025-06-04 卖出成交: -10000股 @ 8.30
   买入价格 6.79 收益: 15100.00, 佣金: 249.00
现有现金 277033.73

 603729 申请价格: 24.09, 买入数量: 3500
 600671 申请价格: 44.14, 买入数量: 1900
 603709 申请价格: 22.00, 买入数量: 3800
✅ 603729 2025-06-05 买入成交: 3500股 @ 23.05
   成本: 80675.00, 佣金: 242.03
现有现金 38057.95

✅ 600671 2025-06-05 买入成交: 1900股 @ 41.22
   成本: 78318.00, 佣金: 234.95
现有现金 38057.95

✅ 603709 2025-06-05 买入成交: 3800股 @ 20.86
   成本: 79268.00, 佣金: 237.80
现有现金 38057.95


- - - - - - - - - - - - - - - - - - - - - - - - -
调整各股现金额度 87351.59
pre_rebalance  2025-07-01
⭕ 603729 2025-07-02 卖出成交: -3500股 @ 24.02
   买入价格 23.05 收益: 3395.00, 佣金: 252.21
现有现金 280712.80

⭕ 600671 2025-07-02 卖出成交: -1900股 @ 41.07
   买入价格 41.22 收益: -285.00, 佣金: 234.10
现有现金 280712.80

⭕ 603709 2025-07-02 卖出成交: -3800股 @ 21.39
   买入价格 20.86 收益: 2014.00, 佣金: 243.85
现有现金 280712.80

 002856 申请价格: 13.46, 买入数量: 6400
 000890 申请价格: 15.34, 买入数量: 5600
 002719 申请价格: 15.65, 买入数量: 5500
✅ 002856 2025-07-03 买入成交: 6400股 @ 12.90
   成本: 82560.00, 佣金: 247.68
现有现金 30551.56

✅ 000890 2025-07-03 买入成交: 5600股 @ 15.23
   成本: 85288.00, 佣金: 255.86
现有现金 30551.56

✅ 002719 2025-07-03 买入成交: 5500股 @ 14.83
   成本: 81565.00, 佣金: 244.69
现有现金 30551.56


- - - - - - - - - - - - - - - - - - - - - - - - -
调整各股现金额度 90266.31
pre_rebalance  2025-08-01
⭕ 000890 2025-08-04 卖出成交: -5600股 @ 14.72
   买入价格 15.23 收益: -2856.00, 佣金: 247.30
现有现金 112736.26

 603729 申请价格: 26.04, 买入数量: 3400
✅ 603729 2025-08-05 买入成交: 3400股 @ 25.26
   成本: 85884.00, 佣金: 257.65
现有现金 26594.61


- - - - - - - - - - - - - - - - - - - - - - - - -
调整各股现金额度 86724.72
pre_rebalance  2025-09-01
pre_rebalance  2025-10-09
pre_rebalance  2025-11-03
⭕ 600768 2025-11-04 卖出成交: -1900股 @ 45.59
   买入价格 27.52 收益: 34333.00, 佣金: 259.86
现有现金 112955.75

 600847 申请价格: 24.44, 买入数量: 3500
✅ 600847 2025-11-05 买入成交: 3500股 @ 23.48
   成本: 82180.00, 佣金: 246.54
现有现金 30529.21


- - - - - - - - - - - - - - - - - - - - - - - - -
调整各股现金额度 92589.44
pre_rebalance  2025-12-01
⭕ 600847 2025-12-02 卖出成交: -3500股 @ 22.44
   买入价格 23.48 收益: -3640.00, 佣金: 235.62
现有现金 108833.59

 600455 申请价格: 32.25, 买入数量: 2800
✅ 600455 2025-12-03 买入成交: 2800股 @ 30.07
   成本: 84196.00, 佣金: 252.59
现有现金 24385.00


==================================================
策略执行总结:
==================================================
交易过股票：
600455 博通股份 教育 收益率 0.07%
600455 rank 9
603316 诚邦股份 工程建设 收益率 38.91%
603316 rank 4
603709 中源家居 装修建材 收益率 15.50%
603709 rank 11
600671 天目药业 中药 收益率 32.19%
600671 rank 1
600847 万里股份 电池 收益率 -11.06%
600847 rank 20
603616 韩建河山 水泥建材 收益率 22.24%
603616 rank 15
002856 美芝股份 装修装饰 收益率 56.37%
002856 rank 5
002193 如意集团 纺织服装 收益率 7.73%
002193 rank 29
000890 法尔胜 通用设备 收益率 -3.35%
000890 rank 18
002719 麦趣尔 食品饮料 收益率 43.72%
002719 rank 10
600768 宁波富邦 有色金属 收益率 65.66%
600768 rank 2
603729 龙韵股份 文化传媒 收益率 -1.98%
603729 rank 12
605303 园林股份 工程建设 收益率 19.26%
605303 rank 3

初始资金: 300000.00
最终价值: 454673.00
总收益率: 51.56%
cerebro run 83.69s
最终投资组合价值: 454673.00

🔍 策略表现:
累计收益: 51.56%
年化收益: 55.60%
夏普比率: 1.679
最大回撤: -15.78%

==================================================
2011 收益率 -26.88%
2012 收益率 61.48%
2013 收益率 39.32%
2014 收益率 57.07%
2015 收益率 333.98%
2016 收益率 101.32%
2017 收益率 77.04%
2018 收益率 26.16%
2019 收益率 9.66%
2020 收益率 16.69%
2021 收益率 105.04%
2022 收益率 152.05%
2023 收益率 71.00%
2024 收益率 60.69%
2025 收益率 51.56%

总收益率 138778.63 %
年化收益率 62.00 %

耗时 1748.72s