2011 年
筛选净利润增长率连续3年 > 30%
符合增长率 > 20% 的共有92只
load_stock_list 7.89s
符合条件股票 77 个
筛选市值最小的 30 只股票
filter codes 2.10s
cerebro adddata 2.33s
初始投资组合价值: 30.00 万
pre_rebalance  2011-01-04
 600113 申请价格: 29.55, 买入数量: 2000
 600483 申请价格: 18.97, 买入数量: 3100
 000411 申请价格: 27.49, 买入数量: 2100
 600336 申请价格: 11.99, 买入数量: 5000
 600794 申请价格: 60.14, 买入数量: 900
✅ 600113 2011-01-05 买入成交: 2000股 @ 27.48
   成本: 54960.00, 佣金: 164.88
现有现金 23198.08

✅ 600483 2011-01-05 买入成交: 3100股 @ 18.27
   成本: 56637.00, 佣金: 169.91
现有现金 23198.08

✅ 000411 2011-01-05 买入成交: 2100股 @ 26.71
   成本: 56091.00, 佣金: 168.27
现有现金 23198.08

✅ 600336 2011-01-05 买入成交: 5000股 @ 11.30
   成本: 56500.00, 佣金: 169.50
现有现金 23198.08

✅ 600794 2011-01-05 买入成交: 900股 @ 57.54
   成本: 51786.00, 佣金: 155.36
现有现金 23198.08


- - - - - - - - - - - - - - - - - - - - - - - - -
调整各股现金额度 57234.02
pre_rebalance  2011-02-01
⭕ 600794 2011-02-09 卖出成交: -900股 @ 59.46
   买入价格 57.54 收益: 1728.00, 佣金: 160.54
现有现金 76551.54

 000153 申请价格: 51.52, 买入数量: 1100
✅ 000153 2011-02-10 买入成交: 1100股 @ 51.14
   成本: 56254.00, 佣金: 168.76
现有现金 20128.77


- - - - - - - - - - - - - - - - - - - - - - - - -
调整各股现金额度 61259.77
pre_rebalance  2011-03-01
pre_rebalance  2011-04-01
⭕ 000153 2011-04-06 卖出成交: -1100股 @ 60.07
   买入价格 51.14 收益: 9823.00, 佣金: 198.23
现有现金 86007.54

 002494 申请价格: 25.13, 买入数量: 2400
✅ 002494 2011-04-07 买入成交: 2400股 @ 24.95
   成本: 59880.00, 佣金: 179.64
现有现金 25947.90


- - - - - - - - - - - - - - - - - - - - - - - - -
调整各股现金额度 66449.35
pre_rebalance  2011-05-03
⭕ 600483 2011-05-04 卖出成交: -3100股 @ 20.31
   买入价格 18.27 收益: 6324.00, 佣金: 188.88
现有现金 88720.02

 600976 申请价格: 53.15, 买入数量: 1200
✅ 600976 2011-05-05 买入成交: 1200股 @ 50.95
   成本: 61140.00, 佣金: 183.42
现有现金 27396.60


- - - - - - - - - - - - - - - - - - - - - - - - -
调整各股现金额度 65731.32
pre_rebalance  2011-06-01
⭕ 600113 2011-06-02 卖出成交: -2000股 @ 31.47
   买入价格 27.48 收益: 7980.00, 佣金: 188.82
现有现金 215689.02

⭕ 000411 2011-06-02 卖出成交: -2100股 @ 32.47
   买入价格 26.71 收益: 12096.00, 佣金: 204.56
现有现金 215689.02

⭕ 600976 2011-06-02 卖出成交: -1200股 @ 48.11
   买入价格 50.95 收益: -3408.00, 佣金: 173.20
现有现金 215689.02

 002012 申请价格: 32.57, 买入数量: 2000
 000153 申请价格: 50.49, 买入数量: 1300
 600483 申请价格: 21.63, 买入数量: 3000
✅ 002012 2011-06-03 买入成交: 2000股 @ 31.91
   成本: 63820.00, 佣金: 191.46
现有现金 23753.94

✅ 000153 2011-06-03 买入成交: 1300股 @ 49.67
   成本: 64571.00, 佣金: 193.71
现有现金 23753.94

✅ 600483 2011-06-03 买入成交: 3000股 @ 20.99
   成本: 62970.00, 佣金: 188.91
现有现金 23753.94


- - - - - - - - - - - - - - - - - - - - - - - - -
调整各股现金额度 63756.19
pre_rebalance  2011-07-01
pre_rebalance  2011-08-01
⭕ 002012 2011-08-02 卖出成交: -2000股 @ 40.05
   买入价格 31.91 收益: 16280.00, 佣金: 240.30
现有现金 173902.14

⭕ 600483 2011-08-02 卖出成交: -3000股 @ 23.50
   买入价格 20.99 收益: 7530.00, 佣金: 211.50
现有现金 173902.14

 600113 申请价格: 34.85, 买入数量: 1800
 000679 申请价格: 42.56, 买入数量: 1400
✅ 600113 2011-08-03 买入成交: 1800股 @ 32.45
   成本: 58410.00, 佣金: 175.23
现有现金 58559.15

✅ 000679 2011-08-03 买入成交: 1400股 @ 40.42
   成本: 56588.00, 佣金: 169.76
现有现金 58559.15


- - - - - - - - - - - - - - - - - - - - - - - - -
调整各股现金额度 66900.43
pre_rebalance  2011-09-01
⭕ 000679 2011-09-02 卖出成交: -1400股 @ 49.08
   买入价格 40.42 收益: 12124.00, 佣金: 206.14
现有现金 127065.01

 600483 申请价格: 18.61, 买入数量: 3500
✅ 600483 2011-09-05 买入成交: 3500股 @ 16.95
   成本: 59325.00, 佣金: 177.97
现有现金 67562.04


- - - - - - - - - - - - - - - - - - - - - - - - -
调整各股现金额度 64011.61
pre_rebalance  2011-10-10
pre_rebalance  2011-11-01
pre_rebalance  2011-12-01

==================================================
策略执行总结:
==================================================
交易过股票：
002012 凯恩股份 造纸印刷 收益率 25.51%
600336 XD澳柯玛 家电行业 收益率 -42.92%
000679 大连友谊 商业百货 收益率 21.43%
600483 福能股份 电力行业 收益率 -15.04%
002494 华斯股份 纺织服装 收益率 -42.97%
600976 健民集团 中药 收益率 -5.57%
600113 浙江东日 综合行业 收益率 -33.86%
600794 保税科技 物流行业 收益率 3.34%
000153 丰原药业 化学制药 收益率 -21.94%
000411 英特集团 医药商业 收益率 21.56%

初始资金: 300000.00
最终价值: 251104.04
总收益率: -16.30%
cerebro run 3.73s
最终投资组合价值: 251104.04

==================================================


2012 年
筛选净利润增长率连续3年 > 30%
符合增长率 > 20% 的共有152只
load_stock_list 8.06s
符合条件股票 134 个
请求日期: 2011-12-31 00:00:00,  缓存只包含从 2012-01-02 00:00:00 到 2025-12-15 00:00:00 期间市值
筛选市值最小的 30 只股票
filter codes 4.64s
cerebro adddata 4.92s
初始投资组合价值: 30.00 万
pre_rebalance  2012-01-04
 600241 申请价格: 12.93, 买入数量: 4600
 002640 申请价格: 20.18, 买入数量: 2900
 600155 申请价格: 11.53, 买入数量: 5200
 000782 申请价格: 13.41, 买入数量: 4400
 600483 申请价格: 11.57, 买入数量: 5100
✅ 600241 2012-01-05 买入成交: 4600股 @ 11.68
   成本: 53728.00, 佣金: 161.18
现有现金 26511.99

✅ 002640 2012-01-05 买入成交: 2900股 @ 18.41
   成本: 53389.00, 佣金: 160.17
现有现金 26511.99

✅ 600155 2012-01-05 买入成交: 5200股 @ 10.66
   成本: 55432.00, 佣金: 166.30
现有现金 26511.99

✅ 000782 2012-01-05 买入成交: 4400股 @ 12.15
   成本: 53460.00, 佣金: 160.38
现有现金 26511.99

✅ 600483 2012-01-05 买入成交: 5100股 @ 11.11
   成本: 56661.00, 佣金: 169.98
现有现金 26511.99


- - - - - - - - - - - - - - - - - - - - - - - - -
调整各股现金额度 65302.40
pre_rebalance  2012-02-01
⭕ 600155 2012-02-02 卖出成交: -5200股 @ 12.29
   买入价格 10.66 收益: 8476.00, 佣金: 191.72
现有现金 220652.82

⭕ 000782 2012-02-02 卖出成交: -4400股 @ 13.84
   买入价格 12.15 收益: 7436.00, 佣金: 182.69
现有现金 220652.82

⭕ 600483 2012-02-02 卖出成交: -5100股 @ 13.71
   买入价格 11.11 收益: 13260.00, 佣金: 209.76
现有现金 220652.82

 600571 申请价格: 38.41, 买入数量: 1700
 002159 申请价格: 21.23, 买入数量: 3000
 002020 申请价格: 28.19, 买入数量: 2300
✅ 600571 2012-02-03 买入成交: 1700股 @ 37.46
   成本: 63682.00, 佣金: 191.05
现有现金 32862.13

✅ 002159 2012-02-03 买入成交: 3000股 @ 20.26
   成本: 60780.00, 佣金: 182.34
现有现金 32862.13

✅ 002020 2012-02-03 买入成交: 2300股 @ 27.29
   成本: 62767.00, 佣金: 188.30
现有现金 32862.13


- - - - - - - - - - - - - - - - - - - - - - - - -
调整各股现金额度 71874.82
pre_rebalance  2012-03-01
⭕ 002020 2012-03-02 卖出成交: -2300股 @ 30.33
   买入价格 27.29 收益: 6992.00, 佣金: 209.28
现有现金 102411.85

 600483 申请价格: 14.40, 买入数量: 4900
✅ 600483 2012-03-05 买入成交: 4900股 @ 14.11
   成本: 69139.00, 佣金: 207.42
现有现金 33065.43


- - - - - - - - - - - - - - - - - - - - - - - - -
调整各股现金额度 74924.89
pre_rebalance  2012-04-05
⭕ 600571 2012-04-06 卖出成交: -1700股 @ 39.12
   买入价格 37.46 收益: 2822.00, 佣金: 199.51
现有现金 99369.92

 600155 申请价格: 13.57, 买入数量: 5500
✅ 600155 2012-04-09 买入成交: 5500股 @ 13.04
   成本: 71720.00, 佣金: 215.16
现有现金 27434.76


- - - - - - - - - - - - - - - - - - - - - - - - -
调整各股现金额度 75704.15
pre_rebalance  2012-05-02
⭕ 600155 2012-05-03 卖出成交: -5500股 @ 12.58
   买入价格 13.04 收益: -2530.00, 佣金: 207.57
现有现金 168670.78

⭕ 600483 2012-05-03 卖出成交: -4900股 @ 14.79
   买入价格 14.11 收益: 3332.00, 佣金: 217.41
现有现金 168670.78

 600571 申请价格: 43.03, 买入数量: 1700
 002020 申请价格: 30.44, 买入数量: 2400
✅ 600571 2012-05-04 买入成交: 1700股 @ 41.13
   成本: 69921.00, 佣金: 209.76
现有现金 28562.71

✅ 002020 2012-05-04 买入成交: 2400股 @ 29.07
   成本: 69768.00, 佣金: 209.30
现有现金 28562.71


- - - - - - - - - - - - - - - - - - - - - - - - -
调整各股现金额度 77578.14
pre_rebalance  2012-06-01
⭕ 002159 2012-06-04 卖出成交: -3000股 @ 22.46
   买入价格 20.26 收益: 6600.00, 佣金: 202.14
现有现金 95740.57

 600155 申请价格: 12.35, 买入数量: 6200
✅ 600155 2012-06-05 买入成交: 6200股 @ 11.74
   成本: 72788.00, 佣金: 218.36
现有现金 22734.21


- - - - - - - - - - - - - - - - - - - - - - - - -
调整各股现金额度 73248.64
pre_rebalance  2012-07-02
⭕ 002020 2012-07-03 卖出成交: -2400股 @ 30.03
   买入价格 29.07 收益: 2304.00, 佣金: 216.22
现有现金 162090.88

⭕ 600155 2012-07-03 卖出成交: -6200股 @ 10.92
   买入价格 11.74 收益: -5084.00, 佣金: 203.11
现有现金 162090.88

 600483 申请价格: 11.90, 买入数量: 6100
 002159 申请价格: 22.60, 买入数量: 3200
✅ 600483 2012-07-04 买入成交: 6100股 @ 11.24
   成本: 68564.00, 佣金: 205.69
现有现金 24603.65

✅ 002159 2012-07-04 买入成交: 3200股 @ 21.41
   成本: 68512.00, 佣金: 205.54
现有现金 24603.65


- - - - - - - - - - - - - - - - - - - - - - - - -
调整各股现金额度 61608.73
pre_rebalance  2012-08-01
⭕ 002159 2012-08-02 卖出成交: -3200股 @ 16.79
   买入价格 21.41 收益: -14784.00, 佣金: 161.18
现有现金 78170.47

 600155 申请价格: 7.89, 买入数量: 7800
✅ 600155 2012-08-03 买入成交: 7800股 @ 7.51
   成本: 58578.00, 佣金: 175.73
现有现金 19416.73


- - - - - - - - - - - - - - - - - - - - - - - - -
调整各股现金额度 65492.08
pre_rebalance  2012-09-03
⭕ 600571 2012-09-04 卖出成交: -1700股 @ 40.80
   买入价格 41.13 收益: -561.00, 佣金: 208.08
现有现金 88568.65

 002159 申请价格: 18.24, 买入数量: 3500
✅ 002159 2012-09-05 买入成交: 3500股 @ 17.56
   成本: 61460.00, 佣金: 184.38
现有现金 26924.27


- - - - - - - - - - - - - - - - - - - - - - - - -
调整各股现金额度 70876.93
pre_rebalance  2012-10-08
⭕ 600483 2012-10-09 卖出成交: -6100股 @ 13.07
   买入价格 11.24 收益: 11163.00, 佣金: 239.18
现有现金 172538.12

⭕ 002159 2012-10-09 卖出成交: -3500股 @ 18.95
   买入价格 17.56 收益: 4865.00, 佣金: 198.97
现有现金 172538.12

 000782 申请价格: 12.61, 买入数量: 5600
 600152 申请价格: 16.09, 买入数量: 4400
✅ 000782 2012-10-10 买入成交: 5600股 @ 12.14
   成本: 67984.00, 佣金: 203.95
现有现金 35504.25

✅ 600152 2012-10-10 买入成交: 4400股 @ 15.60
   成本: 68640.00, 佣金: 205.92
现有现金 35504.25


- - - - - - - - - - - - - - - - - - - - - - - - -
调整各股现金额度 72800.25
pre_rebalance  2012-11-01
⭕ 600155 2012-11-02 卖出成交: -7800股 @ 10.43
   买入价格 7.51 收益: 22776.00, 佣金: 244.06
现有现金 116614.18

 600883 申请价格: 32.02, 买入数量: 2200
✅ 600883 2012-11-05 买入成交: 2200股 @ 30.59
   成本: 67298.00, 佣金: 201.89
现有现金 49114.29


- - - - - - - - - - - - - - - - - - - - - - - - -
调整各股现金额度 62124.06
pre_rebalance  2012-12-03
⭕ 000782 2012-12-04 卖出成交: -5600股 @ 10.34
   买入价格 12.14 收益: -10080.00, 佣金: 173.71
现有现金 106844.58

 600155 申请价格: 9.55, 买入数量: 6500
✅ 600155 2012-12-05 买入成交: 6500股 @ 9.33
   成本: 60645.00, 佣金: 181.94
现有现金 46017.64


==================================================
策略执行总结:
==================================================
交易过股票：
000782 恒申新材 化纤行业 收益率 -2.98%
600483 福能股份 电力行业 收益率 50.41%
600883 博闻科技 农牧饲渔 收益率 -2.52%
600571 信雅达 互联网服务 收益率 3.59%
002159 三特索道 旅游酒店 收益率 -6.18%
600152 维科技术 电池 收益率 -14.49%
600155 华创云信 证券 收益率 44.60%
600241 时代万恒 电池 收益率 17.64%
002020 京新药业 化学制药 收益率 14.81%
002640 跨境通 贸易行业 收益率 21.94%

初始资金: 300000.00
最终价值: 359661.64
总收益率: 19.89%
cerebro run 4.52s
最终投资组合价值: 359661.64

==================================================


2013 年
筛选净利润增长率连续3年 > 30%
符合增长率 > 20% 的共有88只
load_stock_list 7.33s
符合条件股票 71 个
筛选市值最小的 30 只股票
filter codes 1.64s
cerebro adddata 1.84s
初始投资组合价值: 30.00 万
pre_rebalance  2013-01-04
 002159 申请价格: 19.59, 买入数量: 3000
 000524 申请价格: 29.75, 买入数量: 2000
 600571 申请价格: 44.55, 买入数量: 1300
 002144 申请价格: 14.18, 买入数量: 4200
 600771 申请价格: 48.53, 买入数量: 1200
✅ 002159 2013-01-07 买入成交: 3000股 @ 18.98
   成本: 56940.00, 佣金: 170.82
现有现金 19367.62

✅ 000524 2013-01-07 买入成交: 2000股 @ 28.38
   成本: 56760.00, 佣金: 170.28
现有现金 19367.62

✅ 600571 2013-01-07 买入成交: 1300股 @ 42.73
   成本: 55549.00, 佣金: 166.65
现有现金 19367.62

✅ 002144 2013-01-07 买入成交: 4200股 @ 13.54
   成本: 56868.00, 佣金: 170.60
现有现金 19367.62

✅ 600771 2013-01-07 买入成交: 1200股 @ 44.73
   成本: 53676.00, 佣金: 161.03
现有现金 19367.62


- - - - - - - - - - - - - - - - - - - - - - - - -
调整各股现金额度 63873.52
pre_rebalance  2013-02-01
pre_rebalance  2013-03-04
⭕ 600771 2013-03-05 卖出成交: -1200股 @ 72.68
   买入价格 44.73 收益: 33540.00, 佣金: 261.65
现有现金 106321.97

 600262 申请价格: 22.02, 买入数量: 2900
✅ 600262 2013-03-06 买入成交: 2900股 @ 21.58
   成本: 62582.00, 佣金: 187.75
现有现金 43552.23


- - - - - - - - - - - - - - - - - - - - - - - - -
调整各股现金额度 72583.97
pre_rebalance  2013-04-01
⭕ 002144 2013-04-02 卖出成交: -4200股 @ 15.27
   买入价格 13.54 收益: 7266.00, 佣金: 192.40
现有现金 173386.55

⭕ 600262 2013-04-02 卖出成交: -2900股 @ 22.79
   买入价格 21.58 收益: 3509.00, 佣金: 198.27
现有现金 173386.55

 000590 申请价格: 50.11, 买入数量: 1400
 000889 申请价格: 19.95, 买入数量: 3600
✅ 000590 2013-04-03 买入成交: 1400股 @ 49.18
   成本: 68852.00, 佣金: 206.56
现有现金 36806.04

✅ 000889 2013-04-03 买入成交: 3600股 @ 18.70
   成本: 67320.00, 佣金: 201.96
现有现金 36806.04


- - - - - - - - - - - - - - - - - - - - - - - - -
调整各股现金额度 74218.41
pre_rebalance  2013-05-02
pre_rebalance  2013-06-03
pre_rebalance  2013-07-01
⭕ 600571 2013-07-02 卖出成交: -1300股 @ 55.35
   买入价格 42.73 收益: 16406.00, 佣金: 215.87
现有现金 108545.17

 600778 申请价格: 30.10, 买入数量: 2400
✅ 600778 2013-07-03 买入成交: 2400股 @ 28.63
   成本: 68712.00, 佣金: 206.14
现有现金 39627.04


- - - - - - - - - - - - - - - - - - - - - - - - -
调整各股现金额度 74384.21
pre_rebalance  2013-08-01
⭕ 600778 2013-08-02 卖出成交: -2400股 @ 36.64
   买入价格 28.63 收益: 19224.00, 佣金: 263.81
现有现金 127299.23

 600262 申请价格: 22.05, 买入数量: 3300
✅ 600262 2013-08-05 买入成交: 3300股 @ 21.42
   成本: 70686.00, 佣金: 212.06
现有现金 56401.17


- - - - - - - - - - - - - - - - - - - - - - - - -
调整各股现金额度 81580.63
pre_rebalance  2013-09-02
pre_rebalance  2013-10-08
pre_rebalance  2013-11-01
pre_rebalance  2013-12-02

==================================================
策略执行总结:
==================================================
交易过股票：
600262 北方股份 专用设备 收益率 1.17%
600771 广誉远 中药 收益率 62.49%
000524 岭南控股 旅游酒店 收益率 -4.37%
000889 中嘉博创 通信服务 收益率 1.12%
600778 友好集团 商业百货 收益率 27.98%
002159 三特索道 旅游酒店 收益率 29.29%
002144 宏达高科 纺织服装 收益率 12.78%
000590 启迪药业 中药 收益率 46.64%
600571 信雅达 互联网服务 收益率 29.53%

初始资金: 300000.00
最终价值: 421061.17
总收益率: 40.35%
cerebro run 5.08s
最终投资组合价值: 421061.17

==================================================


2014 年
筛选净利润增长率连续3年 > 30%
符合增长率 > 20% 的共有57只
load_stock_list 7.38s
符合条件股票 45 个
筛选市值最小的 30 只股票
filter codes 1.33s
cerebro adddata 1.56s
初始投资组合价值: 30.00 万
pre_rebalance  2014-01-02
 600452 申请价格: 12.84, 买入数量: 4600
 000705 申请价格: 44.30, 买入数量: 1300
 000065 申请价格: 77.58, 买入数量: 700
 600692 申请价格: 118.02, 买入数量: 500
 002116 申请价格: 30.83, 买入数量: 1900
✅ 600452 2014-01-03 买入成交: 4600股 @ 12.15
   成本: 55890.00, 佣金: 167.67
现有现金 30053.58

✅ 000705 2014-01-03 买入成交: 1300股 @ 41.29
   成本: 53677.00, 佣金: 161.03
现有现金 30053.58

✅ 000065 2014-01-03 买入成交: 700股 @ 74.39
   成本: 52073.00, 佣金: 156.22
现有现金 30053.58

✅ 600692 2014-01-03 买入成交: 500股 @ 107.80
   成本: 53900.00, 佣金: 161.70
现有现金 30053.58

✅ 002116 2014-01-03 买入成交: 1900股 @ 28.21
   成本: 53599.00, 佣金: 160.80
现有现金 30053.58


- - - - - - - - - - - - - - - - - - - - - - - - -
调整各股现金额度 65939.52
pre_rebalance  2014-02-07
pre_rebalance  2014-03-03
pre_rebalance  2014-04-01
⭕ 000065 2014-04-02 卖出成交: -700股 @ 84.58
   买入价格 74.39 收益: 7133.00, 佣金: 177.62
现有现金 89081.96

 600684 申请价格: 60.88, 买入数量: 1000
✅ 600684 2014-04-03 买入成交: 1000股 @ 55.75
   成本: 55750.00, 佣金: 167.25
现有现金 33164.71


- - - - - - - - - - - - - - - - - - - - - - - - -
调整各股现金额度 63757.14
pre_rebalance  2014-05-05
⭕ 002116 2014-05-06 卖出成交: -1900股 @ 29.70
   买入价格 28.21 收益: 2831.00, 佣金: 169.29
现有现金 197565.03

⭕ 600692 2014-05-06 卖出成交: -500股 @ 111.99
   买入价格 107.8 收益: 2095.00, 佣金: 167.98
现有现金 197565.03

⭕ 600684 2014-05-06 卖出成交: -1000股 @ 52.47
   买入价格 55.75 收益: -3280.00, 佣金: 157.41
现有现金 197565.03

 000790 申请价格: 61.96, 买入数量: 1000
 000404 申请价格: 19.49, 买入数量: 3200
 000065 申请价格: 84.76, 买入数量: 700
✅ 000790 2014-05-07 买入成交: 1000股 @ 57.54
   成本: 57540.00, 佣金: 172.62
现有现金 24066.09

✅ 000404 2014-05-07 买入成交: 3200股 @ 18.96
   成本: 60672.00, 佣金: 182.02
现有现金 24066.09

✅ 000065 2014-05-07 买入成交: 700股 @ 78.24
   成本: 54768.00, 佣金: 164.30
现有现金 24066.09


- - - - - - - - - - - - - - - - - - - - - - - - -
调整各股现金额度 63172.82
pre_rebalance  2014-06-03
⭕ 000404 2014-06-04 卖出成交: -3200股 @ 18.12
   买入价格 18.96 收益: -2688.00, 佣金: 173.95
现有现金 136828.78

⭕ 000065 2014-06-04 卖出成交: -700股 @ 78.74
   买入价格 78.24 收益: 350.00, 佣金: 165.35
现有现金 136828.78

 600692 申请价格: 110.78, 买入数量: 500
 002116 申请价格: 30.25, 买入数量: 2000
✅ 600692 2014-06-05 买入成交: 500股 @ 109.15
   成本: 54575.00, 佣金: 163.73
现有现金 23755.58

✅ 002116 2014-06-05 买入成交: 2000股 @ 29.08
   成本: 58160.00, 佣金: 174.48
现有现金 23755.58


- - - - - - - - - - - - - - - - - - - - - - - - -
调整各股现金额度 67923.93
pre_rebalance  2014-07-01
⭕ 002116 2014-07-02 卖出成交: -2000股 @ 32.64
   买入价格 29.08 收益: 7120.00, 佣金: 195.84
现有现金 150663.71

⭕ 000790 2014-07-02 卖出成交: -1000股 @ 62.01
   买入价格 57.54 收益: 4470.00, 佣金: 186.03
现有现金 150663.71

 000404 申请价格: 19.43, 买入数量: 3400
 000065 申请价格: 83.43, 买入数量: 800
✅ 000404 2014-07-03 买入成交: 3400股 @ 18.56
   成本: 63104.00, 佣金: 189.31
现有现金 23876.48

✅ 000065 2014-07-03 买入成交: 800股 @ 79.13
   成本: 63304.00, 佣金: 189.91
现有现金 23876.48


- - - - - - - - - - - - - - - - - - - - - - - - -
调整各股现金额度 72699.23
pre_rebalance  2014-08-01
pre_rebalance  2014-09-01
⭕ 000065 2014-09-02 卖出成交: -800股 @ 123.08
   买入价格 79.13 收益: 35160.00, 佣金: 295.39
现有现金 122045.09

 600684 申请价格: 60.98, 买入数量: 1100
✅ 600684 2014-09-03 买入成交: 1100股 @ 58.42
   成本: 64262.00, 佣金: 192.79
现有现金 57590.31


- - - - - - - - - - - - - - - - - - - - - - - - -
调整各股现金额度 84217.29
pre_rebalance  2014-10-08
pre_rebalance  2014-11-03
⭕ 600684 2014-11-04 卖出成交: -1100股 @ 72.85
   买入价格 58.42 收益: 15873.00, 佣金: 240.41
现有现金 137484.90

 002116 申请价格: 47.18, 买入数量: 1700
✅ 002116 2014-11-05 买入成交: 1700股 @ 44.01
   成本: 74817.00, 佣金: 224.45
现有现金 62443.45


- - - - - - - - - - - - - - - - - - - - - - - - -
调整各股现金额度 96705.98
pre_rebalance  2014-12-01
⭕ 002116 2014-12-02 卖出成交: -1700股 @ 50.10
   买入价格 44.01 收益: 10353.00, 佣金: 255.51
现有现金 147357.94

 000790 申请价格: 86.01, 买入数量: 1100
✅ 000790 2014-12-03 买入成交: 1100股 @ 86.17
   成本: 94787.00, 佣金: 284.36
现有现金 52286.58


==================================================
策略执行总结:
==================================================
交易过股票：
002116 中国海诚 工程咨询服务 收益率 34.52%
000065 北方国际 工程建设 收益率 77.98%
000404 长虹华意 家电行业 收益率 40.68%
600692 亚通股份 房地产开发 收益率 33.12%
000705 浙江震元 医药商业 收益率 33.37%
000790 华神科技 中药 收益率 -6.46%
600684 珠江股份 房地产服务 收益率 17.36%
600452 涪陵电力 电力行业 收益率 101.15%

初始资金: 300000.00
最终价值: 481388.58
总收益率: 60.46%
cerebro run 6.19s
最终投资组合价值: 481388.58

==================================================


2015 年
筛选净利润增长率连续3年 > 30%
符合增长率 > 20% 的共有66只
load_stock_list 7.33s
符合条件股票 39 个
筛选市值最小的 30 只股票
filter codes 1.05s
cerebro adddata 1.34s
初始投资组合价值: 30.00 万
pre_rebalance  2015-01-05
 600452 申请价格: 25.36, 买入数量: 2300
 600730 申请价格: 31.48, 买入数量: 1900
 600692 申请价格: 148.98, 买入数量: 400
 000637 申请价格: 105.47, 买入数量: 500
 000790 申请价格: 79.99, 买入数量: 700
✅ 600452 2015-01-06 买入成交: 2300股 @ 23.80
   成本: 54740.00, 佣金: 164.22
现有现金 24287.34

✅ 600730 2015-01-06 买入成交: 1900股 @ 30.17
   成本: 57323.00, 佣金: 171.97
现有现金 24287.34

✅ 600692 2015-01-06 买入成交: 400股 @ 144.86
   成本: 57944.00, 佣金: 173.83
现有现金 24287.34

✅ 000637 2015-01-06 买入成交: 500股 @ 98.77
   成本: 49385.00, 佣金: 148.16
现有现金 24287.34

✅ 000790 2015-01-06 买入成交: 700股 @ 79.28
   成本: 55496.00, 佣金: 166.49
现有现金 24287.34


- - - - - - - - - - - - - - - - - - - - - - - - -
调整各股现金额度 60441.47
pre_rebalance  2015-02-02
pre_rebalance  2015-03-02
pre_rebalance  2015-04-01
⭕ 000790 2015-04-02 卖出成交: -700股 @ 116.82
   买入价格 79.28 收益: 26278.00, 佣金: 245.32
现有现金 105816.01

 000716 申请价格: 35.86, 买入数量: 1600
✅ 000716 2015-04-03 买入成交: 1600股 @ 35.42
   成本: 56672.00, 佣金: 170.02
现有现金 48974.00


- - - - - - - - - - - - - - - - - - - - - - - - -
调整各股现金额度 70236.27
pre_rebalance  2015-05-04
pre_rebalance  2015-06-01
⭕ 600730 2015-06-02 卖出成交: -1900股 @ 102.29
   买入价格 30.17 收益: 137028.00, 佣金: 583.05
现有现金 242741.94

 600405 申请价格: 122.89, 买入数量: 500
✅ 600405 2015-06-03 买入成交: 500股 @ 117.29
   成本: 58645.00, 佣金: 175.94
现有现金 183921.01


- - - - - - - - - - - - - - - - - - - - - - - - -
调整各股现金额度 107020.47
pre_rebalance  2015-07-01
⭕ 600692 2015-07-02 卖出成交: -400股 @ 229.26
   买入价格 144.86 收益: 33760.00, 佣金: 275.11
现有现金 275349.90

 600313 申请价格: 25.23, 买入数量: 4200
 000790 申请价格: 113.97, 买入数量: 900
✅ 600313 2015-07-03 买入成交: 4200股 @ 21.63
   成本: 90846.00, 佣金: 272.54
现有现金 96055.62

✅ 000790 2015-07-03 买入成交: 900股 @ 97.68
   成本: 87912.00, 佣金: 263.74
现有现金 96055.62

⭕ 000716 2015-08-03 卖出成交: -1600股 @ 40.87
   买入价格 35.42 收益: 8720.00, 佣金: 196.18
现有现金 161251.45


- - - - - - - - - - - - - - - - - - - - - - - - -
调整各股现金额度 100922.69
pre_rebalance  2015-08-03
⭕ 600313 2015-08-04 卖出成交: -4200股 @ 25.99
   买入价格 21.63 收益: 18312.00, 佣金: 327.47
现有现金 270081.97

 600692 申请价格: 164.46, 买入数量: 600
✅ 600692 2015-08-05 买入成交: 600股 @ 157.44
   成本: 94464.00, 佣金: 283.39
现有现金 175334.58


- - - - - - - - - - - - - - - - - - - - - - - - -
调整各股现金额度 96587.52
pre_rebalance  2015-09-01
⭕ 000790 2015-09-02 卖出成交: -900股 @ 88.30
   买入价格 97.68 收益: -8442.00, 佣金: 238.41
现有现金 276619.81

⭕ 600405 2015-09-02 卖出成交: -500股 @ 44.24
   买入价格 117.29 收益: -36525.00, 佣金: 66.36
现有现金 276619.81

 600313 申请价格: 17.44, 买入数量: 5500
 002227 申请价格: 38.83, 买入数量: 2400
✅ 600313 2015-09-07 买入成交: 5500股 @ 17.21
   成本: 94655.00, 佣金: 283.97
现有现金 91771.93

✅ 002227 2015-09-07 买入成交: 2400股 @ 37.35
   成本: 89640.00, 佣金: 268.92
现有现金 91771.93


- - - - - - - - - - - - - - - - - - - - - - - - -
调整各股现金额度 114941.90
pre_rebalance  2015-10-08
⭕ 600692 2015-10-09 卖出成交: -600股 @ 175.02
   买入价格 157.44 收益: 10548.00, 佣金: 315.04
现有现金 496471.18

⭕ 600313 2015-10-09 卖出成交: -5500股 @ 23.27
   买入价格 17.21 收益: 33330.00, 佣金: 383.95
现有现金 496471.18

⭕ 002227 2015-10-09 卖出成交: -2400股 @ 72.05
   买入价格 37.35 收益: 83280.00, 佣金: 518.76
现有现金 496471.18

 000716 申请价格: 22.98, 买入数量: 5000
 000790 申请价格: 86.07, 买入数量: 1300
 600405 申请价格: 73.48, 买入数量: 1500
✅ 000790 2015-10-12 买入成交: 1300股 @ 85.96
   成本: 111748.00, 佣金: 335.24
现有现金 268571.52

✅ 600405 2015-10-12 买入成交: 1500股 @ 76.98
   成本: 115470.00, 佣金: 346.41
现有现金 268571.52


- - - - - - - - - - - - - - - - - - - - - - - - -
调整各股现金额度 133286.50
pre_rebalance  2015-11-02
⭕ 600405 2015-11-03 卖出成交: -1500股 @ 83.67
   买入价格 76.98 收益: 10035.00, 佣金: 376.51
现有现金 393700.01

 600313 申请价格: 23.75, 买入数量: 5600
✅ 600313 2015-11-04 买入成交: 5600股 @ 23.53
   成本: 131768.00, 佣金: 395.30
现有现金 261536.70

✅ 000716 2015-11-27 买入成交: 5000股 @ 24.08
   成本: 120400.00, 佣金: 361.20
现有现金 140775.50


- - - - - - - - - - - - - - - - - - - - - - - - -
调整各股现金额度 150719.90
pre_rebalance  2015-12-01
⭕ 000790 2015-12-02 卖出成交: -1300股 @ 122.78
   买入价格 85.96 收益: 47866.00, 佣金: 478.84
现有现金 442338.09

⭕ 600313 2015-12-02 卖出成交: -5600股 @ 25.51
   买入价格 23.53 收益: 11088.00, 佣金: 428.57
现有现金 442338.09

 600692 申请价格: 207.21, 买入数量: 700
 002521 申请价格: 35.94, 买入数量: 4100
✅ 600692 2015-12-03 买入成交: 700股 @ 204.10
   成本: 142870.00, 佣金: 428.61
现有现金 152148.13

✅ 002521 2015-12-03 买入成交: 4100股 @ 35.72
   成本: 146452.00, 佣金: 439.36
现有现金 152148.13


==================================================
策略执行总结:
==================================================
交易过股票：
000716 黑芝麻 食品饮料 收益率 56.36%
600692 亚通股份 房地产开发 收益率 86.90%
600730 中国高科 教育 收益率 239.05%
002521 齐峰新材 造纸印刷 收益率 6.49%
600452 涪陵电力 电力行业 收益率 113.53%
000637 茂化实华 石油行业 收益率 28.67%
600313 农发种业 农牧饲渔 收益率 76.14%
600405 动力源 电源设备 收益率 -59.00%
000790 华神科技 中药 收益率 90.26%
002227 奥 特 迅 电源设备 收益率 92.90%

初始资金: 300000.00
最终价值: 803467.13
总收益率: 167.82%
cerebro run 6.98s
最终投资组合价值: 803467.13

==================================================


2016 年
筛选净利润增长率连续3年 > 30%
符合增长率 > 20% 的共有112只
load_stock_list 7.25s
符合条件股票 68 个
筛选市值最小的 30 只股票
filter codes 1.79s
cerebro adddata 2.01s
初始投资组合价值: 30.00 万
pre_rebalance  2016-01-04
 002403 申请价格: 20.75, 买入数量: 2800
 600452 申请价格: 53.36, 买入数量: 1100
 000567 申请价格: 90.30, 买入数量: 600
 000949 申请价格: 23.44, 买入数量: 2500
 000716 申请价格: 30.84, 买入数量: 1900
✅ 002403 2016-01-05 买入成交: 2800股 @ 18.96
   成本: 53088.00, 佣金: 159.26
现有现金 86846.45

✅ 000567 2016-01-05 买入成交: 600股 @ 82.02
   成本: 49212.00, 佣金: 147.64
现有现金 86846.45

✅ 000949 2016-01-05 买入成交: 2500股 @ 22.70
   成本: 56750.00, 佣金: 170.25
现有现金 86846.45

✅ 000716 2016-01-05 买入成交: 1900股 @ 28.14
   成本: 53466.00, 佣金: 160.40
现有现金 86846.45


- - - - - - - - - - - - - - - - - - - - - - - - -
调整各股现金额度 56411.29
pre_rebalance  2016-02-01
 002126 申请价格: 35.85, 买入数量: 1500
✅ 002126 2016-02-03 买入成交: 1500股 @ 34.30
   成本: 51450.00, 佣金: 154.35
现有现金 35242.10


- - - - - - - - - - - - - - - - - - - - - - - - -
调整各股现金额度 55084.62
pre_rebalance  2016-03-01
⭕ 000716 2016-03-02 卖出成交: -1900股 @ 25.88
   买入价格 28.14 收益: -4294.00, 佣金: 147.52
现有现金 138867.29

⭕ 002126 2016-03-02 卖出成交: -1500股 @ 36.51
   买入价格 34.3 收益: 3315.00, 佣金: 164.29
现有现金 138867.29

 600114 申请价格: 46.98, 买入数量: 1100
 603601 申请价格: 69.31, 买入数量: 700
✅ 600114 2016-03-03 买入成交: 1100股 @ 46.50
   成本: 51150.00, 佣金: 153.45
现有现金 42173.08

✅ 603601 2016-03-03 买入成交: 700股 @ 64.65
   成本: 45255.00, 佣金: 135.77
现有现金 42173.08

❌ 600452 订单失败: Margin
   保证金不足


- - - - - - - - - - - - - - - - - - - - - - - - -
调整各股现金额度 63164.42
pre_rebalance  2016-04-01
⭕ 600114 2016-04-05 卖出成交: -1100股 @ 61.49
   买入价格 46.5 收益: 16489.00, 佣金: 202.92
现有现金 163633.60

⭕ 603601 2016-04-05 卖出成交: -700股 @ 77.41
   买入价格 64.65 收益: 8932.00, 佣金: 162.56
现有现金 163633.60

 603306 申请价格: 35.44, 买入数量: 1700
 000716 申请价格: 33.01, 买入数量: 1900
✅ 000716 2016-04-06 买入成交: 1900股 @ 32.57
   成本: 61883.00, 佣金: 185.65
现有现金 101564.95

✅ 603306 2016-04-11 买入成交: 1700股 @ 34.55
   成本: 58735.00, 佣金: 176.21
现有现金 42653.74


- - - - - - - - - - - - - - - - - - - - - - - - -
调整各股现金额度 67644.75
pre_rebalance  2016-05-03
 603601 申请价格: 83.22, 买入数量: 800
❌ 603601 订单失败: Margin
   保证金不足

⭕ 603306 2016-05-05 卖出成交: -1700股 @ 41.68
   买入价格 34.55 收益: 12121.00, 佣金: 212.57
现有现金 113297.18


- - - - - - - - - - - - - - - - - - - - - - - - -
调整各股现金额度 66469.44
pre_rebalance  2016-06-01
 600452 申请价格: 50.68, 买入数量: 1300
✅ 600452 2016-06-03 买入成交: 1300股 @ 48.41
   成本: 62933.00, 佣金: 188.80
现有现金 50175.38


- - - - - - - - - - - - - - - - - - - - - - - - -
调整各股现金额度 67608.88
pre_rebalance  2016-07-01
⭕ 002403 2016-07-04 卖出成交: -2800股 @ 22.01
   买入价格 18.96 收益: 8540.00, 佣金: 184.88
现有现金 111618.49

 601218 申请价格: 12.35, 买入数量: 5400
✅ 601218 2016-07-05 买入成交: 5400股 @ 11.75
   成本: 63450.00, 佣金: 190.35
现有现金 47978.14


- - - - - - - - - - - - - - - - - - - - - - - - -
调整各股现金额度 66547.63
pre_rebalance  2016-08-01
pre_rebalance  2016-09-01
⭕ 600452 2016-09-02 卖出成交: -1300股 @ 56.13
   买入价格 48.41 收益: 10036.00, 佣金: 218.91
现有现金 120728.24

 002403 申请价格: 21.13, 买入数量: 3100
✅ 002403 2016-09-05 买入成交: 3100股 @ 20.29
   成本: 62899.00, 佣金: 188.70
现有现金 57640.54


- - - - - - - - - - - - - - - - - - - - - - - - -
调整各股现金额度 71961.71
pre_rebalance  2016-10-10
⭕ 601218 2016-10-11 卖出成交: -5400股 @ 12.48
   买入价格 11.75 收益: 3942.00, 佣金: 202.18
现有现金 124830.36

 002184 申请价格: 51.32, 买入数量: 1400
✅ 002184 2016-10-12 买入成交: 1400股 @ 48.96
   成本: 68544.00, 佣金: 205.63
现有现金 56080.73


- - - - - - - - - - - - - - - - - - - - - - - - -
调整各股现金额度 80628.55
pre_rebalance  2016-11-01
⭕ 000567 2016-11-02 卖出成交: -600股 @ 162.57
   买入价格 82.02 收益: 48330.00, 佣金: 292.63
现有现金 212551.90

⭕ 000949 2016-11-02 卖出成交: -2500股 @ 23.76
   买入价格 22.7 收益: 2650.00, 佣金: 178.20
现有现金 212551.90

 601218 申请价格: 12.95, 买入数量: 6200
 600452 申请价格: 63.38, 买入数量: 1200
✅ 601218 2016-11-03 买入成交: 6200股 @ 12.51
   成本: 77562.00, 佣金: 232.69
现有现金 61782.95

✅ 600452 2016-11-03 买入成交: 1200股 @ 60.63
   成本: 72756.00, 佣金: 218.27
现有现金 61782.95


- - - - - - - - - - - - - - - - - - - - - - - - -
调整各股现金额度 82424.19
pre_rebalance  2016-12-01
⭕ 600452 2016-12-02 卖出成交: -1200股 @ 64.73
   买入价格 60.63 收益: 4920.00, 佣金: 233.03
现有现金 139225.92

 600326 申请价格: 55.66, 买入数量: 1400
✅ 600326 2016-12-05 买入成交: 1400股 @ 52.77
   成本: 73878.00, 佣金: 221.63
现有现金 65126.29


==================================================
策略执行总结:
==================================================
交易过股票：
600326 西藏天路 水泥建材 收益率 -4.40%
600452 涪陵电力 电力行业 收益率 23.79%
002184 海得控制 专用设备 收益率 -10.23%
000716 黑芝麻 食品饮料 收益率 -12.10%
002126 银轮股份 汽车零部件 收益率 6.44%
601218 吉鑫科技 风电设备 收益率 0.95%
600114 东睦股份 通用设备 收益率 32.24%
603306 华懋科技 汽车零部件 收益率 20.64%
002403 爱仕达 家电行业 收益率 15.29%
000949 新乡化纤 化纤行业 收益率 4.67%
603601 再升科技 玻璃玻纤 收益率 19.74%
000567 海德股份 多元金融 收益率 98.21%

初始资金: 300000.00
最终价值: 392616.29
总收益率: 30.87%
cerebro run 7.74s
最终投资组合价值: 392616.29

==================================================


2017 年
筛选净利润增长率连续3年 > 30%
符合增长率 > 20% 的共有109只
load_stock_list 7.41s
符合条件股票 62 个
筛选市值最小的 30 只股票
filter codes 1.65s
cerebro adddata 1.88s
初始投资组合价值: 30.00 万
pre_rebalance  2017-01-03
 000859 申请价格: 23.00, 买入数量: 2600
 000590 申请价格: 105.89, 买入数量: 500
 002536 申请价格: 47.30, 买入数量: 1200
 002548 申请价格: 56.75, 买入数量: 1000
 600326 申请价格: 53.40, 买入数量: 1100
✅ 000859 2017-01-04 买入成交: 2600股 @ 22.08
   成本: 57408.00, 佣金: 172.22
现有现金 24804.88

✅ 000590 2017-01-04 买入成交: 500股 @ 102.70
   成本: 51350.00, 佣金: 154.05
现有现金 24804.88

✅ 002536 2017-01-04 买入成交: 1200股 @ 45.37
   成本: 54444.00, 佣金: 163.33
现有现金 24804.88

✅ 002548 2017-01-04 买入成交: 1000股 @ 54.63
   成本: 54630.00, 佣金: 163.89
现有现金 24804.88

✅ 600326 2017-01-04 买入成交: 1100股 @ 51.40
   成本: 56540.00, 佣金: 169.62
现有现金 24804.88


- - - - - - - - - - - - - - - - - - - - - - - - -
调整各股现金额度 57575.98
pre_rebalance  2017-02-03
⭕ 600326 2017-02-06 卖出成交: -1100股 @ 56.17
   买入价格 51.4 收益: 5247.00, 佣金: 185.36
现有现金 86406.52

 002321 申请价格: 21.35, 买入数量: 2600
✅ 002321 2017-02-07 买入成交: 2600股 @ 20.41
   成本: 53066.00, 佣金: 159.20
现有现金 33181.33


- - - - - - - - - - - - - - - - - - - - - - - - -
调整各股现金额度 60592.87
pre_rebalance  2017-03-01
⭕ 002321 2017-03-02 卖出成交: -2600股 @ 21.94
   买入价格 20.41 收益: 3978.00, 佣金: 171.13
现有现金 90054.19

 002196 申请价格: 38.58, 买入数量: 1500
✅ 002196 2017-03-03 买入成交: 1500股 @ 37.57
   成本: 56355.00, 佣金: 169.06
现有现金 33530.13


- - - - - - - - - - - - - - - - - - - - - - - - -
调整各股现金额度 61068.83
pre_rebalance  2017-04-05
⭕ 002196 2017-04-06 卖出成交: -1500股 @ 36.79
   买入价格 37.57 收益: -1170.00, 佣金: 165.56
现有现金 88549.57

 002321 申请价格: 21.49, 买入数量: 2800
✅ 002321 2017-04-07 买入成交: 2800股 @ 20.22
   成本: 56616.00, 佣金: 169.85
现有现金 31763.73


- - - - - - - - - - - - - - - - - - - - - - - - -
调整各股现金额度 57333.35
pre_rebalance  2017-05-02
⭕ 002321 2017-05-03 卖出成交: -2800股 @ 20.59
   买入价格 20.22 收益: 1036.00, 佣金: 172.96
现有现金 89242.77

 002380 申请价格: 64.83, 买入数量: 800
✅ 002380 2017-05-04 买入成交: 800股 @ 62.11
   成本: 49688.00, 佣金: 149.06
现有现金 39405.71


- - - - - - - - - - - - - - - - - - - - - - - - -
调整各股现金额度 51043.74
pre_rebalance  2017-06-01
pre_rebalance  2017-07-03
pre_rebalance  2017-08-01
pre_rebalance  2017-09-01
⭕ 002536 2017-09-04 卖出成交: -1200股 @ 51.01
   买入价格 45.37 收益: 6768.00, 佣金: 183.64
现有现金 100434.07

 002196 申请价格: 32.23, 买入数量: 1500
✅ 002196 2017-09-05 买入成交: 1500股 @ 31.62
   成本: 47430.00, 佣金: 142.29
现有现金 52861.78


- - - - - - - - - - - - - - - - - - - - - - - - -
调整各股现金额度 58452.56
pre_rebalance  2017-10-09
⭕ 002196 2017-10-10 卖出成交: -1500股 @ 36.65
   买入价格 31.62 收益: 7545.00, 佣金: 164.92
现有现金 107671.85

 601599 申请价格: 20.38, 买入数量: 2800
✅ 601599 2017-10-11 买入成交: 2800股 @ 19.85
   成本: 55580.00, 佣金: 166.74
现有现金 51925.11


- - - - - - - - - - - - - - - - - - - - - - - - -
调整各股现金额度 55507.42
pre_rebalance  2017-11-01
⭕ 601599 2017-11-02 卖出成交: -2800股 @ 18.78
   买入价格 19.85 收益: -2996.00, 佣金: 157.75
现有现金 104351.36

 002196 申请价格: 32.06, 买入数量: 1700
✅ 002196 2017-11-03 买入成交: 1700股 @ 29.70
   成本: 50490.00, 佣金: 151.47
现有现金 53709.89


- - - - - - - - - - - - - - - - - - - - - - - - -
调整各股现金额度 52653.58
pre_rebalance  2017-12-01

==================================================
策略执行总结:
==================================================
交易过股票：
000590 启迪药业 中药 收益率 -21.49%
002536 飞龙股份 汽车零部件 收益率 12.43%
002321 华英农业 农牧饲渔 收益率 9.46%
002548 金新农 农牧饲渔 收益率 -26.60%
000859 国风新材 塑料制品 收益率 -28.80%
600326 西藏天路 水泥建材 收益率 9.28%
002196 方正电机 电机 收益率 -0.60%
002380 科远智慧 互联网服务 收益率 -12.61%
601599 浙文影业 纺织服装 收益率 -5.39%

初始资金: 300000.00
最终价值: 262637.89
总收益率: -12.45%
cerebro run 8.46s
最终投资组合价值: 262637.89

==================================================


2018 年
筛选净利润增长率连续3年 > 30%
符合增长率 > 20% 的共有148只
load_stock_list 7.45s
符合条件股票 108 个
筛选市值最小的 30 只股票
filter codes 2.41s
cerebro adddata 2.63s
初始投资组合价值: 30.00 万
pre_rebalance  2018-01-02
 002243 申请价格: 14.84, 买入数量: 4000
 002295 申请价格: 19.12, 买入数量: 3100
 000859 申请价格: 16.71, 买入数量: 3500
 002125 申请价格: 27.76, 买入数量: 2100
 002599 申请价格: 25.90, 买入数量: 2300
✅ 002243 2018-01-03 买入成交: 4000股 @ 13.96
   成本: 55840.00, 佣金: 167.52
现有现金 16745.78

✅ 002295 2018-01-03 买入成交: 3100股 @ 18.33
   成本: 56823.00, 佣金: 170.47
现有现金 16745.78

✅ 000859 2018-01-03 买入成交: 3500股 @ 16.02
   成本: 56070.00, 佣金: 168.21
现有现金 16745.78

✅ 002125 2018-01-03 买入成交: 2100股 @ 26.64
   成本: 55944.00, 佣金: 167.83
现有现金 16745.78

✅ 002599 2018-01-03 买入成交: 2300股 @ 25.10
   成本: 57730.00, 佣金: 173.19
现有现金 16745.78


- - - - - - - - - - - - - - - - - - - - - - - - -
调整各股现金额度 54049.36
pre_rebalance  2018-02-01
pre_rebalance  2018-03-01
⭕ 002599 2018-03-02 卖出成交: -2300股 @ 25.82
   买入价格 25.1 收益: 1656.00, 佣金: 178.16
现有现金 75953.62

 002380 申请价格: 52.93, 买入数量: 1000
✅ 002380 2018-03-05 买入成交: 1000股 @ 50.82
   成本: 50820.00, 佣金: 152.46
现有现金 24981.16


- - - - - - - - - - - - - - - - - - - - - - - - -
调整各股现金额度 55310.83
pre_rebalance  2018-04-02
⭕ 002380 2018-04-03 卖出成交: -1000股 @ 56.61
   买入价格 50.82 收益: 5790.00, 佣金: 169.83
现有现金 81421.33

 002599 申请价格: 26.25, 买入数量: 2100
✅ 002599 2018-04-04 买入成交: 2100股 @ 24.41
   成本: 51261.00, 佣金: 153.78
现有现金 30006.55


- - - - - - - - - - - - - - - - - - - - - - - - -
调整各股现金额度 51774.91
pre_rebalance  2018-05-02
⭕ 002599 2018-05-03 卖出成交: -2100股 @ 24.96
   买入价格 24.41 收益: 1155.00, 佣金: 157.25
现有现金 82265.30

 600163 申请价格: 9.12, 买入数量: 5600
✅ 600163 2018-05-04 买入成交: 5600股 @ 8.76
   成本: 49056.00, 佣金: 147.17
现有现金 33062.13


- - - - - - - - - - - - - - - - - - - - - - - - -
调整各股现金额度 50804.83
pre_rebalance  2018-06-01
pre_rebalance  2018-07-02
⭕ 600163 2018-07-03 卖出成交: -5600股 @ 8.06
   买入价格 8.76 收益: -3920.00, 佣金: 135.41
现有现金 78062.72

 002380 申请价格: 43.97, 买入数量: 1100
✅ 002380 2018-07-04 买入成交: 1100股 @ 40.30
   成本: 44330.00, 佣金: 132.99
现有现金 33599.73


- - - - - - - - - - - - - - - - - - - - - - - - -
调整各股现金额度 51817.75
pre_rebalance  2018-08-01
⭕ 002243 2018-08-02 卖出成交: -4000股 @ 14.78
   买入价格 13.96 收益: 3280.00, 佣金: 177.36
现有现金 135379.48

⭕ 002380 2018-08-02 卖出成交: -1100股 @ 39.06
   买入价格 40.3 收益: -1364.00, 佣金: 128.90
现有现金 135379.48

 000068 申请价格: 7.42, 买入数量: 6900
 002193 申请价格: 25.20, 买入数量: 2000
✅ 000068 2018-08-03 买入成交: 6900股 @ 6.98
   成本: 48162.00, 佣金: 144.49
现有现金 38447.55

✅ 002193 2018-08-03 买入成交: 2000股 @ 24.24
   成本: 48480.00, 佣金: 145.44
现有现金 38447.55


- - - - - - - - - - - - - - - - - - - - - - - - -
调整各股现金额度 49622.91
pre_rebalance  2018-09-03
⭕ 000068 2018-09-04 卖出成交: -6900股 @ 6.71
   买入价格 6.98 收益: -1863.00, 佣金: 138.90
现有现金 138645.05

⭕ 002193 2018-09-04 卖出成交: -2000股 @ 27.10
   买入价格 24.24 收益: 5720.00, 佣金: 162.60
现有现金 138645.05

 002243 申请价格: 13.64, 买入数量: 3600
 002380 申请价格: 41.04, 买入数量: 1200
✅ 002243 2018-09-05 买入成交: 3600股 @ 13.27
   成本: 47772.00, 佣金: 143.32
现有现金 44066.17

✅ 002380 2018-09-05 买入成交: 1200股 @ 38.77
   成本: 46524.00, 佣金: 139.57
现有现金 44066.17


- - - - - - - - - - - - - - - - - - - - - - - - -
调整各股现金额度 47710.83
pre_rebalance  2018-10-08
⭕ 002380 2018-10-09 卖出成交: -1200股 @ 37.69
   买入价格 38.77 收益: -1296.00, 佣金: 135.68
现有现金 89158.48

 000068 申请价格: 6.51, 买入数量: 7300
✅ 000068 2018-10-10 买入成交: 7300股 @ 6.20
   成本: 45260.00, 佣金: 135.78
现有现金 43762.70


- - - - - - - - - - - - - - - - - - - - - - - - -
调整各股现金额度 46306.94
pre_rebalance  2018-11-01
pre_rebalance  2018-12-10
⭕ 000068 2018-12-11 卖出成交: -7300股 @ 8.07
   买入价格 6.2 收益: 13651.00, 佣金: 176.73
现有现金 102496.97

 002380 申请价格: 37.40, 买入数量: 1200
✅ 002380 2018-12-12 买入成交: 1200股 @ 35.69
   成本: 42828.00, 佣金: 128.48
现有现金 59540.48


==================================================
策略执行总结:
==================================================
交易过股票：
002125 湘潭电化 化学原料 收益率 -35.74%
600163 中闽能源 电力行业 收益率 -7.99%
002295 精艺股份 有色金属 收益率 -34.32%
000859 国风新材 塑料制品 收益率 -33.77%
002193 如意集团 纺织服装 收益率 11.80%
002243 力合科创 美容护理 收益率 87.01%
000068 华控赛格 环保行业 收益率 25.13%
002599 盛通股份 包装材料 收益率 5.19%
002380 科远智慧 互联网服务 收益率 -1.60%

初始资金: 300000.00
最终价值: 294487.48
总收益率: -1.84%
cerebro run 9.26s
最终投资组合价值: 294487.48

==================================================


2019 年
筛选净利润增长率连续3年 > 30%
符合增长率 > 20% 的共有153只
load_stock_list 7.48s
符合条件股票 129 个
筛选市值最小的 30 只股票
filter codes 2.51s
cerebro adddata 2.73s
初始投资组合价值: 30.00 万
pre_rebalance  2019-01-02
 000632 申请价格: 31.50, 买入数量: 1900
 600250 申请价格: 22.73, 买入数量: 2600
 600148 申请价格: 41.43, 买入数量: 1400
 600257 申请价格: 29.33, 买入数量: 2000
 000859 申请价格: 11.18, 买入数量: 5300
✅ 000632 2019-01-03 买入成交: 1900股 @ 30.38
   成本: 57722.00, 佣金: 173.17
现有现金 19629.40

✅ 600250 2019-01-03 买入成交: 2600股 @ 20.35
   成本: 52910.00, 佣金: 158.73
现有现金 19629.40

✅ 600148 2019-01-03 买入成交: 1400股 @ 40.69
   成本: 56966.00, 佣金: 170.90
现有现金 19629.40

✅ 600257 2019-01-03 买入成交: 2000股 @ 27.93
   成本: 55860.00, 佣金: 167.58
现有现金 19629.40

✅ 000859 2019-01-03 买入成交: 5300股 @ 10.58
   成本: 56074.00, 佣金: 168.22
现有现金 19629.40


- - - - - - - - - - - - - - - - - - - - - - - - -
调整各股现金额度 59635.08
pre_rebalance  2019-02-01
pre_rebalance  2019-03-01
⭕ 000859 2019-03-04 卖出成交: -5300股 @ 28.03
   买入价格 10.58 收益: 92485.00, 佣金: 445.68
现有现金 167742.73

 002193 申请价格: 21.59, 买入数量: 2700
✅ 002193 2019-03-05 买入成交: 2700股 @ 20.87
   成本: 56349.00, 佣金: 169.05
现有现金 111224.68


- - - - - - - - - - - - - - - - - - - - - - - - -
调整各股现金额度 81880.02
pre_rebalance  2019-04-01
⭕ 002193 2019-04-02 卖出成交: -2700股 @ 22.66
   买入价格 20.87 收益: 4833.00, 佣金: 183.55
现有现金 172223.13

 000757 申请价格: 30.90, 买入数量: 2600
✅ 000757 2019-04-03 买入成交: 2600股 @ 29.93
   成本: 77818.00, 佣金: 233.45
现有现金 94171.68


- - - - - - - - - - - - - - - - - - - - - - - - -
调整各股现金额度 80848.14
pre_rebalance  2019-05-06
⭕ 600257 2019-05-07 卖出成交: -2000股 @ 33.29
   买入价格 27.93 收益: 10720.00, 佣金: 199.74
现有现金 160551.94

 002193 申请价格: 18.78, 买入数量: 4300
✅ 002193 2019-05-08 买入成交: 4300股 @ 18.09
   成本: 77787.00, 佣金: 233.36
现有现金 82531.58


- - - - - - - - - - - - - - - - - - - - - - - - -
调整各股现金额度 81229.72
pre_rebalance  2019-06-03
pre_rebalance  2019-07-01
⭕ 000632 2019-07-02 卖出成交: -1900股 @ 42.63
   买入价格 30.38 收益: 23275.00, 佣金: 242.99
现有现金 163285.59

 600257 申请价格: 32.84, 买入数量: 2400
✅ 600257 2019-07-03 买入成交: 2400股 @ 31.88
   成本: 76512.00, 佣金: 229.54
现有现金 86544.05


- - - - - - - - - - - - - - - - - - - - - - - - -
调整各股现金额度 81127.61
pre_rebalance  2019-08-01
pre_rebalance  2019-09-02
⭕ 000757 2019-09-03 卖出成交: -2600股 @ 22.98
   买入价格 29.93 收益: -18070.00, 佣金: 179.24
现有现金 146112.81

 002365 申请价格: 29.58, 买入数量: 2700
✅ 002365 2019-09-04 买入成交: 2700股 @ 28.57
   成本: 77139.00, 佣金: 231.42
现有现金 68742.39


- - - - - - - - - - - - - - - - - - - - - - - - -
调整各股现金额度 77557.28
pre_rebalance  2019-10-08
⭕ 002365 2019-10-09 卖出成交: -2700股 @ 27.46
   买入价格 28.57 收益: -2997.00, 佣金: 222.43
现有现金 142661.96

 002442 申请价格: 13.10, 买入数量: 5900
✅ 002442 2019-10-10 买入成交: 5900股 @ 12.60
   成本: 74340.00, 佣金: 223.02
现有现金 68098.94


- - - - - - - - - - - - - - - - - - - - - - - - -
调整各股现金额度 76453.39
pre_rebalance  2019-11-01
pre_rebalance  2019-12-02

==================================================
策略执行总结:
==================================================
交易过股票：
600257 大湖股份 农牧饲渔 收益率 8.20%
600250 南京商旅 贸易行业 收益率 -13.86%
000757 浩物股份 汽车服务 收益率 -23.22%
002365 永安药业 化学制药 收益率 -3.89%
002193 如意集团 纺织服装 收益率 -2.47%
002442 龙星科技 橡胶制品 收益率 13.89%
600148 长春一东 汽车零部件 收益率 -8.82%
000859 国风新材 塑料制品 收益率 164.93%
000632 三木集团 综合行业 收益率 40.32%

初始资金: 300000.00
最终价值: 389612.95
总收益率: 29.87%
cerebro run 9.70s
最终投资组合价值: 389612.95

==================================================


2020 年
筛选净利润增长率连续3年 > 30%
符合增长率 > 20% 的共有99只
load_stock_list 7.53s
符合条件股票 88 个
筛选市值最小的 30 只股票
filter codes 1.63s
cerebro adddata 1.84s
初始投资组合价值: 30.00 万
pre_rebalance  2020-01-02
 600202 申请价格: 25.71, 买入数量: 2300
 603988 申请价格: 31.75, 买入数量: 1800
 002278 申请价格: 14.62, 买入数量: 4100
 600287 申请价格: 32.02, 买入数量: 1800
 601616 申请价格: 6.50, 买入数量: 9200
✅ 600202 2020-01-03 买入成交: 2300股 @ 24.34
   成本: 55982.00, 佣金: 167.95
现有现金 18281.37

✅ 603988 2020-01-03 买入成交: 1800股 @ 30.37
   成本: 54666.00, 佣金: 164.00
现有现金 18281.37

✅ 002278 2020-01-03 买入成交: 4100股 @ 14.26
   成本: 58466.00, 佣金: 175.40
现有现金 18281.37

✅ 600287 2020-01-03 买入成交: 1800股 @ 30.35
   成本: 54630.00, 佣金: 163.89
现有现金 18281.37

✅ 601616 2020-01-03 买入成交: 9200股 @ 6.21
   成本: 57132.00, 佣金: 171.40
现有现金 18281.37


- - - - - - - - - - - - - - - - - - - - - - - - -
调整各股现金额度 52896.07
pre_rebalance  2020-02-03
pre_rebalance  2020-03-02
⭕ 601616 2020-03-03 卖出成交: -9200股 @ 6.13
   买入价格 6.21 收益: -736.00, 佣金: 169.19
现有现金 74508.18

 603227 申请价格: 9.58, 买入数量: 5500
✅ 603227 2020-03-04 买入成交: 5500股 @ 9.33
   成本: 51315.00, 佣金: 153.94
现有现金 23039.24


- - - - - - - - - - - - - - - - - - - - - - - - -
调整各股现金额度 53305.45
pre_rebalance  2020-04-01
pre_rebalance  2020-05-06
pre_rebalance  2020-06-01
⭕ 603988 2020-06-02 卖出成交: -1800股 @ 38.85
   买入价格 30.37 收益: 15264.00, 佣金: 209.79
现有现金 92759.45

 000407 申请价格: 41.10, 买入数量: 1200
✅ 000407 2020-06-03 买入成交: 1200股 @ 38.78
   成本: 46536.00, 佣金: 139.61
现有现金 46083.84


- - - - - - - - - - - - - - - - - - - - - - - - -
调整各股现金额度 56358.77
pre_rebalance  2020-07-01
pre_rebalance  2020-08-03
⭕ 000407 2020-08-04 卖出成交: -1200股 @ 50.12
   买入价格 38.78 收益: 13608.00, 佣金: 180.43
现有现金 106047.41

 601616 申请价格: 7.42, 买入数量: 7500
✅ 601616 2020-08-05 买入成交: 7500股 @ 7.25
   成本: 54375.00, 佣金: 163.12
现有现金 51509.28


- - - - - - - - - - - - - - - - - - - - - - - - -
调整各股现金额度 65901.66
pre_rebalance  2020-09-01
pre_rebalance  2020-10-09
pre_rebalance  2020-11-02
pre_rebalance  2020-12-01

==================================================
策略执行总结:
==================================================
交易过股票：
600202 哈空调 电源设备 收益率 -14.22%
601616 广电电气 电网设备 收益率 -10.41%
600287 苏豪时尚 商业百货 收益率 3.79%
000407 胜利股份 燃气 收益率 29.24%
603227 雪峰科技 化学制品 收益率 4.82%
603988 中电电机 电机 收益率 27.92%
002278 神开股份 专用设备 收益率 4.07%

初始资金: 300000.00
最终价值: 320217.28
总收益率: 6.74%
cerebro run 10.20s
最终投资组合价值: 320217.28

==================================================


2021 年
筛选净利润增长率连续3年 > 30%
符合增长率 > 20% 的共有106只
load_stock_list 7.84s
符合条件股票 97 个
筛选市值最小的 30 只股票
filter codes 1.89s
cerebro adddata 2.12s
初始投资组合价值: 30.00 万
pre_rebalance  2021-01-04
 600099 申请价格: 18.00, 买入数量: 3300
 002112 申请价格: 22.30, 买入数量: 2600
 600234 申请价格: 22.96, 买入数量: 2600
 002576 申请价格: 17.00, 买入数量: 3500
 002676 申请价格: 16.29, 买入数量: 3600
✅ 600099 2021-01-05 买入成交: 3300股 @ 17.00
   成本: 56100.00, 佣金: 168.30
现有现金 19037.63

✅ 002112 2021-01-05 买入成交: 2600股 @ 20.88
   成本: 54288.00, 佣金: 162.86
现有现金 19037.63

✅ 600234 2021-01-05 买入成交: 2600股 @ 21.87
   成本: 56862.00, 佣金: 170.59
现有现金 19037.63

✅ 002576 2021-01-05 买入成交: 3500股 @ 16.44
   成本: 57540.00, 佣金: 172.62
现有现金 19037.63

✅ 002676 2021-01-05 买入成交: 3600股 @ 15.37
   成本: 55332.00, 佣金: 166.00
现有现金 19037.63


- - - - - - - - - - - - - - - - - - - - - - - - -
调整各股现金额度 53124.13
pre_rebalance  2021-02-01
pre_rebalance  2021-03-01
pre_rebalance  2021-04-01
pre_rebalance  2021-05-06
pre_rebalance  2021-06-01
⭕ 002676 2021-06-02 卖出成交: -3600股 @ 17.20
   买入价格 15.37 收益: 6588.00, 佣金: 185.76
现有现金 80771.87

 000880 申请价格: 32.97, 买入数量: 1600
✅ 000880 2021-06-03 买入成交: 1600股 @ 31.60
   成本: 50560.00, 佣金: 151.68
现有现金 30060.19


- - - - - - - - - - - - - - - - - - - - - - - - -
调整各股现金额度 59136.17
pre_rebalance  2021-07-01
pre_rebalance  2021-08-02
⭕ 600234 2021-08-03 卖出成交: -2600股 @ 32.72
   买入价格 21.87 收益: 28210.00, 佣金: 255.22
现有现金 114876.98

 002669 申请价格: 24.21, 买入数量: 2400
✅ 002669 2021-08-04 买入成交: 2400股 @ 23.15
   成本: 55560.00, 佣金: 166.68
现有现金 59150.30


- - - - - - - - - - - - - - - - - - - - - - - - -
调整各股现金额度 70439.06
pre_rebalance  2021-09-01
⭕ 002669 2021-09-02 卖出成交: -2400股 @ 28.14
   买入价格 23.15 收益: 11976.00, 佣金: 202.61
现有现金 126483.69

 000628 申请价格: 27.88, 买入数量: 2500
✅ 000628 2021-09-03 买入成交: 2500股 @ 26.83
   成本: 67075.00, 佣金: 201.22
现有现金 59207.47


- - - - - - - - - - - - - - - - - - - - - - - - -
调整各股现金额度 75075.29
pre_rebalance  2021-10-08
⭕ 000628 2021-10-11 卖出成交: -2500股 @ 26.64
   买入价格 26.83 收益: -475.00, 佣金: 199.80
现有现金 125607.67

 002395 申请价格: 34.43, 买入数量: 2100
✅ 002395 2021-10-12 买入成交: 2100股 @ 32.23
   成本: 67683.00, 佣金: 203.05
现有现金 57721.62


- - - - - - - - - - - - - - - - - - - - - - - - -
调整各股现金额度 73270.32
pre_rebalance  2021-11-01
⭕ 000880 2021-11-02 卖出成交: -1600股 @ 30.50
   买入价格 31.6 收益: -1760.00, 佣金: 146.40
现有现金 106375.22

 600234 申请价格: 21.88, 买入数量: 3300
✅ 600234 2021-11-03 买入成交: 3300股 @ 20.86
   成本: 68838.00, 佣金: 206.51
现有现金 37330.70


- - - - - - - - - - - - - - - - - - - - - - - - -
调整各股现金额度 80090.14
pre_rebalance  2021-12-01
⭕ 002576 2021-12-02 卖出成交: -3500股 @ 25.12
   买入价格 16.44 收益: 30380.00, 佣金: 263.76
现有现金 124986.94

 000880 申请价格: 37.04, 买入数量: 2100
✅ 000880 2021-12-03 买入成交: 2100股 @ 35.87
   成本: 75327.00, 佣金: 225.98
现有现金 49433.96


==================================================
策略执行总结:
==================================================
交易过股票：
002676 顺威股份 家电行业 收益率 11.91%
600234 科新发展 房地产开发 收益率 72.42%
002395 双象股份 塑料制品 收益率 5.06%
002576 通达动力 电机 收益率 52.80%
002669 康达新材 化学制品 收益率 21.56%
002112 三变科技 电网设备 收益率 0.00%
600099 林海股份 交运设备 收益率 37.06%
000880 潍柴重机 通用设备 收益率 -3.48%
000628 高新发展 工程建设 收益率 -0.71%

初始资金: 300000.00
最终价值: 406376.96
总收益率: 35.46%
cerebro run 11.24s
最终投资组合价值: 406376.96

==================================================


2022 年
筛选净利润增长率连续3年 > 30%
符合增长率 > 20% 的共有141只
load_stock_list 7.75s
符合条件股票 128 个
筛选市值最小的 30 只股票
filter codes 2.25s
cerebro adddata 2.55s
初始投资组合价值: 30.00 万
pre_rebalance  2022-01-04
 002800 申请价格: 22.91, 买入数量: 2600
 000571 申请价格: 31.88, 买入数量: 1800
 605259 申请价格: 38.52, 买入数量: 1500
 000663 申请价格: 40.53, 买入数量: 1400
 002105 申请价格: 18.85, 买入数量: 3100
✅ 002800 2022-01-05 买入成交: 2600股 @ 21.72
   成本: 56472.00, 佣金: 169.42
现有现金 25109.80

✅ 000571 2022-01-05 买入成交: 1800股 @ 30.48
   成本: 54864.00, 佣金: 164.59
现有现金 25109.80

✅ 605259 2022-01-05 买入成交: 1500股 @ 36.77
   成本: 55155.00, 佣金: 165.47
现有现金 25109.80

✅ 000663 2022-01-05 买入成交: 1400股 @ 37.98
   成本: 53172.00, 佣金: 159.52
现有现金 25109.80

✅ 002105 2022-01-05 买入成交: 3100股 @ 17.55
   成本: 54405.00, 佣金: 163.22
现有现金 25109.80


- - - - - - - - - - - - - - - - - - - - - - - - -
调整各股现金额度 53568.16
pre_rebalance  2022-02-07
⭕ 002105 2022-02-08 卖出成交: -3100股 @ 15.86
   买入价格 17.55 收益: -5239.00, 佣金: 147.50
现有现金 74128.30

 600333 申请价格: 14.90, 买入数量: 3500
✅ 600333 2022-02-09 买入成交: 3500股 @ 14.11
   成本: 49385.00, 佣金: 148.16
现有现金 24595.14


- - - - - - - - - - - - - - - - - - - - - - - - -
调整各股现金额度 56882.63
pre_rebalance  2022-03-01
⭕ 600333 2022-03-02 卖出成交: -3500股 @ 14.67
   买入价格 14.11 收益: 1960.00, 佣金: 154.03
现有现金 75786.11

 002213 申请价格: 32.00, 买入数量: 1700
✅ 002213 2022-03-03 买入成交: 1700股 @ 30.02
   成本: 51034.00, 佣金: 153.10
现有现金 24599.01


- - - - - - - - - - - - - - - - - - - - - - - - -
调整各股现金额度 53522.80
pre_rebalance  2022-04-01
pre_rebalance  2022-05-05
pre_rebalance  2022-06-01
pre_rebalance  2022-07-01
⭕ 002213 2022-07-04 卖出成交: -1700股 @ 34.12
   买入价格 30.02 收益: 6970.00, 佣金: 174.01
现有现金 82428.99

 002105 申请价格: 13.77, 买入数量: 3800
✅ 002105 2022-07-05 买入成交: 3800股 @ 13.48
   成本: 51224.00, 佣金: 153.67
现有现金 31051.32


- - - - - - - - - - - - - - - - - - - - - - - - -
调整各股现金额度 59367.46
pre_rebalance  2022-08-01
pre_rebalance  2022-09-01
⭕ 000663 2022-09-02 卖出成交: -1400股 @ 38.22
   买入价格 37.98 收益: 336.00, 佣金: 160.52
现有现金 84398.80

 605028 申请价格: 19.95, 买入数量: 2900
✅ 605028 2022-09-05 买入成交: 2900股 @ 19.92
   成本: 57768.00, 佣金: 173.30
现有现金 26457.49


- - - - - - - - - - - - - - - - - - - - - - - - -
调整各股现金额度 57520.70
pre_rebalance  2022-10-10
⭕ 605259 2022-10-11 卖出成交: -1500股 @ 36.12
   买入价格 36.77 收益: -975.00, 佣金: 162.54
现有现金 80474.95

 000663 申请价格: 35.45, 买入数量: 1600
✅ 000663 2022-10-12 买入成交: 1600股 @ 33.80
   成本: 54080.00, 佣金: 162.24
现有现金 26232.71


- - - - - - - - - - - - - - - - - - - - - - - - -
调整各股现金额度 58266.74
pre_rebalance  2022-11-01
⭕ 000663 2022-11-02 卖出成交: -1600股 @ 29.00
   买入价格 33.8 收益: -7680.00, 佣金: 139.20
现有现金 72493.51

 002213 申请价格: 31.10, 买入数量: 1800
✅ 002213 2022-11-03 买入成交: 1800股 @ 30.52
   成本: 54936.00, 佣金: 164.81
现有现金 17392.71


- - - - - - - - - - - - - - - - - - - - - - - - -
调整各股现金额度 61745.28
pre_rebalance  2022-12-01
⭕ 002213 2022-12-02 卖出成交: -1800股 @ 33.19
   买入价格 30.52 收益: 4806.00, 佣金: 179.23
现有现金 76955.48

 000663 申请价格: 37.36, 买入数量: 1600
✅ 000663 2022-12-05 买入成交: 1600股 @ 37.07
   成本: 59312.00, 佣金: 177.94
现有现金 17465.54


==================================================
策略执行总结:
==================================================
交易过股票：
000571 新大洲A 煤炭行业 收益率 -9.65%
605028 世茂能源 电力行业 收益率 -11.80%
002105 信隆健康 交运设备 收益率 -19.35%
000663 永安林业 装修建材 收益率 -20.13%
605259 绿田机械 通用设备 收益率 -1.77%
002213 大为股份 半导体 收益率 23.60%
600333 长春燃气 燃气 收益率 3.97%
002800 天顺股份 物流行业 收益率 66.44%

初始资金: 300000.00
最终价值: 312558.54
总收益率: 4.19%
cerebro run 12.02s
最终投资组合价值: 312558.54

==================================================


2023 年
筛选净利润增长率连续3年 > 30%
符合增长率 > 20% 的共有118只
load_stock_list 7.83s
符合条件股票 109 个
筛选市值最小的 30 只股票
filter codes 1.90s
cerebro adddata 2.09s
初始投资组合价值: 30.00 万
pre_rebalance  2023-01-03
 002652 申请价格: 14.45, 买入数量: 4100
 600883 申请价格: 38.80, 买入数量: 1500
 000571 申请价格: 28.92, 买入数量: 2000
 600241 申请价格: 25.54, 买入数量: 2300
 002136 申请价格: 30.69, 买入数量: 1900
✅ 002652 2023-01-04 买入成交: 4100股 @ 14.17
   成本: 58097.00, 佣金: 174.29
现有现金 19138.94

✅ 600883 2023-01-04 买入成交: 1500股 @ 37.61
   成本: 56415.00, 佣金: 169.25
现有现金 19138.94

✅ 000571 2023-01-04 买入成交: 2000股 @ 27.54
   成本: 55080.00, 佣金: 165.24
现有现金 19138.94

✅ 600241 2023-01-04 买入成交: 2300股 @ 23.99
   成本: 55177.00, 佣金: 165.53
现有现金 19138.94

✅ 002136 2023-01-04 买入成交: 1900股 @ 29.08
   成本: 55252.00, 佣金: 165.76
现有现金 19138.94


- - - - - - - - - - - - - - - - - - - - - - - - -
调整各股现金额度 63459.99
pre_rebalance  2023-02-01
⭕ 002136 2023-02-02 卖出成交: -1900股 @ 33.07
   买入价格 29.08 收益: 7581.00, 佣金: 188.50
现有现金 81783.44

 000663 申请价格: 41.61, 买入数量: 1500
✅ 000663 2023-02-03 买入成交: 1500股 @ 39.09
   成本: 58635.00, 佣金: 175.91
现有现金 22972.53


- - - - - - - - - - - - - - - - - - - - - - - - -
调整各股现金额度 62143.51
pre_rebalance  2023-03-01
pre_rebalance  2023-04-03
⭕ 000663 2023-04-04 卖出成交: -1500股 @ 37.81
   买入价格 39.09 收益: -1920.00, 佣金: 170.15
现有现金 79517.39

 603029 申请价格: 31.11, 买入数量: 1900
✅ 603029 2023-04-06 买入成交: 1900股 @ 29.69
   成本: 56411.00, 佣金: 169.23
现有现金 22937.16


- - - - - - - - - - - - - - - - - - - - - - - - -
调整各股现金额度 58135.43
pre_rebalance  2023-05-04
pre_rebalance  2023-06-01
⭕ 603029 2023-06-02 卖出成交: -1900股 @ 30.55
   买入价格 29.69 收益: 1634.00, 佣金: 174.14
现有现金 80808.02

 002136 申请价格: 25.88, 买入数量: 2200
✅ 002136 2023-06-05 买入成交: 2200股 @ 24.78
   成本: 54516.00, 佣金: 163.55
现有现金 26128.47


- - - - - - - - - - - - - - - - - - - - - - - - -
调整各股现金额度 61544.49
pre_rebalance  2023-07-03
pre_rebalance  2023-08-01
pre_rebalance  2023-09-01
⭕ 002136 2023-09-04 卖出成交: -2200股 @ 25.14
   买入价格 24.78 收益: 792.00, 佣金: 165.92
现有现金 81270.55

 603029 申请价格: 29.63, 买入数量: 2000
✅ 603029 2023-09-05 买入成交: 2000股 @ 27.75
   成本: 55500.00, 佣金: 166.50
现有现金 25604.05


- - - - - - - - - - - - - - - - - - - - - - - - -
调整各股现金额度 60108.81
pre_rebalance  2023-10-09
pre_rebalance  2023-11-01
⭕ 603029 2023-11-02 卖出成交: -2000股 @ 26.24
   买入价格 27.75 收益: -3020.00, 佣金: 157.44
现有现金 77926.61

 002136 申请价格: 24.98, 买入数量: 2400
✅ 002136 2023-11-03 买入成交: 2400股 @ 23.92
   成本: 57408.00, 佣金: 172.22
现有现金 20346.38


- - - - - - - - - - - - - - - - - - - - - - - - -
调整各股现金额度 64178.09
pre_rebalance  2023-12-01

==================================================
策略执行总结:
==================================================
交易过股票：
600241 时代万恒 电池 收益率 -5.96%
000571 新大洲A 煤炭行业 收益率 26.47%
000663 永安林业 装修建材 收益率 -3.27%
603029 天鹅股份 专用设备 收益率 -2.70%
600883 博闻科技 农牧饲渔 收益率 15.10%
002136 安 纳 达 化学原料 收益率 20.63%
002652 扬子新材 装修建材 收益率 13.48%

初始资金: 300000.00
最终价值: 332781.38
总收益率: 10.93%
cerebro run 12.53s
最终投资组合价值: 332781.38

==================================================


2024 年
筛选净利润增长率连续3年 > 30%
符合增长率 > 20% 的共有52只
load_stock_list 7.70s
符合条件股票 47 个
筛选市值最小的 30 只股票
filter codes 0.75s
cerebro adddata 0.95s
初始投资组合价值: 30.00 万
pre_rebalance  2024-01-02
 002652 申请价格: 17.21, 买入数量: 3400
 002316 申请价格: 18.43, 买入数量: 3200
 002377 申请价格: 11.84, 买入数量: 5000
 000014 申请价格: 132.76, 买入数量: 400
 002779 申请价格: 42.41, 买入数量: 1400
✅ 002652 2024-01-03 买入成交: 3400股 @ 16.44
   成本: 55896.00, 佣金: 167.69
现有现金 22736.70

✅ 002316 2024-01-03 买入成交: 3200股 @ 17.59
   成本: 56288.00, 佣金: 168.86
现有现金 22736.70

✅ 002377 2024-01-03 买入成交: 5000股 @ 11.36
   成本: 56800.00, 佣金: 170.40
现有现金 22736.70

✅ 000014 2024-01-03 买入成交: 400股 @ 127.89
   成本: 51156.00, 佣金: 153.47
现有现金 22736.70

✅ 002779 2024-01-03 买入成交: 1400股 @ 40.21
   成本: 56294.00, 佣金: 168.88
现有现金 22736.70


- - - - - - - - - - - - - - - - - - - - - - - - -
调整各股现金额度 50682.54
pre_rebalance  2024-02-01
pre_rebalance  2024-03-01
⭕ 002779 2024-03-04 卖出成交: -1400股 @ 50.90
   买入价格 40.21 收益: 14966.00, 佣金: 213.78
现有现金 93782.92

 600756 申请价格: 69.21, 买入数量: 700
✅ 600756 2024-03-05 买入成交: 700股 @ 63.66
   成本: 44562.00, 佣金: 133.69
现有现金 49087.23


- - - - - - - - - - - - - - - - - - - - - - - - -
调整各股现金额度 60201.45
pre_rebalance  2024-04-01
⭕ 600756 2024-04-02 卖出成交: -700股 @ 63.55
   买入价格 63.66 收益: -77.00, 佣金: 133.46
现有现金 93438.78

 002358 申请价格: 35.83, 买入数量: 1600
✅ 002358 2024-04-03 买入成交: 1600股 @ 33.61
   成本: 53776.00, 佣金: 161.33
现有现金 39501.45


- - - - - - - - - - - - - - - - - - - - - - - - -
调整各股现金额度 56158.29
pre_rebalance  2024-05-06
⭕ 002358 2024-05-07 卖出成交: -1600股 @ 33.69
   买入价格 33.61 收益: 128.00, 佣金: 161.71
现有现金 93243.74

 002161 申请价格: 57.62, 买入数量: 900
✅ 002161 2024-05-08 买入成交: 900股 @ 53.38
   成本: 48042.00, 佣金: 144.13
现有现金 45057.61


- - - - - - - - - - - - - - - - - - - - - - - - -
调整各股现金额度 51143.92
pre_rebalance  2024-06-03
⭕ 002161 2024-06-04 卖出成交: -900股 @ 50.03
   买入价格 53.38 收益: -3015.00, 佣金: 135.08
现有现金 89949.53

 002766 申请价格: 8.62, 买入数量: 5900
✅ 002766 2024-06-05 买入成交: 5900股 @ 8.05
   成本: 47495.00, 佣金: 142.49
现有现金 42312.05


- - - - - - - - - - - - - - - - - - - - - - - - -
调整各股现金额度 52224.41
pre_rebalance  2024-07-01
⭕ 002766 2024-07-02 卖出成交: -5900股 @ 9.40
   买入价格 8.05 收益: 7965.00, 佣金: 166.38
现有现金 97605.67

 002358 申请价格: 31.09, 买入数量: 1600
✅ 002358 2024-07-03 买入成交: 1600股 @ 29.10
   成本: 46560.00, 佣金: 139.68
现有现金 50905.99


- - - - - - - - - - - - - - - - - - - - - - - - -
调整各股现金额度 51599.60
pre_rebalance  2024-08-01
pre_rebalance  2024-09-02
pre_rebalance  2024-10-08
⭕ 002358 2024-10-09 卖出成交: -1600股 @ 31.75
   买入价格 29.1 收益: 4240.00, 佣金: 152.40
现有现金 101553.59

 002161 申请价格: 53.88, 买入数量: 900
✅ 002161 2024-10-10 买入成交: 900股 @ 51.64
   成本: 46476.00, 佣金: 139.43
现有现金 54938.16


- - - - - - - - - - - - - - - - - - - - - - - - -
调整各股现金额度 62356.83
pre_rebalance  2024-11-01
⭕ 002161 2024-11-04 卖出成交: -900股 @ 60.55
   买入价格 51.64 收益: 8019.00, 佣金: 163.49
现有现金 109269.67

 002358 申请价格: 44.48, 买入数量: 1400
✅ 002358 2024-11-05 买入成交: 1400股 @ 43.13
   成本: 60382.00, 佣金: 181.15
现有现金 48706.53


- - - - - - - - - - - - - - - - - - - - - - - - -
调整各股现金额度 66643.31
pre_rebalance  2024-12-02

==================================================
策略执行总结:
==================================================
交易过股票：
600756 浪潮软件 互联网服务 收益率 -0.17%
000014 沙河股份 房地产开发 收益率 -1.91%
002779 中坚科技 专用设备 收益率 26.59%
002316 亚联发展 互联网服务 收益率 -38.37%
002652 扬子新材 装修建材 收益率 -13.50%
002377 国创高新 化学制品 收益率 26.41%
002766 索菱股份 汽车零部件 收益率 16.77%
002358 森源电气 电网设备 收益率 -0.17%
002161 远 望 谷 电子元件 收益率 9.90%

初始资金: 300000.00
最终价值: 308840.53
总收益率: 2.95%
cerebro run 13.13s
最终投资组合价值: 308840.53

==================================================


2025 年
筛选净利润增长率连续3年 > 30%
符合增长率 > 20% 的共有61只
load_stock_list 7.87s
符合条件股票 59 个
筛选市值最小的 30 只股票
filter codes 0.93s
cerebro adddata 1.15s
初始投资组合价值: 30.00 万
pre_rebalance  2025-01-02
 002316 申请价格: 11.14, 买入数量: 5300
 002209 申请价格: 15.06, 买入数量: 3900
 002370 申请价格: 11.12, 买入数量: 5300
 002112 申请价格: 43.60, 买入数量: 1300
 000533 申请价格: 15.82, 买入数量: 3700
✅ 002316 2025-01-03 买入成交: 5300股 @ 10.34
   成本: 54802.00, 佣金: 164.41
现有现金 25171.98

✅ 002209 2025-01-03 买入成交: 3900股 @ 13.41
   成本: 52299.00, 佣金: 156.90
现有现金 25171.98

✅ 002370 2025-01-03 买入成交: 5300股 @ 10.13
   成本: 53689.00, 佣金: 161.07
现有现金 25171.98

✅ 002112 2025-01-03 买入成交: 1300股 @ 39.90
   成本: 51870.00, 佣金: 155.61
现有现金 25171.98

✅ 000533 2025-01-03 买入成交: 3700股 @ 16.58
   成本: 61346.00, 佣金: 184.04
现有现金 25171.98


- - - - - - - - - - - - - - - - - - - - - - - - -
调整各股现金额度 63777.40
pre_rebalance  2025-02-05
⭕ 002112 2025-02-06 卖出成交: -1300股 @ 43.57
   买入价格 39.9 收益: 4771.00, 佣金: 169.92
现有现金 134136.11

⭕ 000533 2025-02-06 卖出成交: -3700股 @ 14.23
   买入价格 16.58 收益: -8695.00, 佣金: 157.95
现有现金 134136.11

 002377 申请价格: 14.44, 买入数量: 4400
 002796 申请价格: 29.90, 买入数量: 2100
✅ 002377 2025-02-07 买入成交: 4400股 @ 13.40
   成本: 58960.00, 佣金: 176.88
现有现金 14716.92

✅ 002796 2025-02-07 买入成交: 2100股 @ 28.62
   成本: 60102.00, 佣金: 180.31
现有现金 14716.92


- - - - - - - - - - - - - - - - - - - - - - - - -
调整各股现金额度 62796.18
pre_rebalance  2025-03-03
pre_rebalance  2025-04-01
pre_rebalance  2025-05-06
pre_rebalance  2025-06-03
pre_rebalance  2025-07-01
pre_rebalance  2025-08-01
⭕ 002370 2025-08-04 卖出成交: -5300股 @ 28.56
   买入价格 10.13 收益: 97679.00, 佣金: 454.10
现有现金 165630.82

 000020 申请价格: 34.11, 买入数量: 1800
✅ 000020 2025-08-05 买入成交: 1800股 @ 33.21
   成本: 59778.00, 佣金: 179.33
现有现金 105673.48


- - - - - - - - - - - - - - - - - - - - - - - - -
调整各股现金额度 83930.88
pre_rebalance  2025-09-01
pre_rebalance  2025-10-09
⭕ 002796 2025-10-10 卖出成交: -2100股 @ 46.00
   买入价格 28.62 收益: 36498.00, 佣金: 289.80
现有现金 266158.58

⭕ 000020 2025-10-10 卖出成交: -1800股 @ 35.76
   买入价格 33.21 收益: 4590.00, 佣金: 193.10
现有现金 266158.58

 002112 申请价格: 48.38, 买入数量: 1700
 002370 申请价格: 21.02, 买入数量: 3900
✅ 002112 2025-10-13 买入成交: 1700股 @ 44.66
   成本: 75922.00, 佣金: 227.77
现有现金 190008.81

✅ 002370 2025-10-14 买入成交: 3900股 @ 22.03
   成本: 85917.00, 佣金: 257.75
现有现金 103834.06


- - - - - - - - - - - - - - - - - - - - - - - - -
调整各股现金额度 104697.69
pre_rebalance  2025-11-03
⭕ 002370 2025-11-04 卖出成交: -3900股 @ 31.99
   买入价格 22.03 收益: 38844.00, 佣金: 374.28
现有现金 228220.78

 000020 申请价格: 37.91, 买入数量: 2700
✅ 000020 2025-11-05 买入成交: 2700股 @ 36.12
   成本: 97524.00, 佣金: 292.57
现有现金 130404.21


- - - - - - - - - - - - - - - - - - - - - - - - -
调整各股现金额度 113085.44
pre_rebalance  2025-12-01
⭕ 000020 2025-12-02 卖出成交: -2700股 @ 38.77
   买入价格 36.12 收益: 7155.00, 佣金: 314.04
现有现金 234769.17

 002869 申请价格: 41.95, 买入数量: 2600
✅ 002869 2025-12-03 买入成交: 2600股 @ 38.90
   成本: 101140.00, 佣金: 303.42
现有现金 133325.75


==================================================
策略执行总结:
==================================================
交易过股票：
002112 三变科技 电网设备 收益率 9.27%
002796 世嘉科技 专用设备 收益率 60.73%
002209 达 意 隆 专用设备 收益率 87.32%
002869 金溢科技 电子元件 收益率 -1.08%
002377 国创高新 化学制品 收益率 -1.27%
000020 深华发Ａ 光学光电子 收益率 15.58%
002316 亚联发展 互联网服务 收益率 66.15%
002370 亚太药业 化学制药 收益率 309.40%
000533 顺钠股份 电网设备 收益率 -14.17%

初始资金: 300000.00
最终价值: 556580.75
总收益率: 85.53%
cerebro run 14.46s
最终投资组合价值: 556580.75

==================================================
2011 收益率 -16.30%
2012 收益率 19.89%
2013 收益率 40.35%
2014 收益率 60.46%
2015 收益率 167.82%
2016 收益率 30.87%
2017 收益率 -12.45%
2018 收益率 -1.84%
2019 收益率 29.87%
2020 收益率 6.74%
2021 收益率 35.46%
2022 收益率 4.19%
2023 收益率 10.93%
2024 收益率 2.95%
2025 收益率 85.53%

总收益率 2721.57 %
年化收益率 24.94 %

耗时 281.30s
