init — 双策略合并版
建立交易连接，返回0表示连接成功 0
初始化申万二级行业映射...
***** xtdata连接成功 *****
服务信息: {'tag': 'sp3', 'version': '1.0'}
服务地址: 127.0.0.1:58610
数据路径: C:\QMT\国金证券QMT交易端\bin.x64/../userdata_mini/datadir
设置xtdata.enable_hello = False可隐藏此消息

行业映射完成，共 958 只股票
双策略初始化完成: 动量50% + 小市值50%
  初始资产 54712.73, 可用资金 3373.33
今天是交易日吗 True
judge_date count  1
中小综指成分股数量：958
['002001.SZ', '002003.SZ', '002004.SZ', '002005.SZ', '002006.SZ', '002007.SZ', '002008.SZ', '002009.SZ', '002010.SZ', '002011.SZ']
涨停 002012.SZ 凯恩股份
跌停 002015.SZ 协鑫能科
涨停 002083.SZ 孚日股份
涨停 002189.SZ 中光学
跌停 002197.SZ 证通电子
涨停 002199.SZ 东晶电子
涨停 002208.SZ 合肥城建
涨停 002218.SZ 拓日新能
涨停 002265.SZ 建设工业
涨停 002298.SZ 中电鑫龙
涨停 002300.SZ 太阳电缆
涨停 002303.SZ 美盈森
涨停 002374.SZ 中锐股份
涨停 002388.SZ 新亚制程
跌停 002440.SZ 闰土股份
涨停 002498.SZ 汉缆股份
涨停 002879.SZ 长缆科技
涨停 003001.SZ 中岩大地
过滤ST/*ST股票后，剩余 885 只
prepare_stock_list count  2
✅========== [小市值策略] 周度调仓(卖出) 2026-07-26 01:00:02.526098 ==========
******************当日(2026-07-26 01:00:02.526098) (周7) 持仓市值: 51339.40元*******************
✅银华日利ETF(511880.SH) 占比 18.40% 涨幅:   0.02% (1.90) x 100 = 10065.4元 None
✅蓝丰生化(002513.SZ) 占比 24.99% 涨幅:   6.98% (892.00) x 3100 = 13671.0元 农化制品
✅恒大高新(002591.SZ) 占比 25.66% 涨幅:   6.17% (816.00) x 2600 = 14040.0元 化学制品
✅凤形股份(002760.SZ) 占比 24.79% 涨幅:   6.33% (808.00) x 900 = 13563.0元 通用设备
✅*******************总资产 54712.73 剩余可用金额 3373.33元*******************


get_small_cap_stocks   2026-07-26 01:00:02.526098    head 9
    第 1名: 中天服务(002188.SZ), 流通市值: 14.16 亿元 房地产服务   <== 选中
    第 2名: 富煌钢构(002743.SZ), 流通市值: 14.36 亿元 专业工程   <== 选中
    第 3名: 亚联发展(002316.SZ), 流通市值: 14.47 亿元 综合   <== 选中
    第 4名: 庄园牧场(002910.SZ), 流通市值: 15.55 亿元 饮料乳品   <== 选中
    第 5名: 桂发祥(002820.SZ), 流通市值: 15.77 亿元 休闲食品   <== 选中
    第 6名: 华斯股份(002494.SZ), 流通市值: 15.85 亿元 服装家纺   <== 选中
    第 7名: 海源复材(002529.SZ), 流通市值: 15.86 亿元 专用设备   <== 选中
    第 8名: 恒大高新(002591.SZ), 流通市值: 16.21 亿元 化学制品   <== 选中
    第 9名: 凤形股份(002760.SZ), 流通市值: 16.27 亿元 通用设备   <== 选中
    第10名: 百洋股份(002696.SZ), 流通市值: 16.32 亿元 饲料
    第11名: 天元股份(003003.SZ), 流通市值: 16.33 亿元 包装印刷
    第12名: 宏达高科(002144.SZ), 流通市值: 16.44 亿元 纺织制造
    第13名: 蓝丰生化(002513.SZ), 流通市值: 16.56 亿元 农化制品
    第14名: 皓宸医疗(002622.SZ), 流通市值: 16.63 亿元 医疗服务
    第15名: 聚力文化(002247.SZ), 流通市值: 16.76 亿元 装修建材
    第16名: 林州重机(002535.SZ), 流通市值: 16.84 亿元 专用设备
    第17名: 红墙股份(002809.SZ), 流通市值: 16.87 亿元 化学制品
    第18名: 黄山胶囊(002817.SZ), 流通市值: 16.96 亿元 化学制药
    第19名: 开普检测(003008.SZ), 流通市值: 16.96 亿元 专业服务
    第20名: 国统股份(002205.SZ), 流通市值: 16.97 亿元 水泥
✅当前持股 4只
蓝丰生化
恒大高新
凤形股份
银华日利ETF
✅需要买入股票 7只
✅需要卖出股票 2只
✅待买入  中天服务
✅待买入  富煌钢构
✅待买入  亚联发展
✅待买入  庄园牧场
✅待买入  桂发祥
✅待买入  华斯股份
✅待买入  海源复材
✅待卖出: 银华日利ETF
✅待卖出: 蓝丰生化
✅今日(2026-07-26 01:00:02.526098)为卖出时间，执行卖出操作
✅------------------------------------------
✅>>>>>>>>>>>>
✅卖出: 银华日利ETF
✅>>>>>>>>>>>>
✅卖出: 蓝丰生化
rebalance_sell count  3
大盘涨幅 -0.96%
stop_loss count  4
✅========== [小市值策略] 周度调仓(买入) 2026-07-26 01:00:04.803985 ==========
✅今日(2026-07-26 01:00:04.803985)为买入时间，执行买入操作
✅+++++++++++++++++++++++++++++++++++++++++
✅需买入 7只
中天服务
富煌钢构
亚联发展
庄园牧场
桂发祥
华斯股份
海源复材
❌❌ 股票数量异常，期望最终持仓11只，实际选中9只
selected_stocks
['002188.SZ', '002743.SZ', '002316.SZ', '002910.SZ', '002820.SZ', '002494.SZ', '002529.SZ', '002591.SZ', '002760.SZ']
  期望持仓: 中天服务(002188.SZ), 9.09%
  期望持仓: 富煌钢构(002743.SZ), 9.09%
  期望持仓: 亚联发展(002316.SZ), 9.09%
  期望持仓: 庄园牧场(002910.SZ), 9.09%
  期望持仓: 桂发祥(002820.SZ), 9.09%
  期望持仓: 华斯股份(002494.SZ), 9.09%
  期望持仓: 海源复材(002529.SZ), 9.09%
  期望持仓: 恒大高新(002591.SZ), 9.09%
  期望持仓: 凤形股份(002760.SZ), 9.09%
预计买入中天服务(002188.SZ) 1100股 * 4.33, 总计4763.00
预计买入富煌钢构(002743.SZ) 1500股 * 3.30, 总计4950.00
预计买入亚联发展(002316.SZ) 1300股 * 3.68, 总计4784.00
预计买入庄园牧场(002910.SZ) 600股 * 7.95, 总计4770.00
预计买入桂发祥(002820.SZ) 600股 * 7.85, 总计4710.00
预计买入华斯股份(002494.SZ) 1100股 * 4.20, 总计4620.00
预计买入海源复材(002529.SZ) 800股 * 6.10, 总计4880.00
预计持仓 84816.4 剩余金额 -30103.67
⭕⭕剩余资金过大 -30103.67
恒大高新 持仓25.66%, 期望9.09%, 差额-9066.12
调整恒大高新市值
凤形股份 持仓24.79%, 期望9.09%, 差额-8589.12
调整凤形股份市值
sleep 30s
卖出部分股票后，多出现金 17655.23
重分配后资金-12448.44
 预估持仓: 中天服务(002188.SZ), 占比 8.71% 单价 4.33
 预估持仓: 亚联发展(002316.SZ), 占比 8.74% 单价 3.68
 预估持仓: 华斯股份(002494.SZ), 占比 8.44% 单价 4.20
 预估持仓: 蓝丰生化(002513.SZ), 占比 24.99% 单价 4.41
 预估持仓: 海源复材(002529.SZ), 占比 8.92% 单价 6.10
 预估持仓: 恒大高新(002591.SZ), 占比 25.66% 单价 5.40
 预估持仓: 富煌钢构(002743.SZ), 占比 9.05% 单价 3.30
 预估持仓: 凤形股份(002760.SZ), 占比 24.79% 单价 15.07
 预估持仓: 桂发祥(002820.SZ), 占比 8.61% 单价 7.85
 预估持仓: 庄园牧场(002910.SZ), 占比 8.72% 单价 7.95
 预估持仓: 银华日利ETF(511880.SH), 占比 18.40% 单价 100.65
调整中天服务买入数量，期望买入4973.88,当前4763.00,相差210.88
单价4.33，新市值4763.00，差值210.88
单价4.33，新市值5196.00，差值-222.12
调整富煌钢构买入数量，期望买入4973.88,当前4950.00,相差23.88
单价3.30，新市值4950.00，差值23.88
单价3.30，新市值5280.00，差值-306.12
调整亚联发展买入数量，期望买入4973.88,当前4784.00,相差189.88
单价3.68，新市值4784.00，差值189.88
单价3.68，新市值5152.00，差值-178.12
单价3.68，新市值5520.00，差值-546.12
✅调整买入数量，追加1手,仓位占比调整为9.42%
调整庄园牧场买入数量，期望买入4973.88,当前4770.00,相差203.88
单价7.95，新市值4770.00，差值203.88
单价7.95，新市值5565.00，差值-591.12
调整桂发祥买入数量，期望买入4973.88,当前4710.00,相差263.88
单价7.85，新市值4710.00，差值263.88
单价7.85，新市值5495.00，差值-521.12
调整华斯股份买入数量，期望买入4973.88,当前4620.00,相差353.88
单价4.20，新市值4620.00，差值353.88
单价4.20，新市值5040.00，差值-66.12
单价4.20，新市值5460.00，差值-486.12
✅调整买入数量，追加1手,仓位占比调整为9.21%
调整海源复材买入数量，期望买入4973.88,当前4880.00,相差93.88
单价6.10，新市值4880.00，差值93.88
单价6.10，新市值5490.00，差值-516.12
====调整每股额度====
当前可用资金  3373.33
持仓市值  51339.4
总资产:  54712.73
每股额度  481.9042857142857

✅===可用资金 3373.33===
委托买入: 中天服务, 002188.SZ
目标价值:3373.33
预计最终持股700股，每股4.33元，合计:3031.00

✅===可用资金 3373.33===
委托买入: 富煌钢构, 002743.SZ
目标价值:3373.33
预计最终持股1000股，每股3.30元，合计:3300.00

✅===可用资金 3373.33===
委托买入: 亚联发展, 002316.SZ
目标价值:3373.33
预计最终持股900股，每股3.68元，合计:3312.00

✅===可用资金 3373.33===
委托买入: 庄园牧场, 002910.SZ
目标价值:3373.33
预计最终持股400股，每股7.95元，合计:3180.00

✅===可用资金 3373.33===
委托买入: 桂发祥, 002820.SZ
目标价值:3373.33
预计最终持股400股，每股7.85元，合计:3140.00

✅===可用资金 3373.33===
委托买入: 华斯股份, 002494.SZ
目标价值:3373.33
预计最终持股800股，每股4.20元，合计:3360.00

✅===可用资金 3373.33===
委托买入: 海源复材, 002529.SZ
目标价值:3373.33
预计最终持股500股，每股6.10元，合计:3050.00
******************当日(2026-07-26 01:00:41.865651) (周7) 持仓市值: 51339.40元*******************
✅银华日利ETF(511880.SH) 占比 18.40% 涨幅:   0.02% (1.90) x 100 = 10065.4元 None
✅蓝丰生化(002513.SZ) 占比 24.99% 涨幅:   6.98% (892.00) x 3100 = 13671.0元 农化制品
✅恒大高新(002591.SZ) 占比 25.66% 涨幅:   6.17% (816.00) x 2600 = 14040.0元 化学制品
✅凤形股份(002760.SZ) 占比 24.79% 涨幅:   6.33% (808.00) x 900 = 13563.0元 通用设备
✅*******************总资产 54712.73 剩余可用金额 3373.33元*******************


rebalance_buy count  5
check_limit_up count  6
check_remain_amount count  7
******************当日(2026-07-26 01:00:41.870011) (周7) 持仓市值: 51339.40元*******************
✅银华日利ETF(511880.SH) 占比 18.40% 涨幅:   0.02% (1.90) x 100 = 10065.4元 None
✅蓝丰生化(002513.SZ) 占比 24.99% 涨幅:   6.98% (892.00) x 3100 = 13671.0元 农化制品
✅恒大高新(002591.SZ) 占比 25.66% 涨幅:   6.17% (816.00) x 2600 = 14040.0元 化学制品
✅凤形股份(002760.SZ) 占比 24.79% 涨幅:   6.33% (808.00) x 900 = 13563.0元 通用设备
✅*******************总资产 54712.73 剩余可用金额 3373.33元*******************