2010 年
筛选净利润增长率连续3年 > 20%
符合增长率 > 20% 的共有143只
load_stock_list 4.64s
符合条件股票 2 个
筛选市值最小的 30 只股票
filter codes 1.66s
cerebro adddata 1.66s
初始投资组合价值: 30.00 万
pre_rebalance  2010-01-04
 300014 申请价格: 41.44, 买入数量: 1400
 300015 申请价格: 51.21, 买入数量: 1100
✅ 300014 2010-01-05 买入成交: 1400股 @ 38.94
   成本: 54516.00, 佣金: 163.55
现有现金 189052.15

✅ 300015 2010-01-05 买入成交: 1100股 @ 51.00
   成本: 56100.00, 佣金: 168.30
现有现金 189052.15


- - - - - - - - - - - - - - - - - - - - - - - - -
调整各股现金额度 54654.43
pre_rebalance  2010-02-01
pre_rebalance  2010-03-01
pre_rebalance  2010-04-01
pre_rebalance  2010-05-04
pre_rebalance  2010-06-01
pre_rebalance  2010-07-01
pre_rebalance  2010-08-02
pre_rebalance  2010-09-01
pre_rebalance  2010-10-08
pre_rebalance  2010-11-01
pre_rebalance  2010-12-01

==================================================
策略执行总结:
==================================================
交易过股票：
300014
300015

初始资金: 300000.00
最终价值: 341036.15
总收益率: 13.68%
cerebro run 0.17s
最终投资组合价值: 341036.15

==================================================


2011 年
筛选净利润增长率连续3年 > 20%
符合增长率 > 20% 的共有171只
load_stock_list 4.80s
符合条件股票 148 个
筛选市值最小的 30 只股票
filter codes 2.21s
cerebro adddata 2.36s
初始投资组合价值: 30.00 万
pre_rebalance  2011-01-04
 600180 申请价格: 23.38, 买入数量: 2500
 600113 申请价格: 29.55, 买入数量: 2000
 600483 申请价格: 18.97, 买入数量: 3100
 002331 申请价格: 42.13, 买入数量: 1400
 000753 申请价格: 36.13, 买入数量: 1600
✅ 600180 2011-01-05 买入成交: 2500股 @ 22.76
   成本: 56900.00, 佣金: 170.70
现有现金 18892.20

✅ 600113 2011-01-05 买入成交: 2000股 @ 27.48
   成本: 54960.00, 佣金: 164.88
现有现金 18892.20

✅ 600483 2011-01-05 买入成交: 3100股 @ 18.27
   成本: 56637.00, 佣金: 169.91
现有现金 18892.20

✅ 002331 2011-01-05 买入成交: 1400股 @ 40.03
   成本: 56042.00, 佣金: 168.13
现有现金 18892.20

✅ 000753 2011-01-05 买入成交: 1600股 @ 34.83
   成本: 55728.00, 佣金: 167.18
现有现金 18892.20


- - - - - - - - - - - - - - - - - - - - - - - - -
调整各股现金额度 56223.04
pre_rebalance  2011-02-01
⭕ 600483 2011-02-09 卖出成交: -3100股 @ 16.64
   买入价格 18.27 收益: -5053.00, 佣金: 154.75
现有现金 70321.45

 000411 申请价格: 26.61, 买入数量: 2100
✅ 000411 2011-02-10 买入成交: 2100股 @ 26.36
   成本: 55356.00, 佣金: 166.07
现有现金 14799.38


- - - - - - - - - - - - - - - - - - - - - - - - -
调整各股现金额度 59182.92
pre_rebalance  2011-03-01
pre_rebalance  2011-04-01
⭕ 000753 2011-04-06 卖出成交: -1600股 @ 38.83
   买入价格 34.83 收益: 6400.00, 佣金: 186.38
现有现金 76740.99

 600483 申请价格: 20.40, 买入数量: 2900
✅ 600483 2011-04-07 买入成交: 2900股 @ 19.32
   成本: 56028.00, 佣金: 168.08
现有现金 20544.91


- - - - - - - - - - - - - - - - - - - - - - - - -
调整各股现金额度 63291.90
pre_rebalance  2011-05-12
⭕ 000411 2011-05-13 卖出成交: -2100股 @ 41.01
   买入价格 26.36 收益: 30765.00, 佣金: 258.36
现有现金 236540.97

⭕ 600483 2011-05-13 卖出成交: -2900股 @ 18.25
   买入价格 19.32 收益: -3103.00, 佣金: 158.78
现有现金 236540.97

⭕ 600180 2011-05-13 卖出成交: -2500股 @ 31.04
   买入价格 22.76 收益: 20700.00, 佣金: 232.80
现有现金 236540.97

 600405 申请价格: 37.96, 买入数量: 1600
 002494 申请价格: 24.69, 买入数量: 2500
 600967 申请价格: 22.06, 买入数量: 2800
✅ 600405 2011-05-16 买入成交: 1600股 @ 36.22
   成本: 57952.00, 佣金: 173.86
现有现金 61532.52

✅ 002494 2011-05-16 买入成交: 2500股 @ 23.53
   成本: 58825.00, 佣金: 176.48
现有现金 61532.52

✅ 600967 2011-05-16 买入成交: 2800股 @ 20.61
   成本: 57708.00, 佣金: 173.12
现有现金 61532.52


- - - - - - - - - - - - - - - - - - - - - - - - -
调整各股现金额度 68257.10
pre_rebalance  2011-06-01
⭕ 600113 2011-06-02 卖出成交: -2000股 @ 31.47
   买入价格 27.48 收益: 7980.00, 佣金: 188.82
现有现金 242859.90

⭕ 002494 2011-06-02 卖出成交: -2500股 @ 21.41
   买入价格 23.53 收益: -5300.00, 佣金: 160.57
现有现金 242859.90

⭕ 600967 2011-06-02 卖出成交: -2800股 @ 23.36
   买入价格 20.61 收益: 7700.00, 佣金: 196.22
现有现金 242859.90

 002126 申请价格: 25.35, 买入数量: 2600
 002012 申请价格: 32.57, 买入数量: 2000
 000753 申请价格: 34.20, 买入数量: 1900
✅ 002126 2011-06-03 买入成交: 2600股 @ 24.63
   成本: 64038.00, 佣金: 192.11
现有现金 51368.14

✅ 002012 2011-06-03 买入成交: 2000股 @ 31.91
   成本: 63820.00, 佣金: 191.46
现有现金 51368.14

✅ 000753 2011-06-03 买入成交: 1900股 @ 33.19
   成本: 63061.00, 佣金: 189.18
现有现金 51368.14


- - - - - - - - - - - - - - - - - - - - - - - - -
调整各股现金额度 69943.23
pre_rebalance  2011-07-01
⭕ 002126 2011-07-04 卖出成交: -2600股 @ 26.15
   买入价格 24.63 收益: 3952.00, 佣金: 203.97
现有现金 193949.11

⭕ 002012 2011-07-04 卖出成交: -2000股 @ 37.51
   买入价格 31.91 收益: 11200.00, 佣金: 225.06
现有现金 193949.11

 600180 申请价格: 26.09, 买入数量: 2600
 600483 申请价格: 18.74, 买入数量: 3700
✅ 600180 2011-07-05 买入成交: 2600股 @ 25.91
   成本: 67366.00, 佣金: 202.10
现有现金 60137.88

✅ 600483 2011-07-05 买入成交: 3700股 @ 17.85
   成本: 66045.00, 佣金: 198.14
现有现金 60137.88


- - - - - - - - - - - - - - - - - - - - - - - - -
调整各股现金额度 59543.58
pre_rebalance  2011-12-28
⭕ 600405 2011-12-29 卖出成交: -1600股 @ 27.69
   买入价格 36.22 收益: -13648.00, 佣金: 132.91
现有现金 162607.55

⭕ 600180 2011-12-29 卖出成交: -2600股 @ 22.49
   买入价格 25.91 收益: -8892.00, 佣金: 175.42
现有现金 162607.55

 600113 申请价格: 19.43, 买入数量: 3000
 002139 申请价格: 32.21, 买入数量: 1800
✅ 600113 2011-12-30 买入成交: 3000股 @ 18.74
   成本: 56220.00, 佣金: 168.66
现有现金 49908.46

✅ 002139 2011-12-30 买入成交: 1800股 @ 31.19
   成本: 56142.00, 佣金: 168.43
现有现金 49908.46


==================================================
策略执行总结:
==================================================
交易过股票：
000753
002126
002494
600180
600113
600483
600967
002331
000411
600405
002012
002139

初始资金: 300000.00
最终价值: 294171.46
总收益率: -1.94%
cerebro run 2.22s
最终投资组合价值: 294171.46

==================================================


2012 年
筛选净利润增长率连续3年 > 20%
符合增长率 > 20% 的共有274只
load_stock_list 6.20s
符合条件股票 241 个
请求日期: 2011-12-31 00:00:00,  缓存只包含从 2012-01-02 00:00:00 到 2025-12-15 00:00:00 期间
市值
筛选市值最小的 30 只股票
filter codes 4.32s
cerebro adddata 4.51s
初始投资组合价值: 30.00 万
pre_rebalance  2012-01-04
 600241 申请价格: 12.93, 买入数量: 4600
 002098 申请价格: 9.42, 买入数量: 6300
 600113 申请价格: 19.30, 买入数量: 3100
 000785 申请价格: 38.67, 买入数量: 1500
 002331 申请价格: 26.50, 买入数量: 2200
✅ 600241 2012-01-05 买入成交: 4600股 @ 11.68
   成本: 53728.00, 佣金: 161.18
现有现金 29704.54

✅ 002098 2012-01-05 买入成交: 6300股 @ 8.75
   成本: 55125.00, 佣金: 165.38
现有现金 29704.54

✅ 600113 2012-01-05 买入成交: 3100股 @ 17.68
   成本: 54808.00, 佣金: 164.42
现有现金 29704.54

✅ 000785 2012-01-05 买入成交: 1500股 @ 35.16
   成本: 52740.00, 佣金: 158.22
现有现金 29704.54

✅ 002331 2012-01-05 买入成交: 2200股 @ 24.13
   成本: 53086.00, 佣金: 159.26
现有现金 29704.54


- - - - - - - - - - - - - - - - - - - - - - - - -
调整各股现金额度 65940.91
pre_rebalance  2012-02-01
⭕ 600113 2012-02-02 卖出成交: -3100股 @ 20.30
   买入价格 17.68 收益: 8122.00, 佣金: 188.79
现有现金 159474.06

⭕ 000785 2012-02-02 卖出成交: -1500股 @ 44.82
   买入价格 35.16 收益: 14490.00, 佣金: 201.69
现有现金 159474.06

 002640 申请价格: 20.89, 买入数量: 3100
 002645 申请价格: 21.89, 买入数量: 3000
✅ 002640 2012-02-03 买入成交: 3100股 @ 20.16
   成本: 62496.00, 佣金: 187.49
现有现金 31946.62

✅ 002645 2012-02-03 买入成交: 3000股 @ 21.55
   成本: 64650.00, 佣金: 193.95
现有现金 31946.62


- - - - - - - - - - - - - - - - - - - - - - - - -
调整各股现金额度 72330.23
pre_rebalance  2012-03-01
⭕ 002331 2012-03-02 卖出成交: -2200股 @ 29.23
   买入价格 24.13 收益: 11220.00, 佣金: 192.92
现有现金 96059.70

 000753 申请价格: 28.68, 买入数量: 2500
✅ 000753 2012-03-05 买入成交: 2500股 @ 27.12
   成本: 67800.00, 佣金: 203.40
现有现金 28056.30


- - - - - - - - - - - - - - - - - - - - - - - - -
调整各股现金额度 72077.66
pre_rebalance  2012-04-05
⭕ 000753 2012-04-06 卖出成交: -2500股 @ 24.65
   买入价格 27.12 收益: -6175.00, 佣金: 184.88
现有现金 89496.43

 002331 申请价格: 29.86, 买入数量: 2400
✅ 002331 2012-04-09 买入成交: 2400股 @ 28.49
   成本: 68376.00, 佣金: 205.13
现有现金 20915.30


- - - - - - - - - - - - - - - - - - - - - - - - -
调整各股现金额度 71723.26
pre_rebalance  2012-05-02
 600571 申请价格: 43.03, 买入数量: 1600
❌ 600571 订单失败: Margin
   保证金不足

⭕ 002331 2012-05-28 卖出成交: -2400股 @ 28.33
   买入价格 28.49 收益: -384.00, 佣金: 203.98
现有现金 88703.32


- - - - - - - - - - - - - - - - - - - - - - - - -
调整各股现金额度 74490.06
pre_rebalance  2012-06-01
pre_rebalance  2012-07-02
⭕ 002645 2012-07-03 卖出成交: -3000股 @ 27.84
   买入价格 21.55 收益: 18870.00, 佣金: 250.56
现有现金 251558.29

⭕ 002640 2012-07-03 卖出成交: -3100股 @ 25.75
   买入价格 20.16 收益: 17329.00, 佣金: 239.48
现有现金 251558.29

 002077 申请价格: 9.48, 买入数量: 7800
 600483 申请价格: 11.90, 买入数量: 6200
✅ 002077 2012-07-04 买入成交: 7800股 @ 8.98
   成本: 70044.00, 佣金: 210.13
现有现金 111407.09

✅ 600483 2012-07-04 买入成交: 6200股 @ 11.24
   成本: 69688.00, 佣金: 209.06
现有现金 111407.09


- - - - - - - - - - - - - - - - - - - - - - - - -
调整各股现金额度 67976.42
pre_rebalance  2012-08-01
⭕ 002077 2012-08-02 卖出成交: -7800股 @ 8.08
   买入价格 8.98 收益: -7020.00, 佣金: 189.07
现有现金 174242.02

 002640 申请价格: 18.78, 买入数量: 3600
 600155 申请价格: 7.89, 买入数量: 8600
✅ 002640 2012-08-03 买入成交: 3600股 @ 18.23
   成本: 65628.00, 佣金: 196.88
现有现金 43637.38

✅ 600155 2012-08-03 买入成交: 8600股 @ 7.51
   成本: 64586.00, 佣金: 193.76
现有现金 43637.38


- - - - - - - - - - - - - - - - - - - - - - - - -
调整各股现金额度 75094.48
pre_rebalance  2012-09-03
⭕ 002640 2012-09-04 卖出成交: -3600股 @ 20.14
   买入价格 18.23 收益: 6876.00, 佣金: 217.51
现有现金 115923.87

 002159 申请价格: 18.24, 买入数量: 4100
✅ 002159 2012-09-05 买入成交: 4100股 @ 17.56
   成本: 71996.00, 佣金: 215.99
现有现金 43711.88


- - - - - - - - - - - - - - - - - - - - - - - - -
调整各股现金额度 78668.98
pre_rebalance  2012-10-08
⭕ 600483 2012-10-09 卖出成交: -6200股 @ 13.07
   买入价格 11.24 收益: 11346.00, 佣金: 243.10
现有现金 201964.69

⭕ 002159 2012-10-09 卖出成交: -4100股 @ 18.95
   买入价格 17.56 收益: 5699.00, 佣金: 233.09
现有现金 201964.69

 002640 申请价格: 20.08, 买入数量: 3900
 002645 申请价格: 21.83, 买入数量: 3600
✅ 002640 2012-10-10 买入成交: 3900股 @ 19.48
   成本: 75972.00, 佣金: 227.92
现有现金 49685.22

✅ 002645 2012-10-10 买入成交: 3600股 @ 21.07
   成本: 75852.00, 佣金: 227.56
现有现金 49685.22


- - - - - - - - - - - - - - - - - - - - - - - - -
调整各股现金额度 79682.84
pre_rebalance  2012-11-01
⭕ 600155 2012-11-02 卖出成交: -8600股 @ 10.43
   买入价格 7.51 收益: 25112.00, 佣金: 269.09
现有现金 139114.13

 000782 申请价格: 12.58, 买入数量: 6300
✅ 000782 2012-11-05 买入成交: 6300股 @ 12.14
   成本: 76482.00, 佣金: 229.45
现有现金 62402.68


- - - - - - - - - - - - - - - - - - - - - - - - -
调整各股现金额度 72805.34
pre_rebalance  2012-12-03
⭕ 002645 2012-12-04 卖出成交: -3600股 @ 20.88
   买入价格 21.07 收益: -684.00, 佣金: 225.50
现有现金 202291.75

⭕ 000782 2012-12-04 卖出成交: -6300股 @ 10.34
   买入价格 12.14 收益: -11340.00, 佣金: 195.43
现有现金 202291.75

 002077 申请价格: 7.23, 买入数量: 10000
 002044 申请价格: 15.83, 买入数量: 4500
✅ 002077 2012-12-05 买入成交: 10000股 @ 7.16
   成本: 71600.00, 佣金: 214.80
现有现金 58667.17

✅ 002044 2012-12-05 买入成交: 4500股 @ 15.91
   成本: 71595.00, 佣金: 214.78
现有现金 58667.17


==================================================
策略执行总结:
==================================================
交易过股票：
002645
000753
002640
000785
600571
002159
600241
600155
600113
600483
002077
002331
002044
002098
000782

初始资金: 300000.00
最终价值: 431515.17
总收益率: 43.84%
cerebro run 3.72s
最终投资组合价值: 431515.17

==================================================


2013 年
筛选净利润增长率连续3年 > 20%
符合增长率 > 20% 的共有166只
load_stock_list 6.03s
符合条件股票 140 个
筛选市值最小的 30 只股票
filter codes 2.48s
cerebro adddata 2.65s
初始投资组合价值: 30.00 万
pre_rebalance  2013-01-04
 000802 申请价格: 14.10, 买入数量: 4200
 002159 申请价格: 19.59, 买入数量: 3000
 002331 申请价格: 26.10, 买入数量: 2200
 600738 申请价格: 33.36, 买入数量: 1700
 000892 申请价格: 9.66, 买入数量: 6200
✅ 000802 2013-01-07 买入成交: 4200股 @ 13.48
   成本: 56616.00, 佣金: 169.85
现有现金 14216.21

✅ 002159 2013-01-07 买入成交: 3000股 @ 18.98
   成本: 56940.00, 佣金: 170.82
现有现金 14216.21

✅ 002331 2013-01-07 买入成交: 2200股 @ 26.41
   成本: 58102.00, 佣金: 174.31
现有现金 14216.21

✅ 600738 2013-01-07 买入成交: 1700股 @ 32.53
   成本: 55301.00, 佣金: 165.90
现有现金 14216.21

✅ 000892 2013-01-07 买入成交: 6200股 @ 9.35
   成本: 57970.00, 佣金: 173.91
现有现金 14216.21


- - - - - - - - - - - - - - - - - - - - - - - - -
调整各股现金额度 62843.24
pre_rebalance  2013-02-01
pre_rebalance  2013-03-01
⭕ 002159 2013-03-04 卖出成交: -3000股 @ 28.99
   买入价格 18.98 收益: 30030.00, 佣金: 260.91
现有现金 100925.30

 000524 申请价格: 31.96, 买入数量: 1900
✅ 000524 2013-03-05 买入成交: 1900股 @ 30.93
   成本: 58767.00, 佣金: 176.30
现有现金 41982.00


- - - - - - - - - - - - - - - - - - - - - - - - -
调整各股现金额度 71239.64
pre_rebalance  2013-04-01
⭕ 600738 2013-04-02 卖出成交: -1700股 @ 31.99
   买入价格 32.53 收益: -918.00, 佣金: 163.15
现有现金 96201.85

 000019 申请价格: 22.52, 买入数量: 3100
✅ 000019 2013-04-03 买入成交: 3100股 @ 21.53
   成本: 66743.00, 佣金: 200.23
现有现金 29258.62


- - - - - - - - - - - - - - - - - - - - - - - - -
调整各股现金额度 71160.92
pre_rebalance  2013-05-02
⭕ 000892 2013-05-03 卖出成交: -6200股 @ 12.50
   买入价格 9.35 收益: 19530.00, 佣金: 232.50
现有现金 169020.08

⭕ 000019 2013-05-03 卖出成交: -3100股 @ 20.22
   买入价格 21.53 收益: -4061.00, 佣金: 188.05
现有现金 169020.08

 002696 申请价格: 20.07, 买入数量: 3500
 600167 申请价格: 14.06, 买入数量: 5000
✅ 002696 2013-05-06 买入成交: 3500股 @ 19.64
   成本: 68740.00, 佣金: 206.22
现有现金 32321.21

✅ 600167 2013-05-06 买入成交: 5000股 @ 13.51
   成本: 67550.00, 佣金: 202.65
现有现金 32321.21


- - - - - - - - - - - - - - - - - - - - - - - - -
调整各股现金额度 77625.17
pre_rebalance  2013-06-03
⭕ 002331 2013-06-04 卖出成交: -2200股 @ 34.65
   买入价格 26.41 收益: 18128.00, 佣金: 228.69
现有现金 187185.22

⭕ 600167 2013-06-04 卖出成交: -5000股 @ 15.82
   买入价格 13.51 收益: 11550.00, 佣金: 237.30
现有现金 187185.22

 000019 申请价格: 22.61, 买入数量: 3400
 000700 申请价格: 48.74, 买入数量: 1500
✅ 000019 2013-06-05 买入成交: 3400股 @ 21.69
   成本: 73746.00, 佣金: 221.24
现有现金 43168.46

✅ 000700 2013-06-05 买入成交: 1500股 @ 46.56
   成本: 69840.00, 佣金: 209.52
现有现金 43168.46


- - - - - - - - - - - - - - - - - - - - - - - - -
调整各股现金额度 65343.69
pre_rebalance  2013-07-01
⭕ 000019 2013-07-02 卖出成交: -3400股 @ 19.82
   买入价格 21.69 收益: -6358.00, 佣金: 202.16
现有现金 110354.30

 600738 申请价格: 29.96, 买入数量: 2100
✅ 600738 2013-07-03 买入成交: 2100股 @ 27.97
   成本: 58737.00, 佣金: 176.21
现有现金 51441.08


- - - - - - - - - - - - - - - - - - - - - - - - -
调整各股现金额度 72003.62
pre_rebalance  2013-08-01
⭕ 000700 2013-08-02 卖出成交: -1500股 @ 47.96
   买入价格 46.56 收益: 2100.00, 佣金: 215.82
现有现金 185452.84

⭕ 600738 2013-08-02 卖出成交: -2100股 @ 29.75
   买入价格 27.97 收益: 3738.00, 佣金: 187.42
现有现金 185452.84

 002159 申请价格: 23.09, 买入数量: 3100
 000019 申请价格: 21.86, 买入数量: 3200
✅ 002159 2013-08-05 买入成交: 3100股 @ 22.13
   成本: 68603.00, 佣金: 205.81
现有现金 49306.62

✅ 000019 2013-08-05 买入成交: 3200股 @ 20.98
   成本: 67136.00, 佣金: 201.41
现有现金 49306.62


- - - - - - - - - - - - - - - - - - - - - - - - -
调整各股现金额度 80755.52
pre_rebalance  2013-09-02
pre_rebalance  2013-10-08
⭕ 000802 2013-10-09 卖出成交: -4200股 @ 20.84
   买入价格 13.48 收益: 30912.00, 佣金: 262.58
现有现金 136572.04

 002331 申请价格: 41.59, 买入数量: 1900
✅ 002331 2013-10-10 买入成交: 1900股 @ 39.76
   成本: 75544.00, 佣金: 226.63
现有现金 60801.41


- - - - - - - - - - - - - - - - - - - - - - - - -
调整各股现金额度 74571.08
pre_rebalance  2013-11-01
pre_rebalance  2013-12-02
⭕ 002696 2013-12-03 卖出成交: -3500股 @ 21.38
   买入价格 19.64 收益: 6090.00, 佣金: 224.49
现有现金 135406.92

 600738 申请价格: 37.94, 买入数量: 1900
✅ 600738 2013-12-04 买入成交: 1900股 @ 35.63
   成本: 67697.00, 佣金: 203.09
现有现金 67506.83


==================================================
策略执行总结:
==================================================
交易过股票：
002159
002696
600167
000700
000802
002331
000019
000892
600738
000524

初始资金: 300000.00
最终价值: 389698.83
总收益率: 29.90%
cerebro run 4.20s
最终投资组合价值: 389698.83

==================================================


2014 年
筛选净利润增长率连续3年 > 20%
符合增长率 > 20% 的共有128只
load_stock_list 5.90s
符合条件股票 113 个
筛选市值最小的 30 只股票
filter codes 1.95s
cerebro adddata 2.19s
初始投资组合价值: 30.00 万
pre_rebalance  2014-01-02
 600452 申请价格: 12.84, 买入数量: 4600
 600167 申请价格: 14.40, 买入数量: 4100
 600738 申请价格: 34.96, 买入数量: 1700
 000802 申请价格: 23.65, 买入数量: 2500
 000705 申请价格: 44.30, 买入数量: 1300
✅ 600452 2014-01-03 买入成交: 4600股 @ 12.15
   成本: 55890.00, 佣金: 167.67
现有现金 19709.64

✅ 600167 2014-01-03 买入成交: 4100股 @ 13.60
   成本: 55760.00, 佣金: 167.28
现有现金 19709.64

✅ 600738 2014-01-03 买入成交: 1700股 @ 32.75
   成本: 55675.00, 佣金: 167.03
现有现金 19709.64

✅ 000802 2014-01-03 买入成交: 2500股 @ 23.38
   成本: 58450.00, 佣金: 175.35
现有现金 19709.64

✅ 000705 2014-01-03 买入成交: 1300股 @ 41.29
   成本: 53677.00, 佣金: 161.03
现有现金 19709.64


- - - - - - - - - - - - - - - - - - - - - - - - -
调整各股现金额度 63941.93
pre_rebalance  2014-02-07
pre_rebalance  2014-03-03
⭕ 000802 2014-03-04 卖出成交: -2500股 @ 29.72
   买入价格 23.38 收益: 15850.00, 佣金: 222.90
现有现金 154470.15

⭕ 000705 2014-03-04 卖出成交: -1300股 @ 46.82
   买入价格 41.29 收益: 7189.00, 佣金: 182.60
现有现金 154470.15

 600697 申请价格: 48.46, 买入数量: 1300
 600965 申请价格: 10.99, 买入数量: 5800
✅ 600697 2014-03-05 买入成交: 1300股 @ 47.61
   成本: 61893.00, 佣金: 185.68
现有现金 32704.94

✅ 600965 2014-03-05 买入成交: 5800股 @ 10.26
   成本: 59508.00, 佣金: 178.52
现有现金 32704.94


- - - - - - - - - - - - - - - - - - - - - - - - -
调整各股现金额度 70482.92
pre_rebalance  2014-04-01
⭕ 600965 2014-04-02 卖出成交: -5800股 @ 10.88
   买入价格 10.26 收益: 3596.00, 佣金: 189.31
现有现金 95619.63

 000639 申请价格: 41.63, 买入数量: 1600
✅ 000639 2014-04-03 买入成交: 1600股 @ 39.94
   成本: 63904.00, 佣金: 191.71
现有现金 31523.92


- - - - - - - - - - - - - - - - - - - - - - - - -
调整各股现金额度 67185.38
pre_rebalance  2014-05-05
 600965 申请价格: 10.67, 买入数量: 6200
❌ 600965 订单失败: Margin
   保证金不足

⭕ 000639 2014-05-09 卖出成交: -1600股 @ 38.88
   买入价格 39.94 收益: -1696.00, 佣金: 186.62
现有现金 93545.30


- - - - - - - - - - - - - - - - - - - - - - - - -
调整各股现金额度 67394.06
pre_rebalance  2014-06-03
⭕ 600697 2014-06-04 卖出成交: -1300股 @ 50.66
   买入价格 47.61 收益: 3965.00, 佣金: 197.57
现有现金 159205.72

 000705 申请价格: 45.66, 买入数量: 1400
✅ 000705 2014-06-23 买入成交: 1400股 @ 40.96
   成本: 57344.00, 佣金: 172.03
现有现金 101689.69


- - - - - - - - - - - - - - - - - - - - - - - - -
调整各股现金额度 69469.34
pre_rebalance  2014-07-01
 000639 申请价格: 39.34, 买入数量: 1700
✅ 000639 2014-07-03 买入成交: 1700股 @ 37.76
   成本: 64192.00, 佣金: 192.58
现有现金 37305.11


- - - - - - - - - - - - - - - - - - - - - - - - -
调整各股现金额度 73440.62
pre_rebalance  2014-08-01
pre_rebalance  2014-09-01
⭕ 000639 2014-09-02 卖出成交: -1700股 @ 45.08
   买入价格 37.76 收益: 12444.00, 佣金: 229.91
现有现金 187632.77

⭕ 000705 2014-09-02 卖出成交: -1400股 @ 52.96
   买入价格 40.96 收益: 16800.00, 佣金: 222.43
现有现金 187632.77

 600965 申请价格: 11.33, 买入数量: 6400
 600697 申请价格: 59.67, 买入数量: 1200
✅ 600697 2014-09-03 买入成交: 1200股 @ 56.23
   成本: 67476.00, 佣金: 202.43
现有现金 119954.35

✅ 600965 2014-09-12 买入成交: 6400股 @ 11.88
   成本: 76032.00, 佣金: 228.10
现有现金 43694.25


- - - - - - - - - - - - - - - - - - - - - - - - -
调整各股现金额度 82179.47
pre_rebalance  2014-10-08
⭕ 600965 2014-10-09 卖出成交: -6400股 @ 23.20
   买入价格 11.88 收益: 72448.00, 佣金: 445.44
现有现金 191728.81

 000639 申请价格: 55.16, 买入数量: 1400
✅ 000639 2014-10-10 买入成交: 1400股 @ 52.56
   成本: 73584.00, 佣金: 220.75
现有现金 117924.06


- - - - - - - - - - - - - - - - - - - - - - - - -
调整各股现金额度 101722.81
pre_rebalance  2014-11-03
⭕ 000639 2014-11-04 卖出成交: -1400股 @ 50.56
   买入价格 52.56 收益: -2800.00, 佣金: 212.35
现有现金 188495.71

  ⛔警告：600621至少需要 251750.10 现金不足，无法买入

- - - - - - - - - - - - - - - - - - - - - - - - -
调整各股现金额度 104645.14
pre_rebalance  2014-12-01
 000705 申请价格: 63.35, 买入数量: 1600
✅ 000705 2014-12-03 买入成交: 1600股 @ 60.71
   成本: 97136.00, 佣金: 291.41
现有现金 91068.30


==================================================
策略执行总结:
==================================================
交易过股票：
600452
600621
600167
000802
600965
000705
600738
000639
600697

初始资金: 300000.00
最终价值: 521617.30
总收益率: 73.87%
cerebro run 5.03s
最终投资组合价值: 521617.30

==================================================


2015 年
筛选净利润增长率连续3年 > 20%
符合增长率 > 20% 的共有151只
load_stock_list 5.93s
符合条件股票 96 个
筛选市值最小的 30 只股票
filter codes 2.04s
cerebro adddata 2.22s
初始投资组合价值: 30.00 万
pre_rebalance  2015-01-05
 000838 申请价格: 33.73, 买入数量: 1700
 600719 申请价格: 24.90, 买入数量: 2400
 600452 申请价格: 25.36, 买入数量: 2300
 600697 申请价格: 78.31, 买入数量: 700
 600730 申请价格: 31.48, 买入数量: 1900
✅ 000838 2015-01-06 买入成交: 1700股 @ 31.74
   成本: 53958.00, 佣金: 161.87
现有现金 24617.32

✅ 600719 2015-01-06 买入成交: 2400股 @ 23.74
   成本: 56976.00, 佣金: 170.93
现有现金 24617.32

✅ 600452 2015-01-06 买入成交: 2300股 @ 23.80
   成本: 54740.00, 佣金: 164.22
现有现金 24617.32

✅ 600697 2015-01-06 买入成交: 700股 @ 73.66
   成本: 51562.00, 佣金: 154.69
现有现金 24617.32

✅ 600730 2015-01-06 买入成交: 1900股 @ 30.17
   成本: 57323.00, 佣金: 171.97
现有现金 24617.32


- - - - - - - - - - - - - - - - - - - - - - - - -
调整各股现金额度 63295.46
pre_rebalance  2015-02-02
⭕ 600697 2015-02-03 卖出成交: -700股 @ 79.11
   买入价格 73.66 收益: 3815.00, 佣金: 166.13
现有现金 79828.19

 000637 申请价格: 109.32, 买入数量: 500
✅ 000637 2015-02-04 买入成交: 500股 @ 102.28
   成本: 51140.00, 佣金: 153.42
现有现金 28534.77


- - - - - - - - - - - - - - - - - - - - - - - - -
调整各股现金额度 69002.42
pre_rebalance  2015-03-02
pre_rebalance  2015-04-01
⭕ 600730 2015-04-02 卖出成交: -1900股 @ 45.69
   买入价格 30.17 收益: 29488.00, 佣金: 260.43
现有现金 115085.34

 600697 申请价格: 88.32, 买入数量: 700
✅ 600697 2015-04-03 买入成交: 700股 @ 85.55
   成本: 59885.00, 佣金: 179.66
现有现金 55020.68


- - - - - - - - - - - - - - - - - - - - - - - - -
调整各股现金额度 80006.56
pre_rebalance  2015-05-04
pre_rebalance  2015-06-01
pre_rebalance  2015-07-01
⭕ 600697 2015-07-02 卖出成交: -700股 @ 80.49
   买入价格 85.55 收益: -3542.00, 佣金: 169.03
现有现金 111194.65

 600116 申请价格: 30.26, 买入数量: 2600
✅ 600116 2015-07-03 买入成交: 2600股 @ 26.74
   成本: 69524.00, 佣金: 208.57
现有现金 41462.08


- - - - - - - - - - - - - - - - - - - - - - - - -
调整各股现金额度 85602.42
pre_rebalance  2015-08-03
⭕ 600116 2015-08-04 卖出成交: -2600股 @ 27.49
   买入价格 26.74 收益: 1950.00, 佣金: 214.42
现有现金 112721.66

 600697 申请价格: 79.58, 买入数量: 1000
✅ 600697 2015-08-05 买入成交: 1000股 @ 75.26
   成本: 75260.00, 佣金: 225.78
现有现金 37235.88


- - - - - - - - - - - - - - - - - - - - - - - - -
调整各股现金额度 77040.98
pre_rebalance  2015-09-01
⭕ 000838 2015-09-02 卖出成交: -1700股 @ 54.21
   买入价格 31.74 收益: 38199.00, 佣金: 276.47
现有现金 174180.81

⭕ 000637 2015-09-02 卖出成交: -500股 @ 90.40
   买入价格 102.28 收益: -5940.00, 佣金: 135.60
现有现金 174180.81

 600692 申请价格: 137.33, 买入数量: 500
 600313 申请价格: 17.44, 买入数量: 4400
✅ 600692 2015-09-07 买入成交: 500股 @ 136.34
   成本: 68170.00, 佣金: 204.51
现有现金 29855.13

✅ 600313 2015-09-07 买入成交: 4400股 @ 17.21
   成本: 75724.00, 佣金: 227.17
现有现金 29855.13


- - - - - - - - - - - - - - - - - - - - - - - - -
调整各股现金额度 83012.00
pre_rebalance  2015-10-08
⭕ 600697 2015-10-09 卖出成交: -1000股 @ 70.41
   买入价格 75.26 收益: -4850.00, 佣金: 211.23
现有现金 289382.20

⭕ 600692 2015-10-09 卖出成交: -500股 @ 175.02
   买入价格 136.34 收益: 19340.00, 佣金: 262.53
现有现金 289382.20

⭕ 600313 2015-10-09 卖出成交: -4400股 @ 23.27
   买入价格 17.21 收益: 26664.00, 佣金: 307.16
现有现金 289382.20

 000838 申请价格: 62.67, 买入数量: 1300
 000637 申请价格: 105.07, 买入数量: 700
 000716 申请价格: 22.98, 买入数量: 3600
✅ 000838 2015-10-12 买入成交: 1300股 @ 65.66
   成本: 85358.00, 佣金: 256.07
现有现金 130489.95

✅ 000637 2015-10-12 买入成交: 700股 @ 104.37
   成本: 73059.00, 佣金: 219.18
现有现金 130489.95


- - - - - - - - - - - - - - - - - - - - - - - - -
调整各股现金额度 92602.59
pre_rebalance  2015-11-02
⭕ 000838 2015-11-03 卖出成交: -1300股 @ 63.49
   买入价格 65.66 收益: -2821.00, 佣金: 247.61
现有现金 212779.34

 600697 申请价格: 80.58, 买入数量: 1100
✅ 600697 2015-11-04 买入成交: 1100股 @ 79.80
   成本: 87780.00, 佣金: 263.34
现有现金 124736.00

✅ 000716 2015-11-27 买入成交: 3600股 @ 24.08
   成本: 86688.00, 佣金: 260.06
现有现金 37787.94


- - - - - - - - - - - - - - - - - - - - - - - - -
调整各股现金额度 100160.18
pre_rebalance  2015-12-01

==================================================
策略执行总结:
==================================================
交易过股票：
600313
600452
000637
600116
600719
600730
000838
600692
600697
000716

初始资金: 300000.00
最终价值: 597126.94
总收益率: 99.04%
cerebro run 5.77s
最终投资组合价值: 597126.94

==================================================


2016 年
筛选净利润增长率连续3年 > 20%
符合增长率 > 20% 的共有213只
load_stock_list 6.05s
符合条件股票 145 个
筛选市值最小的 30 只股票
filter codes 2.79s
cerebro adddata 2.98s
初始投资组合价值: 30.00 万
pre_rebalance  2016-01-04
 000637 申请价格: 120.07, 买入数量: 400
 002403 申请价格: 20.75, 买入数量: 2800
 600452 申请价格: 53.36, 买入数量: 1100
 002579 申请价格: 54.55, 买入数量: 1000
 000567 申请价格: 90.30, 买入数量: 600
✅ 000637 2016-01-05 买入成交: 400股 @ 113.73
   成本: 45492.00, 佣金: 136.48
现有现金 103018.82

✅ 002403 2016-01-05 买入成交: 2800股 @ 18.96
   成本: 53088.00, 佣金: 159.26
现有现金 103018.82

✅ 002579 2016-01-05 买入成交: 1000股 @ 48.60
   成本: 48600.00, 佣金: 145.80
现有现金 103018.82

✅ 000567 2016-01-05 买入成交: 600股 @ 82.02
   成本: 49212.00, 佣金: 147.64
现有现金 103018.82


- - - - - - - - - - - - - - - - - - - - - - - - -
调整各股现金额度 53192.56
pre_rebalance  2016-02-01
⭕ 000567 2016-02-02 卖出成交: -600股 @ 97.73
   买入价格 82.02 收益: 9426.00, 佣金: 175.91
现有现金 161480.91

 000716 申请价格: 31.21, 买入数量: 1700
 002139 申请价格: 81.33, 买入数量: 600
✅ 000716 2016-02-03 买入成交: 1700股 @ 28.47
   成本: 48399.00, 佣金: 145.20
现有现金 66038.44

✅ 002139 2016-02-03 买入成交: 600股 @ 77.93
   成本: 46758.00, 佣金: 140.27
现有现金 66038.44


- - - - - - - - - - - - - - - - - - - - - - - - -
调整各股现金额度 52352.29
pre_rebalance  2016-03-01
⭕ 000716 2016-03-02 卖出成交: -1700股 @ 25.88
   买入价格 28.47 收益: -4403.00, 佣金: 131.99
现有现金 155784.39

⭕ 002139 2016-03-02 卖出成交: -600股 @ 76.70
   买入价格 77.93 收益: -738.00, 佣金: 138.06
现有现金 155784.39

 000567 申请价格: 100.91, 买入数量: 500
 000949 申请价格: 20.32, 买入数量: 2500
✅ 000567 2016-03-03 买入成交: 500股 @ 94.20
   成本: 47100.00, 佣金: 141.30
现有现金 60123.27

✅ 000949 2016-03-03 买入成交: 2500股 @ 19.31
   成本: 48275.00, 佣金: 144.82
现有现金 60123.27

✅ 600452 2016-03-10 买入成交: 1100股 @ 45.74
   成本: 50314.00, 佣金: 150.94
现有现金 9658.32


- - - - - - - - - - - - - - - - - - - - - - - - -
调整各股现金额度 54283.95
pre_rebalance  2016-04-01
pre_rebalance  2016-05-03
⭕ 000567 2016-05-04 卖出成交: -500股 @ 107.69
   买入价格 94.2 收益: 6745.00, 佣金: 161.53
现有现金 114114.01

⭕ 000949 2016-05-04 卖出成交: -2500股 @ 20.37
   买入价格 19.31 收益: 2650.00, 佣金: 152.78
现有现金 114114.01

 002669 申请价格: 48.35, 买入数量: 1100
 000948 申请价格: 37.26, 买入数量: 1400
✅ 002669 2016-05-05 买入成交: 1100股 @ 46.03
   成本: 50633.00, 佣金: 151.90
现有现金 12286.45

✅ 000948 2016-05-05 买入成交: 1400股 @ 36.35
   成本: 50890.00, 佣金: 152.67
现有现金 12286.45


- - - - - - - - - - - - - - - - - - - - - - - - -
调整各股现金额度 56741.24
pre_rebalance  2016-06-01
⭕ 002403 2016-06-02 卖出成交: -2800股 @ 20.78
   买入价格 18.96 收益: 5096.00, 佣金: 174.55
现有现金 126127.89

⭕ 002579 2016-06-02 卖出成交: -1000股 @ 56.00
   买入价格 48.6 收益: 7400.00, 佣金: 168.00
现有现金 126127.89

 000949 申请价格: 19.79, 买入数量: 2800
 000567 申请价格: 111.77, 买入数量: 500
✅ 000949 2016-06-03 买入成交: 2800股 @ 18.99
   成本: 53172.00, 佣金: 159.52
现有现金 20770.77

✅ 000567 2016-06-03 买入成交: 500股 @ 103.74
   成本: 51870.00, 佣金: 155.61
现有现金 20770.77


- - - - - - - - - - - - - - - - - - - - - - - - -
调整各股现金额度 60895.40
pre_rebalance  2016-07-01
⭕ 002669 2016-07-04 卖出成交: -1100股 @ 51.09
   买入价格 46.03 收益: 5566.00, 佣金: 168.60
现有现金 76801.17

 000716 申请价格: 28.96, 买入数量: 2100
 000756 申请价格: 17.07, 买入数量: 3500
❌ 000756 订单失败: Margin
   保证金不足

✅ 000716 2016-07-05 买入成交: 2100股 @ 27.50
   成本: 57750.00, 佣金: 173.25
现有现金 18877.92

⭕ 000948 2016-07-12 卖出成交: -1400股 @ 39.19
   买入价格 36.35 收益: 3976.00, 佣金: 164.60
现有现金 73579.32


- - - - - - - - - - - - - - - - - - - - - - - - -
调整各股现金额度 65577.26
pre_rebalance  2016-08-01
 002669 申请价格: 48.88, 买入数量: 1300
✅ 002669 2016-08-03 买入成交: 1300股 @ 46.66
   成本: 60658.00, 佣金: 181.97
现有现金 12739.35


- - - - - - - - - - - - - - - - - - - - - - - - -
调整各股现金额度 67953.27
pre_rebalance  2016-09-01
⭕ 000567 2016-09-02 卖出成交: -500股 @ 98.74
   买入价格 103.74 收益: -2500.00, 佣金: 148.11
现有现金 61961.24

 002579 申请价格: 52.91, 买入数量: 1200
✅ 002579 2016-09-05 买入成交: 1200股 @ 50.58
   成本: 60696.00, 佣金: 182.09
现有现金 1083.15


- - - - - - - - - - - - - - - - - - - - - - - - -
调整各股现金额度 68169.90
pre_rebalance  2016-10-10
⭕ 002669 2016-10-11 卖出成交: -1300股 @ 51.94
   买入价格 46.66 收益: 6864.00, 佣金: 202.57
现有现金 129359.16

⭕ 002579 2016-10-11 卖出成交: -1200股 @ 50.95
   买入价格 50.58 收益: 444.00, 佣金: 183.42
现有现金 129359.16

 000567 申请价格: 115.92, 买入数量: 500
 000948 申请价格: 39.08, 买入数量: 1700
✅ 000567 2016-10-12 买入成交: 500股 @ 121.44
   成本: 60720.00, 佣金: 182.16
现有现金 5027.28

✅ 000948 2016-10-12 买入成交: 1700股 @ 37.20
   成本: 63240.00, 佣金: 189.72
现有现金 5027.28


- - - - - - - - - - - - - - - - - - - - - - - - -
调整各股现金额度 69175.36
pre_rebalance  2016-11-01
⭕ 000567 2016-11-02 卖出成交: -500股 @ 162.57
   买入价格 121.44 收益: 20565.00, 佣金: 243.85
现有现金 152396.85

⭕ 000949 2016-11-02 卖出成交: -2800股 @ 23.76
   买入价格 18.99 收益: 13356.00, 佣金: 199.58
现有现金 152396.85

 002579 申请价格: 53.11, 买入数量: 1300
 002669 申请价格: 56.11, 买入数量: 1200
✅ 002579 2016-11-03 买入成交: 1300股 @ 50.87
   成本: 66131.00, 佣金: 198.39
现有现金 21542.46

✅ 002669 2016-11-03 买入成交: 1200股 @ 53.61
   成本: 64332.00, 佣金: 193.00
现有现金 21542.46


- - - - - - - - - - - - - - - - - - - - - - - - -
调整各股现金额度 73483.85
pre_rebalance  2016-12-01
⭕ 002669 2016-12-02 卖出成交: -1200股 @ 61.92
   买入价格 53.61 收益: 9972.00, 佣金: 222.91
现有现金 95623.54

 002166 申请价格: 74.22, 买入数量: 900
✅ 002166 2016-12-05 买入成交: 900股 @ 70.63
   成本: 63567.00, 佣金: 190.70
现有现金 31865.84


==================================================
策略执行总结:
==================================================
交易过股票：
002166
600452
000637
000948
002669
002579
000949
000756
000567
002403
000716
002139

初始资金: 300000.00
最终价值: 407650.84
总收益率: 35.88%
cerebro run 6.48s
最终投资组合价值: 407650.84

==================================================


2017 年
筛选净利润增长率连续3年 > 20%
符合增长率 > 20% 的共有208只
load_stock_list 6.05s
符合条件股票 130 个
筛选市值最小的 30 只股票
filter codes 2.61s
cerebro adddata 2.78s
初始投资组合价值: 30.00 万
pre_rebalance  2017-01-03
 600371 申请价格: 50.41, 买入数量: 1100
 000859 申请价格: 23.00, 买入数量: 2600
 002115 申请价格: 52.50, 买入数量: 1100
 000590 申请价格: 105.89, 买入数量: 500
 000868 申请价格: 35.68, 买入数量: 1600
✅ 600371 2017-01-04 买入成交: 1100股 @ 48.35
   成本: 53185.00, 佣金: 159.56
现有现金 25904.17

✅ 000859 2017-01-04 买入成交: 2600股 @ 22.08
   成本: 57408.00, 佣金: 172.22
现有现金 25904.17

✅ 002115 2017-01-04 买入成交: 1100股 @ 51.35
   成本: 56485.00, 佣金: 169.46
现有现金 25904.17

✅ 000590 2017-01-04 买入成交: 500股 @ 102.70
   成本: 51350.00, 佣金: 154.05
现有现金 25904.17

✅ 000868 2017-01-04 买入成交: 1600股 @ 34.28
   成本: 54848.00, 佣金: 164.54
现有现金 25904.17


- - - - - - - - - - - - - - - - - - - - - - - - -
调整各股现金额度 57684.03
pre_rebalance  2017-02-03
⭕ 000868 2017-02-06 卖出成交: -1600股 @ 35.40
   买入价格 34.28 收益: 1792.00, 佣金: 169.92
现有现金 82374.25

 002006 申请价格: 75.89, 买入数量: 700
✅ 002006 2017-02-07 买入成交: 700股 @ 73.59
   成本: 51513.00, 佣金: 154.54
现有现金 30706.71


- - - - - - - - - - - - - - - - - - - - - - - - -
调整各股现金额度 59661.74
pre_rebalance  2017-03-01
⭕ 002006 2017-03-02 卖出成交: -700股 @ 76.13
   买入价格 73.59 收益: 1778.00, 佣金: 159.87
现有现金 83837.84

 002536 申请价格: 45.38, 买入数量: 1300
✅ 002536 2017-03-03 买入成交: 1300股 @ 42.87
   成本: 55731.00, 佣金: 167.19
现有现金 27939.65


- - - - - - - - - - - - - - - - - - - - - - - - -
调整各股现金额度 60242.73
pre_rebalance  2017-04-05
⭕ 000859 2017-04-06 卖出成交: -2600股 @ 23.42
   买入价格 22.08 收益: 3484.00, 佣金: 182.68
现有现金 88648.97

 002006 申请价格: 76.38, 买入数量: 700
✅ 002006 2017-04-07 买入成交: 700股 @ 73.13
   成本: 51191.00, 佣金: 153.57
现有现金 37304.40


- - - - - - - - - - - - - - - - - - - - - - - - -
调整各股现金额度 56065.08
pre_rebalance  2017-05-02
⭕ 002536 2017-05-03 卖出成交: -1300股 @ 42.62
   买入价格 42.87 收益: -325.00, 佣金: 166.22
现有现金 92544.18

 000859 申请价格: 21.08, 买入数量: 2600
 000868 申请价格: 31.27, 买入数量: 1700
❌ 000868 订单失败: Margin
   保证金不足

✅ 000859 2017-05-04 买入成交: 2600股 @ 19.74
   成本: 51324.00, 佣金: 153.97
现有现金 41066.21


- - - - - - - - - - - - - - - - - - - - - - - - -
调整各股现金额度 51244.04
pre_rebalance  2017-06-01
⭕ 002115 2017-06-15 卖出成交: -1100股 @ 47.23
   买入价格 51.35 收益: -4532.00, 佣金: 155.86
现有现金 92863.35

pre_rebalance  2017-07-03
pre_rebalance  2017-08-01
⭕ 000590 2017-08-02 卖出成交: -500股 @ 84.60
   买入价格 102.7 收益: -9050.00, 佣金: 126.90
现有现金 135036.45

 002115 申请价格: 44.39, 买入数量: 1100
✅ 002115 2017-08-03 买入成交: 1100股 @ 42.24
   成本: 46464.00, 佣金: 139.39
现有现金 88433.06


- - - - - - - - - - - - - - - - - - - - - - - - -
调整各股现金额度 53620.21
pre_rebalance  2017-09-01
⭕ 002115 2017-09-04 卖出成交: -1100股 @ 45.35
   买入价格 42.24 收益: 3421.00, 佣金: 149.66
现有现金 138168.40

 000590 申请价格: 88.40, 买入数量: 600
✅ 000590 2017-09-05 买入成交: 600股 @ 84.60
   成本: 50760.00, 佣金: 152.28
现有现金 87256.12


- - - - - - - - - - - - - - - - - - - - - - - - -
调整各股现金额度 54009.22
pre_rebalance  2017-10-09
 002793 申请价格: 43.42, 买入数量: 1200
✅ 002793 2017-10-11 买入成交: 1200股 @ 41.57
   成本: 49884.00, 佣金: 149.65
现有现金 37222.47


- - - - - - - - - - - - - - - - - - - - - - - - -
调整各股现金额度 51430.29
pre_rebalance  2017-11-01
pre_rebalance  2017-12-01

==================================================
策略执行总结:
==================================================
交易过股票：
000859
002536
600371
002006
000868
002115
002793
000590

初始资金: 300000.00
最终价值: 236722.47
总收益率: -21.09%
cerebro run 6.67s
最终投资组合价值: 236722.47

==================================================


2018 年
筛选净利润增长率连续3年 > 20%
符合增长率 > 20% 的共有241只
load_stock_list 6.06s
符合条件股票 191 个
筛选市值最小的 30 只股票
filter codes 3.16s
cerebro adddata 3.40s
初始投资组合价值: 30.00 万
pre_rebalance  2018-01-02
 002243 申请价格: 14.84, 买入数量: 4000
 002295 申请价格: 19.12, 买入数量: 3100
 000859 申请价格: 16.71, 买入数量: 3500
 603326 申请价格: 20.42, 买入数量: 2900
 002006 申请价格: 59.09, 买入数量: 1000
✅ 002243 2018-01-03 买入成交: 4000股 @ 13.96
   成本: 55840.00, 佣金: 167.52
现有现金 17871.14

✅ 002295 2018-01-03 买入成交: 3100股 @ 18.33
   成本: 56823.00, 佣金: 170.47
现有现金 17871.14

✅ 000859 2018-01-03 买入成交: 3500股 @ 16.02
   成本: 56070.00, 佣金: 168.21
现有现金 17871.14

✅ 603326 2018-01-03 买入成交: 2900股 @ 19.38
   成本: 56202.00, 佣金: 168.61
现有现金 17871.14

✅ 002006 2018-01-03 买入成交: 1000股 @ 56.35
   成本: 56350.00, 佣金: 169.05
现有现金 17871.14


- - - - - - - - - - - - - - - - - - - - - - - - -
调整各股现金额度 53080.63
pre_rebalance  2018-02-01
⭕ 002006 2018-02-02 卖出成交: -1000股 @ 47.49
   买入价格 56.35 收益: -8860.00, 佣金: 142.47
现有现金 65218.67

 603496 申请价格: 29.62, 买入数量: 1700
✅ 603496 2018-02-05 买入成交: 1700股 @ 27.88
   成本: 47396.00, 佣金: 142.19
现有现金 17680.49


- - - - - - - - - - - - - - - - - - - - - - - - -
调整各股现金额度 52316.10
pre_rebalance  2018-03-01
⭕ 603496 2018-03-02 卖出成交: -1700股 @ 31.06
   买入价格 27.88 收益: 5406.00, 佣金: 158.41
现有现金 70324.08

 002006 申请价格: 51.64, 买入数量: 1000
✅ 002006 2018-03-05 买入成交: 1000股 @ 49.80
   成本: 49800.00, 佣金: 149.40
现有现金 20374.68


- - - - - - - - - - - - - - - - - - - - - - - - -
调整各股现金额度 54818.94
pre_rebalance  2018-04-02
⭕ 603326 2018-04-03 卖出成交: -2900股 @ 20.19
   买入价格 19.38 收益: 2349.00, 佣金: 175.65
现有现金 78750.03

 603685 申请价格: 32.26, 买入数量: 1600
✅ 603685 2018-04-04 买入成交: 1600股 @ 31.44
   成本: 50304.00, 佣金: 150.91
现有现金 28295.12


- - - - - - - - - - - - - - - - - - - - - - - - -
调整各股现金额度 51106.02
pre_rebalance  2018-05-02
⭕ 002006 2018-05-03 卖出成交: -1000股 @ 53.11
   买入价格 49.8 收益: 3310.00, 佣金: 159.33
现有现金 81245.79

 603326 申请价格: 17.59, 买入数量: 2900
✅ 603326 2018-05-04 买入成交: 2900股 @ 16.88
   成本: 48952.00, 佣金: 146.86
现有现金 32146.93


- - - - - - - - - - - - - - - - - - - - - - - - -
调整各股现金额度 50359.19
pre_rebalance  2018-06-01
pre_rebalance  2018-07-02
pre_rebalance  2018-08-01
⭕ 002243 2018-08-02 卖出成交: -4000股 @ 14.78
   买入价格 13.96 收益: 3280.00, 佣金: 177.36
现有现金 91089.57

 002006 申请价格: 53.83, 买入数量: 900
✅ 002006 2018-08-03 买入成交: 900股 @ 56.38
   成本: 50742.00, 佣金: 152.23
现有现金 40195.34


- - - - - - - - - - - - - - - - - - - - - - - - -
调整各股现金额度 45151.67
pre_rebalance  2018-09-03
⭕ 002006 2018-09-04 卖出成交: -900股 @ 49.19
   买入价格 56.38 收益: -6471.00, 佣金: 132.81
现有现金 84333.53

 600419 申请价格: 41.94, 买入数量: 1000
✅ 600419 2018-09-05 买入成交: 1000股 @ 39.17
   成本: 39170.00, 佣金: 117.51
现有现金 45046.02


- - - - - - - - - - - - - - - - - - - - - - - - -
调整各股现金额度 44575.40
pre_rebalance  2018-10-08
⭕ 600419 2018-10-09 卖出成交: -1000股 @ 41.18
   买入价格 39.17 收益: 2010.00, 佣金: 123.54
现有现金 86102.48

 603757 申请价格: 32.26, 买入数量: 1300
✅ 603757 2018-10-10 买入成交: 1300股 @ 30.94
   成本: 40222.00, 佣金: 120.67
现有现金 45759.81


- - - - - - - - - - - - - - - - - - - - - - - - -
调整各股现金额度 44301.56
pre_rebalance  2018-11-01
⭕ 603757 2018-11-02 卖出成交: -1300股 @ 29.14
   买入价格 30.94 收益: -2340.00, 佣金: 113.65
现有现金 83528.17

 002006 申请价格: 41.33, 买入数量: 1000
✅ 002006 2018-11-05 买入成交: 1000股 @ 39.91
   成本: 39910.00, 佣金: 119.73
现有现金 43498.44


- - - - - - - - - - - - - - - - - - - - - - - - -
调整各股现金额度 46685.09
pre_rebalance  2018-12-10

==================================================
策略执行总结:
==================================================
交易过股票：
000859
603496
002243
002006
600419
603685
603757
603326
002295

初始资金: 300000.00
最终价值: 236829.44
总收益率: -21.06%
cerebro run 6.61s
最终投资组合价值: 236829.44

==================================================


2019 年
筛选净利润增长率连续3年 > 20%
符合增长率 > 20% 的共有277只
load_stock_list 6.10s
符合条件股票 235 个
筛选市值最小的 30 只股票
filter codes 3.65s
cerebro adddata 3.82s
初始投资组合价值: 30.00 万
pre_rebalance  2019-01-02
 600137 申请价格: 20.42, 买入数量: 2900
 000632 申请价格: 31.50, 买入数量: 1900
 600250 申请价格: 22.73, 买入数量: 2600
 600148 申请价格: 41.43, 买入数量: 1400
 600257 申请价格: 29.33, 买入数量: 2000
✅ 600137 2019-01-03 买入成交: 2900股 @ 19.40
   成本: 56260.00, 佣金: 168.78
现有现金 19442.85

✅ 000632 2019-01-03 买入成交: 1900股 @ 30.38
   成本: 57722.00, 佣金: 173.17
现有现金 19442.85

✅ 600250 2019-01-03 买入成交: 2600股 @ 20.35
   成本: 52910.00, 佣金: 158.73
现有现金 19442.85

✅ 600148 2019-01-03 买入成交: 1400股 @ 40.69
   成本: 56966.00, 佣金: 170.90
现有现金 19442.85

✅ 600257 2019-01-03 买入成交: 2000股 @ 27.93
   成本: 55860.00, 佣金: 167.58
现有现金 19442.85


- - - - - - - - - - - - - - - - - - - - - - - - -
调整各股现金额度 58408.57
pre_rebalance  2019-02-01
pre_rebalance  2019-03-01
pre_rebalance  2019-04-01
⭕ 600257 2019-04-02 卖出成交: -2000股 @ 37.98
   买入价格 27.93 收益: 20100.00, 佣金: 227.88
现有现金 95174.97

 000757 申请价格: 30.90, 买入数量: 1800
✅ 000757 2019-04-03 买入成交: 1800股 @ 29.93
   成本: 53874.00, 佣金: 161.62
现有现金 41139.34


- - - - - - - - - - - - - - - - - - - - - - - - -
调整各股现金额度 65425.07
pre_rebalance  2019-05-06
⭕ 000632 2019-05-07 卖出成交: -1900股 @ 34.90
   买入价格 30.38 收益: 8588.00, 佣金: 198.93
现有现金 214274.38

⭕ 000757 2019-05-07 卖出成交: -1800股 @ 26.48
   买入价格 29.93 收益: -6210.00, 佣金: 142.99
现有现金 214274.38

⭕ 600148 2019-05-07 卖出成交: -1400股 @ 42.63
   买入价格 40.69 收益: 2716.00, 佣金: 179.05
现有现金 214274.38

 002896 申请价格: 29.87, 买入数量: 2100
 603326 申请价格: 15.49, 买入数量: 4200
 603136 申请价格: 32.06, 买入数量: 2000
✅ 002896 2019-05-08 买入成交: 2100股 @ 28.58
   成本: 60018.00, 佣金: 180.05
现有现金 31054.36

✅ 603326 2019-05-08 买入成交: 4200股 @ 14.87
   成本: 62454.00, 佣金: 187.36
现有现金 31054.36

✅ 603136 2019-05-08 买入成交: 2000股 @ 30.10
   成本: 60200.00, 佣金: 180.60
现有现金 31054.36


- - - - - - - - - - - - - - - - - - - - - - - - -
调整各股现金额度 66642.27
pre_rebalance  2019-06-03
⭕ 002896 2019-06-04 卖出成交: -2100股 @ 27.60
   买入价格 28.58 收益: -2058.00, 佣金: 173.88
现有现金 215961.97

⭕ 603326 2019-06-04 卖出成交: -4200股 @ 15.62
   买入价格 14.87 收益: 3150.00, 佣金: 196.81
现有现金 215961.97

⭕ 603136 2019-06-04 卖出成交: -2000股 @ 30.95
   买入价格 30.1 收益: 1700.00, 佣金: 185.70
现有现金 215961.97

 600148 申请价格: 43.94, 买入数量: 1500
 000632 申请价格: 40.67, 买入数量: 1600
 000757 申请价格: 24.76, 买入数量: 2600
✅ 600148 2019-06-05 买入成交: 1500股 @ 41.63
   成本: 62445.00, 佣金: 187.34
现有现金 29053.92

✅ 000632 2019-06-05 买入成交: 1600股 @ 38.96
   成本: 62336.00, 佣金: 187.01
现有现金 29053.92

✅ 000757 2019-06-05 买入成交: 2600股 @ 23.68
   成本: 61568.00, 佣金: 184.70
现有现金 29053.92


- - - - - - - - - - - - - - - - - - - - - - - - -
调整各股现金额度 69099.98
pre_rebalance  2019-07-01
⭕ 600148 2019-07-02 卖出成交: -1500股 @ 43.91
   买入价格 41.63 收益: 3420.00, 佣金: 197.59
现有现金 162724.70

⭕ 000632 2019-07-02 卖出成交: -1600股 @ 42.63
   买入价格 38.96 收益: 5872.00, 佣金: 204.62
现有现金 162724.70

 600257 申请价格: 32.84, 买入数量: 2100
 002896 申请价格: 29.62, 买入数量: 2300
✅ 600257 2019-07-03 买入成交: 2100股 @ 31.88
   成本: 66948.00, 佣金: 200.84
现有现金 31282.55

✅ 002896 2019-07-03 买入成交: 2300股 @ 27.87
   成本: 64101.00, 佣金: 192.30
现有现金 31282.55


- - - - - - - - - - - - - - - - - - - - - - - - -
调整各股现金额度 64562.11
pre_rebalance  2019-08-01
pre_rebalance  2019-09-02
⭕ 000757 2019-09-03 卖出成交: -2600股 @ 22.98
   买入价格 23.68 收益: -1820.00, 佣金: 179.24
现有现金 90851.31

 600148 申请价格: 46.32, 买入数量: 1300
✅ 600148 2019-09-04 买入成交: 1300股 @ 43.63
   成本: 56719.00, 佣金: 170.16
现有现金 33962.15


- - - - - - - - - - - - - - - - - - - - - - - - -
调整各股现金额度 61505.83
pre_rebalance  2019-10-08
pre_rebalance  2019-11-01
pre_rebalance  2019-12-02

==================================================
策略执行总结:
==================================================
交易过股票：
600137
600250
603136
600148
000632
002896
000757
600257
603326

初始资金: 300000.00
最终价值: 308143.15
总收益率: 2.71%
cerebro run 7.36s
最终投资组合价值: 308143.15

==================================================


2020 年
筛选净利润增长率连续3年 > 20%
符合增长率 > 20% 的共有222只
load_stock_list 7.04s
符合条件股票 188 个
筛选市值最小的 30 只股票
filter codes 2.96s
cerebro adddata 3.13s
初始投资组合价值: 30.00 万
pre_rebalance  2020-01-02
 603088 申请价格: 19.17, 买入数量: 3100
 600202 申请价格: 25.71, 买入数量: 2300
 603988 申请价格: 31.75, 买入数量: 1800
 002278 申请价格: 14.62, 买入数量: 4100
 600731 申请价格: 50.34, 买入数量: 1100
✅ 603088 2020-01-03 买入成交: 3100股 @ 18.48
   成本: 57288.00, 佣金: 171.86
现有现金 19949.36

✅ 600202 2020-01-03 买入成交: 2300股 @ 24.34
   成本: 55982.00, 佣金: 167.95
现有现金 19949.36

✅ 603988 2020-01-03 买入成交: 1800股 @ 30.37
   成本: 54666.00, 佣金: 164.00
现有现金 19949.36

✅ 002278 2020-01-03 买入成交: 4100股 @ 14.26
   成本: 58466.00, 佣金: 175.40
现有现金 19949.36

✅ 600731 2020-01-03 买入成交: 1100股 @ 48.01
   成本: 52811.00, 佣金: 158.43
现有现金 19949.36


- - - - - - - - - - - - - - - - - - - - - - - - -
调整各股现金额度 53512.07
pre_rebalance  2020-02-03
pre_rebalance  2020-03-02
⭕ 600731 2020-03-03 卖出成交: -1100股 @ 46.28
   买入价格 48.01 收益: -1903.00, 佣金: 152.72
现有现金 70704.64

 603800 申请价格: 12.43, 买入数量: 4300
✅ 603800 2020-03-04 买入成交: 4300股 @ 11.96
   成本: 51428.00, 佣金: 154.28
现有现金 19122.35


- - - - - - - - - - - - - - - - - - - - - - - - -
调整各股现金额度 55212.67
pre_rebalance  2020-04-01
⭕ 002278 2020-04-02 卖出成交: -4100股 @ 13.53
   买入价格 14.26 收益: -2993.00, 佣金: 166.42
现有现金 125402.55

⭕ 603800 2020-04-02 卖出成交: -4300股 @ 11.89
   买入价格 11.96 收益: -301.00, 佣金: 153.38
现有现金 125402.55

 000632 申请价格: 35.20, 买入数量: 1500
 600731 申请价格: 42.40, 买入数量: 1300
✅ 000632 2020-04-03 买入成交: 1500股 @ 33.45
   成本: 50175.00, 佣金: 150.53
现有现金 22086.53

✅ 600731 2020-04-03 买入成交: 1300股 @ 40.64
   成本: 52832.00, 佣金: 158.50
现有现金 22086.53


- - - - - - - - - - - - - - - - - - - - - - - - -
调整各股现金额度 59629.98
pre_rebalance  2020-05-06
⭕ 600731 2020-05-07 卖出成交: -1300股 @ 44.55
   买入价格 40.64 收益: 5083.00, 佣金: 173.74
现有现金 79827.79

 002278 申请价格: 11.42, 买入数量: 5200
✅ 002278 2020-05-08 买入成交: 5200股 @ 11.01
   成本: 57252.00, 佣金: 171.76
现有现金 22404.03


- - - - - - - - - - - - - - - - - - - - - - - - -
调整各股现金额度 64110.78
pre_rebalance  2020-06-01
⭕ 603988 2020-06-02 卖出成交: -1800股 @ 38.85
   买入价格 30.37 收益: 15264.00, 佣金: 209.79
现有现金 92124.24

 603800 申请价格: 12.56, 买入数量: 5100
✅ 603800 2020-06-03 买入成交: 5100股 @ 11.84
   成本: 60384.00, 佣金: 181.15
现有现金 31559.09


- - - - - - - - - - - - - - - - - - - - - - - - -
调整各股现金额度 64095.02
pre_rebalance  2020-07-01
pre_rebalance  2020-08-03
pre_rebalance  2020-09-01
pre_rebalance  2020-10-09
⭕ 002278 2020-10-12 卖出成交: -5200股 @ 16.25
   买入价格 11.01 收益: 27248.00, 佣金: 253.50
现有现金 115805.59

 600287 申请价格: 30.89, 买入数量: 2000
✅ 600287 2020-10-13 买入成交: 2000股 @ 29.27
   成本: 58540.00, 佣金: 175.62
现有现金 57089.97


- - - - - - - - - - - - - - - - - - - - - - - - -
调整各股现金额度 66792.19
pre_rebalance  2020-11-02
pre_rebalance  2020-12-01
⭕ 600287 2020-12-02 卖出成交: -2000股 @ 31.35
   买入价格 29.27 收益: 4160.00, 佣金: 188.10
现有现金 119601.87

 002278 申请价格: 13.76, 买入数量: 4800
✅ 002278 2020-12-03 买入成交: 4800股 @ 13.01
   成本: 62448.00, 佣金: 187.34
现有现金 56966.53


==================================================
策略执行总结:
==================================================
交易过股票：
000632
603088
600202
603988
002278
603800
600731
600287

初始资金: 300000.00
最终价值: 348901.53
总收益率: 16.30%
cerebro run 7.75s
最终投资组合价值: 348901.53

==================================================


2021 年
筛选净利润增长率连续3年 > 20%
符合增长率 > 20% 的共有213只
load_stock_list 6.22s
符合条件股票 194 个
筛选市值最小的 30 只股票
filter codes 2.69s
cerebro adddata 2.85s
初始投资组合价值: 30.00 万
pre_rebalance  2021-01-04
 600099 申请价格: 18.00, 买入数量: 3300
 002112 申请价格: 22.30, 买入数量: 2600
 600234 申请价格: 22.96, 买入数量: 2600
 002576 申请价格: 17.00, 买入数量: 3500
 603918 申请价格: 28.79, 买入数量: 2000
✅ 600099 2021-01-05 买入成交: 3300股 @ 17.00
   成本: 56100.00, 佣金: 168.30
现有现金 20714.65

✅ 002112 2021-01-05 买入成交: 2600股 @ 20.88
   成本: 54288.00, 佣金: 162.86
现有现金 20714.65

✅ 600234 2021-01-05 买入成交: 2600股 @ 21.87
   成本: 56862.00, 佣金: 170.59
现有现金 20714.65

✅ 002576 2021-01-05 买入成交: 3500股 @ 16.44
   成本: 57540.00, 佣金: 172.62
现有现金 20714.65

✅ 603918 2021-01-05 买入成交: 2000股 @ 26.83
   成本: 53660.00, 佣金: 160.98
现有现金 20714.65


- - - - - - - - - - - - - - - - - - - - - - - - -
调整各股现金额度 53615.53
pre_rebalance  2021-02-01
⭕ 603918 2021-02-02 卖出成交: -2000股 @ 24.20
   买入价格 26.83 收益: -5260.00, 佣金: 145.20
现有现金 68969.45

 002676 申请价格: 14.12, 买入数量: 3700
✅ 002676 2021-02-03 买入成交: 3700股 @ 13.31
   成本: 49247.00, 佣金: 147.74
现有现金 19574.71


- - - - - - - - - - - - - - - - - - - - - - - - -
调整各股现金额度 56449.14
pre_rebalance  2021-03-01
⭕ 002676 2021-03-02 卖出成交: -3700股 @ 14.38
   买入价格 13.31 收益: 3959.00, 佣金: 159.62
现有现金 72621.09

 603918 申请价格: 26.84, 买入数量: 2100
✅ 603918 2021-03-03 买入成交: 2100股 @ 25.66
   成本: 53886.00, 佣金: 161.66
现有现金 18573.43


- - - - - - - - - - - - - - - - - - - - - - - - -
调整各股现金额度 60163.83
pre_rebalance  2021-04-01
⭕ 603918 2021-04-02 卖出成交: -2100股 @ 27.39
   买入价格 25.66 收益: 3633.00, 佣金: 172.56
现有现金 75919.88

 002676 申请价格: 15.06, 买入数量: 3900
✅ 002676 2021-04-06 买入成交: 3900股 @ 14.95
   成本: 58305.00, 佣金: 174.92
现有现金 17439.96


- - - - - - - - - - - - - - - - - - - - - - - - -
调整各股现金额度 58124.79
pre_rebalance  2021-05-06
pre_rebalance  2021-06-01
⭕ 002676 2021-06-02 卖出成交: -3900股 @ 17.20
   买入价格 14.95 收益: 8775.00, 佣金: 201.24
现有现金 84318.72

 002296 申请价格: 35.79, 买入数量: 1600
✅ 002296 2021-06-03 买入成交: 1600股 @ 34.39
   成本: 55024.00, 佣金: 165.07
现有现金 29129.65


- - - - - - - - - - - - - - - - - - - - - - - - -
调整各股现金额度 63950.72
pre_rebalance  2021-07-01
⭕ 600234 2021-07-02 卖出成交: -2600股 @ 31.07
   买入价格 21.87 收益: 23920.00, 佣金: 242.35
现有现金 109669.30

 000880 申请价格: 30.67, 买入数量: 2000
✅ 000880 2021-07-05 买入成交: 2000股 @ 29.48
   成本: 58960.00, 佣金: 176.88
现有现金 50532.42


- - - - - - - - - - - - - - - - - - - - - - - - -
调整各股现金额度 67351.48
pre_rebalance  2021-08-02
⭕ 002296 2021-08-03 卖出成交: -1600股 @ 37.53
   买入价格 34.39 收益: 5024.00, 佣金: 180.14
现有现金 110400.28

 603506 申请价格: 33.33, 买入数量: 2000
✅ 603506 2021-08-04 买入成交: 2000股 @ 31.52
   成本: 63040.00, 佣金: 189.12
现有现金 47171.16


- - - - - - - - - - - - - - - - - - - - - - - - -
调整各股现金额度 72712.83
pre_rebalance  2021-09-01
pre_rebalance  2021-10-08
⭕ 002576 2021-10-11 卖出成交: -3500股 @ 19.07
   买入价格 16.44 收益: 9205.00, 佣金: 200.24
现有现金 184144.00

⭕ 000880 2021-10-11 卖出成交: -2000股 @ 35.32
   买入价格 29.48 收益: 11680.00, 佣金: 211.92
现有现金 184144.00

 000020 申请价格: 22.80, 买入数量: 3100
 603918 申请价格: 26.86, 买入数量: 2700
✅ 000020 2021-10-12 买入成交: 3100股 @ 21.63
   成本: 67053.00, 佣金: 201.16
现有现金 48754.05

✅ 603918 2021-10-12 买入成交: 2700股 @ 25.16
   成本: 67932.00, 佣金: 203.80
现有现金 48754.05


- - - - - - - - - - - - - - - - - - - - - - - - -
调整各股现金额度 72029.21
pre_rebalance  2021-11-01
⭕ 603506 2021-11-02 卖出成交: -2000股 @ 35.86
   买入价格 31.52 收益: 8680.00, 佣金: 215.16
现有现金 120258.89

 002576 申请价格: 26.79, 买入数量: 2600
✅ 002576 2021-11-03 买入成交: 2600股 @ 23.78
   成本: 61828.00, 佣金: 185.48
现有现金 58245.40


- - - - - - - - - - - - - - - - - - - - - - - - -
调整各股现金额度 77495.48
pre_rebalance  2021-12-01
⭕ 002576 2021-12-02 卖出成交: -2600股 @ 25.12
   买入价格 23.78 收益: 3484.00, 佣金: 195.94
现有现金 123361.47

 600234 申请价格: 23.16, 买入数量: 3300
✅ 600234 2021-12-03 买入成交: 3300股 @ 22.67
   成本: 74811.00, 佣金: 224.43
现有现金 48326.04


==================================================
策略执行总结:
==================================================
交易过股票：
002296
603506
600234
002576
000020
603918
002112
000880
002676
600099

初始资金: 300000.00
最终价值: 413209.04
总收益率: 37.74%
cerebro run 8.79s
最终投资组合价值: 413209.04

==================================================


2022 年
筛选净利润增长率连续3年 > 20%
符合增长率 > 20% 的共有251只
load_stock_list 6.24s
符合条件股票 225 个
筛选市值最小的 30 只股票
filter codes 3.07s
cerebro adddata 3.24s
初始投资组合价值: 30.00 万
pre_rebalance  2022-01-04
 600455 申请价格: 27.67, 买入数量: 2100
 002800 申请价格: 22.91, 买入数量: 2600
 600099 申请价格: 24.96, 买入数量: 2400
 000571 申请价格: 31.88, 买入数量: 1800
 600235 申请价格: 14.72, 买入数量: 4000
✅ 600455 2022-01-05 买入成交: 2100股 @ 25.84
   成本: 54264.00, 佣金: 162.79
现有现金 23878.11

✅ 002800 2022-01-05 买入成交: 2600股 @ 21.72
   成本: 56472.00, 佣金: 169.42
现有现金 23878.11

✅ 600099 2022-01-05 买入成交: 2400股 @ 23.19
   成本: 55656.00, 佣金: 166.97
现有现金 23878.11

✅ 000571 2022-01-05 买入成交: 1800股 @ 30.48
   成本: 54864.00, 佣金: 164.59
现有现金 23878.11

✅ 600235 2022-01-05 买入成交: 4000股 @ 13.51
   成本: 54040.00, 佣金: 162.12
现有现金 23878.11


- - - - - - - - - - - - - - - - - - - - - - - - -
调整各股现金额度 56407.82
pre_rebalance  2022-02-07
pre_rebalance  2022-03-01
⭕ 600235 2022-03-02 卖出成交: -4000股 @ 14.59
   买入价格 13.51 收益: 4320.00, 佣金: 175.08
现有现金 82063.03

 600560 申请价格: 48.12, 买入数量: 1100
✅ 600560 2022-03-03 买入成交: 1100股 @ 45.69
   成本: 50259.00, 佣金: 150.78
现有现金 31653.26


- - - - - - - - - - - - - - - - - - - - - - - - -
调整各股现金额度 61018.85
pre_rebalance  2022-04-01
⭕ 600560 2022-04-06 卖出成交: -1100股 @ 46.52
   买入价格 45.69 收益: 913.00, 佣金: 153.52
现有现金 82671.74

 600235 申请价格: 13.98, 买入数量: 4300
✅ 600235 2022-04-07 买入成交: 4300股 @ 12.94
   成本: 55642.00, 佣金: 166.93
现有现金 26862.81


- - - - - - - - - - - - - - - - - - - - - - - - -
调整各股现金额度 52379.36
pre_rebalance  2022-05-05
⭕ 600235 2022-05-06 卖出成交: -4300股 @ 10.79
   买入价格 12.94 收益: -9245.00, 佣金: 139.19
现有现金 73120.62

 600560 申请价格: 38.02, 买入数量: 1300
✅ 600560 2022-05-09 买入成交: 1300股 @ 36.71
   成本: 47723.00, 佣金: 143.17
现有现金 25254.45


- - - - - - - - - - - - - - - - - - - - - - - - -
调整各股现金额度 57430.25
pre_rebalance  2022-06-01
⭕ 600560 2022-06-02 卖出成交: -1300股 @ 47.07
   买入价格 36.71 收益: 13468.00, 佣金: 183.57
现有现金 86261.88

 600235 申请价格: 12.77, 买入数量: 4400
✅ 600235 2022-06-06 买入成交: 4400股 @ 12.21
   成本: 53724.00, 佣金: 161.17
现有现金 32376.71


- - - - - - - - - - - - - - - - - - - - - - - - -
调整各股现金额度 58945.54
pre_rebalance  2022-07-01
pre_rebalance  2022-08-01
pre_rebalance  2022-09-01
pre_rebalance  2022-10-10
⭕ 002800 2022-10-11 卖出成交: -2600股 @ 27.80
   买入价格 21.72 收益: 15808.00, 佣金: 216.84
现有现金 104439.87

 605180 申请价格: 20.10, 买入数量: 2900
✅ 605180 2022-10-12 买入成交: 2900股 @ 19.68
   成本: 57072.00, 佣金: 171.22
现有现金 47196.65


- - - - - - - - - - - - - - - - - - - - - - - - -
调整各股现金额度 62441.73
pre_rebalance  2022-11-01
pre_rebalance  2022-12-01

==================================================
策略执行总结:
==================================================
交易过股票：
605180
002800
600455
000571
600560
600099
600235

初始资金: 300000.00
最终价值: 322596.65
总收益率: 7.53%
cerebro run 9.51s
最终投资组合价值: 322596.65

==================================================


2023 年
筛选净利润增长率连续3年 > 20%
符合增长率 > 20% 的共有187只
load_stock_list 6.23s
符合条件股票 169 个
筛选市值最小的 30 只股票
filter codes 2.27s
cerebro adddata 2.43s
初始投资组合价值: 30.00 万
pre_rebalance  2023-01-03
 002652 申请价格: 14.45, 买入数量: 4100
 600539 申请价格: 8.35, 买入数量: 7100
 600883 申请价格: 38.80, 买入数量: 1500
 000571 申请价格: 28.92, 买入数量: 2000
 002835 申请价格: 23.35, 买入数量: 2500
✅ 002652 2023-01-04 买入成交: 4100股 @ 14.17
   成本: 58097.00, 佣金: 174.29
现有现金 15985.51

✅ 600539 2023-01-04 买入成交: 7100股 @ 8.13
   成本: 57723.00, 佣金: 173.17
现有现金 15985.51

✅ 600883 2023-01-04 买入成交: 1500股 @ 37.61
   成本: 56415.00, 佣金: 169.25
现有现金 15985.51

✅ 000571 2023-01-04 买入成交: 2000股 @ 27.54
   成本: 55080.00, 佣金: 165.24
现有现金 15985.51

✅ 002835 2023-01-04 买入成交: 2500股 @ 22.34
   成本: 55850.00, 佣金: 167.55
现有现金 15985.51


- - - - - - - - - - - - - - - - - - - - - - - - -
调整各股现金额度 63197.10
pre_rebalance  2023-02-01
⭕ 002835 2023-02-02 卖出成交: -2500股 @ 36.92
   买入价格 22.34 收益: 36450.00, 佣金: 276.90
现有现金 108008.61

 600854 申请价格: 31.90, 买入数量: 1900
✅ 600854 2023-02-03 买入成交: 1900股 @ 30.32
   成本: 57608.00, 佣金: 172.82
现有现金 50227.78


- - - - - - - - - - - - - - - - - - - - - - - - -
调整各股现金额度 69327.96
pre_rebalance  2023-03-01
⭕ 600854 2023-03-02 卖出成交: -1900股 @ 31.26
   买入价格 30.32 收益: 1786.00, 佣金: 178.18
现有现金 109443.60

 002696 申请价格: 27.79, 买入数量: 2400
✅ 002696 2023-03-03 买入成交: 2400股 @ 26.58
   成本: 63792.00, 佣金: 191.38
现有现金 45460.22


- - - - - - - - - - - - - - - - - - - - - - - - -
调整各股现金额度 65357.04
pre_rebalance  2023-04-03
pre_rebalance  2023-05-04
pre_rebalance  2023-06-01
pre_rebalance  2023-07-03
pre_rebalance  2023-08-01
pre_rebalance  2023-09-01
⭕ 002696 2023-09-04 卖出成交: -2400股 @ 25.12
   买入价格 26.58 收益: -3504.00, 佣金: 180.86
现有现金 105567.36

 600241 申请价格: 21.02, 买入数量: 3100
✅ 600241 2023-09-05 买入成交: 3100股 @ 19.89
   成本: 61659.00, 佣金: 184.98
现有现金 43723.38


- - - - - - - - - - - - - - - - - - - - - - - - -
调整各股现金额度 67738.08
pre_rebalance  2023-10-09
pre_rebalance  2023-11-01
⭕ 600241 2023-11-02 卖出成交: -3100股 @ 19.79
   买入价格 19.89 收益: -310.00, 佣金: 184.05
现有现金 104888.34

 002696 申请价格: 23.78, 买入数量: 2800
✅ 002696 2023-11-03 买入成交: 2800股 @ 22.76
   成本: 63728.00, 佣金: 191.18
现有现金 40969.15


- - - - - - - - - - - - - - - - - - - - - - - - -
调整各股现金额度 75179.63
pre_rebalance  2023-12-01

==================================================
策略执行总结:
==================================================
交易过股票：
600883
002652
600539
000571
002696
600241
002835
600854

初始资金: 300000.00
最终价值: 370546.15
总收益率: 23.52%
cerebro run 10.48s
最终投资组合价值: 370546.15

==================================================


2024 年
筛选净利润增长率连续3年 > 20%
符合增长率 > 20% 的共有118只
load_stock_list 6.31s
符合条件股票 107 个
筛选市值最小的 30 只股票
filter codes 1.48s
cerebro adddata 1.67s
初始投资组合价值: 30.00 万
pre_rebalance  2024-01-02
 002652 申请价格: 17.21, 买入数量: 3400
 002316 申请价格: 18.43, 买入数量: 3200
 002377 申请价格: 11.84, 买入数量: 5000
 600322 申请价格: 7.16, 买入数量: 8300
 000014 申请价格: 132.76, 买入数量: 400
✅ 002652 2024-01-03 买入成交: 3400股 @ 16.44
   成本: 55896.00, 佣金: 167.69
现有现金 21424.77

✅ 002316 2024-01-03 买入成交: 3200股 @ 17.59
   成本: 56288.00, 佣金: 168.86
现有现金 21424.77

✅ 002377 2024-01-03 买入成交: 5000股 @ 11.36
   成本: 56800.00, 佣金: 170.40
现有现金 21424.77

✅ 600322 2024-01-03 买入成交: 8300股 @ 6.94
   成本: 57602.00, 佣金: 172.81
现有现金 21424.77

✅ 000014 2024-01-03 买入成交: 400股 @ 127.89
   成本: 51156.00, 佣金: 153.47
现有现金 21424.77


- - - - - - - - - - - - - - - - - - - - - - - - -
调整各股现金额度 50143.35
pre_rebalance  2024-02-01
⭕ 000014 2024-02-02 卖出成交: -400股 @ 139.84
   买入价格 127.89 收益: 4780.00, 佣金: 167.81
现有现金 77192.97

 002337 申请价格: 22.16, 买入数量: 2200
✅ 002337 2024-02-05 买入成交: 2200股 @ 19.00
   成本: 41800.00, 佣金: 125.40
现有现金 35267.57


- - - - - - - - - - - - - - - - - - - - - - - - -
调整各股现金额度 53629.91
pre_rebalance  2024-03-01
⭕ 002337 2024-03-04 卖出成交: -2200股 @ 24.81
   买入价格 19.0 收益: 12782.00, 佣金: 163.75
现有现金 89685.82

 600854 申请价格: 27.33, 买入数量: 1900
✅ 600854 2024-03-05 买入成交: 1900股 @ 25.39
   成本: 48241.00, 佣金: 144.72
现有现金 41300.10


- - - - - - - - - - - - - - - - - - - - - - - - -
调整各股现金额度 59331.22
pre_rebalance  2024-04-01
pre_rebalance  2024-05-06
pre_rebalance  2024-06-03
pre_rebalance  2024-07-01
pre_rebalance  2024-08-01
pre_rebalance  2024-09-02
⭕ 600854 2024-09-03 卖出成交: -1900股 @ 26.60
   买入价格 25.39 收益: 2299.00, 佣金: 151.62
现有现金 91688.48

 000014 申请价格: 96.13, 买入数量: 600
✅ 000014 2024-09-04 买入成交: 600股 @ 91.43
   成本: 54858.00, 佣金: 164.57
现有现金 36665.90


- - - - - - - - - - - - - - - - - - - - - - - - -
调整各股现金额度 60008.38
pre_rebalance  2024-10-08
pre_rebalance  2024-11-01
⭕ 002377 2024-11-04 卖出成交: -5000股 @ 13.45
   买入价格 11.36 收益: 10450.00, 佣金: 201.75
现有现金 103714.15

 600854 申请价格: 32.27, 买入数量: 1800
✅ 600854 2024-11-05 买入成交: 1800股 @ 31.60
   成本: 56880.00, 佣金: 170.64
现有现金 46663.51


- - - - - - - - - - - - - - - - - - - - - - - - -
调整各股现金额度 69341.08
pre_rebalance  2024-12-02
⭕ 000014 2024-12-03 卖出成交: -600股 @ 151.02
   买入价格 91.43 收益: 35754.00, 佣金: 271.84
现有现金 137003.68

 002377 申请价格: 15.67, 买入数量: 4400
✅ 002377 2024-12-04 买入成交: 4400股 @ 14.31
   成本: 62964.00, 佣金: 188.89
现有现金 73850.78


==================================================
策略执行总结:
==================================================
交易过股票：
002337
002377
002652
002316
600322
000014
600854

初始资金: 300000.00
最终价值: 346238.78
总收益率: 15.41%
cerebro run 11.37s
最终投资组合价值: 346238.78

==================================================


2025 年
筛选净利润增长率连续3年 > 20%
符合增长率 > 20% 的共有120只
load_stock_list 6.30s
符合条件股票 115 个
筛选市值最小的 30 只股票
filter codes 1.48s
cerebro adddata 1.69s
初始投资组合价值: 30.00 万
pre_rebalance  2025-01-02
 002316 申请价格: 11.14, 买入数量: 5300
 002209 申请价格: 15.06, 买入数量: 3900
 002775 申请价格: 18.92, 买入数量: 3100
 002370 申请价格: 11.12, 买入数量: 5300
 002731 申请价格: 17.48, 买入数量: 3400
✅ 002316 2025-01-03 买入成交: 5300股 @ 10.34
   成本: 54802.00, 佣金: 164.41
现有现金 34626.26

✅ 002209 2025-01-03 买入成交: 3900股 @ 13.41
   成本: 52299.00, 佣金: 156.90
现有现金 34626.26

✅ 002775 2025-01-03 买入成交: 3100股 @ 16.36
   成本: 50716.00, 佣金: 152.15
现有现金 34626.26

✅ 002370 2025-01-03 买入成交: 5300股 @ 10.13
   成本: 53689.00, 佣金: 161.07
现有现金 34626.26

✅ 002731 2025-01-03 买入成交: 3400股 @ 15.61
   成本: 53074.00, 佣金: 159.22
现有现金 34626.26


- - - - - - - - - - - - - - - - - - - - - - - - -
调整各股现金额度 65569.85
pre_rebalance  2025-02-05
pre_rebalance  2025-03-03
pre_rebalance  2025-04-01
⭕ 002731 2025-04-02 卖出成交: -3400股 @ 18.10
   买入价格 15.61 收益: 8466.00, 佣金: 184.62
现有现金 95981.64

 002377 申请价格: 12.30, 买入数量: 5300
✅ 002377 2025-04-03 买入成交: 5300股 @ 11.76
   成本: 62328.00, 佣金: 186.98
现有现金 33466.66


- - - - - - - - - - - - - - - - - - - - - - - - -
调整各股现金额度 70253.33
pre_rebalance  2025-05-06
⭕ 002377 2025-05-07 卖出成交: -5300股 @ 12.88
   买入价格 11.76 收益: 5936.00, 佣金: 204.79
现有现金 101525.86

 002731 申请价格: 19.02, 买入数量: 3600
✅ 002731 2025-05-08 买入成交: 3600股 @ 18.06
   成本: 65016.00, 佣金: 195.05
现有现金 36314.82


- - - - - - - - - - - - - - - - - - - - - - - - -
调整各股现金额度 76967.76
pre_rebalance  2025-06-03
⭕ 002731 2025-06-04 卖出成交: -3600股 @ 24.83
   买入价格 18.06 收益: 24372.00, 佣金: 268.16
现有现金 125434.65

 002377 申请价格: 13.62, 买入数量: 5600
✅ 002377 2025-06-05 买入成交: 5600股 @ 12.84
   成本: 71904.00, 佣金: 215.71
现有现金 53314.94


- - - - - - - - - - - - - - - - - - - - - - - - -
调整各股现金额度 85240.59
pre_rebalance  2025-07-01
pre_rebalance  2025-08-01
⭕ 002209 2025-08-04 卖出成交: -3900股 @ 25.37
   买入价格 13.41 收益: 46644.00, 佣金: 296.83
现有现金 302875.01

⭕ 002370 2025-08-04 卖出成交: -5300股 @ 28.56
   买入价格 10.13 收益: 97679.00, 佣金: 454.10
现有现金 302875.01

 600573 申请价格: 17.22, 买入数量: 4900
 002796 申请价格: 30.88, 买入数量: 2700
✅ 600573 2025-08-05 买入成交: 4900股 @ 16.60
   成本: 81340.00, 佣金: 244.02
现有现金 139073.07

✅ 002796 2025-08-05 买入成交: 2700股 @ 30.36
   成本: 81972.00, 佣金: 245.92
现有现金 139073.07


- - - - - - - - - - - - - - - - - - - - - - - - -
调整各股现金额度 111191.81
pre_rebalance  2025-09-01
⭕ 002796 2025-09-02 卖出成交: -2700股 @ 31.01
   买入价格 30.36 收益: 1755.00, 佣金: 251.18
现有现金 222548.89

 002899 申请价格: 22.38, 买入数量: 4900
✅ 002899 2025-09-03 买入成交: 4900股 @ 20.67
   成本: 101283.00, 佣金: 303.85
现有现金 120962.04


- - - - - - - - - - - - - - - - - - - - - - - - -
调整各股现金额度 108445.81
pre_rebalance  2025-10-09
⭕ 002899 2025-10-10 卖出成交: -4900股 @ 24.69
   买入价格 20.67 收益: 19698.00, 佣金: 362.94
现有现金 241580.10

 002209 申请价格: 24.84, 买入数量: 4300
✅ 002209 2025-10-13 买入成交: 4300股 @ 23.57
   成本: 101351.00, 佣金: 304.05
现有现金 139925.05


- - - - - - - - - - - - - - - - - - - - - - - - -
调整各股现金额度 109001.61
pre_rebalance  2025-11-03
pre_rebalance  2025-12-01

==================================================
策略执行总结:
==================================================
交易过股票：
002377
002209
002316
002731
002775
600573
002796
002899
002370

初始资金: 300000.00
最终价值: 558308.05
总收益率: 86.10%
cerebro run 12.08s
最终投资组合价值: 558308.05

==================================================
2010 收益率 13.68%
2011 收益率 -1.94%
2012 收益率 43.84%
2013 收益率 29.90%
2014 收益率 73.87%
2015 收益率 99.04%
2016 收益率 35.88%
2017 收益率 -21.09%
2018 收益率 -21.06%
2019 收益率 2.71%
2020 收益率 16.30%
2021 收益率 37.74%
2022 收益率 7.53%
2023 收益率 23.52%
2024 收益率 15.41%
2025 收益率 86.10%

总收益率 2763.82 %
年化收益率 23.33 %

耗时 247.88s